Microsoft Windows [Version 10.0.26100.3476]
(c) Microsoft Corporation. All rights reserved.

C:\Users\SALEEL>mysql --user=root --password=root x
mysql: [Warning] Using a password on the command line interface can be insecure.
Welcome to the MySQL monitor.  Commands end with ; or \g.
Your MySQL connection id is 8
Server version: 8.0.41 MySQL Community Server - GPL

Copyright (c) 2000, 2025, Oracle and/or its affiliates.

Oracle is a registered trademark of Oracle Corporation and/or its
affiliates. Other names may be trademarks of their respective
owners.

Type 'help;' or '\h' for help. Type '\c' to clear the current input statement.

mysql> show tables;
+-------------+
| Tables_in_x |
+-------------+
| dept        |
| x           |
| x1          |
+-------------+
3 rows in set (0.07 sec)

mysql> shwo tables from x;
ERROR 1064 (42000): You have an error in your SQL syntax; check the manual that corresponds to your MySQL server version for the right syntax to use near 'shwo tables from x' at line 1
mysql> show tables from x;
+-------------+
| Tables_in_x |
+-------------+
| dept        |
| x           |
| x1          |
+-------------+
3 rows in set (0.00 sec)

mysql> show tables;
+-------------+
| Tables_in_x |
+-------------+
| dept        |
| x           |
| x1          |
+-------------+
3 rows in set (0.00 sec)

mysql> show tables;
+-------------+
| Tables_in_x |
+-------------+
| dept        |
| x           |
| x1          |
+-------------+
3 rows in set (0.00 sec)

mysql> show tables;
+-------------+
| Tables_in_x |
+-------------+
| dept        |
| x           |
| x1          |
+-------------+
3 rows in set (0.00 sec)

mysql> show tables from x;
+-------------+
| Tables_in_x |
+-------------+
| dept        |
| x           |
| x1          |
+-------------+
3 rows in set (0.00 sec)

mysql> use db1;
Database changed
mysql> show tables;
+---------------------+
| Tables_in_db1       |
+---------------------+
| a                   |
| abc                 |
| agent               |
| andor               |
| b                   |
| blanktablea         |
| blanktableb         |
| blog                |
| bonus               |
| books               |
| candidate           |
| client              |
| coalesce            |
| comments            |
| company             |
| customer            |
| customers           |
| d                   |
| d1                  |
| dbk1                |
| dbk2                |
| demodept1           |
| demodept2           |
| dept                |
| dept1               |
| docs                |
| doctor              |
| doctorvisits        |
| dummy               |
| duplicate           |
| e10                 |
| e20                 |
| emp                 |
| emp1                |
| emp2                |
| emp_attendance      |
| emp_cards           |
| emp_phone           |
| empj                |
| envelope            |
| food                |
| fullname            |
| hobby               |
| item                |
| job_list            |
| key_parts           |
| labtestlist         |
| leadtable           |
| licence             |
| location            |
| log                 |
| mass_table          |
| medicinelist        |
| menucard            |
| nearest             |
| new                 |
| newbooks            |
| nullif              |
| numbers             |
| numberstring        |
| ord                 |
| orderdetails        |
| orders              |
| overtime            |
| patient             |
| phonecall           |
| pivot_table         |
| plumber             |
| plumber_service_map |
| points              |
| price               |
| product             |
| product_sales       |
| products            |
| quarterly_revenue   |
| r                   |
| r1                  |
| r2                  |
| races               |
| regexpr             |
| replacedept         |
| revenue             |
| rockets             |
| runners             |
| runningserver       |
| sales               |
| sales_channel       |
| salespeople         |
| salesperson         |
| salgrade            |
| server              |
| service             |
| seta                |
| setb                |
| shop                |
| softdrink           |
| sort                |
| sourcenames         |
| stadium             |
| states              |
| station             |
| status              |
| stringnumber        |
| t1                  |
| t3                  |
| t3log               |
| tablea              |
| tableaa             |
| tableb              |
| tablebb             |
| targetnames         |
| tasks               |
| temp1               |
| traintimetable      |
| transactions        |
| vote_response       |
| votes               |
| warehouse           |
| xyz                 |
| yearly_revenue      |
| z                   |
+---------------------+
121 rows in set (0.01 sec)

mysql> select database();
+------------+
| database() |
+------------+
| db1        |
+------------+
1 row in set (0.00 sec)

mysql> show tables;
+---------------------+
| Tables_in_db1       |
+---------------------+
| a                   |
| abc                 |
| agent               |
| andor               |
| b                   |
| blanktablea         |
| blanktableb         |
| blog                |
| bonus               |
| books               |
| candidate           |
| client              |
| coalesce            |
| comments            |
| company             |
| customer            |
| customers           |
| d                   |
| d1                  |
| dbk1                |
| dbk2                |
| demodept1           |
| demodept2           |
| dept                |
| dept1               |
| docs                |
| doctor              |
| doctorvisits        |
| dummy               |
| duplicate           |
| e10                 |
| e20                 |
| emp                 |
| emp1                |
| emp2                |
| emp_attendance      |
| emp_cards           |
| emp_phone           |
| empj                |
| envelope            |
| food                |
| fullname            |
| hobby               |
| item                |
| job_list            |
| key_parts           |
| labtestlist         |
| leadtable           |
| licence             |
| location            |
| log                 |
| mass_table          |
| medicinelist        |
| menucard            |
| nearest             |
| new                 |
| newbooks            |
| nullif              |
| numbers             |
| numberstring        |
| ord                 |
| orderdetails        |
| orders              |
| overtime            |
| patient             |
| phonecall           |
| pivot_table         |
| plumber             |
| plumber_service_map |
| points              |
| price               |
| product             |
| product_sales       |
| products            |
| quarterly_revenue   |
| r                   |
| r1                  |
| r2                  |
| races               |
| regexpr             |
| replacedept         |
| revenue             |
| rockets             |
| runners             |
| runningserver       |
| sales               |
| sales_channel       |
| salespeople         |
| salesperson         |
| salgrade            |
| server              |
| service             |
| seta                |
| setb                |
| shop                |
| softdrink           |
| sort                |
| sourcenames         |
| stadium             |
| states              |
| station             |
| status              |
| stringnumber        |
| t1                  |
| t3                  |
| t3log               |
| tablea              |
| tableaa             |
| tableb              |
| tablebb             |
| targetnames         |
| tasks               |
| temp1               |
| traintimetable      |
| transactions        |
| vote_response       |
| votes               |
| warehouse           |
| xyz                 |
| yearly_revenue      |
| z                   |
+---------------------+
121 rows in set (0.00 sec)

mysql> show tables from db1;
+---------------------+
| Tables_in_db1       |
+---------------------+
| a                   |
| abc                 |
| agent               |
| andor               |
| b                   |
| blanktablea         |
| blanktableb         |
| blog                |
| bonus               |
| books               |
| candidate           |
| client              |
| coalesce            |
| comments            |
| company             |
| customer            |
| customers           |
| d                   |
| d1                  |
| dbk1                |
| dbk2                |
| demodept1           |
| demodept2           |
| dept                |
| dept1               |
| docs                |
| doctor              |
| doctorvisits        |
| dummy               |
| duplicate           |
| e10                 |
| e20                 |
| emp                 |
| emp1                |
| emp2                |
| emp_attendance      |
| emp_cards           |
| emp_phone           |
| empj                |
| envelope            |
| food                |
| fullname            |
| hobby               |
| item                |
| job_list            |
| key_parts           |
| labtestlist         |
| leadtable           |
| licence             |
| location            |
| log                 |
| mass_table          |
| medicinelist        |
| menucard            |
| nearest             |
| new                 |
| newbooks            |
| nullif              |
| numbers             |
| numberstring        |
| ord                 |
| orderdetails        |
| orders              |
| overtime            |
| patient             |
| phonecall           |
| pivot_table         |
| plumber             |
| plumber_service_map |
| points              |
| price               |
| product             |
| product_sales       |
| products            |
| quarterly_revenue   |
| r                   |
| r1                  |
| r2                  |
| races               |
| regexpr             |
| replacedept         |
| revenue             |
| rockets             |
| runners             |
| runningserver       |
| sales               |
| sales_channel       |
| salespeople         |
| salesperson         |
| salgrade            |
| server              |
| service             |
| seta                |
| setb                |
| shop                |
| softdrink           |
| sort                |
| sourcenames         |
| stadium             |
| states              |
| station             |
| status              |
| stringnumber        |
| t1                  |
| t3                  |
| t3log               |
| tablea              |
| tableaa             |
| tableb              |
| tablebb             |
| targetnames         |
| tasks               |
| temp1               |
| traintimetable      |
| transactions        |
| vote_response       |
| votes               |
| warehouse           |
| xyz                 |
| yearly_revenue      |
| z                   |
+---------------------+
121 rows in set (0.00 sec)

mysql> show tables from x;
+-------------+
| Tables_in_x |
+-------------+
| dept        |
| x           |
| x1          |
+-------------+
3 rows in set (0.00 sec)

mysql> show tables from x;
+-------------+
| Tables_in_x |
+-------------+
| dept        |
| x           |
| x1          |
+-------------+
3 rows in set (0.00 sec)

mysql> show tables;
+---------------------+
| Tables_in_db1       |
+---------------------+
| a                   |
| abc                 |
| agent               |
| andor               |
| b                   |
| blanktablea         |
| blanktableb         |
| blog                |
| bonus               |
| books               |
| candidate           |
| client              |
| coalesce            |
| comments            |
| company             |
| customer            |
| customers           |
| d                   |
| d1                  |
| dbk1                |
| dbk2                |
| demodept1           |
| demodept2           |
| dept                |
| dept1               |
| docs                |
| doctor              |
| doctorvisits        |
| dummy               |
| duplicate           |
| e10                 |
| e20                 |
| emp                 |
| emp1                |
| emp2                |
| emp_attendance      |
| emp_cards           |
| emp_phone           |
| empj                |
| envelope            |
| food                |
| fullname            |
| hobby               |
| item                |
| job_list            |
| key_parts           |
| labtestlist         |
| leadtable           |
| licence             |
| location            |
| log                 |
| mass_table          |
| medicinelist        |
| menucard            |
| nearest             |
| new                 |
| newbooks            |
| nullif              |
| numbers             |
| numberstring        |
| ord                 |
| orderdetails        |
| orders              |
| overtime            |
| patient             |
| phonecall           |
| pivot_table         |
| plumber             |
| plumber_service_map |
| points              |
| price               |
| product             |
| product_sales       |
| products            |
| quarterly_revenue   |
| r                   |
| r1                  |
| r2                  |
| races               |
| regexpr             |
| replacedept         |
| revenue             |
| rockets             |
| runners             |
| runningserver       |
| sales               |
| sales_channel       |
| salespeople         |
| salesperson         |
| salgrade            |
| server              |
| service             |
| seta                |
| setb                |
| shop                |
| softdrink           |
| sort                |
| sourcenames         |
| stadium             |
| states              |
| station             |
| status              |
| stringnumber        |
| t1                  |
| t3                  |
| t3log               |
| tablea              |
| tableaa             |
| tableb              |
| tablebb             |
| targetnames         |
| tasks               |
| temp1               |
| traintimetable      |
| transactions        |
| vote_response       |
| votes               |
| warehouse           |
| xyz                 |
| yearly_revenue      |
| z                   |
+---------------------+
121 rows in set (0.00 sec)

mysql> use x;
Database changed
mysql> create table r2)(c1 char, c2 varchar);
ERROR 1064 (42000): You have an error in your SQL syntax; check the manual that corresponds to your MySQL server version for the right syntax to use near ')(c1 char, c2 varchar)' at line 1
mysql> create table r2(c1 char, c2 varchar);
ERROR 1064 (42000): You have an error in your SQL syntax; check the manual that corresponds to your MySQL server version for the right syntax to use near ')' at line 1
mysql>
mysql>
mysql> create table r2(c1 char, c2 varchar(1));
Query OK, 0 rows affected (0.07 sec)

mysql> desc r2;
+-------+------------+------+-----+---------+-------+
| Field | Type       | Null | Key | Default | Extra |
+-------+------------+------+-----+---------+-------+
| c1    | char(1)    | YES  |     | NULL    |       |
| c2    | varchar(1) | YES  |     | NULL    |       |
+-------+------------+------+-----+---------+-------+
2 rows in set (0.02 sec)

mysql> show columns from r2;
+-------+------------+------+-----+---------+-------+
| Field | Type       | Null | Key | Default | Extra |
+-------+------------+------+-----+---------+-------+
| c1    | char(1)    | YES  |     | NULL    |       |
| c2    | varchar(1) | YES  |     | NULL    |       |
+-------+------------+------+-----+---------+-------+
2 rows in set (0.00 sec)

mysql> create table r3(c1 char, c2 varchar(1), x1 int);
Query OK, 0 rows affected (0.04 sec)

mysql> desc r3;
+-------+------------+------+-----+---------+-------+
| Field | Type       | Null | Key | Default | Extra |
+-------+------------+------+-----+---------+-------+
| c1    | char(1)    | YES  |     | NULL    |       |
| c2    | varchar(1) | YES  |     | NULL    |       |
| x1    | int        | YES  |     | NULL    |       |
+-------+------------+------+-----+---------+-------+
3 rows in set (0.00 sec)

mysql> show columns from r2;
+-------+------------+------+-----+---------+-------+
| Field | Type       | Null | Key | Default | Extra |
+-------+------------+------+-----+---------+-------+
| c1    | char(1)    | YES  |     | NULL    |       |
| c2    | varchar(1) | YES  |     | NULL    |       |
+-------+------------+------+-----+---------+-------+
2 rows in set (0.00 sec)

mysql> show columns from r2 like 'c%';
+-------+------------+------+-----+---------+-------+
| Field | Type       | Null | Key | Default | Extra |
+-------+------------+------+-----+---------+-------+
| c1    | char(1)    | YES  |     | NULL    |       |
| c2    | varchar(1) | YES  |     | NULL    |       |
+-------+------------+------+-----+---------+-------+
2 rows in set (0.01 sec)

mysql> show columns from r2 like 'c%';
+-------+------------+------+-----+---------+-------+
| Field | Type       | Null | Key | Default | Extra |
+-------+------------+------+-----+---------+-------+
| c1    | char(1)    | YES  |     | NULL    |       |
| c2    | varchar(1) | YES  |     | NULL    |       |
+-------+------------+------+-----+---------+-------+
2 rows in set (0.00 sec)

mysql> show columns from r2 like 'x%';
Empty set (0.00 sec)

mysql> show columns from r2 like 'x1%';
Empty set (0.00 sec)

mysql> show columns from r3 like 'x%';
+-------+------+------+-----+---------+-------+
| Field | Type | Null | Key | Default | Extra |
+-------+------+------+-----+---------+-------+
| x1    | int  | YES  |     | NULL    |       |
+-------+------+------+-----+---------+-------+
1 row in set (0.00 sec)

mysql> desc r3;
+-------+------------+------+-----+---------+-------+
| Field | Type       | Null | Key | Default | Extra |
+-------+------------+------+-----+---------+-------+
| c1    | char(1)    | YES  |     | NULL    |       |
| c2    | varchar(1) | YES  |     | NULL    |       |
| x1    | int        | YES  |     | NULL    |       |
+-------+------------+------+-----+---------+-------+
3 rows in set (0.00 sec)

mysql> insert into r3 values(1,1,1), (2,2,2), (3,3,3);
Query OK, 3 rows affected (0.01 sec)
Records: 3  Duplicates: 0  Warnings: 0

mysql> select * from r3;
+------+------+------+
| c1   | c2   | x1   |
+------+------+------+
| 1    | 1    |    1 |
| 2    | 2    |    2 |
| 3    | 3    |    3 |
+------+------+------+
3 rows in set (0.00 sec)

mysql> insert into r3 values rows(11,11,11), rows (22,22,22), rows (33,33,33);
ERROR 1064 (42000): You have an error in your SQL syntax; check the manual that corresponds to your MySQL server version for the right syntax to use near 'rows(11,11,11), rows (22,22,22), rows (33,33,33)' at line 1
mysql> insert into r3 values row(11,11,11), row(22,22,22), row(33,33,33);
ERROR 1406 (22001): Data too long for column 'c1' at row 1
mysql> insert into r3 values row(11,11,11), row(22,22,22), row(33,33,33);
ERROR 1406 (22001): Data too long for column 'c1' at row 1
mysql>
mysql>
mysql>
mysql>
mysql> insert into r3 values row(-1,1,1), row(22,2,2), row(-3,3,3);
ERROR 1406 (22001): Data too long for column 'c1' at row 1
mysql> insert into r3 values row(-1,1,1), row(-2,2,2), row(-3,3,3);
ERROR 1406 (22001): Data too long for column 'c1' at row 1
mysql> insert into r3 values row(1,1,1), row(2,2,2), row(3,3,3);
Query OK, 3 rows affected (0.01 sec)
Records: 3  Duplicates: 0  Warnings: 0

mysql> select * from r3;
+------+------+------+
| c1   | c2   | x1   |
+------+------+------+
| 1    | 1    |    1 |
| 2    | 2    |    2 |
| 3    | 3    |    3 |
| 1    | 1    |    1 |
| 2    | 2    |    2 |
| 3    | 3    |    3 |
+------+------+------+
6 rows in set (0.00 sec)

mysql> insert into r3 values row(1,1,1), (2,2,2), row(3,3,3);
ERROR 1064 (42000): You have an error in your SQL syntax; check the manual that corresponds to your MySQL server version for the right syntax to use near '(2,2,2), row(3,3,3)' at line 1
mysql> insert into r3 values row(1,1,1), row(2,2,2), row(3,3,3);
Query OK, 3 rows affected (0.01 sec)
Records: 3  Duplicates: 0  Warnings: 0

mysql> insert into r3 values (1,1,1), (2,2,2), (3,3,3);
Query OK, 3 rows affected (0.02 sec)
Records: 3  Duplicates: 0  Warnings: 0

mysql> select * from r2;
Empty set (0.00 sec)

mysql> select * from r1;
ERROR 1146 (42S02): Table 'x.r1' doesn't exist
mysql> select * from r;
ERROR 1146 (42S02): Table 'x.r' doesn't exist
mysql> select * from r3;
+------+------+------+
| c1   | c2   | x1   |
+------+------+------+
| 1    | 1    |    1 |
| 2    | 2    |    2 |
| 3    | 3    |    3 |
| 1    | 1    |    1 |
| 2    | 2    |    2 |
| 3    | 3    |    3 |
| 1    | 1    |    1 |
| 2    | 2    |    2 |
| 3    | 3    |    3 |
| 1    | 1    |    1 |
| 2    | 2    |    2 |
| 3    | 3    |    3 |
+------+------+------+
12 rows in set (0.00 sec)

mysql> create table emp (id int, ename varchar(10), sal int);
Query OK, 0 rows affected (0.03 sec)

mysql> insert into emp values(1,'saleel',4000), (2,'sharmin',5000), (3, 'ruhan',4000);
Query OK, 3 rows affected (0.02 sec)
Records: 3  Duplicates: 0  Warnings: 0

mysql> select * from emp;
+------+---------+------+
| id   | ename   | sal  |
+------+---------+------+
|    1 | saleel  | 4000 |
|    2 | sharmin | 5000 |
|    3 | ruhan   | 4000 |
+------+---------+------+
3 rows in set (0.01 sec)

mysql> show variables like 'auto%';
+--------------------------+-------+
| Variable_name            | Value |
+--------------------------+-------+
| auto_generate_certs      | ON    |
| auto_increment_increment | 1     |
| auto_increment_offset    | 1     |
| autocommit               | ON    |
| automatic_sp_privileges  | ON    |
+--------------------------+-------+
5 rows in set (0.03 sec)

mysql> set autocommit= off;
Query OK, 0 rows affected (0.01 sec)

mysql> show variables like 'auto%';
+--------------------------+-------+
| Variable_name            | Value |
+--------------------------+-------+
| auto_generate_certs      | ON    |
| auto_increment_increment | 1     |
| auto_increment_offset    | 1     |
| autocommit               | OFF   |
| automatic_sp_privileges  | ON    |
+--------------------------+-------+
5 rows in set (0.00 sec)

mysql> select * from emp;
+------+---------+------+
| id   | ename   | sal  |
+------+---------+------+
|    1 | saleel  | 4000 |
|    2 | sharmin | 5000 |
|    3 | ruhan   | 4000 |
+------+---------+------+
3 rows in set (0.00 sec)

mysql> update emp set sal=-1;
Query OK, 3 rows affected (0.01 sec)
Rows matched: 3  Changed: 3  Warnings: 0

mysql> select * from emp;
+------+---------+------+
| id   | ename   | sal  |
+------+---------+------+
|    1 | saleel  |   -1 |
|    2 | sharmin |   -1 |
|    3 | ruhan   |   -1 |
+------+---------+------+
3 rows in set (0.00 sec)

mysql> rollback;
Query OK, 0 rows affected (0.01 sec)

mysql> select * from emp;
+------+---------+------+
| id   | ename   | sal  |
+------+---------+------+
|    1 | saleel  | 4000 |
|    2 | sharmin | 5000 |
|    3 | ruhan   | 4000 |
+------+---------+------+
3 rows in set (0.00 sec)

mysql> update emp set sal=-1, id=-1;
Query OK, 3 rows affected (0.00 sec)
Rows matched: 3  Changed: 3  Warnings: 0

mysql> select * from emp;
+------+---------+------+
| id   | ename   | sal  |
+------+---------+------+
|   -1 | saleel  |   -1 |
|   -1 | sharmin |   -1 |
|   -1 | ruhan   |   -1 |
+------+---------+------+
3 rows in set (0.00 sec)

mysql> rollback;
Query OK, 0 rows affected (0.01 sec)

mysql> select * from emp;
+------+---------+------+
| id   | ename   | sal  |
+------+---------+------+
|    1 | saleel  | 4000 |
|    2 | sharmin | 5000 |
|    3 | ruhan   | 4000 |
+------+---------+------+
3 rows in set (0.00 sec)

mysql> update emp set sal=-1 where id=3;
Query OK, 1 row affected (0.00 sec)
Rows matched: 1  Changed: 1  Warnings: 0

mysql> select * from emp;
+------+---------+------+
| id   | ename   | sal  |
+------+---------+------+
|    1 | saleel  | 4000 |
|    2 | sharmin | 5000 |
|    3 | ruhan   |   -1 |
+------+---------+------+
3 rows in set (0.00 sec)

mysql> rollback;
Query OK, 0 rows affected (0.00 sec)

mysql> select * from emp;
+------+---------+------+
| id   | ename   | sal  |
+------+---------+------+
|    1 | saleel  | 4000 |
|    2 | sharmin | 5000 |
|    3 | ruhan   | 4000 |
+------+---------+------+
3 rows in set (0.00 sec)

mysql> update emp set sal= sal+1000;
Query OK, 3 rows affected (0.00 sec)
Rows matched: 3  Changed: 3  Warnings: 0

mysql> select * from emp;
+------+---------+------+
| id   | ename   | sal  |
+------+---------+------+
|    1 | saleel  | 5000 |
|    2 | sharmin | 6000 |
|    3 | ruhan   | 5000 |
+------+---------+------+
3 rows in set (0.00 sec)

mysql> update emp set sal= sal + sal * .20;
Query OK, 3 rows affected (0.01 sec)
Rows matched: 3  Changed: 3  Warnings: 0

mysql> select * from emp;
+------+---------+------+
| id   | ename   | sal  |
+------+---------+------+
|    1 | saleel  | 6000 |
|    2 | sharmin | 7200 |
|    3 | ruhan   | 6000 |
+------+---------+------+
3 rows in set (0.00 sec)

mysql> select sal, sal*.20 from emp;
+------+---------+
| sal  | sal*.20 |
+------+---------+
| 6000 | 1200.00 |
| 7200 | 1440.00 |
| 6000 | 1200.00 |
+------+---------+
3 rows in set (0.00 sec)

mysql> select * from emp;
+------+---------+------+
| id   | ename   | sal  |
+------+---------+------+
|    1 | saleel  | 6000 |
|    2 | sharmin | 7200 |
|    3 | ruhan   | 6000 |
+------+---------+------+
3 rows in set (0.00 sec)

mysql> select  sal, sal*.20 from emp;
+------+---------+
| sal  | sal*.20 |
+------+---------+
| 6000 | 1200.00 |
| 7200 | 1440.00 |
| 6000 | 1200.00 |
+------+---------+
3 rows in set (0.00 sec)

mysql> select * from emp;
+------+---------+------+
| id   | ename   | sal  |
+------+---------+------+
|    1 | saleel  | 6000 |
|    2 | sharmin | 7200 |
|    3 | ruhan   | 6000 |
+------+---------+------+
3 rows in set (0.00 sec)

mysql> delete from emp;
Query OK, 3 rows affected (0.00 sec)

mysql> select * from emp;
Empty set (0.00 sec)

mysql> rollback;
Query OK, 0 rows affected (0.01 sec)

mysql> select * from emp;
+------+---------+------+
| id   | ename   | sal  |
+------+---------+------+
|    1 | saleel  | 4000 |
|    2 | sharmin | 5000 |
|    3 | ruhan   | 4000 |
+------+---------+------+
3 rows in set (0.00 sec)

mysql> delete from emp where id=3;
Query OK, 1 row affected (0.00 sec)

mysql> select * from emp;
+------+---------+------+
| id   | ename   | sal  |
+------+---------+------+
|    1 | saleel  | 4000 |
|    2 | sharmin | 5000 |
+------+---------+------+
2 rows in set (0.00 sec)

mysql> rollback;
Query OK, 0 rows affected (0.01 sec)

mysql> select * from emp;
+------+---------+------+
| id   | ename   | sal  |
+------+---------+------+
|    1 | saleel  | 4000 |
|    2 | sharmin | 5000 |
|    3 | ruhan   | 4000 |
+------+---------+------+
3 rows in set (0.00 sec)

mysql> delete from emp where id=1 and id=3;
Query OK, 0 rows affected (0.00 sec)

mysql> select * from emp;
+------+---------+------+
| id   | ename   | sal  |
+------+---------+------+
|    1 | saleel  | 4000 |
|    2 | sharmin | 5000 |
|    3 | ruhan   | 4000 |
+------+---------+------+
3 rows in set (0.00 sec)

mysql> delete from emp where id=1 or id=3;
Query OK, 2 rows affected (0.00 sec)

mysql> select * from emp;
+------+---------+------+
| id   | ename   | sal  |
+------+---------+------+
|    2 | sharmin | 5000 |
+------+---------+------+
1 row in set (0.00 sec)

mysql> rollback;
Query OK, 0 rows affected (0.01 sec)

mysql> desc emp;
+-------+-------------+------+-----+---------+-------+
| Field | Type        | Null | Key | Default | Extra |
+-------+-------------+------+-----+---------+-------+
| id    | int         | YES  |     | NULL    |       |
| ename | varchar(10) | YES  |     | NULL    |       |
| sal   | int         | YES  |     | NULL    |       |
+-------+-------------+------+-----+---------+-------+
3 rows in set (0.00 sec)

mysql> create table emp1(id int auto_increment );
ERROR 1075 (42000): Incorrect table definition; there can be only one auto column and it must be defined as a key
mysql> create table emp1(id int auto_increment primary key );
Query OK, 0 rows affected (0.04 sec)

mysql> drop table emp1;
Query OK, 0 rows affected (0.03 sec)

mysql> shwo tables;
ERROR 1064 (42000): You have an error in your SQL syntax; check the manual that corresponds to your MySQL server version for the right syntax to use near 'shwo tables' at line 1
mysql> show tables;
+-------------+
| Tables_in_x |
+-------------+
| dept        |
| emp         |
| r2          |
| r3          |
| x           |
| x1          |
+-------------+
6 rows in set (0.00 sec)

mysql> drop table x1;
Query OK, 0 rows affected (0.03 sec)

mysql> drop table r2, r3, x, dept;
Query OK, 0 rows affected (0.05 sec)

mysql> show tables;
+-------------+
| Tables_in_x |
+-------------+
| emp         |
+-------------+
1 row in set (0.00 sec)

mysql> dropo table emp;
ERROR 1064 (42000): You have an error in your SQL syntax; check the manual that corresponds to your MySQL server version for the right syntax to use near 'dropo table emp' at line 1
mysql> drop table emp;
Query OK, 0 rows affected (0.01 sec)

mysql>
mysql>
mysql>
mysql>
mysql>
mysql> create table emp(id int auto_increment primary key, ename varchar(10) not null, city varchar(10) default 'baroda', userName varchar(10) invisible,password varbinary(10));
Query OK, 0 rows affected (0.03 sec)

mysql> desc emp;
+----------+---------------+------+-----+---------+----------------+
| Field    | Type          | Null | Key | Default | Extra          |
+----------+---------------+------+-----+---------+----------------+
| id       | int           | NO   | PRI | NULL    | auto_increment |
| ename    | varchar(10)   | NO   |     | NULL    |                |
| city     | varchar(10)   | YES  |     | baroda  |                |
| userName | varchar(10)   | YES  |     | NULL    | INVISIBLE      |
| password | varbinary(10) | YES  |     | NULL    |                |
+----------+---------------+------+-----+---------+----------------+
5 rows in set (0.00 sec)

mysql> insert into emp values(default,'saleel', default,'saleel','saleel');
ERROR 1136 (21S01): Column count doesn't match value count at row 1
mysql> create table x (c1 int auto_increment primary key , c2 int);
Query OK, 0 rows affected (0.04 sec)

mysql> insert into x values(default, 2);
Query OK, 1 row affected (0.00 sec)

mysql> insert into x values(default, 2);
Query OK, 1 row affected (0.00 sec)

mysql> insert into x values(default, 2);
Query OK, 1 row affected (0.00 sec)

mysql> select * from x;
+----+------+
| c1 | c2   |
+----+------+
|  1 |    2 |
|  2 |    2 |
|  3 |    2 |
+----+------+
3 rows in set (0.00 sec)

mysql> insert into x values(default, -2);
Query OK, 1 row affected (0.00 sec)

mysql> insert into x values(default, -2);
Query OK, 1 row affected (0.00 sec)

mysql> insert into x values(default, -2);
Query OK, 1 row affected (0.00 sec)

mysql> select * from x;
+----+------+
| c1 | c2   |
+----+------+
|  1 |    2 |
|  2 |    2 |
|  3 |    2 |
|  4 |   -2 |
|  5 |   -2 |
|  6 |   -2 |
+----+------+
6 rows in set (0.00 sec)

mysql> insert into x values(100, -2);
Query OK, 1 row affected (0.00 sec)

mysql> select * from x;
+-----+------+
| c1  | c2   |
+-----+------+
|   1 |    2 |
|   2 |    2 |
|   3 |    2 |
|   4 |   -2 |
|   5 |   -2 |
|   6 |   -2 |
| 100 |   -2 |
+-----+------+
7 rows in set (0.00 sec)

mysql> insert into x values(default, -2);
Query OK, 1 row affected (0.00 sec)

mysql> select * from x;
+-----+------+
| c1  | c2   |
+-----+------+
|   1 |    2 |
|   2 |    2 |
|   3 |    2 |
|   4 |   -2 |
|   5 |   -2 |
|   6 |   -2 |
| 100 |   -2 |
| 101 |   -2 |
+-----+------+
8 rows in set (0.00 sec)

mysql> insert into x values(3400, -2);
Query OK, 1 row affected (0.00 sec)

mysql> select * from x;
+------+------+
| c1   | c2   |
+------+------+
|    1 |    2 |
|    2 |    2 |
|    3 |    2 |
|    4 |   -2 |
|    5 |   -2 |
|    6 |   -2 |
|  100 |   -2 |
|  101 |   -2 |
| 3400 |   -2 |
+------+------+
9 rows in set (0.00 sec)

mysql> insert into x values(default, -2);
Query OK, 1 row affected (0.00 sec)

mysql> select * from x;
+------+------+
| c1   | c2   |
+------+------+
|    1 |    2 |
|    2 |    2 |
|    3 |    2 |
|    4 |   -2 |
|    5 |   -2 |
|    6 |   -2 |
|  100 |   -2 |
|  101 |   -2 |
| 3400 |   -2 |
| 3401 |   -2 |
+------+------+
10 rows in set (0.00 sec)

mysql> desc emp;
+----------+---------------+------+-----+---------+----------------+
| Field    | Type          | Null | Key | Default | Extra          |
+----------+---------------+------+-----+---------+----------------+
| id       | int           | NO   | PRI | NULL    | auto_increment |
| ename    | varchar(10)   | NO   |     | NULL    |                |
| city     | varchar(10)   | YES  |     | baroda  |                |
| userName | varchar(10)   | YES  |     | NULL    | INVISIBLE      |
| password | varbinary(10) | YES  |     | NULL    |                |
+----------+---------------+------+-----+---------+----------------+
5 rows in set (0.00 sec)

mysql> insert into emp(id,ename, city, userName,password) values(default,'saleel', default,'saleel','s
aleel');
Query OK, 1 row affected (0.00 sec)

mysql> select * from emp;
+----+--------+--------+--------------------+
| id | ename  | city   | password           |
+----+--------+--------+--------------------+
|  1 | saleel | baroda | 0x73616C65656C     |
+----+--------+--------+--------------------+
1 row in set (0.00 sec)

mysql> insert into emp(id,ename, city, userName,password) values(default,null, default,'saleel','salee
l');
ERROR 1048 (23000): Column 'ename' cannot be null
mysql> select * from emp;
+----+--------+--------+--------------------+
| id | ename  | city   | password           |
+----+--------+--------+--------------------+
|  1 | saleel | baroda | 0x73616C65656C     |
+----+--------+--------+--------------------+
1 row in set (0.00 sec)

mysql> select id, userName from emp;
+----+----------+
| id | userName |
+----+----------+
|  1 | saleel   |
+----+----------+
1 row in set (0.00 sec)

mysql> desc emp;
+----------+---------------+------+-----+---------+----------------+
| Field    | Type          | Null | Key | Default | Extra          |
+----------+---------------+------+-----+---------+----------------+
| id       | int           | NO   | PRI | NULL    | auto_increment |
| ename    | varchar(10)   | NO   |     | NULL    |                |
| city     | varchar(10)   | YES  |     | baroda  |                |
| userName | varchar(10)   | YES  |     | NULL    | INVISIBLE      |
| password | varbinary(10) | YES  |     | NULL    |                |
+----------+---------------+------+-----+---------+----------------+
5 rows in set (0.00 sec)

mysql> select id, ename, city, userName, password from emp;
+----+--------+--------+----------+--------------------+
| id | ename  | city   | userName | password           |
+----+--------+--------+----------+--------------------+
|  1 | saleel | baroda | saleel   | 0x73616C65656C     |
+----+--------+--------+----------+--------------------+
1 row in set (0.00 sec)

mysql> select * from emp;
+----+--------+--------+--------------------+
| id | ename  | city   | password           |
+----+--------+--------+--------------------+
|  1 | saleel | baroda | 0x73616C65656C     |
+----+--------+--------+--------------------+
1 row in set (0.00 sec)

mysql> select id, ename, city, userName, cast(password as char) from emp;
+----+--------+--------+----------+------------------------+
| id | ename  | city   | userName | cast(password as char) |
+----+--------+--------+----------+------------------------+
|  1 | saleel | baroda | saleel   | saleel                 |
+----+--------+--------+----------+------------------------+
1 row in set (0.00 sec)

mysql> select id, ename, city, userName, password ,cast(password as char) from emp;
+----+--------+--------+----------+--------------------+------------------------+
| id | ename  | city   | userName | password           | cast(password as char) |
+----+--------+--------+----------+--------------------+------------------------+
|  1 | saleel | baroda | saleel   | 0x73616C65656C     | saleel                 |
+----+--------+--------+----------+--------------------+------------------------+
1 row in set (0.00 sec)

mysql> insert into emp(id,ename, city, userName,password) values(default,null, default,'saleel','saleel');
ERROR 1048 (23000): Column 'ename' cannot be null
mysql> insert into emp(id,ename, city, userName,password) values(default,'sharmin', default,'saleel','
saleel');
Query OK, 1 row affected (0.00 sec)

mysql> insert into emp(id,ename, city, userName,password) values(default,'ruhan', default,'saleel','sa
leel');
Query OK, 1 row affected (0.00 sec)

mysql> select * from emp;
+----+---------+--------+--------------------+
| id | ename   | city   | password           |
+----+---------+--------+--------------------+
|  1 | saleel  | baroda | 0x73616C65656C     |
|  2 | sharmin | baroda | 0x73616C65656C     |
|  3 | ruhan   | baroda | 0x73616C65656C     |
+----+---------+--------+--------------------+
3 rows in set (0.00 sec)

mysql> select id, ename, city, userName, password ,cast(password as char) from emp;
+----+---------+--------+----------+--------------------+------------------------+
| id | ename   | city   | userName | password           | cast(password as char) |
+----+---------+--------+----------+--------------------+------------------------+
|  1 | saleel  | baroda | saleel   | 0x73616C65656C     | saleel                 |
|  2 | sharmin | baroda | saleel   | 0x73616C65656C     | saleel                 |
|  3 | ruhan   | baroda | saleel   | 0x73616C65656C     | saleel                 |
+----+---------+--------+----------+--------------------+------------------------+
3 rows in set (0.00 sec)

mysql> insert into emp(id,ename, city, userName,password) values(default,'neel', default,'saleel','SALEEL');
Query OK, 1 row affected (0.00 sec)

mysql> select id, ename, city, userName, password ,cast(password as char) from emp;
+----+---------+--------+----------+--------------------+------------------------+
| id | ename   | city   | userName | password           | cast(password as char) |
+----+---------+--------+----------+--------------------+------------------------+
|  1 | saleel  | baroda | saleel   | 0x73616C65656C     | saleel                 |
|  2 | sharmin | baroda | saleel   | 0x73616C65656C     | saleel                 |
|  3 | ruhan   | baroda | saleel   | 0x73616C65656C     | saleel                 |
|  4 | neel    | baroda | saleel   | 0x53414C45454C     | SALEEL                 |
+----+---------+--------+----------+--------------------+------------------------+
4 rows in set (0.00 sec)

mysql> update emp set city='surat' where password='saleel';
Query OK, 3 rows affected (0.00 sec)
Rows matched: 3  Changed: 3  Warnings: 0

mysql> select id, ename, city, userName, password ,cast(password as char) from emp;
+----+---------+--------+----------+--------------------+------------------------+
| id | ename   | city   | userName | password           | cast(password as char) |
+----+---------+--------+----------+--------------------+------------------------+
|  1 | saleel  | surat  | saleel   | 0x73616C65656C     | saleel                 |
|  2 | sharmin | surat  | saleel   | 0x73616C65656C     | saleel                 |
|  3 | ruhan   | surat  | saleel   | 0x73616C65656C     | saleel                 |
|  4 | neel    | baroda | saleel   | 0x53414C45454C     | SALEEL                 |
+----+---------+--------+----------+--------------------+------------------------+
4 rows in set (0.00 sec)

mysql> update emp set city='bharuch' where password='SALEEL';
Query OK, 1 row affected (0.00 sec)
Rows matched: 1  Changed: 1  Warnings: 0

mysql> select id, ename, city, userName, password ,cast(password as char) from emp;
+----+---------+---------+----------+--------------------+------------------------+
| id | ename   | city    | userName | password           | cast(password as char) |
+----+---------+---------+----------+--------------------+------------------------+
|  1 | saleel  | surat   | saleel   | 0x73616C65656C     | saleel                 |
|  2 | sharmin | surat   | saleel   | 0x73616C65656C     | saleel                 |
|  3 | ruhan   | surat   | saleel   | 0x73616C65656C     | saleel                 |
|  4 | neel    | bharuch | saleel   | 0x53414C45454C     | SALEEL                 |
+----+---------+---------+----------+--------------------+------------------------+
4 rows in set (0.00 sec)

mysql> desc emp;
+----------+---------------+------+-----+---------+----------------+
| Field    | Type          | Null | Key | Default | Extra          |
+----------+---------------+------+-----+---------+----------------+
| id       | int           | NO   | PRI | NULL    | auto_increment |
| ename    | varchar(10)   | NO   |     | NULL    |                |
| city     | varchar(10)   | YES  |     | baroda  |                |
| userName | varchar(10)   | YES  |     | NULL    | INVISIBLE      |
| password | varbinary(10) | YES  |     | NULL    |                |
+----------+---------------+------+-----+---------+----------------+
5 rows in set (0.00 sec)

mysql> create table r (c1 int,c2 int, c3 int defaultc1+c2, c4 int generated always as (c1+c2) virtual)
;
ERROR 1064 (42000): You have an error in your SQL syntax; check the manual that corresponds to your MySQL server version for the right syntax to use near 'defaultc1+c2, c4 int generated always as (c1+c2) virtual)' at line 1
mysql>
mysql>
mysql> create table r (c1 int,c2 int, c3 int default c1+c2, c4 int generated always as (c1+c2) virtual
);
ERROR 1064 (42000): You have an error in your SQL syntax; check the manual that corresponds to your MySQL server version for the right syntax to use near 'c1+c2, c4 int generated always as (c1+c2) virtual)' at line 1
mysql> create table r (c1 int, c2 int, c3 int default (c1+c2), c4 int generated always as (c1+c2) virt
ual);
Query OK, 0 rows affected (0.03 sec)

mysql> desc r;
+-------+------+------+-----+---------------+-------------------+
| Field | Type | Null | Key | Default       | Extra             |
+-------+------+------+-----+---------------+-------------------+
| c1    | int  | YES  |     | NULL          |                   |
| c2    | int  | YES  |     | NULL          |                   |
| c3    | int  | YES  |     | (`c1` + `c2`) | DEFAULT_GENERATED |
| c4    | int  | YES  |     | NULL          | VIRTUAL GENERATED |
+-------+------+------+-----+---------------+-------------------+
4 rows in set (0.00 sec)

mysql> insert into r(c1, c2) values(5,5);
Query OK, 1 row affected (0.00 sec)

mysql> select * from r;
+------+------+------+------+
| c1   | c2   | c3   | c4   |
+------+------+------+------+
|    5 |    5 |   10 |   10 |
+------+------+------+------+
1 row in set (0.00 sec)

mysql> insert into r(c1, c2, c3) values(5,5, -2);
Query OK, 1 row affected (0.00 sec)

mysql> select * from r;
+------+------+------+------+
| c1   | c2   | c3   | c4   |
+------+------+------+------+
|    5 |    5 |   10 |   10 |
|    5 |    5 |   -2 |   10 |
+------+------+------+------+
2 rows in set (0.00 sec)

mysql> insert into r(c1, c2, c3, c4) values(5,5, -2, -1);
ERROR 3105 (HY000): The value specified for generated column 'c4' in table 'r' is not allowed.
mysql>
mysql>
mysql> insert into r(c1, c2) values(6,6);
Query OK, 1 row affected (0.00 sec)

mysql> select * from r;
+------+------+------+------+
| c1   | c2   | c3   | c4   |
+------+------+------+------+
|    5 |    5 |   10 |   10 |
|    5 |    5 |   -2 |   10 |
|    6 |    6 |   12 |   12 |
+------+------+------+------+
3 rows in set (0.00 sec)

mysql> update r set c1=60 where c1=6;
Query OK, 1 row affected (0.00 sec)
Rows matched: 1  Changed: 1  Warnings: 0

mysql> select * from r;
+------+------+------+------+
| c1   | c2   | c3   | c4   |
+------+------+------+------+
|    5 |    5 |   10 |   10 |
|    5 |    5 |   -2 |   10 |
|   60 |    6 |   12 |   66 |
+------+------+------+------+
3 rows in set (0.00 sec)

mysql> update r set c3=default;
Query OK, 2 rows affected (0.00 sec)
Rows matched: 3  Changed: 2  Warnings: 0

mysql> select * from r;
+------+------+------+------+
| c1   | c2   | c3   | c4   |
+------+------+------+------+
|    5 |    5 |   10 |   10 |
|    5 |    5 |   10 |   10 |
|   60 |    6 |   66 |   66 |
+------+------+------+------+
3 rows in set (0.00 sec)

mysql> desc r;
+-------+------+------+-----+---------------+-------------------+
| Field | Type | Null | Key | Default       | Extra             |
+-------+------+------+-----+---------------+-------------------+
| c1    | int  | YES  |     | NULL          |                   |
| c2    | int  | YES  |     | NULL          |                   |
| c3    | int  | YES  |     | (`c1` + `c2`) | DEFAULT_GENERATED |
| c4    | int  | YES  |     | NULL          | VIRTUAL GENERATED |
+-------+------+------+-----+---------------+-------------------+
4 rows in set (0.00 sec)

mysql> create table r1(c1 int, c2 enum('red','blue','green'), c3 set ('A','B','B'));
ERROR 1291 (HY000): Column 'c3' has duplicated value 'B' in SET
mysql>
mysql>
mysql>
mysql>
mysql> create table r1(c1 int, c2 enum('red','blue','green'), c3 set ('A','B','C'));
Query OK, 0 rows affected (0.03 sec)

mysql> create table r2(c1 int, c2 enum('red','blue','green','red'), c3 set ('A','B','C'));
ERROR 1291 (HY000): Column 'c2' has duplicated value 'red' in ENUM
mysql> desc r;
+-------+------+------+-----+---------------+-------------------+
| Field | Type | Null | Key | Default       | Extra             |
+-------+------+------+-----+---------------+-------------------+
| c1    | int  | YES  |     | NULL          |                   |
| c2    | int  | YES  |     | NULL          |                   |
| c3    | int  | YES  |     | (`c1` + `c2`) | DEFAULT_GENERATED |
| c4    | int  | YES  |     | NULL          | VIRTUAL GENERATED |
+-------+------+------+-----+---------------+-------------------+
4 rows in set (0.00 sec)

mysql> desc r1;
+-------+----------------------------+------+-----+---------+-------+
| Field | Type                       | Null | Key | Default | Extra |
+-------+----------------------------+------+-----+---------+-------+
| c1    | int                        | YES  |     | NULL    |       |
| c2    | enum('red','blue','green') | YES  |     | NULL    |       |
| c3    | set('A','B','C')           | YES  |     | NULL    |       |
+-------+----------------------------+------+-----+---------+-------+
3 rows in set (0.00 sec)

mysql> insert into r1 values(1, 'A','A');
ERROR 1265 (01000): Data truncated for column 'c2' at row 1
mysql> insert into r1 values(1, 'red','X\');
    '> ^C
mysql> insert into r1 values(1, 'red','X');
ERROR 1265 (01000): Data truncated for column 'c3' at row 1
mysql> insert into r1 values(1, 'red','a');
Query OK, 1 row affected (0.00 sec)

mysql> desc r1;
+-------+----------------------------+------+-----+---------+-------+
| Field | Type                       | Null | Key | Default | Extra |
+-------+----------------------------+------+-----+---------+-------+
| c1    | int                        | YES  |     | NULL    |       |
| c2    | enum('red','blue','green') | YES  |     | NULL    |       |
| c3    | set('A','B','C')           | YES  |     | NULL    |       |
+-------+----------------------------+------+-----+---------+-------+
3 rows in set (0.00 sec)

mysql> insert into r1 values(1, 'red,green','B');
ERROR 1265 (01000): Data truncated for column 'c2' at row 1
mysql> insert into r1 values(1, 'green','A,B');
Query OK, 1 row affected (0.00 sec)

mysql> select * from r2;
ERROR 1146 (42S02): Table 'x.r2' doesn't exist
mysql> select * from r1;
+------+-------+------+
| c1   | c2    | c3   |
+------+-------+------+
|    1 | red   | A    |
|    1 | green | A,B  |
+------+-------+------+
2 rows in set (0.00 sec)

mysql> insert into r1 values(1, 0, 'a');
ERROR 1265 (01000): Data truncated for column 'c2' at row 1
mysql> insert into r1 values(1, 'green', 0);
Query OK, 1 row affected (0.00 sec)

mysql> desc r1;
+-------+----------------------------+------+-----+---------+-------+
| Field | Type                       | Null | Key | Default | Extra |
+-------+----------------------------+------+-----+---------+-------+
| c1    | int                        | YES  |     | NULL    |       |
| c2    | enum('red','blue','green') | YES  |     | NULL    |       |
| c3    | set('A','B','C')           | YES  |     | NULL    |       |
+-------+----------------------------+------+-----+---------+-------+
3 rows in set (0.00 sec)

mysql> select * from r1;
+------+-------+------+
| c1   | c2    | c3   |
+------+-------+------+
|    1 | red   | A    |
|    1 | green | A,B  |
|    1 | green |      |
+------+-------+------+
3 rows in set (0.00 sec)

mysql> insert into r1 values(2, 'green', 1);
Query OK, 1 row affected (0.00 sec)

mysql> select * from r1;
+------+-------+------+
| c1   | c2    | c3   |
+------+-------+------+
|    1 | red   | A    |
|    1 | green | A,B  |
|    1 | green |      |
|    2 | green | A    |
+------+-------+------+
4 rows in set (0.00 sec)

mysql> insert into r1 values(2, 'green', 1);
Query OK, 1 row affected (0.00 sec)

mysql>
mysql>
mysql>
mysql> create table r3(id int auto_increment primary key, type enum('shirt','t-shirt'), size set ('s',
'm','l','xl'));
Query OK, 0 rows affected (0.04 sec)

mysql> desc r3;
+-------+-------------------------+------+-----+---------+----------------+
| Field | Type                    | Null | Key | Default | Extra          |
+-------+-------------------------+------+-----+---------+----------------+
| id    | int                     | NO   | PRI | NULL    | auto_increment |
| type  | enum('shirt','t-shirt') | YES  |     | NULL    |                |
| size  | set('s','m','l','xl')   | YES  |     | NULL    |                |
+-------+-------------------------+------+-----+---------+----------------+
3 rows in set (0.00 sec)

mysql> insert into r3(type, size) value('shirt','m');
Query OK, 1 row affected (0.00 sec)

mysql> insert into r3(type, size) value('shirt','s,m');
Query OK, 1 row affected (0.00 sec)

mysql> select * from r3;
+----+-------+------+
| id | type  | size |
+----+-------+------+
|  1 | shirt | m    |
|  2 | shirt | s,m  |
+----+-------+------+
2 rows in set (0.00 sec)

mysql> insert into r3(type, size) value('t-shirt','s,m');
Query OK, 1 row affected (0.00 sec)

mysql> insert into r3(type, size) value('t-shirt','s,m,l');
Query OK, 1 row affected (0.00 sec)

mysql> select * from r3;
+----+---------+-------+
| id | type    | size  |
+----+---------+-------+
|  1 | shirt   | m     |
|  2 | shirt   | s,m   |
|  3 | t-shirt | s,m   |
|  4 | t-shirt | s,m,l |
+----+---------+-------+
4 rows in set (0.00 sec)

mysql> create table r4(id int auto_increment primary key, color enum('red','blue','green','yellow'), t
ype enum('shirt','t-shirt'), size set ('s','m','l','xl'), qty int,  rate float(6,2), total float(8,2) generated always as (qty * rate) virtual);
Query OK, 0 rows affected, 2 warnings (0.04 sec)

mysql> desc r4;
+-------+-------------------------------------+------+-----+---------+-------------------+
| Field | Type                                | Null | Key | Default | Extra             |
+-------+-------------------------------------+------+-----+---------+-------------------+
| id    | int                                 | NO   | PRI | NULL    | auto_increment    |
| color | enum('red','blue','green','yellow') | YES  |     | NULL    |                   |
| type  | enum('shirt','t-shirt')             | YES  |     | NULL    |                   |
| size  | set('s','m','l','xl')               | YES  |     | NULL    |                   |
| qty   | int                                 | YES  |     | NULL    |                   |
| rate  | float(6,2)                          | YES  |     | NULL    |                   |
| total | float(8,2)                          | YES  |     | NULL    | VIRTUAL GENERATED |
+-------+-------------------------------------+------+-----+---------+-------------------+
7 rows in set (0.00 sec)

mysql> insert into r4 values(default, 'blue','shirt','m', 2,1000.25, default);
Query OK, 1 row affected (0.00 sec)

mysql> select * from r4;
+----+-------+-------+------+------+---------+---------+
| id | color | type  | size | qty  | rate    | total   |
+----+-------+-------+------+------+---------+---------+
|  1 | blue  | shirt | m    |    2 | 1000.25 | 2000.50 |
+----+-------+-------+------+------+---------+---------+
1 row in set (0.00 sec)

mysql> show variables;
+----------------------------------------------------------+------------------------------------------------------------------------------------------------------------------------------------------------------------------------------------------------------------------------------------------------------------------------------------------------------------------------------------------------------------------------------------------------------------------------------------------------------------------------------------------------------------------------------------------------------------------------------+
| Variable_name                                            | Value





      |
+----------------------------------------------------------+------------------------------------------------------------------------------------------------------------------------------------------------------------------------------------------------------------------------------------------------------------------------------------------------------------------------------------------------------------------------------------------------------------------------------------------------------------------------------------------------------------------------------------------------------------------------------+
| activate_all_roles_on_login                              | OFF





      |
| admin_address                                            |





      |
| admin_port                                               | 33062





      |
| admin_ssl_ca                                             |





      |
| admin_ssl_capath                                         |
                                                                                                      



      |
| admin_ssl_cert                                           |





      |
| admin_ssl_cipher                                         |





      |
| admin_ssl_crl                                            |





      |
| admin_ssl_crlpath                                        |
                                                                                                      


                                                                                                            |
| admin_ssl_key                                            |





      |
| admin_tls_ciphersuites                                   |





      |
| admin_tls_version                                        | TLSv1.2,TLSv1.3





      |
| authentication_policy                                    | *,,





      |
| auto_generate_certs                                      | ON





      |
| auto_increment_increment                                 | 1





      |
| auto_increment_offset                                    | 1
                                                                                                      



      |
| autocommit                                               | OFF





      |
| automatic_sp_privileges                                  | ON





      |
| avoid_temporal_upgrade                                   | OFF                                      




      |
| back_log                                                 | 151





      |
| basedir                                                  | C:\Program Files\MySQL\MySQL Server 8.0\ 




      |
| big_tables                                               | OFF





      |
| bind_address                                             | *





      |
| binlog_cache_size                                        | 32768




                                                                                                            |
| binlog_checksum                                          | CRC32





      |
| binlog_direct_non_transactional_updates                  | OFF





      |
| binlog_encryption                                        | OFF





      |
| binlog_error_action                                      | ABORT_SERVER





      |
| binlog_expire_logs_auto_purge                            | ON





      |
| binlog_expire_logs_seconds                               | 2592000





      |
| binlog_format                                            | ROW





      |
| binlog_group_commit_sync_delay                           | 0





      |
| binlog_group_commit_sync_no_delay_count                  | 0





      |
| binlog_gtid_simple_recovery                              | ON





      |
| binlog_max_flush_queue_time                              | 0                                        




      |
| binlog_order_commits                                     | ON





      |
| binlog_rotate_encryption_master_key_at_startup           | OFF





      |
| binlog_row_event_max_size                                | 8192





      |
| binlog_row_image                                         | FULL





      |
| binlog_row_metadata                                      | MINIMAL





      |
| binlog_row_value_options                                 |





      |
| binlog_rows_query_log_events                             | OFF





      |
| binlog_stmt_cache_size                                   | 32768





      |
| binlog_transaction_compression                           | OFF


                                                                                                      

      |
| binlog_transaction_compression_level_zstd                | 3





      |
| binlog_transaction_dependency_history_size               | 25000





      |
| binlog_transaction_dependency_tracking                   | COMMIT_ORDER





      |
| block_encryption_mode                                    | aes-128-ecb
                                                                                                      



      |
| bulk_insert_buffer_size                                  | 8388608





      |
| caching_sha2_password_auto_generate_rsa_keys             | ON

                                                                                                      


      |
| caching_sha2_password_digest_rounds                      | 5000





      |
| caching_sha2_password_private_key_path                   | private_key.pem





      |
| caching_sha2_password_public_key_path                    | public_key.pem





      |
| character_set_client                                     | cp850





      |
| character_set_connection                                 | cp850





      |
| character_set_database                                   | utf8mb4





      |
| character_set_filesystem                                 | binary





      |
| character_set_results                                    | cp850





      |
| character_set_server                                     | utf8mb4





      |
| character_set_system                                     | utf8mb3





      |
| character_sets_dir                                       | C:\Program Files\MySQL\MySQL Server 8.0\share\charsets\




      |
| check_proxy_users                                        | OFF



                                                                                                      
      |
| collation_connection                                     | cp850_general_ci





      |
| collation_database                                       | utf8mb4_0900_ai_ci
                                                                                                      



      |
| collation_server                                         | utf8mb4_0900_ai_ci





      |
| completion_type                                          | NO_CHAIN





      |
| concurrent_insert                                        | AUTO





      |
| connect_timeout                                          | 10





      |
| connection_memory_chunk_size                             | 8192





      |
| connection_memory_limit                                  | 18446744073709551615




                                                                                                            |
| core_file                                                | OFF





      |
| create_admin_listener_thread                             | OFF

                                                                                                      


      |
| cte_max_recursion_depth                                  | 1000





      |
| datadir                                                  | C:\ProgramData\MySQL\MySQL Server 8.0\Data\


                                                                                                      
      |
| default_authentication_plugin                            | caching_sha2_password





      |
| default_collation_for_utf8mb4                            | utf8mb4_0900_ai_ci





      |
| default_password_lifetime                                | 0





      |
| default_storage_engine                                   | InnoDB





      |
| default_table_encryption                                 | OFF
                                                                                                      



      |
| default_tmp_storage_engine                               | InnoDB





      |
| default_week_format                                      | 0





      |
| delay_key_write                                          | ON





      |
| delayed_insert_limit                                     | 100                                      




      |
| delayed_insert_timeout                                   | 300





      |
| delayed_queue_size                                       | 1000





      |
| disabled_storage_engines                                 |                                          




      |
| disconnect_on_expired_password                           | ON


                                                                                                      

      |
| div_precision_increment                                  | 4





      |
| end_markers_in_json                                      | OFF





      |
| enforce_gtid_consistency                                 | OFF





      |
| eq_range_index_dive_limit                                | 200





      |
| error_count                                              | 0





      |
| event_scheduler                                          | ON





      |
| expire_logs_days                                         | 0





      |
| explain_format                                           | TRADITIONAL                              




      |
| explicit_defaults_for_timestamp                          | ON





      |
| external_user                                            |





      |
| flush                                                    | OFF





      |
| flush_time                                               | 0





      |
| foreign_key_checks                                       | ON
                                                                                                      



      |
| ft_boolean_syntax                                        | + -><()~*:""&|





      |
| ft_max_word_len                                          | 84





      |
| ft_min_word_len                                          | 4





      |
| ft_query_expansion_limit                                 | 20





      |
| ft_stopword_file                                         | (built-in)





      |
| general_log                                              | OFF





      |
| general_log_file                                         | DESKTOP-CK041CC.log





      |
| generated_random_password_length                         | 20





      |
| global_connection_memory_limit                           | 18446744073709551615





      |
| global_connection_memory_tracking                        | OFF





      |
| group_concat_max_len                                     | 1024





      |
| group_replication_consistency                            | EVENTUAL





      |
| gtid_executed                                            |





      |
| gtid_executed_compression_period                         | 0





      |
| gtid_mode                                                | OFF




                                                                                                            |
| gtid_next                                                | AUTOMATIC





      |
| gtid_owned                                               |





      |
| gtid_purged                                              |





      |
| have_compress                                            | YES





      |
| have_dynamic_loading                                     | YES





      |
| have_geometry                                            | YES





      |
| have_openssl                                             | YES





      |
| have_profiling                                           | YES





      |
| have_query_cache                                         | NO





      |
| have_rtree_keys                                          | YES





      |
| have_ssl                                                 | YES





      |
| have_statement_timeout                                   | YES





      |
| have_symlink                                             | DISABLED





      |
| histogram_generation_max_mem_size                        | 20000000





      |
| host_cache_size                                          | 279                                      




      |
| hostname                                                 | DESKTOP-CK041CC


                                                                                                      

      |
| identity                                                 | 1





      |
| immediate_server_version                                 | 999999





      |
| information_schema_stats_expiry                          | 86400





      |
| init_connect                                             |





      |
| init_file                                                |




                                                                                                            |
| init_replica                                             |





      |
| init_slave                                               |





      |
| innodb_adaptive_flushing                                 | ON





      |
| innodb_adaptive_flushing_lwm                             | 10





      |
| innodb_adaptive_hash_index                               | ON





      |
| innodb_adaptive_hash_index_parts                         | 8





      |
| innodb_adaptive_max_sleep_delay                          | 150000





      |
| innodb_api_bk_commit_interval                            | 5





      |
| innodb_api_disable_rowlock                               | OFF





      |
| innodb_api_enable_binlog                                 | OFF





      |
| innodb_api_enable_mdl                                    | OFF


                                                                                                      

      |
| innodb_api_trx_level                                     | 0





      |
| innodb_autoextend_increment                              | 64





      |
| innodb_autoinc_lock_mode                                 | 2





      |
| innodb_buffer_pool_chunk_size                            | 134217728





      |
| innodb_buffer_pool_dump_at_shutdown                      | ON





      |
| innodb_buffer_pool_dump_now                              | OFF





      |
| innodb_buffer_pool_dump_pct                              | 25





      |
| innodb_buffer_pool_filename                              | ib_buffer_pool





      |
| innodb_buffer_pool_in_core_file                          | ON





      |
| innodb_buffer_pool_instances                             | 1





      |
| innodb_buffer_pool_load_abort                            | OFF





      |
| innodb_buffer_pool_load_at_startup                       | ON





      |
| innodb_buffer_pool_load_now                              | OFF





      |
| innodb_buffer_pool_size                                  | 134217728                                




      |
| innodb_change_buffer_max_size                            | 25





      |
| innodb_change_buffering                                  | all





      |
| innodb_checksum_algorithm                                | crc32




                                                                                                            |
| innodb_cmp_per_index_enabled                             | OFF





      |
| innodb_commit_concurrency                                | 0

                                                                                                      


      |
| innodb_compression_failure_threshold_pct                 | 5





      |
| innodb_compression_level                                 | 6





      |
| innodb_compression_pad_pct_max                           | 50





      |
| innodb_concurrency_tickets                               | 5000





      |
| innodb_data_file_path                                    | ibdata1:12M:autoextend





      |
| innodb_data_home_dir                                     |





      |
| innodb_ddl_buffer_size                                   | 1048576





      |
| innodb_ddl_threads                                       | 4





      |
| innodb_deadlock_detect                                   | ON





      |
| innodb_dedicated_server                                  | OFF





      |
| innodb_default_row_format                                | dynamic





      |
| innodb_directories                                       |





      |
| innodb_disable_sort_file_cache                           | OFF





      |
| innodb_doublewrite                                       | ON





      |
| innodb_doublewrite_batch_size                            | 0





      |
| innodb_doublewrite_dir                                   |





      |
| innodb_doublewrite_files                                 | 2





      |
| innodb_doublewrite_pages                                 | 4





      |
| innodb_extend_and_initialize                             | ON





      |
| innodb_fast_shutdown                                     | 1





      |
| innodb_file_per_table                                    | ON





      |
| innodb_fill_factor                                       | 100





      |
| innodb_flush_log_at_timeout                              | 1





      |
| innodb_flush_log_at_trx_commit                           | 1





      |
| innodb_flush_method                                      | unbuffered





      |
| innodb_flush_neighbors                                   | 0





      |
| innodb_flush_sync                                        | ON

                                                                                                      


      |
| innodb_flushing_avg_loops                                | 30





      |
| innodb_force_load_corrupted                              | OFF





      |
| innodb_force_recovery                                    | 0





      |
| innodb_fsync_threshold                                   | 0





      |
| innodb_ft_aux_table                                      |





      |
| innodb_ft_cache_size                                     | 8000000





      |
| innodb_ft_enable_diag_print                              | OFF





      |
| innodb_ft_enable_stopword                                | ON





      |
| innodb_ft_max_token_size                                 | 84





      |
| innodb_ft_min_token_size                                 | 3





      |
| innodb_ft_num_word_optimize                              | 2000





      |
| innodb_ft_result_cache_limit                             | 2000000000





      |
| innodb_ft_server_stopword_table                          |





      |
| innodb_ft_sort_pll_degree                                | 2





      |
| innodb_ft_total_cache_size                               | 640000000





      |
| innodb_ft_user_stopword_table                            |



                                                                                                      
      |
| innodb_idle_flush_pct                                    | 100





      |
| innodb_io_capacity                                       | 200
                                                                                                      



      |
| innodb_io_capacity_max                                   | 2000





      |
| innodb_lock_wait_timeout                                 | 50





      |
| innodb_log_buffer_size                                   | 16777216





      |
| innodb_log_checksums                                     | ON





      |
| innodb_log_compressed_pages                              | ON





      |
| innodb_log_file_size                                     | 50331648





      |
| innodb_log_files_in_group                                | 2





      |
| innodb_log_group_home_dir                                | .\





      |
| innodb_log_spin_cpu_abs_lwm                              | 80





      |
| innodb_log_spin_cpu_pct_hwm                              | 50





      |
| innodb_log_wait_for_flush_spin_hwm                       | 400





      |
| innodb_log_write_ahead_size                              | 8192





      |
| innodb_log_writer_threads                                | ON





      |
| innodb_lru_scan_depth                                    | 1024





      |
| innodb_max_dirty_pages_pct                               | 90.000000





      |
| innodb_max_dirty_pages_pct_lwm                           | 10.000000





      |
| innodb_max_purge_lag                                     | 0





      |
| innodb_max_purge_lag_delay                               | 0





      |
| innodb_max_undo_log_size                                 | 1073741824





      |
| innodb_monitor_disable                                   |





      |
| innodb_monitor_enable                                    |





      |
| innodb_monitor_reset                                     |





      |
| innodb_monitor_reset_all                                 |





      |
| innodb_old_blocks_pct                                    | 37





      |
| innodb_old_blocks_time                                   | 1000





      |
| innodb_online_alter_log_max_size                         | 134217728





      |
| innodb_open_files                                        | 4000                                     




      |
| innodb_optimize_fulltext_only                            | OFF





      |
| innodb_page_cleaners                                     | 1





      |
| innodb_page_size                                         | 16384                                    




      |
| innodb_parallel_read_threads                             | 4





      |
| innodb_print_all_deadlocks                               | OFF
                                                                                                      



      |
| innodb_print_ddl_logs                                    | OFF





      |
| innodb_purge_batch_size                                  | 300

                                                                                                      


      |
| innodb_purge_rseg_truncate_frequency                     | 128




                                                                                                            |
| innodb_purge_threads                                     | 4





      |
| innodb_random_read_ahead                                 | OFF





      |
| innodb_read_ahead_threshold                              | 56





      |
| innodb_read_io_threads                                   | 4





      |
| innodb_read_only                                         | OFF





      |
| innodb_redo_log_archive_dirs                             |





      |
| innodb_redo_log_capacity                                 | 104857600


                                                                                                      

      |
| innodb_redo_log_encrypt                                  | OFF





      |
| innodb_replication_delay                                 | 0





      |
| innodb_rollback_on_timeout                               | OFF


                                                                                                      

      |
| innodb_rollback_segments                                 | 128





      |
| innodb_segment_reserve_factor                            | 12.500000





      |
| innodb_sort_buffer_size                                  | 1048576





      |
| innodb_spin_wait_delay                                   | 6





      |
| innodb_spin_wait_pause_multiplier                        | 50




                                                                                                            |
| innodb_stats_auto_recalc                                 | ON





      |
| innodb_stats_include_delete_marked                       | OFF





      |
| innodb_stats_method                                      | nulls_equal





      |
| innodb_stats_on_metadata                                 | OFF





      |
| innodb_stats_persistent                                  | ON





      |
| innodb_stats_persistent_sample_pages                     | 20





      |
| innodb_stats_transient_sample_pages                      | 8





      |
| innodb_status_output                                     | OFF





      |
| innodb_status_output_locks                               | OFF
                                                                                                      



      |
| innodb_strict_mode                                       | ON





      |
| innodb_sync_array_size                                   | 1





      |
| innodb_sync_spin_loops                                   | 30





      |
| innodb_table_locks                                       | ON





      |
| innodb_temp_data_file_path                               | ibtmp1:12M:autoextend


                                                                                                      

      |
| innodb_temp_tablespaces_dir                              | .\#innodb_temp\





      |
| innodb_thread_concurrency                                | 33





      |
| innodb_thread_sleep_delay                                | 0





      |
| innodb_tmpdir                                            |





      |
| innodb_undo_directory                                    | .\





      |
| innodb_undo_log_encrypt                                  | OFF





      |
| innodb_undo_log_truncate                                 | ON





      |
| innodb_undo_tablespaces                                  | 2





      |
| innodb_use_fdatasync                                     | OFF





      |
| innodb_use_native_aio                                    | ON





      |
| innodb_validate_tablespace_paths                         | ON





      |
| innodb_version                                           | 8.0.41





      |
| innodb_write_io_threads                                  | 4





      |
| insert_id                                                | 0





      |
| interactive_timeout                                      | 28800

                                                                                                      


      |
| internal_tmp_mem_storage_engine                          | TempTable





      |
| join_buffer_size                                         | 262144





      |
| keep_files_on_create                                     | OFF





      |
| key_buffer_size                                          | 8388608




                                                                                                            |
| key_cache_age_threshold                                  | 300





      |
| key_cache_block_size                                     | 1024





      |
| key_cache_division_limit                                 | 100





      |
| keyring_operations                                       | ON





      |
| large_files_support                                      | ON

                                                                                                      


      |
| large_page_size                                          | 0





      |
| large_pages                                              | OFF





      |
| last_insert_id                                           | 1





      |
| lc_messages                                              | en_US





      |
| lc_messages_dir                                          | C:\Program Files\MySQL\MySQL Server 8.0\share\




      |
| lc_time_names                                            | en_US





      |
| license                                                  | GPL                                      




      |
| local_infile                                             | OFF





      |
| lock_wait_timeout                                        | 31536000





      |
| log_bin                                                  | ON





      |
| log_bin_basename                                         | C:\ProgramData\MySQL\MySQL Server 8.0\Data\DESKTOP-CK041CC-bin




      |
| log_bin_index                                            | C:\ProgramData\MySQL\MySQL Server 8.0\Data\DESKTOP-CK041CC-bin.index




      |
| log_bin_trust_function_creators                          | OFF





      |
| log_bin_use_v1_row_events                                | OFF





      |
| log_error                                                | .\DESKTOP-CK041CC.err





      |
| log_error_services                                       | log_filter_internal; log_sink_internal





      |
| log_error_suppression_list                               |



                                                                                                      
      |
| log_error_verbosity                                      | 2





      |
| log_output                                               | FILE





      |
| log_queries_not_using_indexes                            | OFF




                                                                                                            |
| log_raw                                                  | OFF





      |
| log_replica_updates                                      | ON





      |
| log_slave_updates                                        | ON





      |
| log_slow_admin_statements                                | OFF



                                                                                                      
      |
| log_slow_extra                                           | OFF





      |
| log_slow_replica_statements                              | OFF





      |
| log_slow_slave_statements                                | OFF





      |
| log_statements_unsafe_for_binlog                         | ON





      |
| log_throttle_queries_not_using_indexes                   | 0


                                                                                                      

      |
| log_timestamps                                           | UTC





      |
| long_query_time                                          | 10.000000





      |
| low_priority_updates                                     | OFF





      |
| lower_case_file_system                                   | ON





      |
| lower_case_table_names                                   | 1





      |
| mandatory_roles                                          |                                          



                                                                                                            |
| master_info_repository                                   | TABLE





      |
| master_verify_checksum                                   | OFF





      |
| max_allowed_packet                                       | 67108864





      |
| max_binlog_cache_size                                    | 18446744073709547520





      |
| max_binlog_size                                          | 1073741824





      |
| max_binlog_stmt_cache_size                               | 18446744073709547520





      |
| max_connect_errors                                       | 100





      |
| max_connections                                          | 151




                                                                                                            |
| max_delayed_threads                                      | 20





      |
| max_digest_length                                        | 1024





      |
| max_error_count                                          | 1024





      |
| max_execution_time                                       | 0





      |
| max_heap_table_size                                      | 16777216





      |
| max_insert_delayed_threads                               | 20





      |
| max_join_size                                            | 18446744073709551615





      |
| max_length_for_sort_data                                 | 4096





      |
| max_points_in_geometry                                   | 65536                                    




      |
| max_prepared_stmt_count                                  | 16382





      |
| max_relay_log_size                                       | 0





      |
| max_seeks_for_key                                        | 4294967295





      |
| max_sort_length                                          | 1024





      |
| max_sp_recursion_depth                                   | 0




                                                                                                            |
| max_user_connections                                     | 0





      |
| max_write_lock_count                                     | 4294967295





      |
| min_examined_row_limit                                   | 0                                        




      |
| myisam_data_pointer_size                                 | 6





      |
| myisam_max_sort_file_size                                | 2146435072





      |
| myisam_mmap_size                                         | 18446744073709551615





      |
| myisam_recover_options                                   | OFF





      |
| myisam_sort_buffer_size                                  | 22020096





      |
| myisam_stats_method                                      | nulls_unequal





      |
| myisam_use_mmap                                          | OFF

                                                                                                      


      |
| mysql_native_password_proxy_users                        | OFF





      |
| mysqlx_bind_address                                      | *





      |
| mysqlx_compression_algorithms                            | DEFLATE_STREAM,LZ4_MESSAGE,ZSTD_STREAM   




      |
| mysqlx_connect_timeout                                   | 30





      |
| mysqlx_deflate_default_compression_level                 | 3





      |
| mysqlx_deflate_max_client_compression_level              | 5





      |
| mysqlx_document_id_unique_prefix                         | 0





      |
| mysqlx_enable_hello_notice                               | ON





      |
| mysqlx_idle_worker_thread_timeout                        | 60





      |
| mysqlx_interactive_timeout                               | 28800





      |
| mysqlx_lz4_default_compression_level                     | 2





      |
| mysqlx_lz4_max_client_compression_level                  | 8





      |
| mysqlx_max_allowed_packet                                | 67108864





      |
| mysqlx_max_connections                                   | 100





      |
| mysqlx_min_worker_threads                                | 2





      |
| mysqlx_port                                              | 33060





      |
| mysqlx_port_open_timeout                                 | 0





      |
| mysqlx_read_timeout                                      | 30





      |
| mysqlx_socket                                            | /tmp/mysqlx.sock





      |
| mysqlx_ssl_ca                                            |





      |
| mysqlx_ssl_capath                                        |





      |
| mysqlx_ssl_cert                                          |





      |
| mysqlx_ssl_cipher                                        |





      |
| mysqlx_ssl_crl                                           |





      |
| mysqlx_ssl_crlpath                                       |





      |
| mysqlx_ssl_key                                           |





      |
| mysqlx_wait_timeout                                      | 28800





      |
| mysqlx_write_timeout                                     | 60





      |
| mysqlx_zstd_default_compression_level                    | 3





      |
| mysqlx_zstd_max_client_compression_level                 | 11





      |
| named_pipe                                               | OFF





      |
| named_pipe_full_access_group                             |                                          




      |
| net_buffer_length                                        | 16384





      |
| net_read_timeout                                         | 30





      |
| net_retry_count                                          | 10





      |
| net_write_timeout                                        | 60





      |
| new                                                      | OFF





      |
| ngram_token_size                                         | 2





      |
| offline_mode                                             | OFF





      |
| old                                                      | OFF





      |
| old_alter_table                                          | OFF





      |
| open_files_limit                                         | 10209





      |
| optimizer_max_subgraph_pairs                             | 100000





      |
| optimizer_prune_level                                    | 1





      |
| optimizer_search_depth                                   | 62





      |
| optimizer_switch                                         | index_merge=on,index_merge_union=on,index_merge_sort_union=on,index_merge_intersection=on,engine_condition_pushdown=on,index_condition_pushdown=on,mrr=on,mrr_cost_based=on,block_nested_loop=on,batched_key_access=off,materialization=on,semijoin=on,loosescan=on,firstmatch=on,duplicateweedout=on,subquery_materialization_cost_based=on,use_index_extensions=on,condition_fanout_filter=on,derived_merge=on,use_invisible_indexes=off,skip_scan=on,hash_join=on,subquery_to_derived=off,prefer_ordering_index=on,hypergraph_optimizer=off,derived_condition_pushdown=on |
| optimizer_trace                                          | enabled=off,one_line=off





      |
| optimizer_trace_features                                 | greedy_search=on,range_optimizer=on,dynamic_range=on,repeated_subselect=on




      |
| optimizer_trace_limit                                    | 1





      |
| optimizer_trace_max_mem_size                             | 1048576




                                                                                                            |
| optimizer_trace_offset                                   | -1





      |
| original_commit_timestamp                                | 36028797018963968





      |
| original_server_version                                  | 999999





      |
| parser_max_mem_size                                      | 18446744073709551615





      |
| partial_revokes                                          | OFF





      |
| password_history                                         | 0





      |
| password_require_current                                 | OFF





      |
| password_reuse_interval                                  | 0


                                                                                                      

      |
| performance_schema                                       | ON





      |
| performance_schema_accounts_size                         | -1                                       




      |
| performance_schema_digests_size                          | 10000





      |
| performance_schema_error_size                            | 5314





      |
| performance_schema_events_stages_history_long_size       | 10000                                    




      |
| performance_schema_events_stages_history_size            | 10





      |
| performance_schema_events_statements_history_long_size   | 10000





      |
| performance_schema_events_statements_history_size        | 10





      |
| performance_schema_events_transactions_history_long_size | 10000





      |
| performance_schema_events_transactions_history_size      | 10





      |
| performance_schema_events_waits_history_long_size        | 10000
                                                                                                      



      |
| performance_schema_events_waits_history_size             | 10



                                                                                                      
      |
| performance_schema_hosts_size                            | -1





      |
| performance_schema_max_cond_classes                      | 150





      |
| performance_schema_max_cond_instances                    | -1





      |
| performance_schema_max_digest_length                     | 1024





      |
| performance_schema_max_digest_sample_age                 | 60




                                                                                                            |
| performance_schema_max_file_classes                      | 80





      |
| performance_schema_max_file_handles                      | 32768





      |
| performance_schema_max_file_instances                    | -1





      |
| performance_schema_max_index_stat                        | -1





      |
| performance_schema_max_memory_classes                    | 450





      |
| performance_schema_max_metadata_locks                    | -1





      |
| performance_schema_max_mutex_classes                     | 350





      |
| performance_schema_max_mutex_instances                   | -1

                                                                                                      


      |
| performance_schema_max_prepared_statements_instances     | -1





      |
| performance_schema_max_program_instances                 | -1





      |
| performance_schema_max_rwlock_classes                    | 60





      |
| performance_schema_max_rwlock_instances                  | -1





      |
| performance_schema_max_socket_classes                    | 10





      |
| performance_schema_max_socket_instances                  | -1





      |
| performance_schema_max_sql_text_length                   | 1024





      |
| performance_schema_max_stage_classes                     | 175                                      




      |
| performance_schema_max_statement_classes                 | 219





      |
| performance_schema_max_statement_stack                   | 10





      |
| performance_schema_max_table_handles                     | -1
                                                                                                      



      |
| performance_schema_max_table_instances                   | -1





      |
| performance_schema_max_table_lock_stat                   | -1





      |
| performance_schema_max_thread_classes                    | 100





      |
| performance_schema_max_thread_instances                  | -1





      |
| performance_schema_session_connect_attrs_size            | 512





      |
| performance_schema_setup_actors_size                     | -1

                                                                                                      


      |
| performance_schema_setup_objects_size                    | -1





      |
| performance_schema_show_processlist                      | OFF





      |
| performance_schema_users_size                            | -1





      |
| persist_only_admin_x509_subject                          |





      |
| persist_sensitive_variables_in_plaintext                 | ON



                                                                                                      
      |
| persisted_globals_load                                   | ON





      |
| pid_file                                                 | C:\ProgramData\MySQL\MySQL Server 8.0\Data\DESKTOP-CK041CC.pid




      |
| plugin_dir                                               | C:\Program Files\MySQL\MySQL Server 8.0\lib\plugin\




      |
| port                                                     | 3306





      |
| preload_buffer_size                                      | 32768





      |
| print_identified_with_as_hex                             | OFF





      |
| profiling                                                | OFF





      |
| profiling_history_size                                   | 15

                                                                                                      


      |
| protocol_compression_algorithms                          | zlib,zstd,uncompressed




                                                                                                            |
| protocol_version                                         | 10





      |
| proxy_user                                               |





      |
| pseudo_replica_mode                                      | OFF





      |
| pseudo_slave_mode                                        | OFF





      |
| pseudo_thread_id                                         | 8





      |
| query_alloc_block_size                                   | 8192





      |
| query_prealloc_size                                      | 8192





      |
| rand_seed1                                               | 0





      |
| rand_seed2                                               | 0





      |
| range_alloc_block_size                                   | 4096





      |
| range_optimizer_max_mem_size                             | 8388608





      |
| rbr_exec_mode                                            | STRICT





      |
| read_buffer_size                                         | 40960





      |
| read_only                                                | OFF





      |
| read_rnd_buffer_size                                     | 262144





      |
| regexp_stack_limit                                       | 8000000





      |
| regexp_time_limit                                        | 32





      |
| relay_log                                                | DESKTOP-CK041CC-relay-bin





      |
| relay_log_basename                                       | C:\ProgramData\MySQL\MySQL Server 8.0\Data\DESKTOP-CK041CC-relay-bin




      |
| relay_log_index                                          | C:\ProgramData\MySQL\MySQL Server 8.0\Data\DESKTOP-CK041CC-relay-bin.index




      |
| relay_log_info_file                                      | relay-log.info





      |
| relay_log_info_repository                                | TABLE
                                                                                                      



      |
| relay_log_purge                                          | ON





      |
| relay_log_recovery                                       | OFF





      |
| relay_log_space_limit                                    | 0




                                                                                                            |
| replica_allow_batching                                   | ON





      |
| replica_checkpoint_group                                 | 512





      |
| replica_checkpoint_period                                | 300





      |
| replica_compressed_protocol                              | OFF





      |
| replica_exec_mode                                        | STRICT

                                                                                                      


      |
| replica_load_tmpdir                                      | C:\WINDOWS\SERVIC~1\NETWOR~1\AppData\Local\Temp




      |
| replica_max_allowed_packet                               | 1073741824





      |
| replica_net_timeout                                      | 60





      |
| replica_parallel_type                                    | LOGICAL_CLOCK





      |
| replica_parallel_workers                                 | 4





      |
| replica_pending_jobs_size_max                            | 134217728





      |
| replica_preserve_commit_order                            | ON





      |
| replica_skip_errors                                      | OFF                                      




      |
| replica_sql_verify_checksum                              | ON





      |
| replica_transaction_retries                              | 10





      |
| replica_type_conversions                                 |





      |
| replication_optimize_for_static_plugin_config            | OFF


                                                                                                      

      |
| replication_sender_observe_commit_only                   | OFF





      |
| report_host                                              |





      |
| report_password                                          |





      |
| report_port                                              | 3306





      |
| report_user                                              |





      |
| require_row_format                                       | OFF

                                                                                                      


      |
| require_secure_transport                                 | OFF





      |
| resultset_metadata                                       | FULL





      |
| rpl_read_size                                            | 8192

                                                                                                      


      |
| rpl_stop_replica_timeout                                 | 31536000





      |
| rpl_stop_slave_timeout                                   | 31536000





      |
| schema_definition_cache                                  | 256





      |
| secondary_engine_cost_threshold                          | 100000.000000





      |
| secure_file_priv                                         |





      |
| select_into_buffer_size                                  | 131072
                                                                                                      



      |
| select_into_disk_sync                                    | OFF



                                                                                                      
      |
| select_into_disk_sync_delay                              | 0





      |
| server_id                                                | 1





      |
| server_id_bits                                           | 32





      |
| server_uuid                                              | d51d6fa0-fc18-11ef-9690-38d57acc6b54     




      |
| session_track_gtids                                      | OFF





      |
| session_track_schema                                     | ON





      |
| session_track_state_change                               | OFF





      |
| session_track_system_variables                           | time_zone,autocommit,character_set_client,character_set_results,character_set_connection



                                                                                                            |
| session_track_transaction_info                           | OFF





      |
| sha256_password_auto_generate_rsa_keys                   | ON





      |
| sha256_password_private_key_path                         | private_key.pem





      |
| sha256_password_proxy_users                              | OFF





      |
| sha256_password_public_key_path                          | public_key.pem





      |
| shared_memory                                            | OFF





      |
| shared_memory_base_name                                  | MYSQL





      |
| show_create_table_skip_secondary_engine                  | OFF





      |
| show_create_table_verbosity                              | OFF





      |
| show_gipk_in_create_table_and_information_schema         | ON





      |
| show_old_temporals                                       | OFF





      |
| skip_external_locking                                    | ON





      |
| skip_name_resolve                                        | OFF





      |
| skip_networking                                          | OFF





      |
| skip_replica_start                                       | OFF





      |
| skip_show_database                                       | OFF





      |
| skip_slave_start                                         | OFF





      |
| slave_allow_batching                                     | ON





      |
| slave_checkpoint_group                                   | 512





      |
| slave_checkpoint_period                                  | 300





      |
| slave_compressed_protocol                                | OFF





      |
| slave_exec_mode                                          | STRICT





      |
| slave_load_tmpdir                                        | C:\WINDOWS\SERVIC~1\NETWOR~1\AppData\Local\Temp




      |
| slave_max_allowed_packet                                 | 1073741824





      |
| slave_net_timeout                                        | 60





      |
| slave_parallel_type                                      | LOGICAL_CLOCK





      |
| slave_parallel_workers                                   | 4





      |
| slave_pending_jobs_size_max                              | 134217728





      |
| slave_preserve_commit_order                              | ON

                                                                                                      


      |
| slave_rows_search_algorithms                             | INDEX_SCAN,HASH_SCAN





      |
| slave_skip_errors                                        | OFF


                                                                                                      

      |
| slave_sql_verify_checksum                                | ON





      |
| slave_transaction_retries                                | 10





      |
| slave_type_conversions                                   |





      |
| slow_launch_time                                         | 2





      |
| slow_query_log                                           | ON





      |
| slow_query_log_file                                      | DESKTOP-CK041CC-slow.log





      |
| socket                                                   | MySQL





      |
| sort_buffer_size                                         | 262144





      |
| source_verify_checksum                                   | OFF





      |
| sql_auto_is_null                                         | OFF





      |
| sql_big_selects                                          | ON





      |
| sql_buffer_result                                        | OFF





      |
| sql_generate_invisible_primary_key                       | OFF





      |
| sql_log_bin                                              | ON





      |
| sql_log_off                                              | OFF





      |
| sql_mode                                                 | ONLY_FULL_GROUP_BY,STRICT_TRANS_TABLES,NO_ZERO_IN_DATE,NO_ZERO_DATE,ERROR_FOR_DIVISION_BY_ZERO,NO_ENGINE_SUBSTITUTION




      |
| sql_notes                                                | ON





      |
| sql_quote_show_create                                    | ON





      |
| sql_replica_skip_counter                                 | 0





      |
| sql_require_primary_key                                  | OFF





      |
| sql_safe_updates                                         | OFF





      |
| sql_select_limit                                         | 18446744073709551615





      |
| sql_slave_skip_counter                                   | 0





      |
| sql_warnings                                             | OFF





      |
| ssl_ca                                                   | ca.pem





      |
| ssl_capath                                               |





      |
| ssl_cert                                                 | server-cert.pem





      |
| ssl_cipher                                               |





      |
| ssl_crl                                                  |





      |
| ssl_crlpath                                              |





      |
| ssl_fips_mode                                            | OFF





      |
| ssl_key                                                  | server-key.pem                           




      |
| ssl_session_cache_mode                                   | ON





      |
| ssl_session_cache_timeout                                | 300





      |
| statement_id                                             | 193                                      




      |
| stored_program_cache                                     | 256





      |
| stored_program_definition_cache                          | 256





      |
| super_read_only                                          | OFF                                      




      |
| sync_binlog                                              | 1





      |
| sync_master_info                                         | 10000





      |
| sync_relay_log                                           | 10000                                    




      |
| sync_relay_log_info                                      | 10000


                                                                                                      

      |
| sync_source_info                                         | 10000





      |
| system_time_zone                                         | India Standard Time                      




      |
| table_definition_cache                                   | 2000





      |
| table_encryption_privilege_check                         | OFF





      |
| table_open_cache                                         | 4000




                                                                                                            |
| table_open_cache_instances                               | 16





      |
| tablespace_definition_cache                              | 256





      |
| temptable_max_mmap                                       | 1073741824





      |
| temptable_max_ram                                        | 1073741824





      |
| temptable_use_mmap                                       | ON





      |
| terminology_use_previous                                 | NONE





      |
| thread_cache_size                                        | 9





      |
| thread_handling                                          | one-thread-per-connection





      |
| thread_stack                                             | 1048576





      |
| time_zone                                                | SYSTEM





      |
| timestamp                                                | 1742966508.066237





      |
| tls_ciphersuites                                         |





      |
| tls_version                                              | TLSv1.2,TLSv1.3





      |
| tmp_table_size                                           | 15728640





      |
| tmpdir                                                   | C:\WINDOWS\SERVIC~1\NETWOR~1\AppData\Local\Temp




      |
| transaction_alloc_block_size                             | 8192





      |
| transaction_allow_batching                               | OFF





      |
| transaction_isolation                                    | REPEATABLE-READ





      |
| transaction_prealloc_size                                | 4096





      |
| transaction_read_only                                    | OFF





      |
| transaction_write_set_extraction                         | XXHASH64





      |
| unique_checks                                            | ON





      |
| updatable_views_with_limit                               | YES





      |
| use_secondary_engine                                     | ON





      |
| version                                                  | 8.0.41





      |
| version_comment                                          | MySQL Community Server - GPL





      |
| version_compile_machine                                  | x86_64





      |
| version_compile_os                                       | Win64





      |
| version_compile_zlib                                     | 1.3.1





      |
| wait_timeout                                             | 28800





      |
| warning_count                                            | 0





      |
| windowing_use_high_precision                             | ON





      |
| xa_detach_on_prepare                                     | ON





      |
+----------------------------------------------------------+------------------------------------------------------------------------------------------------------------------------------------------------------------------------------------------------------------------------------------------------------------------------------------------------------------------------------------------------------------------------------------------------------------------------------------------------------------------------------------------------------------------------------------------------------------------------------+
657 rows in set (0.00 sec)

mysql> show variables like 'auto%';
+--------------------------+-------+
| Variable_name            | Value |
+--------------------------+-------+
| auto_generate_certs      | ON    |
| auto_increment_increment | 1     |
| auto_increment_offset    | 1     |
| autocommit               | OFF   |
| automatic_sp_privileges  | ON    |
+--------------------------+-------+
5 rows in set (0.00 sec)

mysql> create table r5(c1 int, c2 int);
Query OK, 0 rows affected (0.04 sec)

mysql> desc r5;
+-------+------+------+-----+---------+-------+
| Field | Type | Null | Key | Default | Extra |
+-------+------+------+-----+---------+-------+
| c1    | int  | YES  |     | NULL    |       |
| c2    | int  | YES  |     | NULL    |       |
+-------+------+------+-----+---------+-------+
2 rows in set (0.00 sec)

mysql> insert into r5 values(1,1);
Query OK, 1 row affected (0.00 sec)

mysql> insert into r5 values(2,1);
Query OK, 1 row affected (0.00 sec)

mysql> insert into r5 values(3,1);
Query OK, 1 row affected (0.00 sec)

mysql> select * from r5;
+------+------+
| c1   | c2   |
+------+------+
|    1 |    1 |
|    2 |    1 |
|    3 |    1 |
+------+------+
3 rows in set (0.00 sec)

mysql> rollback;
Query OK, 0 rows affected (0.01 sec)

mysql> select * from r5;
Empty set (0.00 sec)

mysql> insert into r5 values(1,1);
Query OK, 1 row affected (0.00 sec)

mysql> insert into r5 values(2,1);
Query OK, 1 row affected (0.00 sec)

mysql> commit;
Query OK, 0 rows affected (0.01 sec)

mysql> insert into r5 values(3,1);
Query OK, 1 row affected (0.00 sec)

mysql> select * from r5;
+------+------+
| c1   | c2   |
+------+------+
|    1 |    1 |
|    2 |    1 |
|    3 |    1 |
+------+------+
3 rows in set (0.00 sec)

mysql> rollback;
Query OK, 0 rows affected (0.00 sec)

mysql> select * from r5;
+------+------+
| c1   | c2   |
+------+------+
|    1 |    1 |
|    2 |    1 |
+------+------+
2 rows in set (0.00 sec)

mysql> insert into r5 values(3,1);
Query OK, 1 row affected (0.00 sec)

mysql> select * from r5;
+------+------+
| c1   | c2   |
+------+------+
|    1 |    1 |
|    2 |    1 |
|    3 |    1 |
+------+------+
3 rows in set (0.00 sec)

mysql> rollback;
Query OK, 0 rows affected (0.01 sec)

mysql> select * from r5;
+------+------+
| c1   | c2   |
+------+------+
|    1 |    1 |
|    2 |    1 |
+------+------+
2 rows in set (0.00 sec)

mysql> insert into r5 values(3,1);
Query OK, 1 row affected (0.00 sec)

mysql> create table r6 (C1 int);
Query OK, 0 rows affected (0.04 sec)

mysql> select * from r5;
+------+------+
| c1   | c2   |
+------+------+
|    1 |    1 |
|    2 |    1 |
|    3 |    1 |
+------+------+
3 rows in set (0.00 sec)

mysql> rollback;
Query OK, 0 rows affected (0.00 sec)

mysql> select * from r5;
+------+------+
| c1   | c2   |
+------+------+
|    1 |    1 |
|    2 |    1 |
|    3 |    1 |
+------+------+
3 rows in set (0.00 sec)

mysql> delete from r5;
Query OK, 3 rows affected (0.00 sec)

mysql> commit;
Query OK, 0 rows affected (0.01 sec)

mysql> insert into r5 values(1,1);
Query OK, 1 row affected (0.00 sec)

mysql> save point a;
ERROR 1064 (42000): You have an error in your SQL syntax; check the manual that corresponds to your MySQL server version for the right syntax to use near 'save point a' at line 1
mysql> savepoint a;
Query OK, 0 rows affected (0.00 sec)

mysql> insert into r5 values(2,1);
Query OK, 1 row affected (0.00 sec)

mysql> savepoint b;
Query OK, 0 rows affected (0.00 sec)

mysql> insert into r5 values(3,1);
Query OK, 1 row affected (0.00 sec)

mysql> select * from r5;
+------+------+
| c1   | c2   |
+------+------+
|    1 |    1 |
|    2 |    1 |
|    3 |    1 |
+------+------+
3 rows in set (0.00 sec)

mysql> rollback to b;
Query OK, 0 rows affected (0.00 sec)

mysql> select * from r5;
+------+------+
| c1   | c2   |
+------+------+
|    1 |    1 |
|    2 |    1 |
+------+------+
2 rows in set (0.00 sec)

mysql> rollback to a;
Query OK, 0 rows affected (0.00 sec)

mysql> select * from r5;
+------+------+
| c1   | c2   |
+------+------+
|    1 |    1 |
+------+------+
1 row in set (0.00 sec)

mysql> rollback;
Query OK, 0 rows affected (0.01 sec)

mysql> select * from r5;
Empty set (0.00 sec)

mysql> show tables;
+-------------+
| Tables_in_x |
+-------------+
| emp         |
| r           |
| r1          |
| r3          |
| r4          |
| r5          |
| r6          |
| x           |
+-------------+
8 rows in set (0.00 sec)

mysql> use inrormation_schema;
ERROR 1049 (42000): Unknown database 'inrormation_schema'
mysql> use information_schema;
Database changed
mysql> desc tables;
+-----------------+--------------------------------------------------------------------+------+-----+---------+-------+
| Field           | Type                                                               | Null | Key | Default | Extra |
+-----------------+--------------------------------------------------------------------+------+-----+---------+-------+
| TABLE_CATALOG   | varchar(64)                                                        | YES  |     | NULL    |       |
| TABLE_SCHEMA    | varchar(64)                                                        | YES  |     | NULL    |       |
| TABLE_NAME      | varchar(64)                                                        | YES  |     | NULL    |       |
| TABLE_TYPE      | enum('BASE TABLE','VIEW','SYSTEM VIEW')                            | NO   |     | NULL    |       |
| ENGINE          | varchar(64)                                                        | YES  |     | NULL    |       |
| VERSION         | int                                                                | YES  |     | NULL    |       |
| ROW_FORMAT      | enum('Fixed','Dynamic','Compressed','Redundant','Compact','Paged') | YES  |     | NULL    |       |
| TABLE_ROWS      | bigint unsigned                                                    | YES  |     | NULL    |       |
| AVG_ROW_LENGTH  | bigint unsigned                                                    | YES  |     | NULL    |       |
| DATA_LENGTH     | bigint unsigned                                                    | YES  |     | NULL    |       |
| MAX_DATA_LENGTH | bigint unsigned                                                    | YES  |     | NULL    |       |
| INDEX_LENGTH    | bigint unsigned                                                    | YES  |     | NULL    |       |
| DATA_FREE       | bigint unsigned                                                    | YES  |     | NULL    |       |
| AUTO_INCREMENT  | bigint unsigned                                                    | YES  |     | NULL    |       |
| CREATE_TIME     | timestamp                                                          | NO   |     | NULL    |       |
| UPDATE_TIME     | datetime                                                           | YES  |     | NULL    |       |
| CHECK_TIME      | datetime                                                           | YES  |     | NULL    |       |
| TABLE_COLLATION | varchar(64)                                                        | YES  |     | NULL    |       |
| CHECKSUM        | bigint                                                             | YES  |     | NULL    |       |
| CREATE_OPTIONS  | varchar(256)                                                       | YES  |     | NULL    |       |
| TABLE_COMMENT   | text                                                               | YES  |     | NULL    |       |
+-----------------+--------------------------------------------------------------------+------+-----+---------+-------+
21 rows in set (0.00 sec)

mysql> show full tables from x;
+-------------+------------+
| Tables_in_x | Table_type |
+-------------+------------+
| emp         | BASE TABLE |
| r           | BASE TABLE |
| r1          | BASE TABLE |
| r3          | BASE TABLE |
| r4          | BASE TABLE |
| r5          | BASE TABLE |
| r6          | BASE TABLE |
| x           | BASE TABLE |
+-------------+------------+
8 rows in set (0.00 sec)

mysql>
mysql>
mysql>
mysql> show engines;
+--------------------+---------+----------------------------------------------------------------+--------------+------+------------+
| Engine             | Support | Comment                                                        | Transactions | XA   | Savepoints |
+--------------------+---------+----------------------------------------------------------------+--------------+------+------------+
| MEMORY             | YES     | Hash based, stored in memory, useful for temporary tables      | NO           | NO   | NO         |
| MRG_MYISAM         | YES     | Collection of identical MyISAM tables                          | NO           | NO   | NO         |
| CSV                | YES     | CSV storage engine                                             | NO           | NO   | NO         |
| FEDERATED          | NO      | Federated MySQL storage engine                                 | NULL         | NULL | NULL       |
| PERFORMANCE_SCHEMA | YES     | Performance Schema                                             | NO           | NO   | NO         |
| MyISAM             | YES     | MyISAM storage engine                                          | NO           | NO   | NO         |
| InnoDB             | DEFAULT | Supports transactions, row-level locking, and foreign keys     | YES          | YES  | YES        |
| ndbinfo            | NO      | MySQL Cluster system information storage engine                | NULL
         | NULL | NULL       |
| BLACKHOLE          | YES     | /dev/null storage engine (anything you write to it disappears) | NO           | NO   | NO         |
| ARCHIVE            | YES     | Archive storage engine                                         | NO           | NO   | NO         |
| ndbcluster         | NO      | Clustered, fault-tolerant tables                               | NULL         | NULL | NULL       |
+--------------------+---------+----------------------------------------------------------------+--------------+------+------------+
11 rows in set (0.01 sec)

mysql> use x;
Database changed
mysql> create table emp_csv(id int, ename varchar(10)) engine=csv;
ERROR 1178 (42000): The storage engine for the table doesn't support nullable columns
mysql>
mysql> create table emp_csv(id int not null, ename varchar(10) not null) engine=csv;
Query OK, 0 rows affected (0.02 sec)

mysql> desc emp_csv;
+-------+-------------+------+-----+---------+-------+
| Field | Type        | Null | Key | Default | Extra |
+-------+-------------+------+-----+---------+-------+
| id    | int         | NO   |     | NULL    |       |
| ename | varchar(10) | NO   |     | NULL    |       |
+-------+-------------+------+-----+---------+-------+
2 rows in set (0.00 sec)

mysql> insert into emp_csv valeus(1,'saleel'), (2, 'sharmin'), (3, 'ruhan');
ERROR 1064 (42000): You have an error in your SQL syntax; check the manual that corresponds to your MySQL server version for the right syntax to use near 'valeus(1,'saleel'), (2, 'sharmin'), (3, 'ruhan')' at line 1
mysql> insert into emp_csv values(1,'saleel'), (2, 'sharmin'), (3, 'ruhan');
Query OK, 3 rows affected (0.02 sec)
Records: 3  Duplicates: 0  Warnings: 0

mysql> select * from emp_csv;
+----+---------+
| id | ename   |
+----+---------+
|  1 | saleel  |
|  2 | sharmin |
|  3 | ruhan   |
+----+---------+
3 rows in set (0.00 sec)

mysql> show engines;
+--------------------+---------+----------------------------------------------------------------+--------------+------+------------+
| Engine             | Support | Comment                                                        | Transactions | XA   | Savepoints |
+--------------------+---------+----------------------------------------------------------------+--------------+------+------------+
| MEMORY             | YES     | Hash based, stored in memory, useful for temporary tables      | NO           | NO   | NO         |
| MRG_MYISAM         | YES     | Collection of identical MyISAM tables                          | NO           | NO   | NO         |
| CSV                | YES     | CSV storage engine                                             | NO           | NO   | NO         |
| FEDERATED          | NO      | Federated MySQL storage engine                                 | NULL         | NULL | NULL       |
| PERFORMANCE_SCHEMA | YES     | Performance Schema                                             | NO           | NO   | NO         |
| MyISAM             | YES     | MyISAM storage engine                                          | NO           | NO   | NO         |
| InnoDB             | DEFAULT | Supports transactions, row-level locking, and foreign keys     | YES          | YES  | YES        |
| ndbinfo            | NO      | MySQL Cluster system information storage engine                | NULL         | NULL | NULL       |
| BLACKHOLE          | YES     | /dev/null storage engine (anything you write to it disappears) | NO           | NO   | NO         |
| ARCHIVE            | YES     | Archive storage engine                                         | NO           | NO   | NO         |
| ndbcluster         | NO      | Clustered, fault-tolerant tables                               | NULL         | NULL | NULL       |
+--------------------+---------+----------------------------------------------------------------+--------------+------+------------+
11 rows in set (0.00 sec)

mysql> desc tables;
ERROR 1146 (42S02): Table 'x.tables' doesn't exist
mysql> use information_schema;
Database changed
mysql> desc tables;
+-----------------+--------------------------------------------------------------------+------+-----+---------+-------+
| Field           | Type                                                               | Null | Key | Default | Extra |
+-----------------+--------------------------------------------------------------------+------+-----+---------+-------+
| TABLE_CATALOG   | varchar(64)                                                        | YES  |     | NULL    |       |
| TABLE_SCHEMA    | varchar(64)                                                        | YES  |     | NULL    |       |
| TABLE_NAME      | varchar(64)                                                        | YES  |     | NULL    |       |
| TABLE_TYPE      | enum('BASE TABLE','VIEW','SYSTEM VIEW')                            | NO   |     | NULL    |       |
| ENGINE          | varchar(64)                                                        | YES  |     | NULL    |       |
| VERSION         | int                                                                | YES  |     | NULL    |       |
| ROW_FORMAT      | enum('Fixed','Dynamic','Compressed','Redundant','Compact','Paged') | YES  |     | NULL    |       |
| TABLE_ROWS      | bigint unsigned                                                    | YES  |     | NULL    |       |
| AVG_ROW_LENGTH  | bigint unsigned                                                    | YES  |     | NULL    |       |
| DATA_LENGTH     | bigint unsigned                                                    | YES  |     | NULL    |       |
| MAX_DATA_LENGTH | bigint unsigned                                                    | YES  |     | NULL    |       |
| INDEX_LENGTH    | bigint unsigned                                                    | YES  |     | NULL    |       |
| DATA_FREE       | bigint unsigned                                                    | YES  |     | NULL    |       |
| AUTO_INCREMENT  | bigint unsigned                                                    | YES  |     | NULL    |       |
| CREATE_TIME     | timestamp                                                          | NO   |     | NULL    |       |
| UPDATE_TIME     | datetime                                                           | YES  |     | NULL    |       |
| CHECK_TIME      | datetime                                                           | YES  |     | NULL    |       |
| TABLE_COLLATION | varchar(64)                                                        | YES  |     | NULL    |       |
| CHECKSUM        | bigint                                                             | YES  |     | NULL    |       |
| CREATE_OPTIONS  | varchar(256)                                                       | YES  |     | NULL    |       |
| TABLE_COMMENT   | text                                                               | YES  |     | NULL    |       |
+-----------------+--------------------------------------------------------------------+------+-----+---------+-------+
21 rows in set (0.00 sec)

mysql> select TABLE_NAME,TABLE_TYPE,ENGINE from tables where TABLE_SCHEMA='x';
+------------+------------+--------+
| TABLE_NAME | TABLE_TYPE | ENGINE |
+------------+------------+--------+
| emp        | BASE TABLE | InnoDB |
| emp_csv    | BASE TABLE | CSV    |
| r          | BASE TABLE | InnoDB |
| r1         | BASE TABLE | InnoDB |
| r3         | BASE TABLE | InnoDB |
| r4         | BASE TABLE | InnoDB |
| r5         | BASE TABLE | InnoDB |
| r6         | BASE TABLE | InnoDB |
| x          | BASE TABLE | InnoDB |
+------------+------------+--------+
9 rows in set (0.00 sec)

mysql> show tables from x;
+-------------+
| Tables_in_x |
+-------------+
| emp         |
| emp_csv     |
| r           |
| r1          |
| r3          |
| r4          |
| r5          |
| r6          |
| x           |
+-------------+
9 rows in set (0.00 sec)

mysql> desc folumns;
ERROR 1109 (42S02): Unknown table 'FOLUMNS' in information_schema
mysql> desc columns;
+--------------------------+----------------------------+------+-----+---------+-------+
| Field                    | Type                       | Null | Key | Default | Extra |
+--------------------------+----------------------------+------+-----+---------+-------+
| TABLE_CATALOG            | varchar(64)                | YES  |     | NULL    |       |
| TABLE_SCHEMA             | varchar(64)                | YES  |     | NULL    |       |
| TABLE_NAME               | varchar(64)                | YES  |     | NULL    |       |
| COLUMN_NAME              | varchar(64)                | YES  |     | NULL    |       |
| ORDINAL_POSITION         | int unsigned               | NO   |     | NULL    |       |
| COLUMN_DEFAULT           | text                       | YES  |     | NULL    |       |
| IS_NULLABLE              | varchar(3)                 | NO   |     |         |       |
| DATA_TYPE                | longtext                   | YES  |     | NULL    |       |
| CHARACTER_MAXIMUM_LENGTH | bigint                     | YES  |     | NULL    |       |
| CHARACTER_OCTET_LENGTH   | bigint                     | YES  |     | NULL    |       |
| NUMERIC_PRECISION        | bigint unsigned            | YES  |     | NULL    |       |
| NUMERIC_SCALE            | bigint unsigned            | YES  |     | NULL    |       |
| DATETIME_PRECISION       | int unsigned               | YES  |     | NULL    |       |
| CHARACTER_SET_NAME       | varchar(64)                | YES  |     | NULL    |       |
| COLLATION_NAME           | varchar(64)                | YES  |     | NULL    |       |
| COLUMN_TYPE              | mediumtext                 | NO   |     | NULL    |       |
| COLUMN_KEY               | enum('','PRI','UNI','MUL') | NO   |     | NULL    |       |
| EXTRA                    | varchar(256)               | YES  |     | NULL    |       |
| PRIVILEGES               | varchar(154)               | YES  |     | NULL    |       |
| COLUMN_COMMENT           | text                       | NO   |     | NULL    |       |
| GENERATION_EXPRESSION    | longtext                   | NO   |     | NULL    |       |
| SRS_ID                   | int unsigned               | YES  |     | NULL    |       |
+--------------------------+----------------------------+------+-----+---------+-------+
22 rows in set (0.00 sec)

mysql> select TABLE_NAME,COLUMN_NAME,ORDINAL_POSITION, DATA_TYPE from columns where TABLE_SCHEMA='x';
+------------+-------------+------------------+-----------+
| TABLE_NAME | COLUMN_NAME | ORDINAL_POSITION | DATA_TYPE |
+------------+-------------+------------------+-----------+
| emp        | id          |                1 | int       |
| emp        | ename       |                2 | varchar   |
| emp        | city        |                3 | varchar   |
| emp        | userName    |                4 | varchar   |
| emp        | password    |                5 | varbinary |
| emp_csv    | id          |                1 | int       |
| emp_csv    | ename       |                2 | varchar   |
| r          | c1          |                1 | int       |
| r          | c2          |                2 | int       |
| r          | c3          |                3 | int       |
| r          | c4          |                4 | int       |
| r1         | c1          |                1 | int       |
| r1         | c2          |                2 | enum      |
| r1         | c3          |                3 | set       |
| r3         | id          |                1 | int       |
| r3         | type        |                2 | enum      |
| r3         | size        |                3 | set       |
| r4         | id          |                1 | int       |
| r4         | color       |                2 | enum      |
| r4         | type        |                3 | enum      |
| r4         | size        |                4 | set       |
| r4         | qty         |                5 | int       |
| r4         | rate        |                6 | float     |
| r4         | total       |                7 | float     |
| r5         | c1          |                1 | int       |
| r5         | c2          |                2 | int       |
| r6         | C1          |                1 | int       |
| x          | c1          |                1 | int       |
| x          | c2          |                2 | int       |
+------------+-------------+------------------+-----------+
29 rows in set (0.00 sec)

mysql> show columns from x.emp
    -> ;
+----------+---------------+------+-----+---------+----------------+
| Field    | Type          | Null | Key | Default | Extra          |
+----------+---------------+------+-----+---------+----------------+
| id       | int           | NO   | PRI | NULL    | auto_increment |
| ename    | varchar(10)   | NO   |     | NULL    |                |
| city     | varchar(10)   | YES  |     | baroda  |                |
| userName | varchar(10)   | YES  |     | NULL    | INVISIBLE      |
| password | varbinary(10) | YES  |     | NULL    |                |
+----------+---------------+------+-----+---------+----------------+
5 rows in set (0.00 sec)

mysql> select TABLE_NAME,COLUMN_NAME,ORDINAL_POSITION, DATA_TYPE from columns where TABLE_SCHEMA='x' and TABLE_NAME='emp';
+------------+-------------+------------------+-----------+
| TABLE_NAME | COLUMN_NAME | ORDINAL_POSITION | DATA_TYPE |
+------------+-------------+------------------+-----------+
| emp        | id          |                1 | int       |
| emp        | ename       |                2 | varchar   |
| emp        | city        |                3 | varchar   |
| emp        | userName    |                4 | varchar   |
| emp        | password    |                5 | varbinary |
+------------+-------------+------------------+-----------+
5 rows in set (0.00 sec)

mysql>