

1. select sal from emp where ename='gita';   //1750

2. select sal from emp where ename='martin';  // 1250	

3. select 1750 - 1250;

-------------

select (select sum(sal) from emp where deptno=10) 10,(select sum(sal) from emp where deptno=20) 20;









1. select deptno from emp where ename='king';	// 10


2. select ename, job, hiredate, sal, comm, isactive, deptno from emp where deptno=10;


select ename, job, hiredate, sal, comm, isactive, deptno from emp where deptno=(select deptno from emp where ename='king');

select ename, job, hiredate, sal, comm, isactive, deptno from emp where deptno=(10);

select ename, job, hiredate, sal, comm, isactive, deptno from emp where deptno=10;



1. select min(R1) from (select count(*) R1 from emp group by job) T1;				// 1 

2. select job from emp group by job having count(*)=1;

+----------------+
| job            |
+----------------+
| PRESIDENT      |
| vice PRESIDENT |
+----------------+

select job from emp group by job having count(*)=(select min(R1) from (select count(*) R1 from emp group by job) T1);
+----------------+
| job            |
+----------------+
| PRESIDENT      |
| vice PRESIDENT |
+----------------+


1. select max(sal) from emp order by sal desc;		// 5000

2. select max(sal) from emp where sal < 5000; 


select max(sal) from emp where sal < (select max(sal) from emp);

select max(sal) from emp where sal < (5000);
2. select max(sal) from emp where sal < 5000; 



mysql> select `user name` from emp;
+--------------+
| user name    |
+--------------+
| GITA         |
| VRUSHALI     |
| SHARMIN      |
| BANDISH      |
| TRITONE      |
| AARAV        |
| THOMAS       |
| ALWAYS TESTE |
| WARD         |
| HONEYCOMB    |
| LIFE RACER   |
| BIG BEN      |
| CLARK        |
| WHITE SAND   |
| KING         |
| SAND STONE   |
| SAND DUST    |
| CRAZY ANYONE |
| CRAZY LEADER |
| CONBRIO      |
| INTERVAL     |
| GRASS        |
| QUARTERNOTE  |
| AARUSH       |
| QUARTERREST  |
| NATASHA      |
| SANGITA      |
| SUPRIYA      |
+--------------+
28 rows in set (0.00 sec)

mysql> select ename, `user name` from emp;
+----------+--------------+
| ename    | user name    |
+----------+--------------+
| GITA     | GITA         |
| VRUSHALI | VRUSHALI     |
| SHARMIN  | SHARMIN      |
| BANDISH  | BANDISH      |
| SMITH    | TRITONE      |
| AARAV    | AARAV        |
| THOMAS   | THOMAS       |
| ALLEN    | ALWAYS TESTE |
| WARD     | WARD         |
| JONES    | HONEYCOMB    |
| MARTIN   | LIFE RACER   |
| BLAKE    | BIG BEN      |
| CLARK    | CLARK        |
| SCOTT    | WHITE SAND   |
| KING     | KING         |
| FRED     | SAND STONE   |
| TURNER   | SAND DUST    |
| ADAMS    | CRAZY ANYONE |
| JAMES    | CRAZY LEADER |
| FORD     | CONBRIO      |
| HOFFMAN  | INTERVAL     |
| GRASS    | GRASS        |
| MILLER   | QUARTERNOTE  |
| AARUSH   | AARUSH       |
| ALEX     | QUARTERREST  |
| NATASHA  | NATASHA      |
| SANGITA  | SANGITA      |
| SUPRIYA  | SUPRIYA      |
+----------+--------------+
28 rows in set (0.00 sec)

mysql>
mysql>
mysql>
mysql> select ename, `user name` from emp where ename like 'a%';
+--------+--------------+
| ename  | user name    |
+--------+--------------+
| AARAV  | AARAV        |
| ALLEN  | ALWAYS TESTE |
| ADAMS  | CRAZY ANYONE |
| AARUSH | AARUSH       |
| ALEX   | QUARTERREST  |
+--------+--------------+
5 rows in set (0.00 sec)

mysql> select ename, `user name` from emp where ename like 'a%' or ename like 'e%';
+--------+--------------+
| ename  | user name    |
+--------+--------------+
| AARAV  | AARAV        |
| ALLEN  | ALWAYS TESTE |
| ADAMS  | CRAZY ANYONE |
| AARUSH | AARUSH       |
| ALEX   | QUARTERREST  |
+--------+--------------+
5 rows in set (0.01 sec)

mysql> select ename, `user name` from emp where ename like 'a%' or ename like 'e%' or ename like 'i%';
+--------+--------------+
| ename  | user name    |
+--------+--------------+
| AARAV  | AARAV        |
| ALLEN  | ALWAYS TESTE |
| ADAMS  | CRAZY ANYONE |
| AARUSH | AARUSH       |
| ALEX   | QUARTERREST  |
+--------+--------------+
5 rows in set (0.00 sec)

mysql> select ename, `user name` from emp where ename in ('a','e','i','o','u');
Empty set (0.00 sec)

mysql> select ename, `user name` from emp where left(ename,1) in ('a','e','i','o','u');
+--------+--------------+
| ename  | user name    |
+--------+--------------+
| AARAV  | AARAV        |
| ALLEN  | ALWAYS TESTE |
| ADAMS  | CRAZY ANYONE |
| AARUSH | AARUSH       |
| ALEX   | QUARTERREST  |
+--------+--------------+
5 rows in set (0.01 sec)

mysql> select ename, `user name` from emp;
+----------+--------------+
| ename    | user name    |
+----------+--------------+
| GITA     | GITA         |
| VRUSHALI | VRUSHALI     |
| SHARMIN  | SHARMIN      |
| BANDISH  | BANDISH      |
| SMITH    | TRITONE      |
| AARAV    | AARAV        |
| THOMAS   | THOMAS       |
| ALLEN    | ALWAYS TESTE |
| WARD     | WARD         |
| JONES    | HONEYCOMB    |
| MARTIN   | LIFE RACER   |
| BLAKE    | BIG BEN      |
| CLARK    | CLARK        |
| SCOTT    | WHITE SAND   |
| KING     | KING         |
| FRED     | SAND STONE   |
| TURNER   | SAND DUST    |
| ADAMS    | CRAZY ANYONE |
| JAMES    | CRAZY LEADER |
| FORD     | CONBRIO      |
| HOFFMAN  | INTERVAL     |
| GRASS    | GRASS        |
| MILLER   | QUARTERNOTE  |
| AARUSH   | AARUSH       |
| ALEX     | QUARTERREST  |
| NATASHA  | NATASHA      |
| SANGITA  | SANGITA      |
| SUPRIYA  | SUPRIYA      |
+----------+--------------+
28 rows in set (0.00 sec)

mysql> select ename, `user name`, substr(`user name`,1, instr(`user name`), ' ') R1, R2 from emp;
ERROR 1064 (42000): You have an error in your SQL syntax; check the manual that corresponds to your MySQL server version for the right syntax to use near ', ' ') R1, R2 from emp' at line 1
mysql> select ename, `user name`, substr(`user name`,1, instr(`user name`, ' ')) R1, R2 from emp;
ERROR 1054 (42S22): Unknown column 'R2' in 'field list'
mysql> select ename, `user name`, substr(`user name`,1, instr(`user name`, ' ')) R1 from emp;
+----------+--------------+---------+
| ename    | user name    | R1      |
+----------+--------------+---------+
| GITA     | GITA         |         |
| VRUSHALI | VRUSHALI     |         |
| SHARMIN  | SHARMIN      |         |
| BANDISH  | BANDISH      |         |
| SMITH    | TRITONE      |         |
| AARAV    | AARAV        |         |
| THOMAS   | THOMAS       |         |
| ALLEN    | ALWAYS TESTE | ALWAYS  |
| WARD     | WARD         |         |
| JONES    | HONEYCOMB    |         |
| MARTIN   | LIFE RACER   | LIFE    |
| BLAKE    | BIG BEN      | BIG     |
| CLARK    | CLARK        |         |
| SCOTT    | WHITE SAND   | WHITE   |
| KING     | KING         |         |
| FRED     | SAND STONE   | SAND    |
| TURNER   | SAND DUST    | SAND    |
| ADAMS    | CRAZY ANYONE | CRAZY   |
| JAMES    | CRAZY LEADER | CRAZY   |
| FORD     | CONBRIO      |         |
| HOFFMAN  | INTERVAL     |         |
| GRASS    | GRASS        |         |
| MILLER   | QUARTERNOTE  |         |
| AARUSH   | AARUSH       |         |
| ALEX     | QUARTERREST  |         |
| NATASHA  | NATASHA      |         |
| SANGITA  | SANGITA      |         |
| SUPRIYA  | SUPRIYA      |         |
+----------+--------------+---------+
28 rows in set (0.00 sec)

mysql> select ename, `user name`, substr(`user name`,1, instr(`user name`, ' ') -1) R1, substr(`user name`,1, instr(`user name`, ' ')) R2 from emp;
+----------+--------------+--------+---------+
| ename    | user name    | R1     | R2      |
+----------+--------------+--------+---------+
| GITA     | GITA         |        |         |
| VRUSHALI | VRUSHALI     |        |         |
| SHARMIN  | SHARMIN      |        |         |
| BANDISH  | BANDISH      |        |         |
| SMITH    | TRITONE      |        |         |
| AARAV    | AARAV        |        |         |
| THOMAS   | THOMAS       |        |         |
| ALLEN    | ALWAYS TESTE | ALWAYS | ALWAYS  |
| WARD     | WARD         |        |         |
| JONES    | HONEYCOMB    |        |         |
| MARTIN   | LIFE RACER   | LIFE   | LIFE    |
| BLAKE    | BIG BEN      | BIG    | BIG     |
| CLARK    | CLARK        |        |         |
| SCOTT    | WHITE SAND   | WHITE  | WHITE   |
| KING     | KING         |        |         |
| FRED     | SAND STONE   | SAND   | SAND    |
| TURNER   | SAND DUST    | SAND   | SAND    |
| ADAMS    | CRAZY ANYONE | CRAZY  | CRAZY   |
| JAMES    | CRAZY LEADER | CRAZY  | CRAZY   |
| FORD     | CONBRIO      |        |         |
| HOFFMAN  | INTERVAL     |        |         |
| GRASS    | GRASS        |        |         |
| MILLER   | QUARTERNOTE  |        |         |
| AARUSH   | AARUSH       |        |         |
| ALEX     | QUARTERREST  |        |         |
| NATASHA  | NATASHA      |        |         |
| SANGITA  | SANGITA      |        |         |
| SUPRIYA  | SUPRIYA      |        |         |
+----------+--------------+--------+---------+
28 rows in set (0.01 sec)

mysql> select ename, `user name`, substr(`user name`,1, instr(`user name`, ' ') -1) R1, substr(`user name`,instr(`user name`, ' ')) R2 from emp;
+----------+--------------+--------+---------+
| ename    | user name    | R1     | R2      |
+----------+--------------+--------+---------+
| GITA     | GITA         |        |         |
| VRUSHALI | VRUSHALI     |        |         |
| SHARMIN  | SHARMIN      |        |         |
| BANDISH  | BANDISH      |        |         |
| SMITH    | TRITONE      |        |         |
| AARAV    | AARAV        |        |         |
| THOMAS   | THOMAS       |        |         |
| ALLEN    | ALWAYS TESTE | ALWAYS |  TESTE  |
| WARD     | WARD         |        |         |
| JONES    | HONEYCOMB    |        |         |
| MARTIN   | LIFE RACER   | LIFE   |  RACER  |
| BLAKE    | BIG BEN      | BIG    |  BEN    |
| CLARK    | CLARK        |        |         |
| SCOTT    | WHITE SAND   | WHITE  |  SAND   |
| KING     | KING         |        |         |
| FRED     | SAND STONE   | SAND   |  STONE  |
| TURNER   | SAND DUST    | SAND   |  DUST   |
| ADAMS    | CRAZY ANYONE | CRAZY  |  ANYONE |
| JAMES    | CRAZY LEADER | CRAZY  |  LEADER |
| FORD     | CONBRIO      |        |         |
| HOFFMAN  | INTERVAL     |        |         |
| GRASS    | GRASS        |        |         |
| MILLER   | QUARTERNOTE  |        |         |
| AARUSH   | AARUSH       |        |         |
| ALEX     | QUARTERREST  |        |         |
| NATASHA  | NATASHA      |        |         |
| SANGITA  | SANGITA      |        |         |
| SUPRIYA  | SUPRIYA      |        |         |
+----------+--------------+--------+---------+
28 rows in set (0.00 sec)

mysql> select `user name`, instr(`user name`, ' ') R1 from emp;
+--------------+------+
| user name    | R1   |
+--------------+------+
| GITA         |    0 |
| VRUSHALI     |    0 |
| SHARMIN      |    0 |
| BANDISH      |    0 |
| TRITONE      |    0 |
| AARAV        |    0 |
| THOMAS       |    0 |
| ALWAYS TESTE |    7 |
| WARD         |    0 |
| HONEYCOMB    |    0 |
| LIFE RACER   |    5 |
| BIG BEN      |    4 |
| CLARK        |    0 |
| WHITE SAND   |    6 |
| KING         |    0 |
| SAND STONE   |    5 |
| SAND DUST    |    5 |
| CRAZY ANYONE |    6 |
| CRAZY LEADER |    6 |
| CONBRIO      |    0 |
| INTERVAL     |    0 |
| GRASS        |    0 |
| QUARTERNOTE  |    0 |
| AARUSH       |    0 |
| QUARTERREST  |    0 |
| NATASHA      |    0 |
| SANGITA      |    0 |
| SUPRIYA      |    0 |
+--------------+------+
28 rows in set (0.00 sec)

mysql>
mysql>
mysql>
mysql>
mysql>
mysql> select ename, hiredate, monthname(hiredate) R1 from emp;
+----------+------------+-----------+
| ename    | hiredate   | R1        |
+----------+------------+-----------+
| GITA     | 1981-07-19 | July      |
| VRUSHALI | 1981-07-19 | July      |
| SHARMIN  | 1981-07-19 | July      |
| BANDISH  | 1981-07-19 | July      |
| SMITH    | 1980-12-17 | December  |
| AARAV    | 1981-12-31 | December  |
| THOMAS   | 1981-07-19 | July      |
| ALLEN    | 1981-02-20 | February  |
| WARD     | 1981-02-22 | February  |
| JONES    | 1981-04-02 | April     |
| MARTIN   | 1981-09-28 | September |
| BLAKE    | 1981-05-01 | May       |
| CLARK    | 1981-06-09 | June      |
| SCOTT    | 1982-12-09 | December  |
| KING     | 1981-11-17 | November  |
| FRED     | 1983-08-09 | August    |
| TURNER   | 1981-09-08 | September |
| ADAMS    | 1983-01-12 | January   |
| JAMES    | 1981-12-03 | December  |
| FORD     | 1981-12-03 | December  |
| HOFFMAN  | 1982-03-24 | March     |
| GRASS    | 1980-02-14 | February  |
| MILLER   | 1982-01-23 | January   |
| AARUSH   | 1980-02-14 | February  |
| ALEX     | 1982-01-24 | January   |
| NATASHA  | 1981-07-19 | July      |
| SANGITA  | 1981-07-19 | July      |
| SUPRIYA  | 1981-07-19 | July      |
+----------+------------+-----------+
28 rows in set (0.01 sec)

mysql> select ename, hiredate, weekday(hiredate) R1 from emp;
+----------+------------+------+
| ename    | hiredate   | R1   |
+----------+------------+------+
| GITA     | 1981-07-19 |    6 |
| VRUSHALI | 1981-07-19 |    6 |
| SHARMIN  | 1981-07-19 |    6 |
| BANDISH  | 1981-07-19 |    6 |
| SMITH    | 1980-12-17 |    2 |
| AARAV    | 1981-12-31 |    3 |
| THOMAS   | 1981-07-19 |    6 |
| ALLEN    | 1981-02-20 |    4 |
| WARD     | 1981-02-22 |    6 |
| JONES    | 1981-04-02 |    3 |
| MARTIN   | 1981-09-28 |    0 |
| BLAKE    | 1981-05-01 |    4 |
| CLARK    | 1981-06-09 |    1 |
| SCOTT    | 1982-12-09 |    3 |
| KING     | 1981-11-17 |    1 |
| FRED     | 1983-08-09 |    1 |
| TURNER   | 1981-09-08 |    1 |
| ADAMS    | 1983-01-12 |    2 |
| JAMES    | 1981-12-03 |    3 |
| FORD     | 1981-12-03 |    3 |
| HOFFMAN  | 1982-03-24 |    2 |
| GRASS    | 1980-02-14 |    3 |
| MILLER   | 1982-01-23 |    5 |
| AARUSH   | 1980-02-14 |    3 |
| ALEX     | 1982-01-24 |    6 |
| NATASHA  | 1981-07-19 |    6 |
| SANGITA  | 1981-07-19 |    6 |
| SUPRIYA  | 1981-07-19 |    6 |
+----------+------------+------+
28 rows in set (0.00 sec)

mysql> select ename, hiredate, weekdayname(hiredate) R1 from emp;
ERROR 1305 (42000): FUNCTION db1.weekdayname does not exist
mysql> select ename, hiredate, dayname(hiredate) R1 from emp;
+----------+------------+-----------+
| ename    | hiredate   | R1        |
+----------+------------+-----------+
| GITA     | 1981-07-19 | Sunday    |
| VRUSHALI | 1981-07-19 | Sunday    |
| SHARMIN  | 1981-07-19 | Sunday    |
| BANDISH  | 1981-07-19 | Sunday    |
| SMITH    | 1980-12-17 | Wednesday |
| AARAV    | 1981-12-31 | Thursday  |
| THOMAS   | 1981-07-19 | Sunday    |
| ALLEN    | 1981-02-20 | Friday    |
| WARD     | 1981-02-22 | Sunday    |
| JONES    | 1981-04-02 | Thursday  |
| MARTIN   | 1981-09-28 | Monday    |
| BLAKE    | 1981-05-01 | Friday    |
| CLARK    | 1981-06-09 | Tuesday   |
| SCOTT    | 1982-12-09 | Thursday  |
| KING     | 1981-11-17 | Tuesday   |
| FRED     | 1983-08-09 | Tuesday   |
| TURNER   | 1981-09-08 | Tuesday   |
| ADAMS    | 1983-01-12 | Wednesday |
| JAMES    | 1981-12-03 | Thursday  |
| FORD     | 1981-12-03 | Thursday  |
| HOFFMAN  | 1982-03-24 | Wednesday |
| GRASS    | 1980-02-14 | Thursday  |
| MILLER   | 1982-01-23 | Saturday  |
| AARUSH   | 1980-02-14 | Thursday  |
| ALEX     | 1982-01-24 | Sunday    |
| NATASHA  | 1981-07-19 | Sunday    |
| SANGITA  | 1981-07-19 | Sunday    |
| SUPRIYA  | 1981-07-19 | Sunday    |
+----------+------------+-----------+
28 rows in set (0.00 sec)

mysql> select ename, hiredate, dayname(hiredate) R1 from emp order by weekday;
ERROR 1054 (42S22): Unknown column 'weekday' in 'order clause'
mysql> select ename, hiredate, dayname(hiredate) R1 from emp order by weekday(hiredate);
+----------+------------+-----------+
| ename    | hiredate   | R1        |
+----------+------------+-----------+
| MARTIN   | 1981-09-28 | Monday    |
| CLARK    | 1981-06-09 | Tuesday   |
| KING     | 1981-11-17 | Tuesday   |
| FRED     | 1983-08-09 | Tuesday   |
| TURNER   | 1981-09-08 | Tuesday   |
| SMITH    | 1980-12-17 | Wednesday |
| ADAMS    | 1983-01-12 | Wednesday |
| HOFFMAN  | 1982-03-24 | Wednesday |
| AARAV    | 1981-12-31 | Thursday  |
| JONES    | 1981-04-02 | Thursday  |
| SCOTT    | 1982-12-09 | Thursday  |
| JAMES    | 1981-12-03 | Thursday  |
| FORD     | 1981-12-03 | Thursday  |
| GRASS    | 1980-02-14 | Thursday  |
| AARUSH   | 1980-02-14 | Thursday  |
| ALLEN    | 1981-02-20 | Friday    |
| BLAKE    | 1981-05-01 | Friday    |
| MILLER   | 1982-01-23 | Saturday  |
| GITA     | 1981-07-19 | Sunday    |
| VRUSHALI | 1981-07-19 | Sunday    |
| SHARMIN  | 1981-07-19 | Sunday    |
| BANDISH  | 1981-07-19 | Sunday    |
| THOMAS   | 1981-07-19 | Sunday    |
| WARD     | 1981-02-22 | Sunday    |
| ALEX     | 1982-01-24 | Sunday    |
| NATASHA  | 1981-07-19 | Sunday    |
| SANGITA  | 1981-07-19 | Sunday    |
| SUPRIYA  | 1981-07-19 | Sunday    |
+----------+------------+-----------+
28 rows in set (0.01 sec)

mysql> select ename, hiredate, dayname(hiredate) R1 from emp order by weekday(hiredate);
+----------+------------+-----------+
| ename    | hiredate   | R1        |
+----------+------------+-----------+
| MARTIN   | 1981-09-28 | Monday    |
| CLARK    | 1981-06-09 | Tuesday   |
| KING     | 1981-11-17 | Tuesday   |
| FRED     | 1983-08-09 | Tuesday   |
| TURNER   | 1981-09-08 | Tuesday   |
| SMITH    | 1980-12-17 | Wednesday |
| ADAMS    | 1983-01-12 | Wednesday |
| HOFFMAN  | 1982-03-24 | Wednesday |
| AARAV    | 1981-12-31 | Thursday  |
| JONES    | 1981-04-02 | Thursday  |
| SCOTT    | 1982-12-09 | Thursday  |
| JAMES    | 1981-12-03 | Thursday  |
| FORD     | 1981-12-03 | Thursday  |
| GRASS    | 1980-02-14 | Thursday  |
| AARUSH   | 1980-02-14 | Thursday  |
| ALLEN    | 1981-02-20 | Friday    |
| BLAKE    | 1981-05-01 | Friday    |
| MILLER   | 1982-01-23 | Saturday  |
| GITA     | 1981-07-19 | Sunday    |
| VRUSHALI | 1981-07-19 | Sunday    |
| SHARMIN  | 1981-07-19 | Sunday    |
| BANDISH  | 1981-07-19 | Sunday    |
| THOMAS   | 1981-07-19 | Sunday    |
| WARD     | 1981-02-22 | Sunday    |
| ALEX     | 1982-01-24 | Sunday    |
| NATASHA  | 1981-07-19 | Sunday    |
| SANGITA  | 1981-07-19 | Sunday    |
| SUPRIYA  | 1981-07-19 | Sunday    |
+----------+------------+-----------+
28 rows in set (0.00 sec)

mysql> select ename, hiredate, dayname(hiredate) R1, weekday(hiredate) from emp;
+----------+------------+-----------+-------------------+
| ename    | hiredate   | R1        | weekday(hiredate) |
+----------+------------+-----------+-------------------+
| GITA     | 1981-07-19 | Sunday    |                 6 |
| VRUSHALI | 1981-07-19 | Sunday    |                 6 |
| SHARMIN  | 1981-07-19 | Sunday    |                 6 |
| BANDISH  | 1981-07-19 | Sunday    |                 6 |
| SMITH    | 1980-12-17 | Wednesday |                 2 |
| AARAV    | 1981-12-31 | Thursday  |                 3 |
| THOMAS   | 1981-07-19 | Sunday    |                 6 |
| ALLEN    | 1981-02-20 | Friday    |                 4 |
| WARD     | 1981-02-22 | Sunday    |                 6 |
| JONES    | 1981-04-02 | Thursday  |                 3 |
| MARTIN   | 1981-09-28 | Monday    |                 0 |
| BLAKE    | 1981-05-01 | Friday    |                 4 |
| CLARK    | 1981-06-09 | Tuesday   |                 1 |
| SCOTT    | 1982-12-09 | Thursday  |                 3 |
| KING     | 1981-11-17 | Tuesday   |                 1 |
| FRED     | 1983-08-09 | Tuesday   |                 1 |
| TURNER   | 1981-09-08 | Tuesday   |                 1 |
| ADAMS    | 1983-01-12 | Wednesday |                 2 |
| JAMES    | 1981-12-03 | Thursday  |                 3 |
| FORD     | 1981-12-03 | Thursday  |                 3 |
| HOFFMAN  | 1982-03-24 | Wednesday |                 2 |
| GRASS    | 1980-02-14 | Thursday  |                 3 |
| MILLER   | 1982-01-23 | Saturday  |                 5 |
| AARUSH   | 1980-02-14 | Thursday  |                 3 |
| ALEX     | 1982-01-24 | Sunday    |                 6 |
| NATASHA  | 1981-07-19 | Sunday    |                 6 |
| SANGITA  | 1981-07-19 | Sunday    |                 6 |
| SUPRIYA  | 1981-07-19 | Sunday    |                 6 |
+----------+------------+-----------+-------------------+
28 rows in set (0.00 sec)

mysql> select ename, hiredate, dayname(hiredate) R1, weekday(hiredate)+2 from emp;
+----------+------------+-----------+---------------------+
| ename    | hiredate   | R1        | weekday(hiredate)+2 |
+----------+------------+-----------+---------------------+
| GITA     | 1981-07-19 | Sunday    |                   8 |
| VRUSHALI | 1981-07-19 | Sunday    |                   8 |
| SHARMIN  | 1981-07-19 | Sunday    |                   8 |
| BANDISH  | 1981-07-19 | Sunday    |                   8 |
| SMITH    | 1980-12-17 | Wednesday |                   4 |
| AARAV    | 1981-12-31 | Thursday  |                   5 |
| THOMAS   | 1981-07-19 | Sunday    |                   8 |
| ALLEN    | 1981-02-20 | Friday    |                   6 |
| WARD     | 1981-02-22 | Sunday    |                   8 |
| JONES    | 1981-04-02 | Thursday  |                   5 |
| MARTIN   | 1981-09-28 | Monday    |                   2 |
| BLAKE    | 1981-05-01 | Friday    |                   6 |
| CLARK    | 1981-06-09 | Tuesday   |                   3 |
| SCOTT    | 1982-12-09 | Thursday  |                   5 |
| KING     | 1981-11-17 | Tuesday   |                   3 |
| FRED     | 1983-08-09 | Tuesday   |                   3 |
| TURNER   | 1981-09-08 | Tuesday   |                   3 |
| ADAMS    | 1983-01-12 | Wednesday |                   4 |
| JAMES    | 1981-12-03 | Thursday  |                   5 |
| FORD     | 1981-12-03 | Thursday  |                   5 |
| HOFFMAN  | 1982-03-24 | Wednesday |                   4 |
| GRASS    | 1980-02-14 | Thursday  |                   5 |
| MILLER   | 1982-01-23 | Saturday  |                   7 |
| AARUSH   | 1980-02-14 | Thursday  |                   5 |
| ALEX     | 1982-01-24 | Sunday    |                   8 |
| NATASHA  | 1981-07-19 | Sunday    |                   8 |
| SANGITA  | 1981-07-19 | Sunday    |                   8 |
| SUPRIYA  | 1981-07-19 | Sunday    |                   8 |
+----------+------------+-----------+---------------------+
28 rows in set (0.01 sec)

mysql> select ename, hiredate, dayname(hiredate) R1 from emp order by weekday(hiredate)+2;
+----------+------------+-----------+
| ename    | hiredate   | R1        |
+----------+------------+-----------+
| MARTIN   | 1981-09-28 | Monday    |
| CLARK    | 1981-06-09 | Tuesday   |
| KING     | 1981-11-17 | Tuesday   |
| FRED     | 1983-08-09 | Tuesday   |
| TURNER   | 1981-09-08 | Tuesday   |
| SMITH    | 1980-12-17 | Wednesday |
| ADAMS    | 1983-01-12 | Wednesday |
| HOFFMAN  | 1982-03-24 | Wednesday |
| AARAV    | 1981-12-31 | Thursday  |
| JONES    | 1981-04-02 | Thursday  |
| SCOTT    | 1982-12-09 | Thursday  |
| JAMES    | 1981-12-03 | Thursday  |
| FORD     | 1981-12-03 | Thursday  |
| GRASS    | 1980-02-14 | Thursday  |
| AARUSH   | 1980-02-14 | Thursday  |
| ALLEN    | 1981-02-20 | Friday    |
| BLAKE    | 1981-05-01 | Friday    |
| MILLER   | 1982-01-23 | Saturday  |
| GITA     | 1981-07-19 | Sunday    |
| VRUSHALI | 1981-07-19 | Sunday    |
| SHARMIN  | 1981-07-19 | Sunday    |
| BANDISH  | 1981-07-19 | Sunday    |
| THOMAS   | 1981-07-19 | Sunday    |
| WARD     | 1981-02-22 | Sunday    |
| ALEX     | 1982-01-24 | Sunday    |
| NATASHA  | 1981-07-19 | Sunday    |
| SANGITA  | 1981-07-19 | Sunday    |
| SUPRIYA  | 1981-07-19 | Sunday    |
+----------+------------+-----------+
28 rows in set (0.00 sec)

mysql> select ename, hiredate, dayname(hiredate) R1 from emp order by (weekday(hiredate)+2);
+----------+------------+-----------+
| ename    | hiredate   | R1        |
+----------+------------+-----------+
| MARTIN   | 1981-09-28 | Monday    |
| CLARK    | 1981-06-09 | Tuesday   |
| KING     | 1981-11-17 | Tuesday   |
| FRED     | 1983-08-09 | Tuesday   |
| TURNER   | 1981-09-08 | Tuesday   |
| SMITH    | 1980-12-17 | Wednesday |
| ADAMS    | 1983-01-12 | Wednesday |
| HOFFMAN  | 1982-03-24 | Wednesday |
| AARAV    | 1981-12-31 | Thursday  |
| JONES    | 1981-04-02 | Thursday  |
| SCOTT    | 1982-12-09 | Thursday  |
| JAMES    | 1981-12-03 | Thursday  |
| FORD     | 1981-12-03 | Thursday  |
| GRASS    | 1980-02-14 | Thursday  |
| AARUSH   | 1980-02-14 | Thursday  |
| ALLEN    | 1981-02-20 | Friday    |
| BLAKE    | 1981-05-01 | Friday    |
| MILLER   | 1982-01-23 | Saturday  |
| GITA     | 1981-07-19 | Sunday    |
| VRUSHALI | 1981-07-19 | Sunday    |
| SHARMIN  | 1981-07-19 | Sunday    |
| BANDISH  | 1981-07-19 | Sunday    |
| THOMAS   | 1981-07-19 | Sunday    |
| WARD     | 1981-02-22 | Sunday    |
| ALEX     | 1982-01-24 | Sunday    |
| NATASHA  | 1981-07-19 | Sunday    |
| SANGITA  | 1981-07-19 | Sunday    |
| SUPRIYA  | 1981-07-19 | Sunday    |
+----------+------------+-----------+
28 rows in set (0.00 sec)

mysql> select ename, hiredate, dayname(hiredate) R1, weekday(hiredate) from emp;
+----------+------------+-----------+-------------------+
| ename    | hiredate   | R1        | weekday(hiredate) |
+----------+------------+-----------+-------------------+
| GITA     | 1981-07-19 | Sunday    |                 6 |
| VRUSHALI | 1981-07-19 | Sunday    |                 6 |
| SHARMIN  | 1981-07-19 | Sunday    |                 6 |
| BANDISH  | 1981-07-19 | Sunday    |                 6 |
| SMITH    | 1980-12-17 | Wednesday |                 2 |
| AARAV    | 1981-12-31 | Thursday  |                 3 |
| THOMAS   | 1981-07-19 | Sunday    |                 6 |
| ALLEN    | 1981-02-20 | Friday    |                 4 |
| WARD     | 1981-02-22 | Sunday    |                 6 |
| JONES    | 1981-04-02 | Thursday  |                 3 |
| MARTIN   | 1981-09-28 | Monday    |                 0 |
| BLAKE    | 1981-05-01 | Friday    |                 4 |
| CLARK    | 1981-06-09 | Tuesday   |                 1 |
| SCOTT    | 1982-12-09 | Thursday  |                 3 |
| KING     | 1981-11-17 | Tuesday   |                 1 |
| FRED     | 1983-08-09 | Tuesday   |                 1 |
| TURNER   | 1981-09-08 | Tuesday   |                 1 |
| ADAMS    | 1983-01-12 | Wednesday |                 2 |
| JAMES    | 1981-12-03 | Thursday  |                 3 |
| FORD     | 1981-12-03 | Thursday  |                 3 |
| HOFFMAN  | 1982-03-24 | Wednesday |                 2 |
| GRASS    | 1980-02-14 | Thursday  |                 3 |
| MILLER   | 1982-01-23 | Saturday  |                 5 |
| AARUSH   | 1980-02-14 | Thursday  |                 3 |
| ALEX     | 1982-01-24 | Sunday    |                 6 |
| NATASHA  | 1981-07-19 | Sunday    |                 6 |
| SANGITA  | 1981-07-19 | Sunday    |                 6 |
| SUPRIYA  | 1981-07-19 | Sunday    |                 6 |
+----------+------------+-----------+-------------------+
28 rows in set (0.00 sec)

mysql> select ename, hiredate, dayname(hiredate) R1 from emp order by weekday(hiredate)+3;
+----------+------------+-----------+
| ename    | hiredate   | R1        |
+----------+------------+-----------+
| MARTIN   | 1981-09-28 | Monday    |
| CLARK    | 1981-06-09 | Tuesday   |
| KING     | 1981-11-17 | Tuesday   |
| FRED     | 1983-08-09 | Tuesday   |
| TURNER   | 1981-09-08 | Tuesday   |
| SMITH    | 1980-12-17 | Wednesday |
| ADAMS    | 1983-01-12 | Wednesday |
| HOFFMAN  | 1982-03-24 | Wednesday |
| AARAV    | 1981-12-31 | Thursday  |
| JONES    | 1981-04-02 | Thursday  |
| SCOTT    | 1982-12-09 | Thursday  |
| JAMES    | 1981-12-03 | Thursday  |
| FORD     | 1981-12-03 | Thursday  |
| GRASS    | 1980-02-14 | Thursday  |
| AARUSH   | 1980-02-14 | Thursday  |
| ALLEN    | 1981-02-20 | Friday    |
| BLAKE    | 1981-05-01 | Friday    |
| MILLER   | 1982-01-23 | Saturday  |
| GITA     | 1981-07-19 | Sunday    |
| VRUSHALI | 1981-07-19 | Sunday    |
| SHARMIN  | 1981-07-19 | Sunday    |
| BANDISH  | 1981-07-19 | Sunday    |
| THOMAS   | 1981-07-19 | Sunday    |
| WARD     | 1981-02-22 | Sunday    |
| ALEX     | 1982-01-24 | Sunday    |
| NATASHA  | 1981-07-19 | Sunday    |
| SANGITA  | 1981-07-19 | Sunday    |
| SUPRIYA  | 1981-07-19 | Sunday    |
+----------+------------+-----------+
28 rows in set (0.00 sec)

mysql> select ename, hiredate, dayname(hiredate) R1 from emp order by (weekday(hiredate)+3);
+----------+------------+-----------+
| ename    | hiredate   | R1        |
+----------+------------+-----------+
| MARTIN   | 1981-09-28 | Monday    |
| CLARK    | 1981-06-09 | Tuesday   |
| KING     | 1981-11-17 | Tuesday   |
| FRED     | 1983-08-09 | Tuesday   |
| TURNER   | 1981-09-08 | Tuesday   |
| SMITH    | 1980-12-17 | Wednesday |
| ADAMS    | 1983-01-12 | Wednesday |
| HOFFMAN  | 1982-03-24 | Wednesday |
| AARAV    | 1981-12-31 | Thursday  |
| JONES    | 1981-04-02 | Thursday  |
| SCOTT    | 1982-12-09 | Thursday  |
| JAMES    | 1981-12-03 | Thursday  |
| FORD     | 1981-12-03 | Thursday  |
| GRASS    | 1980-02-14 | Thursday  |
| AARUSH   | 1980-02-14 | Thursday  |
| ALLEN    | 1981-02-20 | Friday    |
| BLAKE    | 1981-05-01 | Friday    |
| MILLER   | 1982-01-23 | Saturday  |
| GITA     | 1981-07-19 | Sunday    |
| VRUSHALI | 1981-07-19 | Sunday    |
| SHARMIN  | 1981-07-19 | Sunday    |
| BANDISH  | 1981-07-19 | Sunday    |
| THOMAS   | 1981-07-19 | Sunday    |
| WARD     | 1981-02-22 | Sunday    |
| ALEX     | 1982-01-24 | Sunday    |
| NATASHA  | 1981-07-19 | Sunday    |
| SANGITA  | 1981-07-19 | Sunday    |
| SUPRIYA  | 1981-07-19 | Sunday    |
+----------+------------+-----------+
28 rows in set (0.00 sec)

mysql> select ename, hiredate, dayname(hiredate) R1, weekday(hiredate) from emp order by case when dayname(hiredate)='Wednesday' then 1 end;
+----------+------------+-----------+-------------------+
| ename    | hiredate   | R1        | weekday(hiredate) |
+----------+------------+-----------+-------------------+
| GITA     | 1981-07-19 | Sunday    |                 6 |
| VRUSHALI | 1981-07-19 | Sunday    |                 6 |
| SHARMIN  | 1981-07-19 | Sunday    |                 6 |
| BANDISH  | 1981-07-19 | Sunday    |                 6 |
| AARAV    | 1981-12-31 | Thursday  |                 3 |
| THOMAS   | 1981-07-19 | Sunday    |                 6 |
| ALLEN    | 1981-02-20 | Friday    |                 4 |
| WARD     | 1981-02-22 | Sunday    |                 6 |
| JONES    | 1981-04-02 | Thursday  |                 3 |
| MARTIN   | 1981-09-28 | Monday    |                 0 |
| BLAKE    | 1981-05-01 | Friday    |                 4 |
| CLARK    | 1981-06-09 | Tuesday   |                 1 |
| SCOTT    | 1982-12-09 | Thursday  |                 3 |
| KING     | 1981-11-17 | Tuesday   |                 1 |
| FRED     | 1983-08-09 | Tuesday   |                 1 |
| TURNER   | 1981-09-08 | Tuesday   |                 1 |
| JAMES    | 1981-12-03 | Thursday  |                 3 |
| FORD     | 1981-12-03 | Thursday  |                 3 |
| GRASS    | 1980-02-14 | Thursday  |                 3 |
| MILLER   | 1982-01-23 | Saturday  |                 5 |
| AARUSH   | 1980-02-14 | Thursday  |                 3 |
| ALEX     | 1982-01-24 | Sunday    |                 6 |
| NATASHA  | 1981-07-19 | Sunday    |                 6 |
| SANGITA  | 1981-07-19 | Sunday    |                 6 |
| SUPRIYA  | 1981-07-19 | Sunday    |                 6 |
| SMITH    | 1980-12-17 | Wednesday |                 2 |
| ADAMS    | 1983-01-12 | Wednesday |                 2 |
| HOFFMAN  | 1982-03-24 | Wednesday |                 2 |
+----------+------------+-----------+-------------------+
28 rows in set (0.00 sec)

mysql> select ename, hiredate, dayname(hiredate) R1, weekday(hiredate) from emp order by case when dayname(hiredate)='Wednesday' then 1 when dayname(hiredate)='Thursday' then 2 when dayname(hiredate)='Friday' then 3 when dayname(hiredate)='Saturday' then 4 when dayname(hiredate)='Sunday' then 5 when dayname(hiredate)='Monday' then 6 when dayname(hiredate)='Tuesday' then 7 end;
+----------+------------+-----------+-------------------+
| ename    | hiredate   | R1        | weekday(hiredate) |
+----------+------------+-----------+-------------------+
| SMITH    | 1980-12-17 | Wednesday |                 2 |
| ADAMS    | 1983-01-12 | Wednesday |                 2 |
| HOFFMAN  | 1982-03-24 | Wednesday |                 2 |
| AARAV    | 1981-12-31 | Thursday  |                 3 |
| JONES    | 1981-04-02 | Thursday  |                 3 |
| SCOTT    | 1982-12-09 | Thursday  |                 3 |
| JAMES    | 1981-12-03 | Thursday  |                 3 |
| FORD     | 1981-12-03 | Thursday  |                 3 |
| GRASS    | 1980-02-14 | Thursday  |                 3 |
| AARUSH   | 1980-02-14 | Thursday  |                 3 |
| ALLEN    | 1981-02-20 | Friday    |                 4 |
| BLAKE    | 1981-05-01 | Friday    |                 4 |
| MILLER   | 1982-01-23 | Saturday  |                 5 |
| GITA     | 1981-07-19 | Sunday    |                 6 |
| VRUSHALI | 1981-07-19 | Sunday    |                 6 |
| SHARMIN  | 1981-07-19 | Sunday    |                 6 |
| BANDISH  | 1981-07-19 | Sunday    |                 6 |
| THOMAS   | 1981-07-19 | Sunday    |                 6 |
| WARD     | 1981-02-22 | Sunday    |                 6 |
| ALEX     | 1982-01-24 | Sunday    |                 6 |
| NATASHA  | 1981-07-19 | Sunday    |                 6 |
| SANGITA  | 1981-07-19 | Sunday    |                 6 |
| SUPRIYA  | 1981-07-19 | Sunday    |                 6 |
| MARTIN   | 1981-09-28 | Monday    |                 0 |
| CLARK    | 1981-06-09 | Tuesday   |                 1 |
| KING     | 1981-11-17 | Tuesday   |                 1 |
| FRED     | 1983-08-09 | Tuesday   |                 1 |
| TURNER   | 1981-09-08 | Tuesday   |                 1 |
+----------+------------+-----------+-------------------+
28 rows in set (0.00 sec)

mysql>
mysql>
mysql>
mysql> select ename, hiredate, case when dayname(hiredate)='Wednesday' then 1 when dayname(hiredate)='Thursday' then 2 when dayname(hiredate)='Friday' then 3 when dayname(hiredate)='Saturday' then 4 when dayname(hiredate)='Sunday' then 5 when dayname(hiredate)='Monday' then 6 when dayname(hiredate)='Tuesday' then 7 end R1, weekday(hiredate) from emp order by case when dayname(hiredate)='Wednesday' then 1 when dayname(hiredate)='Thursday' then 2 when dayname(hiredate)='Friday' then 3 when dayname(hiredate)='Saturday' then 4 when dayname(hiredate)='Sunday' then 5 when dayname(hiredate)='Monday' then 6 when dayname(hiredate)='Tuesday' then 7 end;
+----------+------------+------+-------------------+
| ename    | hiredate   | R1   | weekday(hiredate) |
+----------+------------+------+-------------------+
| SMITH    | 1980-12-17 |    1 |                 2 |
| ADAMS    | 1983-01-12 |    1 |                 2 |
| HOFFMAN  | 1982-03-24 |    1 |                 2 |
| AARAV    | 1981-12-31 |    2 |                 3 |
| JONES    | 1981-04-02 |    2 |                 3 |
| SCOTT    | 1982-12-09 |    2 |                 3 |
| JAMES    | 1981-12-03 |    2 |                 3 |
| FORD     | 1981-12-03 |    2 |                 3 |
| GRASS    | 1980-02-14 |    2 |                 3 |
| AARUSH   | 1980-02-14 |    2 |                 3 |
| ALLEN    | 1981-02-20 |    3 |                 4 |
| BLAKE    | 1981-05-01 |    3 |                 4 |
| MILLER   | 1982-01-23 |    4 |                 5 |
| GITA     | 1981-07-19 |    5 |                 6 |
| VRUSHALI | 1981-07-19 |    5 |                 6 |
| SHARMIN  | 1981-07-19 |    5 |                 6 |
| BANDISH  | 1981-07-19 |    5 |                 6 |
| THOMAS   | 1981-07-19 |    5 |                 6 |
| WARD     | 1981-02-22 |    5 |                 6 |
| ALEX     | 1982-01-24 |    5 |                 6 |
| NATASHA  | 1981-07-19 |    5 |                 6 |
| SANGITA  | 1981-07-19 |    5 |                 6 |
| SUPRIYA  | 1981-07-19 |    5 |                 6 |
| MARTIN   | 1981-09-28 |    6 |                 0 |
| CLARK    | 1981-06-09 |    7 |                 1 |
| KING     | 1981-11-17 |    7 |                 1 |
| FRED     | 1983-08-09 |    7 |                 1 |
| TURNER   | 1981-09-08 |    7 |                 1 |
+----------+------------+------+-------------------+
28 rows in set (0.00 sec)

mysql> select ename, hiredate, dayname(hiredate) R1, weekday(hiredate) from emp order by case when dayname(hiredate)='Wednesday' then 1 when dayname(hiredate)='Thursday' then 2 when dayname(hiredate)='Friday' then 3 when dayname(hiredate)='Saturday' then 4 when dayname(hiredate)='Sunday' then 5 when dayname(hiredate)='Monday' then 6 when dayname(hiredate)='Tuesday' then 7 end;
+----------+------------+-----------+-------------------+
| ename    | hiredate   | R1        | weekday(hiredate) |
+----------+------------+-----------+-------------------+
| SMITH    | 1980-12-17 | Wednesday |                 2 |
| ADAMS    | 1983-01-12 | Wednesday |                 2 |
| HOFFMAN  | 1982-03-24 | Wednesday |                 2 |
| AARAV    | 1981-12-31 | Thursday  |                 3 |
| JONES    | 1981-04-02 | Thursday  |                 3 |
| SCOTT    | 1982-12-09 | Thursday  |                 3 |
| JAMES    | 1981-12-03 | Thursday  |                 3 |
| FORD     | 1981-12-03 | Thursday  |                 3 |
| GRASS    | 1980-02-14 | Thursday  |                 3 |
| AARUSH   | 1980-02-14 | Thursday  |                 3 |
| ALLEN    | 1981-02-20 | Friday    |                 4 |
| BLAKE    | 1981-05-01 | Friday    |                 4 |
| MILLER   | 1982-01-23 | Saturday  |                 5 |
| GITA     | 1981-07-19 | Sunday    |                 6 |
| VRUSHALI | 1981-07-19 | Sunday    |                 6 |
| SHARMIN  | 1981-07-19 | Sunday    |                 6 |
| BANDISH  | 1981-07-19 | Sunday    |                 6 |
| THOMAS   | 1981-07-19 | Sunday    |                 6 |
| WARD     | 1981-02-22 | Sunday    |                 6 |
| ALEX     | 1982-01-24 | Sunday    |                 6 |
| NATASHA  | 1981-07-19 | Sunday    |                 6 |
| SANGITA  | 1981-07-19 | Sunday    |                 6 |
| SUPRIYA  | 1981-07-19 | Sunday    |                 6 |
| MARTIN   | 1981-09-28 | Monday    |                 0 |
| CLARK    | 1981-06-09 | Tuesday   |                 1 |
| KING     | 1981-11-17 | Tuesday   |                 1 |
| FRED     | 1983-08-09 | Tuesday   |                 1 |
| TURNER   | 1981-09-08 | Tuesday   |                 1 |
+----------+------------+-----------+-------------------+
28 rows in set (0.00 sec)

mysql> select ename, hiredate, dayname(hiredate) R1 from emp order by case when dayname(hiredate)='Wednesday' then 1 when dayname(hiredate)='Thursday' then 2 when dayname(hiredate)='Friday' then 3 when dayname(hiredate)='Saturday' then 4 when dayname(hiredate)='Sunday' then 5 when dayname(hiredate)='Monday' then 6 when dayname(hiredate)='Tuesday' then 7 end;
+----------+------------+-----------+
| ename    | hiredate   | R1        |
+----------+------------+-----------+
| SMITH    | 1980-12-17 | Wednesday |
| ADAMS    | 1983-01-12 | Wednesday |
| HOFFMAN  | 1982-03-24 | Wednesday |
| AARAV    | 1981-12-31 | Thursday  |
| JONES    | 1981-04-02 | Thursday  |
| SCOTT    | 1982-12-09 | Thursday  |
| JAMES    | 1981-12-03 | Thursday  |
| FORD     | 1981-12-03 | Thursday  |
| GRASS    | 1980-02-14 | Thursday  |
| AARUSH   | 1980-02-14 | Thursday  |
| ALLEN    | 1981-02-20 | Friday    |
| BLAKE    | 1981-05-01 | Friday    |
| MILLER   | 1982-01-23 | Saturday  |
| GITA     | 1981-07-19 | Sunday    |
| VRUSHALI | 1981-07-19 | Sunday    |
| SHARMIN  | 1981-07-19 | Sunday    |
| BANDISH  | 1981-07-19 | Sunday    |
| THOMAS   | 1981-07-19 | Sunday    |
| WARD     | 1981-02-22 | Sunday    |
| ALEX     | 1982-01-24 | Sunday    |
| NATASHA  | 1981-07-19 | Sunday    |
| SANGITA  | 1981-07-19 | Sunday    |
| SUPRIYA  | 1981-07-19 | Sunday    |
| MARTIN   | 1981-09-28 | Monday    |
| CLARK    | 1981-06-09 | Tuesday   |
| KING     | 1981-11-17 | Tuesday   |
| FRED     | 1983-08-09 | Tuesday   |
| TURNER   | 1981-09-08 | Tuesday   |
+----------+------------+-----------+
28 rows in set (0.00 sec)

mysql> select ename from emp;
+----------+
| ename    |
+----------+
| GITA     |
| VRUSHALI |
| SHARMIN  |
| BANDISH  |
| SMITH    |
| AARAV    |
| THOMAS   |
| ALLEN    |
| WARD     |
| JONES    |
| MARTIN   |
| BLAKE    |
| CLARK    |
| SCOTT    |
| KING     |
| FRED     |
| TURNER   |
| ADAMS    |
| JAMES    |
| FORD     |
| HOFFMAN  |
| GRASS    |
| MILLER   |
| AARUSH   |
| ALEX     |
| NATASHA  |
| SANGITA  |
| SUPRIYA  |
+----------+
28 rows in set (0.00 sec)

mysql> select ename, 'saleel' from emp;
+----------+--------+
| ename    | saleel |
+----------+--------+
| GITA     | saleel |
| VRUSHALI | saleel |
| SHARMIN  | saleel |
| BANDISH  | saleel |
| SMITH    | saleel |
| AARAV    | saleel |
| THOMAS   | saleel |
| ALLEN    | saleel |
| WARD     | saleel |
| JONES    | saleel |
| MARTIN   | saleel |
| BLAKE    | saleel |
| CLARK    | saleel |
| SCOTT    | saleel |
| KING     | saleel |
| FRED     | saleel |
| TURNER   | saleel |
| ADAMS    | saleel |
| JAMES    | saleel |
| FORD     | saleel |
| HOFFMAN  | saleel |
| GRASS    | saleel |
| MILLER   | saleel |
| AARUSH   | saleel |
| ALEX     | saleel |
| NATASHA  | saleel |
| SANGITA  | saleel |
| SUPRIYA  | saleel |
+----------+--------+
28 rows in set (0.00 sec)

mysql> select ename, 'saleel', 1000 from emp;
+----------+--------+------+
| ename    | saleel | 1000 |
+----------+--------+------+
| GITA     | saleel | 1000 |
| VRUSHALI | saleel | 1000 |
| SHARMIN  | saleel | 1000 |
| BANDISH  | saleel | 1000 |
| SMITH    | saleel | 1000 |
| AARAV    | saleel | 1000 |
| THOMAS   | saleel | 1000 |
| ALLEN    | saleel | 1000 |
| WARD     | saleel | 1000 |
| JONES    | saleel | 1000 |
| MARTIN   | saleel | 1000 |
| BLAKE    | saleel | 1000 |
| CLARK    | saleel | 1000 |
| SCOTT    | saleel | 1000 |
| KING     | saleel | 1000 |
| FRED     | saleel | 1000 |
| TURNER   | saleel | 1000 |
| ADAMS    | saleel | 1000 |
| JAMES    | saleel | 1000 |
| FORD     | saleel | 1000 |
| HOFFMAN  | saleel | 1000 |
| GRASS    | saleel | 1000 |
| MILLER   | saleel | 1000 |
| AARUSH   | saleel | 1000 |
| ALEX     | saleel | 1000 |
| NATASHA  | saleel | 1000 |
| SANGITA  | saleel | 1000 |
| SUPRIYA  | saleel | 1000 |
+----------+--------+------+
28 rows in set (0.00 sec)

mysql>  select 1000 from emp;
+------+
| 1000 |
+------+
| 1000 |
| 1000 |
| 1000 |
| 1000 |
| 1000 |
| 1000 |
| 1000 |
| 1000 |
| 1000 |
| 1000 |
| 1000 |
| 1000 |
| 1000 |
| 1000 |
| 1000 |
| 1000 |
| 1000 |
| 1000 |
| 1000 |
| 1000 |
| 1000 |
| 1000 |
| 1000 |
| 1000 |
| 1000 |
| 1000 |
| 1000 |
| 1000 |
+------+
28 rows in set (0.01 sec)

mysql> select ename, (select 1000) from emp;
+----------+---------------+
| ename    | (select 1000) |
+----------+---------------+
| GITA     |          1000 |
| VRUSHALI |          1000 |
| SHARMIN  |          1000 |
| BANDISH  |          1000 |
| SMITH    |          1000 |
| AARAV    |          1000 |
| THOMAS   |          1000 |
| ALLEN    |          1000 |
| WARD     |          1000 |
| JONES    |          1000 |
| MARTIN   |          1000 |
| BLAKE    |          1000 |
| CLARK    |          1000 |
| SCOTT    |          1000 |
| KING     |          1000 |
| FRED     |          1000 |
| TURNER   |          1000 |
| ADAMS    |          1000 |
| JAMES    |          1000 |
| FORD     |          1000 |
| HOFFMAN  |          1000 |
| GRASS    |          1000 |
| MILLER   |          1000 |
| AARUSH   |          1000 |
| ALEX     |          1000 |
| NATASHA  |          1000 |
| SANGITA  |          1000 |
| SUPRIYA  |          1000 |
+----------+---------------+
28 rows in set (0.01 sec)

mysql> select ename, (select 1000) R1 from emp;
+----------+------+
| ename    | R1   |
+----------+------+
| GITA     | 1000 |
| VRUSHALI | 1000 |
| SHARMIN  | 1000 |
| BANDISH  | 1000 |
| SMITH    | 1000 |
| AARAV    | 1000 |
| THOMAS   | 1000 |
| ALLEN    | 1000 |
| WARD     | 1000 |
| JONES    | 1000 |
| MARTIN   | 1000 |
| BLAKE    | 1000 |
| CLARK    | 1000 |
| SCOTT    | 1000 |
| KING     | 1000 |
| FRED     | 1000 |
| TURNER   | 1000 |
| ADAMS    | 1000 |
| JAMES    | 1000 |
| FORD     | 1000 |
| HOFFMAN  | 1000 |
| GRASS    | 1000 |
| MILLER   | 1000 |
| AARUSH   | 1000 |
| ALEX     | 1000 |
| NATASHA  | 1000 |
| SANGITA  | 1000 |
| SUPRIYA  | 1000 |
+----------+------+
28 rows in set (0.00 sec)

mysql> select ename, (select 1000, 10) R1 from emp;
ERROR 1241 (21000): Operand should contain 1 column(s)
mysql>
mysql>
mysql> select ename, (select 1000 from dept) R1 from emp;
ERROR 1242 (21000): Subquery returns more than 1 row
mysql>
mysql>
mysql> select null;
+------+
| NULL |
+------+
| NULL |
+------+
1 row in set (0.00 sec)

mysql> select ename, (select null) R1 from emp;
+----------+------+
| ename    | R1   |
+----------+------+
| GITA     | NULL |
| VRUSHALI | NULL |
| SHARMIN  | NULL |
| BANDISH  | NULL |
| SMITH    | NULL |
| AARAV    | NULL |
| THOMAS   | NULL |
| ALLEN    | NULL |
| WARD     | NULL |
| JONES    | NULL |
| MARTIN   | NULL |
| BLAKE    | NULL |
| CLARK    | NULL |
| SCOTT    | NULL |
| KING     | NULL |
| FRED     | NULL |
| TURNER   | NULL |
| ADAMS    | NULL |
| JAMES    | NULL |
| FORD     | NULL |
| HOFFMAN  | NULL |
| GRASS    | NULL |
| MILLER   | NULL |
| AARUSH   | NULL |
| ALEX     | NULL |
| NATASHA  | NULL |
| SANGITA  | NULL |
| SUPRIYA  | NULL |
+----------+------+
28 rows in set (0.00 sec)

mysql> select * from emp;
+-------+----------+--------+---------------------+------+------------+------+------+--------+---------+--------------+------------+------------+----------+
| EMPNO | ENAME    | GENDER | JOB                 | MGR  | HIREDATE   | SAL  | COMM | DEPTNO | BONUSID | USER NAME    | PWD        | PHONE      | isActive |
+-------+----------+--------+---------------------+------+------------+------+------+--------+---------+--------------+------------+------------+----------+
|  6001 | GITA     | F      | Compliance officers | 7920 | 1981-07-19 | 1750 | NULL |     30 |       1 | GITA         | sales@2017 | NULL       |        1 |
|  6129 | VRUSHALI | F      | Compliance officers | 7920 | 1981-07-19 | 1750 | NULL |     50 |       1 | VRUSHALI     | PUN@8877   | NULL       |        1 |
|  6473 | SHARMIN  | F      | Public Relation     | 7920 | 1981-07-19 | 1750 | NULL |     20 |       1 | SHARMIN      | a12recmpm  | NULL       |        1 |
|  6781 | BANDISH  | F      | Public Relation     | 7920 | 1981-07-19 | 1750 | NULL |     20 |       1 | BANDISH      | a12recmpm  | NULL       |        1 |
|  7369 | SMITH    | M      | CLERK               | 7902 | 1980-12-17 |  800 | NULL |     20 |       2 | TRITONE      | a12recmpm  | 7032300023 |        0 |
|  7415 | AARAV    | M      | CLERK               | 7902 | 1981-12-31 | 3350 | NULL |     10 |    NULL | AARAV        | NULL       | 7032300084 |        0 |
|  7421 | THOMAS   | M      | CLERK               | 7920 | 1981-07-19 | 1750 | NULL |     10 |       1 | THOMAS       | r50mpm     | 7032300011 |        0 |
|  7499 | ALLEN    | M      | SALESMAN            | 7698 | 1981-02-20 | 1600 |  300 |     30 |       4 | ALWAYS TESTE | sales@2017 | 7032300096 |        1 |
|  7521 | WARD     | M      | SALESMAN            | 7698 | 1981-02-22 | 1250 |  500 |     30 |       1 | WARD         | sales@2017 | 7132300034 |        1 |
|  7566 | JONES    | M      | MANAGER             | 7839 | 1981-04-02 | 2975 | NULL |     20 |       4 | HONEYCOMB    | a12recmpm  | 7132300039 |        1 |
|  7654 | MARTIN   | M      | SALESMAN            | 7698 | 1981-09-28 | 1250 | 1400 |     30 |       6 | LIFE RACER   | sales@2017 | 7132300050 |        1 |
|  7698 | BLAKE    | M      | MANAGER             | 7839 | 1981-05-01 | 2850 | NULL |     30 |       1 | BIG BEN      | sales@2017 | 7132300027 |        1 |
|  7782 | CLARK    | M      | MANAGER             | 7839 | 1981-06-09 | 2450 | NULL |     10 |       3 | CLARK        | r50mpm     | 7032300001 |        1 |
|  7788 | SCOTT    | M      | ANALYST             | 7566 | 1982-12-09 | 3000 | NULL |     20 |       3 | WHITE SAND   | a12recmpm  | NULL       |        1 |
|  7839 | KING     | M      | PRESIDENT           | NULL | 1981-11-17 | 5000 | NULL |     10 |       1 | KING         | r50mpm     | 7132300081 |        1 |
|  7840 | FRED     | M      | vice PRESIDENT      | 7839 | 1983-08-09 | 5000 | NULL |     20 |       1 | SAND STONE   | a12recmpm  | NULL       |        1 |
|  7844 | TURNER   | M      | SALESMAN            | 7698 | 1981-09-08 | 1500 |    0 |     30 |       5 | SAND DUST    | sales@2017 | NULL       |        1 |
|  7876 | ADAMS    | M      | CLERK               | 7788 | 1983-01-12 | 1100 | NULL |     20 |       1 | CRAZY ANYONE | a12recmpm  | 7132300086 |        1 |
|  7900 | JAMES    | M      | CLERK               | 7698 | 1981-12-03 |  950 | NULL |     30 |       2 | CRAZY LEADER | sales@2017 | 7132300042 |        1 |
|  7902 | FORD     | M      | ANALYST             | 7566 | 1981-12-03 | 3000 | NULL |     20 |       4 | CONBRIO      | a12recmpm  | NULL       |        0 |
|  7919 | HOFFMAN  | M      | MANAGER             | 7566 | 1982-03-24 | 4150 | NULL |     30 |       3 | INTERVAL     | sales@2017 | NULL       |        1 |
|  7920 | GRASS    | M      | SALESMAN            | 7919 | 1980-02-14 | 2575 | 2700 |     30 |       5 | GRASS        | sales@2017 | NULL       |        1 |
|  7934 | MILLER   | M      | CLERK               | 7782 | 1982-01-23 | 1300 | NULL |     10 |       2 | QUARTERNOTE  | r50mpm     | 7132300055 |        0 |
|  7945 | AARUSH   | M      | SALESMAN            | 7902 | 1980-02-14 | 1350 | 2700 |     30 |    NULL | AARUSH       | ABCDEF     | NULL       |        0 |
|  7949 | ALEX     | M      | MANAGER             | 7698 | 1982-01-24 | 1250 |  500 |     30 |       5 | QUARTERREST  | sales@2017 | 7156567183 |        1 |
|  8433 | NATASHA  | F      | CLERK               | 7920 | 1981-07-19 | 1750 | NULL |     30 |       1 | NATASHA      | sales@2017 | NULL       |        1 |
|  9400 | SANGITA  | F      | Compliance officers | 7920 | 1981-07-19 | 1750 | NULL |     50 |       1 | SANGITA      | NULL       | NULL       |        1 |
|  9473 | SUPRIYA  | F      | ANALYST             | 7920 | 1981-07-19 | 1750 | NULL |     50 |       1 | SUPRIYA      | XYZ@1234   | NULL       |        1 |
+-------+----------+--------+---------------------+------+------------+------+------+--------+---------+--------------+------------+------------+----------+
28 rows in set (0.00 sec)

mysql> select ename, sal from emp where ename='smith';
+-------+------+
| ename | sal  |
+-------+------+
| SMITH |  800 |
+-------+------+
1 row in set (0.00 sec)

mysql> select ename, sal from emp where ename='martin';
+--------+------+
| ename  | sal  |
+--------+------+
| MARTIN | 1250 |
+--------+------+
1 row in set (0.00 sec)

mysql> select ename, sal from emp where ename in ('smith', 'martin');
+--------+------+
| ename  | sal  |
+--------+------+
| SMITH  |  800 |
| MARTIN | 1250 |
+--------+------+
2 rows in set (0.00 sec)

mysql> select sal from emp where ename in ('smith', 'martin');
+------+
| sal  |
+------+
|  800 |
| 1250 |
+------+
2 rows in set (0.00 sec)

mysql> select 800 Smith, 1250 MArtin;
+-------+--------+
| Smith | MArtin |
+-------+--------+
|   800 |   1250 |
+-------+--------+
1 row in set (0.00 sec)

mysql> select 800 Smith, 1250 Martin;
+-------+--------+
| Smith | Martin |
+-------+--------+
|   800 |   1250 |
+-------+--------+
1 row in set (0.00 sec)

mysql> select 800 Smith, 1250 Martin from emp where ename in ('smith', 'martin');
+-------+--------+
| Smith | Martin |
+-------+--------+
|   800 |   1250 |
|   800 |   1250 |
+-------+--------+
2 rows in set (0.00 sec)

mysql> select sal from emp ename='scott';
ERROR 1064 (42000): You have an error in your SQL syntax; check the manual that corresponds to your MySQL server version for the right syntax to use near '='scott'' at line 1
mysql> select sal from emp where ename='scott';
+------+
| sal  |
+------+
| 3000 |
+------+
1 row in set (0.00 sec)

mysql> select sal from emp where ename='ford';
+------+
| sal  |
+------+
| 3000 |
+------+
1 row in set (0.00 sec)

mysql> select sal from emp where ename='alen';
Empty set (0.00 sec)

mysql> select sal from emp where ename='allen';
+------+
| sal  |
+------+
| 1600 |
+------+
1 row in set (0.00 sec)

mysql> select 3000 Scott, 1600 Allen;
+-------+-------+
| Scott | Allen |
+-------+-------+
|  3000 |  1600 |
+-------+-------+
1 row in set (0.00 sec)

mysql> select (select sal from emp where ename='scott') Scott, (select sal from emp where ename='allen') Allen ;
+-------+-------+
| Scott | Allen |
+-------+-------+
|  3000 |  1600 |
+-------+-------+
1 row in set (0.00 sec)

mysql> select sal from emp where ename='gita';
+------+
| sal  |
+------+
| 1750 |
+------+
1 row in set (0.00 sec)

mysql> select sal from emp where ename='supriya';
+------+
| sal  |
+------+
| 1750 |
+------+
1 row in set (0.00 sec)

mysql> select sal from emp where ename='sangita';
+------+
| sal  |
+------+
| 1750 |
+------+
1 row in set (0.00 sec)

mysql> select sal from emp where ename='sharmin';
+------+
| sal  |
+------+
| 1750 |
+------+
1 row in set (0.00 sec)

mysql> select sal from emp where ename='martin';
+------+
| sal  |
+------+
| 1250 |
+------+
1 row in set (0.00 sec)

mysql> select 1750 - 1250;
+-------------+
| 1750 - 1250 |
+-------------+
|         500 |
+-------------+
1 row in set (0.00 sec)

mysql> select (select sal from emp where ename='gita') - (select sal from emp where ename='martin') R1;
+------+
| R1   |
+------+
|  500 |
+------+
1 row in set (0.00 sec)

mysql> select (select sum(sal) from emp where deptno=10) 10,(select sum(sal) from emp where deptno=20) 20;
ERROR 1064 (42000): You have an error in your SQL syntax; check the manual that corresponds to your MySQL server version for the right syntax to use near '10,(select sum(sal) from emp where deptno=20) 20' at line 1
mysql>
mysql>
mysql> select (select sum(sal) from emp where deptno=10) R1 ,(select sum(sal) from emp where deptno=20) R2;
+-------+-------+
| R1    | R2    |
+-------+-------+
| 13850 | 19375 |
+-------+-------+
1 row in set (0.01 sec)

mysql> select (select sum(sal) from emp where deptno=10) '10' ,(select sum(sal) from emp where deptno=20) '20';
+-------+-------+
| 10    | 20    |
+-------+-------+
| 13850 | 19375 |
+-------+-------+
1 row in set (0.00 sec)

mysql> select (select sum(sal) from emp where deptno=10)-(select sum(sal) from emp where deptno=20) '20';
+-------+
| 20    |
+-------+
| -5525 |
+-------+
1 row in set (0.00 sec)

mysql> select abs((select sum(sal) from emp where deptno=10)-(select sum(sal) from emp where deptno=20)) '20';
+------+
| 20   |
+------+
| 5525 |
+------+
1 row in set (0.01 sec)

mysql> select * from ord;
+-------+---------------------+----------+--------+---------------------+---------------------+------------+----------+
| ORDID | ORDERDATE           | COMMPLAN | CUSTID | SHIPDATE            | STATUSDATE          | STATUS     | TOTAL    |
+-------+---------------------+----------+--------+---------------------+---------------------+------------+----------+
|   601 | 1986-05-01 00:00:00 | A        |    106 | 1986-05-30 00:00:00 | NULL                | In Process |     2.40 |
|   602 | 1986-06-05 00:00:00 | B        |    102 | 1986-06-20 00:00:00 | 1986-07-09 00:00:00 | On Hold    |    56.00 |
|   603 | 1986-06-05 00:00:00 | NULL     |    102 | 1986-06-05 00:00:00 | 1986-06-10 00:00:00 | Cancelled  |   224.00 |
|   604 | 1986-06-15 00:00:00 | A        |    106 | 1986-05-30 00:00:00 | 1986-07-04 00:00:00 | Resolved   |   698.00 |
|   605 | 1986-07-14 00:00:00 | A        |    106 | 1986-07-30 00:00:00 | 1986-08-02 00:00:00 | Disputed   |  8324.00 |
|   606 | 1986-07-14 00:00:00 | A        |    100 | 1986-07-30 00:00:00 | NULL                | Shipped    |     3.40 |
|   607 | 1986-07-18 00:00:00 | C        |    104 | 1986-07-18 00:00:00 | NULL                | In Process |     5.60 |
|   608 | 1986-07-25 00:00:00 | C        |    104 | 1986-07-25 00:00:00 | NULL                | Shipped    |    35.20 |
|   609 | 1986-08-01 00:00:00 | B        |    100 | 1986-08-15 00:00:00 | 1986-08-19 00:00:00 | On Hold    |    97.50 |
|   610 | 1987-01-07 00:00:00 | A        |    101 | 1987-01-08 00:00:00 | NULL                | In Process |   101.40 |
|   611 | 1987-01-11 00:00:00 | B        |    102 | 1987-01-11 00:00:00 | NULL                | Shipped    |    45.00 |
|   612 | 1987-01-15 00:00:00 | C        |    104 | 1987-01-20 00:00:00 | 1987-01-21 00:00:00 | Cancelled  |  5860.00 |
|   613 | 1987-02-01 00:00:00 | NULL     |    108 | 1987-02-01 00:00:00 | NULL                | Shipped    |  6400.00 |
|   614 | 1987-02-01 00:00:00 | NULL     |    102 | 1987-02-05 00:00:00 | NULL                | In Process | 23940.00 |
|   615 | 1987-02-01 00:00:00 | NULL     |    107 | 1987-02-06 00:00:00 | NULL                | In Process |   710.00 |
|   616 | 1987-02-03 00:00:00 | NULL     |    103 | 1987-02-10 00:00:00 | 1987-02-10 00:00:00 | Resolved   |   764.00 |
|   617 | 1987-02-05 00:00:00 | NULL     |    105 | 1987-03-03 00:00:00 | NULL                | Shipped    | 46370.00 |
|   618 | 1987-02-15 00:00:00 | A        |    102 | 1987-03-06 00:00:00 | 1987-03-16 00:00:00 | On Hold    |  3510.50 |
|   619 | 1987-02-22 00:00:00 | NULL     |    104 | 1987-02-04 00:00:00 | NULL                | In Process |  1260.00 |
|   620 | 1987-03-12 00:00:00 | NULL     |    100 | 1987-03-12 00:00:00 | 1987-03-12 00:00:00 | Cancelled  |  4450.00 |
|   621 | 1987-03-15 00:00:00 | A        |    100 | 1987-03-14 00:00:00 | NULL                | Shipped    |   730.00 |
|   622 | 1986-12-31 00:00:00 | a        |    105 | 1987-01-01 00:00:00 | 1987-01-06 00:00:00 | Delivered  |  1125.00 |
|   624 | 1987-01-06 00:00:00 | c        |    105 | 1987-01-06 00:00:00 | 1987-01-09 00:00:00 | Delivered  |   189.00 |
|   625 | 1987-01-09 00:00:00 | NULL     |    105 | 1987-01-10 00:00:00 | 1987-01-16 00:00:00 | Delivered  |  1255.00 |
|   626 | 1987-01-31 00:00:00 | NULL     |    107 | 1987-02-01 00:00:00 | 1987-02-06 00:00:00 | shipped    |  1675.00 |
|   627 | 1987-02-13 00:00:00 | NULL     |    100 | 1987-02-14 00:00:00 | 1987-02-22 00:00:00 | Delivered  |   250.00 |
+-------+---------------------+----------+--------+---------------------+---------------------+------------+----------+
26 rows in set (0.03 sec)

mysql> select custid form ord;
ERROR 1064 (42000): You have an error in your SQL syntax; check the manual that corresponds to your MySQL server version for the right syntax to use near 'ord' at line 1
mysql> select custid from ord;
+--------+
| custid |
+--------+
|    100 |
|    100 |
|    100 |
|    100 |
|    100 |
|    101 |
|    102 |
|    102 |
|    102 |
|    102 |
|    102 |
|    103 |
|    104 |
|    104 |
|    104 |
|    104 |
|    105 |
|    105 |
|    105 |
|    105 |
|    106 |
|    106 |
|    106 |
|    107 |
|    107 |
|    108 |
+--------+
26 rows in set (0.00 sec)

mysql> select custid, total from ord;
+--------+----------+
| custid | total    |
+--------+----------+
|    106 |     2.40 |
|    102 |    56.00 |
|    102 |   224.00 |
|    106 |   698.00 |
|    106 |  8324.00 |
|    100 |     3.40 |
|    104 |     5.60 |
|    104 |    35.20 |
|    100 |    97.50 |
|    101 |   101.40 |
|    102 |    45.00 |
|    104 |  5860.00 |
|    108 |  6400.00 |
|    102 | 23940.00 |
|    107 |   710.00 |
|    103 |   764.00 |
|    105 | 46370.00 |
|    102 |  3510.50 |
|    104 |  1260.00 |
|    100 |  4450.00 |
|    100 |   730.00 |
|    105 |  1125.00 |
|    105 |   189.00 |
|    105 |  1255.00 |
|    107 |  1675.00 |
|    100 |   250.00 |
+--------+----------+
26 rows in set (0.00 sec)

mysql> select * from (select * from dept);
ERROR 1248 (42000): Every derived table must have its own alias
mysql>
mysql> select * from (select * from dept) t1;
+--------+------------+----------+------------+------------+
| DEPTNO | DNAME      | LOC      | PWD        | STARTEDON  |
+--------+------------+----------+------------+------------+
|     10 | ACCOUNTING | NEW YORK | r50mpm     | 24/03/1989 |
|     20 | RESEARCH   | DALLAS   | a12recmpm  | 12/04/1989 |
|     30 | SALES      | CHICAGO  | sales@2017 | 13/04/1989 |
|     40 | OPERATIONS | BOSTON   | opr@123    | 12/07/1989 |
|     50 | HR         | PUNE     | PUN@8877   | 22/12/1989 |
|     51 | saleel     | NULL     | NULL       | NULL       |
|     52 | saleel     | NULL     | NULL       | NULL       |
|     53 | saleel     | NULL     | NULL       | NULL       |
|     54 | saleel     | NULL     | NULL       | NULL       |
|     58 | saleel     | NULL     | NULL       | NULL       |
|     62 | saleel     | NULL     | NULL       | NULL       |
|     66 | SALEEL     | NULL     | NULL       | NULL       |
+--------+------------+----------+------------+------------+
12 rows in set (0.01 sec)

mysql> select * from dept;
+--------+------------+----------+------------+------------+
| DEPTNO | DNAME      | LOC      | PWD        | STARTEDON  |
+--------+------------+----------+------------+------------+
|     10 | ACCOUNTING | NEW YORK | r50mpm     | 24/03/1989 |
|     20 | RESEARCH   | DALLAS   | a12recmpm  | 12/04/1989 |
|     30 | SALES      | CHICAGO  | sales@2017 | 13/04/1989 |
|     40 | OPERATIONS | BOSTON   | opr@123    | 12/07/1989 |
|     50 | HR         | PUNE     | PUN@8877   | 22/12/1989 |
|     51 | saleel     | NULL     | NULL       | NULL       |
|     52 | saleel     | NULL     | NULL       | NULL       |
|     53 | saleel     | NULL     | NULL       | NULL       |
|     54 | saleel     | NULL     | NULL       | NULL       |
|     58 | saleel     | NULL     | NULL       | NULL       |
|     62 | saleel     | NULL     | NULL       | NULL       |
|     66 | SALEEL     | NULL     | NULL       | NULL       |
+--------+------------+----------+------------+------------+
12 rows in set (0.00 sec)

mysql> (select * from dept);
+--------+------------+----------+------------+------------+
| DEPTNO | DNAME      | LOC      | PWD        | STARTEDON  |
+--------+------------+----------+------------+------------+
|     10 | ACCOUNTING | NEW YORK | r50mpm     | 24/03/1989 |
|     20 | RESEARCH   | DALLAS   | a12recmpm  | 12/04/1989 |
|     30 | SALES      | CHICAGO  | sales@2017 | 13/04/1989 |
|     40 | OPERATIONS | BOSTON   | opr@123    | 12/07/1989 |
|     50 | HR         | PUNE     | PUN@8877   | 22/12/1989 |
|     51 | saleel     | NULL     | NULL       | NULL       |
|     52 | saleel     | NULL     | NULL       | NULL       |
|     53 | saleel     | NULL     | NULL       | NULL       |
|     54 | saleel     | NULL     | NULL       | NULL       |
|     58 | saleel     | NULL     | NULL       | NULL       |
|     62 | saleel     | NULL     | NULL       | NULL       |
|     66 | SALEEL     | NULL     | NULL       | NULL       |
+--------+------------+----------+------------+------------+
12 rows in set (0.00 sec)

mysql> (select * from dept) T1;
ERROR 1064 (42000): You have an error in your SQL syntax; check the manual that corresponds to your MySQL server version for the right syntax to use near 'T1' at line 1
mysql>
mysql> select * from (select * from dept) T1;
+--------+------------+----------+------------+------------+
| DEPTNO | DNAME      | LOC      | PWD        | STARTEDON  |
+--------+------------+----------+------------+------------+
|     10 | ACCOUNTING | NEW YORK | r50mpm     | 24/03/1989 |
|     20 | RESEARCH   | DALLAS   | a12recmpm  | 12/04/1989 |
|     30 | SALES      | CHICAGO  | sales@2017 | 13/04/1989 |
|     40 | OPERATIONS | BOSTON   | opr@123    | 12/07/1989 |
|     50 | HR         | PUNE     | PUN@8877   | 22/12/1989 |
|     51 | saleel     | NULL     | NULL       | NULL       |
|     52 | saleel     | NULL     | NULL       | NULL       |
|     53 | saleel     | NULL     | NULL       | NULL       |
|     54 | saleel     | NULL     | NULL       | NULL       |
|     58 | saleel     | NULL     | NULL       | NULL       |
|     62 | saleel     | NULL     | NULL       | NULL       |
|     66 | SALEEL     | NULL     | NULL       | NULL       |
+--------+------------+----------+------------+------------+
12 rows in set (0.00 sec)

mysql> select * from (select ename, job from emp) T1;
+----------+---------------------+
| ename    | job                 |
+----------+---------------------+
| GITA     | Compliance officers |
| VRUSHALI | Compliance officers |
| SHARMIN  | Public Relation     |
| BANDISH  | Public Relation     |
| SMITH    | CLERK               |
| AARAV    | CLERK               |
| THOMAS   | CLERK               |
| ALLEN    | SALESMAN            |
| WARD     | SALESMAN            |
| JONES    | MANAGER             |
| MARTIN   | SALESMAN            |
| BLAKE    | MANAGER             |
| CLARK    | MANAGER             |
| SCOTT    | ANALYST             |
| KING     | PRESIDENT           |
| FRED     | vice PRESIDENT      |
| TURNER   | SALESMAN            |
| ADAMS    | CLERK               |
| JAMES    | CLERK               |
| FORD     | ANALYST             |
| HOFFMAN  | MANAGER             |
| GRASS    | SALESMAN            |
| MILLER   | CLERK               |
| AARUSH   | SALESMAN            |
| ALEX     | MANAGER             |
| NATASHA  | CLERK               |
| SANGITA  | Compliance officers |
| SUPRIYA  | ANALYST             |
+----------+---------------------+
28 rows in set (0.00 sec)

mysql> select * from (select ename, job from emp) T1;
+----------+---------------------+
| ename    | job                 |
+----------+---------------------+
| GITA     | Compliance officers |
| VRUSHALI | Compliance officers |
| SHARMIN  | Public Relation     |
| BANDISH  | Public Relation     |
| SMITH    | CLERK               |
| AARAV    | CLERK               |
| THOMAS   | CLERK               |
| ALLEN    | SALESMAN            |
| WARD     | SALESMAN            |
| JONES    | MANAGER             |
| MARTIN   | SALESMAN            |
| BLAKE    | MANAGER             |
| CLARK    | MANAGER             |
| SCOTT    | ANALYST             |
| KING     | PRESIDENT           |
| FRED     | vice PRESIDENT      |
| TURNER   | SALESMAN            |
| ADAMS    | CLERK               |
| JAMES    | CLERK               |
| FORD     | ANALYST             |
| HOFFMAN  | MANAGER             |
| GRASS    | SALESMAN            |
| MILLER   | CLERK               |
| AARUSH   | SALESMAN            |
| ALEX     | MANAGER             |
| NATASHA  | CLERK               |
| SANGITA  | Compliance officers |
| SUPRIYA  | ANALYST             |
+----------+---------------------+
28 rows in set (0.00 sec)

mysql>
mysql> select ename, job, hiredate, sal, comm, isactive from emp;
+----------+---------------------+------------+------+------+----------+
| ename    | job                 | hiredate   | sal  | comm | isactive |
+----------+---------------------+------------+------+------+----------+
| GITA     | Compliance officers | 1981-07-19 | 1750 | NULL |        1 |
| VRUSHALI | Compliance officers | 1981-07-19 | 1750 | NULL |        1 |
| SHARMIN  | Public Relation     | 1981-07-19 | 1750 | NULL |        1 |
| BANDISH  | Public Relation     | 1981-07-19 | 1750 | NULL |        1 |
| SMITH    | CLERK               | 1980-12-17 |  800 | NULL |        0 |
| AARAV    | CLERK               | 1981-12-31 | 3350 | NULL |        0 |
| THOMAS   | CLERK               | 1981-07-19 | 1750 | NULL |        0 |
| ALLEN    | SALESMAN            | 1981-02-20 | 1600 |  300 |        1 |
| WARD     | SALESMAN            | 1981-02-22 | 1250 |  500 |        1 |
| JONES    | MANAGER             | 1981-04-02 | 2975 | NULL |        1 |
| MARTIN   | SALESMAN            | 1981-09-28 | 1250 | 1400 |        1 |
| BLAKE    | MANAGER             | 1981-05-01 | 2850 | NULL |        1 |
| CLARK    | MANAGER             | 1981-06-09 | 2450 | NULL |        1 |
| SCOTT    | ANALYST             | 1982-12-09 | 3000 | NULL |        1 |
| KING     | PRESIDENT           | 1981-11-17 | 5000 | NULL |        1 |
| FRED     | vice PRESIDENT      | 1983-08-09 | 5000 | NULL |        1 |
| TURNER   | SALESMAN            | 1981-09-08 | 1500 |    0 |        1 |
| ADAMS    | CLERK               | 1983-01-12 | 1100 | NULL |        1 |
| JAMES    | CLERK               | 1981-12-03 |  950 | NULL |        1 |
| FORD     | ANALYST             | 1981-12-03 | 3000 | NULL |        0 |
| HOFFMAN  | MANAGER             | 1982-03-24 | 4150 | NULL |        1 |
| GRASS    | SALESMAN            | 1980-02-14 | 2575 | 2700 |        1 |
| MILLER   | CLERK               | 1982-01-23 | 1300 | NULL |        0 |
| AARUSH   | SALESMAN            | 1980-02-14 | 1350 | 2700 |        0 |
| ALEX     | MANAGER             | 1982-01-24 | 1250 |  500 |        1 |
| NATASHA  | CLERK               | 1981-07-19 | 1750 | NULL |        1 |
| SANGITA  | Compliance officers | 1981-07-19 | 1750 | NULL |        1 |
| SUPRIYA  | ANALYST             | 1981-07-19 | 1750 | NULL |        1 |
+----------+---------------------+------------+------+------+----------+
28 rows in set (0.00 sec)

mysql> select row_number() over() R1, ename, job, hiredate, sal, comm, isactive from emp;
+----+----------+---------------------+------------+------+------+----------+
| R1 | ename    | job                 | hiredate   | sal  | comm | isactive |
+----+----------+---------------------+------------+------+------+----------+
|  1 | GITA     | Compliance officers | 1981-07-19 | 1750 | NULL |        1 |
|  2 | VRUSHALI | Compliance officers | 1981-07-19 | 1750 | NULL |        1 |
|  3 | SHARMIN  | Public Relation     | 1981-07-19 | 1750 | NULL |        1 |
|  4 | BANDISH  | Public Relation     | 1981-07-19 | 1750 | NULL |        1 |
|  5 | SMITH    | CLERK               | 1980-12-17 |  800 | NULL |        0 |
|  6 | AARAV    | CLERK               | 1981-12-31 | 3350 | NULL |        0 |
|  7 | THOMAS   | CLERK               | 1981-07-19 | 1750 | NULL |        0 |
|  8 | ALLEN    | SALESMAN            | 1981-02-20 | 1600 |  300 |        1 |
|  9 | WARD     | SALESMAN            | 1981-02-22 | 1250 |  500 |        1 |
| 10 | JONES    | MANAGER             | 1981-04-02 | 2975 | NULL |        1 |
| 11 | MARTIN   | SALESMAN            | 1981-09-28 | 1250 | 1400 |        1 |
| 12 | BLAKE    | MANAGER             | 1981-05-01 | 2850 | NULL |        1 |
| 13 | CLARK    | MANAGER             | 1981-06-09 | 2450 | NULL |        1 |
| 14 | SCOTT    | ANALYST             | 1982-12-09 | 3000 | NULL |        1 |
| 15 | KING     | PRESIDENT           | 1981-11-17 | 5000 | NULL |        1 |
| 16 | FRED     | vice PRESIDENT      | 1983-08-09 | 5000 | NULL |        1 |
| 17 | TURNER   | SALESMAN            | 1981-09-08 | 1500 |    0 |        1 |
| 18 | ADAMS    | CLERK               | 1983-01-12 | 1100 | NULL |        1 |
| 19 | JAMES    | CLERK               | 1981-12-03 |  950 | NULL |        1 |
| 20 | FORD     | ANALYST             | 1981-12-03 | 3000 | NULL |        0 |
| 21 | HOFFMAN  | MANAGER             | 1982-03-24 | 4150 | NULL |        1 |
| 22 | GRASS    | SALESMAN            | 1980-02-14 | 2575 | 2700 |        1 |
| 23 | MILLER   | CLERK               | 1982-01-23 | 1300 | NULL |        0 |
| 24 | AARUSH   | SALESMAN            | 1980-02-14 | 1350 | 2700 |        0 |
| 25 | ALEX     | MANAGER             | 1982-01-24 | 1250 |  500 |        1 |
| 26 | NATASHA  | CLERK               | 1981-07-19 | 1750 | NULL |        1 |
| 27 | SANGITA  | Compliance officers | 1981-07-19 | 1750 | NULL |        1 |
| 28 | SUPRIYA  | ANALYST             | 1981-07-19 | 1750 | NULL |        1 |
+----+----------+---------------------+------------+------+------+----------+
28 rows in set (0.01 sec)

mysql> select row_number() over() R1, ename, job, hiredate, sal, comm, isactive from emp where R1=7;
ERROR 1054 (42S22): Unknown column 'R1' in 'where clause'
mysql> select row_number() over() R1, ename, job, hiredate, sal, comm, isactive from emp where row_number() over() = 7;
ERROR 3593 (HY000): You cannot use the window function 'row_number' in this context.'
mysql>
mysql>
mysql>
mysql> select row_number() over() R1, ename, job, hiredate, sal, comm, isactive from emp;
+----+----------+---------------------+------------+------+------+----------+
| R1 | ename    | job                 | hiredate   | sal  | comm | isactive |
+----+----------+---------------------+------------+------+------+----------+
|  1 | GITA     | Compliance officers | 1981-07-19 | 1750 | NULL |        1 |
|  2 | VRUSHALI | Compliance officers | 1981-07-19 | 1750 | NULL |        1 |
|  3 | SHARMIN  | Public Relation     | 1981-07-19 | 1750 | NULL |        1 |
|  4 | BANDISH  | Public Relation     | 1981-07-19 | 1750 | NULL |        1 |
|  5 | SMITH    | CLERK               | 1980-12-17 |  800 | NULL |        0 |
|  6 | AARAV    | CLERK               | 1981-12-31 | 3350 | NULL |        0 |
|  7 | THOMAS   | CLERK               | 1981-07-19 | 1750 | NULL |        0 |
|  8 | ALLEN    | SALESMAN            | 1981-02-20 | 1600 |  300 |        1 |
|  9 | WARD     | SALESMAN            | 1981-02-22 | 1250 |  500 |        1 |
| 10 | JONES    | MANAGER             | 1981-04-02 | 2975 | NULL |        1 |
| 11 | MARTIN   | SALESMAN            | 1981-09-28 | 1250 | 1400 |        1 |
| 12 | BLAKE    | MANAGER             | 1981-05-01 | 2850 | NULL |        1 |
| 13 | CLARK    | MANAGER             | 1981-06-09 | 2450 | NULL |        1 |
| 14 | SCOTT    | ANALYST             | 1982-12-09 | 3000 | NULL |        1 |
| 15 | KING     | PRESIDENT           | 1981-11-17 | 5000 | NULL |        1 |
| 16 | FRED     | vice PRESIDENT      | 1983-08-09 | 5000 | NULL |        1 |
| 17 | TURNER   | SALESMAN            | 1981-09-08 | 1500 |    0 |        1 |
| 18 | ADAMS    | CLERK               | 1983-01-12 | 1100 | NULL |        1 |
| 19 | JAMES    | CLERK               | 1981-12-03 |  950 | NULL |        1 |
| 20 | FORD     | ANALYST             | 1981-12-03 | 3000 | NULL |        0 |
| 21 | HOFFMAN  | MANAGER             | 1982-03-24 | 4150 | NULL |        1 |
| 22 | GRASS    | SALESMAN            | 1980-02-14 | 2575 | 2700 |        1 |
| 23 | MILLER   | CLERK               | 1982-01-23 | 1300 | NULL |        0 |
| 24 | AARUSH   | SALESMAN            | 1980-02-14 | 1350 | 2700 |        0 |
| 25 | ALEX     | MANAGER             | 1982-01-24 | 1250 |  500 |        1 |
| 26 | NATASHA  | CLERK               | 1981-07-19 | 1750 | NULL |        1 |
| 27 | SANGITA  | Compliance officers | 1981-07-19 | 1750 | NULL |        1 |
| 28 | SUPRIYA  | ANALYST             | 1981-07-19 | 1750 | NULL |        1 |
+----+----------+---------------------+------------+------+------+----------+
28 rows in set (0.00 sec)

mysql> select * from (select row_number() over() R1, ename, job, hiredate, sal, comm, isactive from emp) t1;
+----+----------+---------------------+------------+------+------+----------+
| R1 | ename    | job                 | hiredate   | sal  | comm | isactive |
+----+----------+---------------------+------------+------+------+----------+
|  1 | GITA     | Compliance officers | 1981-07-19 | 1750 | NULL |        1 |
|  2 | VRUSHALI | Compliance officers | 1981-07-19 | 1750 | NULL |        1 |
|  3 | SHARMIN  | Public Relation     | 1981-07-19 | 1750 | NULL |        1 |
|  4 | BANDISH  | Public Relation     | 1981-07-19 | 1750 | NULL |        1 |
|  5 | SMITH    | CLERK               | 1980-12-17 |  800 | NULL |        0 |
|  6 | AARAV    | CLERK               | 1981-12-31 | 3350 | NULL |        0 |
|  7 | THOMAS   | CLERK               | 1981-07-19 | 1750 | NULL |        0 |
|  8 | ALLEN    | SALESMAN            | 1981-02-20 | 1600 |  300 |        1 |
|  9 | WARD     | SALESMAN            | 1981-02-22 | 1250 |  500 |        1 |
| 10 | JONES    | MANAGER             | 1981-04-02 | 2975 | NULL |        1 |
| 11 | MARTIN   | SALESMAN            | 1981-09-28 | 1250 | 1400 |        1 |
| 12 | BLAKE    | MANAGER             | 1981-05-01 | 2850 | NULL |        1 |
| 13 | CLARK    | MANAGER             | 1981-06-09 | 2450 | NULL |        1 |
| 14 | SCOTT    | ANALYST             | 1982-12-09 | 3000 | NULL |        1 |
| 15 | KING     | PRESIDENT           | 1981-11-17 | 5000 | NULL |        1 |
| 16 | FRED     | vice PRESIDENT      | 1983-08-09 | 5000 | NULL |        1 |
| 17 | TURNER   | SALESMAN            | 1981-09-08 | 1500 |    0 |        1 |
| 18 | ADAMS    | CLERK               | 1983-01-12 | 1100 | NULL |        1 |
| 19 | JAMES    | CLERK               | 1981-12-03 |  950 | NULL |        1 |
| 20 | FORD     | ANALYST             | 1981-12-03 | 3000 | NULL |        0 |
| 21 | HOFFMAN  | MANAGER             | 1982-03-24 | 4150 | NULL |        1 |
| 22 | GRASS    | SALESMAN            | 1980-02-14 | 2575 | 2700 |        1 |
| 23 | MILLER   | CLERK               | 1982-01-23 | 1300 | NULL |        0 |
| 24 | AARUSH   | SALESMAN            | 1980-02-14 | 1350 | 2700 |        0 |
| 25 | ALEX     | MANAGER             | 1982-01-24 | 1250 |  500 |        1 |
| 26 | NATASHA  | CLERK               | 1981-07-19 | 1750 | NULL |        1 |
| 27 | SANGITA  | Compliance officers | 1981-07-19 | 1750 | NULL |        1 |
| 28 | SUPRIYA  | ANALYST             | 1981-07-19 | 1750 | NULL |        1 |
+----+----------+---------------------+------------+------+------+----------+
28 rows in set (0.01 sec)

mysql> select * from (select row_number() over() R1, ename, job, hiredate, sal, comm, isactive from emp) t1 where R1=7;
+----+--------+-------+------------+------+------+----------+
| R1 | ename  | job   | hiredate   | sal  | comm | isactive |
+----+--------+-------+------------+------+------+----------+
|  7 | THOMAS | CLERK | 1981-07-19 | 1750 | NULL |        0 |
+----+--------+-------+------------+------+------+----------+
1 row in set (0.00 sec)

mysql> select * from (select row_number() over() R1, ename, job, hiredate, sal, comm, isactive from emp) t1;
+----+----------+---------------------+------------+------+------+----------+
| R1 | ename    | job                 | hiredate   | sal  | comm | isactive |
+----+----------+---------------------+------------+------+------+----------+
|  1 | GITA     | Compliance officers | 1981-07-19 | 1750 | NULL |        1 |
|  2 | VRUSHALI | Compliance officers | 1981-07-19 | 1750 | NULL |        1 |
|  3 | SHARMIN  | Public Relation     | 1981-07-19 | 1750 | NULL |        1 |
|  4 | BANDISH  | Public Relation     | 1981-07-19 | 1750 | NULL |        1 |
|  5 | SMITH    | CLERK               | 1980-12-17 |  800 | NULL |        0 |
|  6 | AARAV    | CLERK               | 1981-12-31 | 3350 | NULL |        0 |
|  7 | THOMAS   | CLERK               | 1981-07-19 | 1750 | NULL |        0 |
|  8 | ALLEN    | SALESMAN            | 1981-02-20 | 1600 |  300 |        1 |
|  9 | WARD     | SALESMAN            | 1981-02-22 | 1250 |  500 |        1 |
| 10 | JONES    | MANAGER             | 1981-04-02 | 2975 | NULL |        1 |
| 11 | MARTIN   | SALESMAN            | 1981-09-28 | 1250 | 1400 |        1 |
| 12 | BLAKE    | MANAGER             | 1981-05-01 | 2850 | NULL |        1 |
| 13 | CLARK    | MANAGER             | 1981-06-09 | 2450 | NULL |        1 |
| 14 | SCOTT    | ANALYST             | 1982-12-09 | 3000 | NULL |        1 |
| 15 | KING     | PRESIDENT           | 1981-11-17 | 5000 | NULL |        1 |
| 16 | FRED     | vice PRESIDENT      | 1983-08-09 | 5000 | NULL |        1 |
| 17 | TURNER   | SALESMAN            | 1981-09-08 | 1500 |    0 |        1 |
| 18 | ADAMS    | CLERK               | 1983-01-12 | 1100 | NULL |        1 |
| 19 | JAMES    | CLERK               | 1981-12-03 |  950 | NULL |        1 |
| 20 | FORD     | ANALYST             | 1981-12-03 | 3000 | NULL |        0 |
| 21 | HOFFMAN  | MANAGER             | 1982-03-24 | 4150 | NULL |        1 |
| 22 | GRASS    | SALESMAN            | 1980-02-14 | 2575 | 2700 |        1 |
| 23 | MILLER   | CLERK               | 1982-01-23 | 1300 | NULL |        0 |
| 24 | AARUSH   | SALESMAN            | 1980-02-14 | 1350 | 2700 |        0 |
| 25 | ALEX     | MANAGER             | 1982-01-24 | 1250 |  500 |        1 |
| 26 | NATASHA  | CLERK               | 1981-07-19 | 1750 | NULL |        1 |
| 27 | SANGITA  | Compliance officers | 1981-07-19 | 1750 | NULL |        1 |
| 28 | SUPRIYA  | ANALYST             | 1981-07-19 | 1750 | NULL |        1 |
+----+----------+---------------------+------------+------+------+----------+
28 rows in set (0.00 sec)

mysql> select t1.* from (select row_number() over() R1, ename, job, hiredate, sal, comm, isactive from emp) t1;
+----+----------+---------------------+------------+------+------+----------+
| R1 | ename    | job                 | hiredate   | sal  | comm | isactive |
+----+----------+---------------------+------------+------+------+----------+
|  1 | GITA     | Compliance officers | 1981-07-19 | 1750 | NULL |        1 |
|  2 | VRUSHALI | Compliance officers | 1981-07-19 | 1750 | NULL |        1 |
|  3 | SHARMIN  | Public Relation     | 1981-07-19 | 1750 | NULL |        1 |
|  4 | BANDISH  | Public Relation     | 1981-07-19 | 1750 | NULL |        1 |
|  5 | SMITH    | CLERK               | 1980-12-17 |  800 | NULL |        0 |
|  6 | AARAV    | CLERK               | 1981-12-31 | 3350 | NULL |        0 |
|  7 | THOMAS   | CLERK               | 1981-07-19 | 1750 | NULL |        0 |
|  8 | ALLEN    | SALESMAN            | 1981-02-20 | 1600 |  300 |        1 |
|  9 | WARD     | SALESMAN            | 1981-02-22 | 1250 |  500 |        1 |
| 10 | JONES    | MANAGER             | 1981-04-02 | 2975 | NULL |        1 |
| 11 | MARTIN   | SALESMAN            | 1981-09-28 | 1250 | 1400 |        1 |
| 12 | BLAKE    | MANAGER             | 1981-05-01 | 2850 | NULL |        1 |
| 13 | CLARK    | MANAGER             | 1981-06-09 | 2450 | NULL |        1 |
| 14 | SCOTT    | ANALYST             | 1982-12-09 | 3000 | NULL |        1 |
| 15 | KING     | PRESIDENT           | 1981-11-17 | 5000 | NULL |        1 |
| 16 | FRED     | vice PRESIDENT      | 1983-08-09 | 5000 | NULL |        1 |
| 17 | TURNER   | SALESMAN            | 1981-09-08 | 1500 |    0 |        1 |
| 18 | ADAMS    | CLERK               | 1983-01-12 | 1100 | NULL |        1 |
| 19 | JAMES    | CLERK               | 1981-12-03 |  950 | NULL |        1 |
| 20 | FORD     | ANALYST             | 1981-12-03 | 3000 | NULL |        0 |
| 21 | HOFFMAN  | MANAGER             | 1982-03-24 | 4150 | NULL |        1 |
| 22 | GRASS    | SALESMAN            | 1980-02-14 | 2575 | 2700 |        1 |
| 23 | MILLER   | CLERK               | 1982-01-23 | 1300 | NULL |        0 |
| 24 | AARUSH   | SALESMAN            | 1980-02-14 | 1350 | 2700 |        0 |
| 25 | ALEX     | MANAGER             | 1982-01-24 | 1250 |  500 |        1 |
| 26 | NATASHA  | CLERK               | 1981-07-19 | 1750 | NULL |        1 |
| 27 | SANGITA  | Compliance officers | 1981-07-19 | 1750 | NULL |        1 |
| 28 | SUPRIYA  | ANALYST             | 1981-07-19 | 1750 | NULL |        1 |
+----+----------+---------------------+------------+------+------+----------+
28 rows in set (0.01 sec)

mysql> select  mod(R1,2) R1, t1.* from (select row_number() over() R1, ename, job, hiredate, sal, comm, isactive from emp) t1;
+------+----+----------+---------------------+------------+------+------+----------+
| R1   | R1 | ename    | job                 | hiredate   | sal  | comm | isactive |
+------+----+----------+---------------------+------------+------+------+----------+
|    1 |  1 | GITA     | Compliance officers | 1981-07-19 | 1750 | NULL |        1 |
|    0 |  2 | VRUSHALI | Compliance officers | 1981-07-19 | 1750 | NULL |        1 |
|    1 |  3 | SHARMIN  | Public Relation     | 1981-07-19 | 1750 | NULL |        1 |
|    0 |  4 | BANDISH  | Public Relation     | 1981-07-19 | 1750 | NULL |        1 |
|    1 |  5 | SMITH    | CLERK               | 1980-12-17 |  800 | NULL |        0 |
|    0 |  6 | AARAV    | CLERK               | 1981-12-31 | 3350 | NULL |        0 |
|    1 |  7 | THOMAS   | CLERK               | 1981-07-19 | 1750 | NULL |        0 |
|    0 |  8 | ALLEN    | SALESMAN            | 1981-02-20 | 1600 |  300 |        1 |
|    1 |  9 | WARD     | SALESMAN            | 1981-02-22 | 1250 |  500 |        1 |
|    0 | 10 | JONES    | MANAGER             | 1981-04-02 | 2975 | NULL |        1 |
|    1 | 11 | MARTIN   | SALESMAN            | 1981-09-28 | 1250 | 1400 |        1 |
|    0 | 12 | BLAKE    | MANAGER             | 1981-05-01 | 2850 | NULL |        1 |
|    1 | 13 | CLARK    | MANAGER             | 1981-06-09 | 2450 | NULL |        1 |
|    0 | 14 | SCOTT    | ANALYST             | 1982-12-09 | 3000 | NULL |        1 |
|    1 | 15 | KING     | PRESIDENT           | 1981-11-17 | 5000 | NULL |        1 |
|    0 | 16 | FRED     | vice PRESIDENT      | 1983-08-09 | 5000 | NULL |        1 |
|    1 | 17 | TURNER   | SALESMAN            | 1981-09-08 | 1500 |    0 |        1 |
|    0 | 18 | ADAMS    | CLERK               | 1983-01-12 | 1100 | NULL |        1 |
|    1 | 19 | JAMES    | CLERK               | 1981-12-03 |  950 | NULL |        1 |
|    0 | 20 | FORD     | ANALYST             | 1981-12-03 | 3000 | NULL |        0 |
|    1 | 21 | HOFFMAN  | MANAGER             | 1982-03-24 | 4150 | NULL |        1 |
|    0 | 22 | GRASS    | SALESMAN            | 1980-02-14 | 2575 | 2700 |        1 |
|    1 | 23 | MILLER   | CLERK               | 1982-01-23 | 1300 | NULL |        0 |
|    0 | 24 | AARUSH   | SALESMAN            | 1980-02-14 | 1350 | 2700 |        0 |
|    1 | 25 | ALEX     | MANAGER             | 1982-01-24 | 1250 |  500 |        1 |
|    0 | 26 | NATASHA  | CLERK               | 1981-07-19 | 1750 | NULL |        1 |
|    1 | 27 | SANGITA  | Compliance officers | 1981-07-19 | 1750 | NULL |        1 |
|    0 | 28 | SUPRIYA  | ANALYST             | 1981-07-19 | 1750 | NULL |        1 |
+------+----+----------+---------------------+------------+------+------+----------+
28 rows in set (0.01 sec)

mysql> select  mod(R1,2) R2, t1.* from (select row_number() over() R1, ename, job, hiredate, sal, comm, isactive from emp) t1;
+------+----+----------+---------------------+------------+------+------+----------+
| R2   | R1 | ename    | job                 | hiredate   | sal  | comm | isactive |
+------+----+----------+---------------------+------------+------+------+----------+
|    1 |  1 | GITA     | Compliance officers | 1981-07-19 | 1750 | NULL |        1 |
|    0 |  2 | VRUSHALI | Compliance officers | 1981-07-19 | 1750 | NULL |        1 |
|    1 |  3 | SHARMIN  | Public Relation     | 1981-07-19 | 1750 | NULL |        1 |
|    0 |  4 | BANDISH  | Public Relation     | 1981-07-19 | 1750 | NULL |        1 |
|    1 |  5 | SMITH    | CLERK               | 1980-12-17 |  800 | NULL |        0 |
|    0 |  6 | AARAV    | CLERK               | 1981-12-31 | 3350 | NULL |        0 |
|    1 |  7 | THOMAS   | CLERK               | 1981-07-19 | 1750 | NULL |        0 |
|    0 |  8 | ALLEN    | SALESMAN            | 1981-02-20 | 1600 |  300 |        1 |
|    1 |  9 | WARD     | SALESMAN            | 1981-02-22 | 1250 |  500 |        1 |
|    0 | 10 | JONES    | MANAGER             | 1981-04-02 | 2975 | NULL |        1 |
|    1 | 11 | MARTIN   | SALESMAN            | 1981-09-28 | 1250 | 1400 |        1 |
|    0 | 12 | BLAKE    | MANAGER             | 1981-05-01 | 2850 | NULL |        1 |
|    1 | 13 | CLARK    | MANAGER             | 1981-06-09 | 2450 | NULL |        1 |
|    0 | 14 | SCOTT    | ANALYST             | 1982-12-09 | 3000 | NULL |        1 |
|    1 | 15 | KING     | PRESIDENT           | 1981-11-17 | 5000 | NULL |        1 |
|    0 | 16 | FRED     | vice PRESIDENT      | 1983-08-09 | 5000 | NULL |        1 |
|    1 | 17 | TURNER   | SALESMAN            | 1981-09-08 | 1500 |    0 |        1 |
|    0 | 18 | ADAMS    | CLERK               | 1983-01-12 | 1100 | NULL |        1 |
|    1 | 19 | JAMES    | CLERK               | 1981-12-03 |  950 | NULL |        1 |
|    0 | 20 | FORD     | ANALYST             | 1981-12-03 | 3000 | NULL |        0 |
|    1 | 21 | HOFFMAN  | MANAGER             | 1982-03-24 | 4150 | NULL |        1 |
|    0 | 22 | GRASS    | SALESMAN            | 1980-02-14 | 2575 | 2700 |        1 |
|    1 | 23 | MILLER   | CLERK               | 1982-01-23 | 1300 | NULL |        0 |
|    0 | 24 | AARUSH   | SALESMAN            | 1980-02-14 | 1350 | 2700 |        0 |
|    1 | 25 | ALEX     | MANAGER             | 1982-01-24 | 1250 |  500 |        1 |
|    0 | 26 | NATASHA  | CLERK               | 1981-07-19 | 1750 | NULL |        1 |
|    1 | 27 | SANGITA  | Compliance officers | 1981-07-19 | 1750 | NULL |        1 |
|    0 | 28 | SUPRIYA  | ANALYST             | 1981-07-19 | 1750 | NULL |        1 |
+------+----+----------+---------------------+------------+------+------+----------+
28 rows in set (0.01 sec)

mysql> select  mod(R1,2) R2, t1.* from (select row_number() over() R1, ename, job, hiredate, sal, comm, isactive from emp) t1 where r2=1;
ERROR 1054 (42S22): Unknown column 'r2' in 'where clause'
mysql> select row_number() over() R1, R2,mod( row_number() over(),2) ename, job, hiredate, sal, comm, isactive from emp;
ERROR 1054 (42S22): Unknown column 'R2' in 'field list'
mysql> select row_number() over() R1,mod( row_number() over(),2) R2,  ename, job, hiredate, sal, comm, isactive from emp;
+----+------+----------+---------------------+------------+------+------+----------+
| R1 | R2   | ename    | job                 | hiredate   | sal  | comm | isactive |
+----+------+----------+---------------------+------------+------+------+----------+
|  1 |    1 | GITA     | Compliance officers | 1981-07-19 | 1750 | NULL |        1 |
|  2 |    0 | VRUSHALI | Compliance officers | 1981-07-19 | 1750 | NULL |        1 |
|  3 |    1 | SHARMIN  | Public Relation     | 1981-07-19 | 1750 | NULL |        1 |
|  4 |    0 | BANDISH  | Public Relation     | 1981-07-19 | 1750 | NULL |        1 |
|  5 |    1 | SMITH    | CLERK               | 1980-12-17 |  800 | NULL |        0 |
|  6 |    0 | AARAV    | CLERK               | 1981-12-31 | 3350 | NULL |        0 |
|  7 |    1 | THOMAS   | CLERK               | 1981-07-19 | 1750 | NULL |        0 |
|  8 |    0 | ALLEN    | SALESMAN            | 1981-02-20 | 1600 |  300 |        1 |
|  9 |    1 | WARD     | SALESMAN            | 1981-02-22 | 1250 |  500 |        1 |
| 10 |    0 | JONES    | MANAGER             | 1981-04-02 | 2975 | NULL |        1 |
| 11 |    1 | MARTIN   | SALESMAN            | 1981-09-28 | 1250 | 1400 |        1 |
| 12 |    0 | BLAKE    | MANAGER             | 1981-05-01 | 2850 | NULL |        1 |
| 13 |    1 | CLARK    | MANAGER             | 1981-06-09 | 2450 | NULL |        1 |
| 14 |    0 | SCOTT    | ANALYST             | 1982-12-09 | 3000 | NULL |        1 |
| 15 |    1 | KING     | PRESIDENT           | 1981-11-17 | 5000 | NULL |        1 |
| 16 |    0 | FRED     | vice PRESIDENT      | 1983-08-09 | 5000 | NULL |        1 |
| 17 |    1 | TURNER   | SALESMAN            | 1981-09-08 | 1500 |    0 |        1 |
| 18 |    0 | ADAMS    | CLERK               | 1983-01-12 | 1100 | NULL |        1 |
| 19 |    1 | JAMES    | CLERK               | 1981-12-03 |  950 | NULL |        1 |
| 20 |    0 | FORD     | ANALYST             | 1981-12-03 | 3000 | NULL |        0 |
| 21 |    1 | HOFFMAN  | MANAGER             | 1982-03-24 | 4150 | NULL |        1 |
| 22 |    0 | GRASS    | SALESMAN            | 1980-02-14 | 2575 | 2700 |        1 |
| 23 |    1 | MILLER   | CLERK               | 1982-01-23 | 1300 | NULL |        0 |
| 24 |    0 | AARUSH   | SALESMAN            | 1980-02-14 | 1350 | 2700 |        0 |
| 25 |    1 | ALEX     | MANAGER             | 1982-01-24 | 1250 |  500 |        1 |
| 26 |    0 | NATASHA  | CLERK               | 1981-07-19 | 1750 | NULL |        1 |
| 27 |    1 | SANGITA  | Compliance officers | 1981-07-19 | 1750 | NULL |        1 |
| 28 |    0 | SUPRIYA  | ANALYST             | 1981-07-19 | 1750 | NULL |        1 |
+----+------+----------+---------------------+------------+------+------+----------+
28 rows in set (0.01 sec)

mysql> select * from (select row_number() over() R1,mod( row_number() over(),2) R2,  ename, job, hiredate, sal, comm, isactive from emp) t1;
+----+------+----------+---------------------+------------+------+------+----------+
| R1 | R2   | ename    | job                 | hiredate   | sal  | comm | isactive |
+----+------+----------+---------------------+------------+------+------+----------+
|  1 |    1 | GITA     | Compliance officers | 1981-07-19 | 1750 | NULL |        1 |
|  2 |    0 | VRUSHALI | Compliance officers | 1981-07-19 | 1750 | NULL |        1 |
|  3 |    1 | SHARMIN  | Public Relation     | 1981-07-19 | 1750 | NULL |        1 |
|  4 |    0 | BANDISH  | Public Relation     | 1981-07-19 | 1750 | NULL |        1 |
|  5 |    1 | SMITH    | CLERK               | 1980-12-17 |  800 | NULL |        0 |
|  6 |    0 | AARAV    | CLERK               | 1981-12-31 | 3350 | NULL |        0 |
|  7 |    1 | THOMAS   | CLERK               | 1981-07-19 | 1750 | NULL |        0 |
|  8 |    0 | ALLEN    | SALESMAN            | 1981-02-20 | 1600 |  300 |        1 |
|  9 |    1 | WARD     | SALESMAN            | 1981-02-22 | 1250 |  500 |        1 |
| 10 |    0 | JONES    | MANAGER             | 1981-04-02 | 2975 | NULL |        1 |
| 11 |    1 | MARTIN   | SALESMAN            | 1981-09-28 | 1250 | 1400 |        1 |
| 12 |    0 | BLAKE    | MANAGER             | 1981-05-01 | 2850 | NULL |        1 |
| 13 |    1 | CLARK    | MANAGER             | 1981-06-09 | 2450 | NULL |        1 |
| 14 |    0 | SCOTT    | ANALYST             | 1982-12-09 | 3000 | NULL |        1 |
| 15 |    1 | KING     | PRESIDENT           | 1981-11-17 | 5000 | NULL |        1 |
| 16 |    0 | FRED     | vice PRESIDENT      | 1983-08-09 | 5000 | NULL |        1 |
| 17 |    1 | TURNER   | SALESMAN            | 1981-09-08 | 1500 |    0 |        1 |
| 18 |    0 | ADAMS    | CLERK               | 1983-01-12 | 1100 | NULL |        1 |
| 19 |    1 | JAMES    | CLERK               | 1981-12-03 |  950 | NULL |        1 |
| 20 |    0 | FORD     | ANALYST             | 1981-12-03 | 3000 | NULL |        0 |
| 21 |    1 | HOFFMAN  | MANAGER             | 1982-03-24 | 4150 | NULL |        1 |
| 22 |    0 | GRASS    | SALESMAN            | 1980-02-14 | 2575 | 2700 |        1 |
| 23 |    1 | MILLER   | CLERK               | 1982-01-23 | 1300 | NULL |        0 |
| 24 |    0 | AARUSH   | SALESMAN            | 1980-02-14 | 1350 | 2700 |        0 |
| 25 |    1 | ALEX     | MANAGER             | 1982-01-24 | 1250 |  500 |        1 |
| 26 |    0 | NATASHA  | CLERK               | 1981-07-19 | 1750 | NULL |        1 |
| 27 |    1 | SANGITA  | Compliance officers | 1981-07-19 | 1750 | NULL |        1 |
| 28 |    0 | SUPRIYA  | ANALYST             | 1981-07-19 | 1750 | NULL |        1 |
+----+------+----------+---------------------+------------+------+------+----------+
28 rows in set (0.00 sec)

mysql> select * from (select row_number() over() R1,mod( row_number() over(),2) R2,  ename, job, hiredate, sal, comm, isactive from emp) t1 where r2=1;
+----+------+---------+---------------------+------------+------+------+----------+
| R1 | R2   | ename   | job                 | hiredate   | sal  | comm | isactive |
+----+------+---------+---------------------+------------+------+------+----------+
|  1 |    1 | GITA    | Compliance officers | 1981-07-19 | 1750 | NULL |        1 |
|  3 |    1 | SHARMIN | Public Relation     | 1981-07-19 | 1750 | NULL |        1 |
|  5 |    1 | SMITH   | CLERK               | 1980-12-17 |  800 | NULL |        0 |
|  7 |    1 | THOMAS  | CLERK               | 1981-07-19 | 1750 | NULL |        0 |
|  9 |    1 | WARD    | SALESMAN            | 1981-02-22 | 1250 |  500 |        1 |
| 11 |    1 | MARTIN  | SALESMAN            | 1981-09-28 | 1250 | 1400 |        1 |
| 13 |    1 | CLARK   | MANAGER             | 1981-06-09 | 2450 | NULL |        1 |
| 15 |    1 | KING    | PRESIDENT           | 1981-11-17 | 5000 | NULL |        1 |
| 17 |    1 | TURNER  | SALESMAN            | 1981-09-08 | 1500 |    0 |        1 |
| 19 |    1 | JAMES   | CLERK               | 1981-12-03 |  950 | NULL |        1 |
| 21 |    1 | HOFFMAN | MANAGER             | 1982-03-24 | 4150 | NULL |        1 |
| 23 |    1 | MILLER  | CLERK               | 1982-01-23 | 1300 | NULL |        0 |
| 25 |    1 | ALEX    | MANAGER             | 1982-01-24 | 1250 |  500 |        1 |
| 27 |    1 | SANGITA | Compliance officers | 1981-07-19 | 1750 | NULL |        1 |
+----+------+---------+---------------------+------------+------+------+----------+
14 rows in set (0.00 sec)

mysql> select row_number() over() srno, t1.* from (select row_number() over() R1,mod( row_number() over(),2) R2,  ename, job, hiredate, sal, comm, isactive from emp) t1 where r2=1;
+------+----+------+---------+---------------------+------------+------+------+----------+
| srno | R1 | R2   | ename   | job                 | hiredate   | sal  | comm | isactive |
+------+----+------+---------+---------------------+------------+------+------+----------+
|    1 |  1 |    1 | GITA    | Compliance officers | 1981-07-19 | 1750 | NULL |        1 |
|    2 |  3 |    1 | SHARMIN | Public Relation     | 1981-07-19 | 1750 | NULL |        1 |
|    3 |  5 |    1 | SMITH   | CLERK               | 1980-12-17 |  800 | NULL |        0 |
|    4 |  7 |    1 | THOMAS  | CLERK               | 1981-07-19 | 1750 | NULL |        0 |
|    5 |  9 |    1 | WARD    | SALESMAN            | 1981-02-22 | 1250 |  500 |        1 |
|    6 | 11 |    1 | MARTIN  | SALESMAN            | 1981-09-28 | 1250 | 1400 |        1 |
|    7 | 13 |    1 | CLARK   | MANAGER             | 1981-06-09 | 2450 | NULL |        1 |
|    8 | 15 |    1 | KING    | PRESIDENT           | 1981-11-17 | 5000 | NULL |        1 |
|    9 | 17 |    1 | TURNER  | SALESMAN            | 1981-09-08 | 1500 |    0 |        1 |
|   10 | 19 |    1 | JAMES   | CLERK               | 1981-12-03 |  950 | NULL |        1 |
|   11 | 21 |    1 | HOFFMAN | MANAGER             | 1982-03-24 | 4150 | NULL |        1 |
|   12 | 23 |    1 | MILLER  | CLERK               | 1982-01-23 | 1300 | NULL |        0 |
|   13 | 25 |    1 | ALEX    | MANAGER             | 1982-01-24 | 1250 |  500 |        1 |
|   14 | 27 |    1 | SANGITA | Compliance officers | 1981-07-19 | 1750 | NULL |        1 |
+------+----+------+---------+---------------------+------------+------+------+----------+
14 rows in set (0.00 sec)

mysql> select row_number() over() srno, ename, job, hiredate, sal, comm, isactive  from (select row_number() over() R1,mod( row_number() over(),2) R2,  ename, job, hiredate, sal, comm, isactive from emp) t1 where r2=1;
+------+---------+---------------------+------------+------+------+----------+
| srno | ename   | job                 | hiredate   | sal  | comm | isactive |
+------+---------+---------------------+------------+------+------+----------+
|    1 | GITA    | Compliance officers | 1981-07-19 | 1750 | NULL |        1 |
|    2 | SHARMIN | Public Relation     | 1981-07-19 | 1750 | NULL |        1 |
|    3 | SMITH   | CLERK               | 1980-12-17 |  800 | NULL |        0 |
|    4 | THOMAS  | CLERK               | 1981-07-19 | 1750 | NULL |        0 |
|    5 | WARD    | SALESMAN            | 1981-02-22 | 1250 |  500 |        1 |
|    6 | MARTIN  | SALESMAN            | 1981-09-28 | 1250 | 1400 |        1 |
|    7 | CLARK   | MANAGER             | 1981-06-09 | 2450 | NULL |        1 |
|    8 | KING    | PRESIDENT           | 1981-11-17 | 5000 | NULL |        1 |
|    9 | TURNER  | SALESMAN            | 1981-09-08 | 1500 |    0 |        1 |
|   10 | JAMES   | CLERK               | 1981-12-03 |  950 | NULL |        1 |
|   11 | HOFFMAN | MANAGER             | 1982-03-24 | 4150 | NULL |        1 |
|   12 | MILLER  | CLERK               | 1982-01-23 | 1300 | NULL |        0 |
|   13 | ALEX    | MANAGER             | 1982-01-24 | 1250 |  500 |        1 |
|   14 | SANGITA | Compliance officers | 1981-07-19 | 1750 | NULL |        1 |
+------+---------+---------------------+------------+------+------+----------+
14 rows in set (0.01 sec)

mysql>
mysql>
mysql> select row_number() over() srno, ename, job, hiredate, sal, comm, isactive  from (select row_number() over() R1,mod( row_number() over(),2) R2,  ename, job, hiredate, sal, comm, isactive from emp) t1 where r2=1;
+------+---------+---------------------+------------+------+------+----------+
| srno | ename   | job                 | hiredate   | sal  | comm | isactive |
+------+---------+---------------------+------------+------+------+----------+
|    1 | GITA    | Compliance officers | 1981-07-19 | 1750 | NULL |        1 |
|    2 | SHARMIN | Public Relation     | 1981-07-19 | 1750 | NULL |        1 |
|    3 | SMITH   | CLERK               | 1980-12-17 |  800 | NULL |        0 |
|    4 | THOMAS  | CLERK               | 1981-07-19 | 1750 | NULL |        0 |
|    5 | WARD    | SALESMAN            | 1981-02-22 | 1250 |  500 |        1 |
|    6 | MARTIN  | SALESMAN            | 1981-09-28 | 1250 | 1400 |        1 |
|    7 | CLARK   | MANAGER             | 1981-06-09 | 2450 | NULL |        1 |
|    8 | KING    | PRESIDENT           | 1981-11-17 | 5000 | NULL |        1 |
|    9 | TURNER  | SALESMAN            | 1981-09-08 | 1500 |    0 |        1 |
|   10 | JAMES   | CLERK               | 1981-12-03 |  950 | NULL |        1 |
|   11 | HOFFMAN | MANAGER             | 1982-03-24 | 4150 | NULL |        1 |
|   12 | MILLER  | CLERK               | 1982-01-23 | 1300 | NULL |        0 |
|   13 | ALEX    | MANAGER             | 1982-01-24 | 1250 |  500 |        1 |
|   14 | SANGITA | Compliance officers | 1981-07-19 | 1750 | NULL |        1 |
+------+---------+---------------------+------------+------+------+----------+
14 rows in set (0.00 sec)

mysql>
mysql> select custid, orderdate, total from ord;
+--------+---------------------+----------+
| custid | orderdate           | total    |
+--------+---------------------+----------+
|    106 | 1986-05-01 00:00:00 |     2.40 |
|    102 | 1986-06-05 00:00:00 |    56.00 |
|    102 | 1986-06-05 00:00:00 |   224.00 |
|    106 | 1986-06-15 00:00:00 |   698.00 |
|    106 | 1986-07-14 00:00:00 |  8324.00 |
|    100 | 1986-07-14 00:00:00 |     3.40 |
|    104 | 1986-07-18 00:00:00 |     5.60 |
|    104 | 1986-07-25 00:00:00 |    35.20 |
|    100 | 1986-08-01 00:00:00 |    97.50 |
|    101 | 1987-01-07 00:00:00 |   101.40 |
|    102 | 1987-01-11 00:00:00 |    45.00 |
|    104 | 1987-01-15 00:00:00 |  5860.00 |
|    108 | 1987-02-01 00:00:00 |  6400.00 |
|    102 | 1987-02-01 00:00:00 | 23940.00 |
|    107 | 1987-02-01 00:00:00 |   710.00 |
|    103 | 1987-02-03 00:00:00 |   764.00 |
|    105 | 1987-02-05 00:00:00 | 46370.00 |
|    102 | 1987-02-15 00:00:00 |  3510.50 |
|    104 | 1987-02-22 00:00:00 |  1260.00 |
|    100 | 1987-03-12 00:00:00 |  4450.00 |
|    100 | 1987-03-15 00:00:00 |   730.00 |
|    105 | 1986-12-31 00:00:00 |  1125.00 |
|    105 | 1987-01-06 00:00:00 |   189.00 |
|    105 | 1987-01-09 00:00:00 |  1255.00 |
|    107 | 1987-01-31 00:00:00 |  1675.00 |
|    100 | 1987-02-13 00:00:00 |   250.00 |
+--------+---------------------+----------+
26 rows in set (0.00 sec)

mysql> select custid, max(orderdate) from ord group by custid;
+--------+---------------------+
| custid | max(orderdate)      |
+--------+---------------------+
|    100 | 1987-03-15 00:00:00 |
|    101 | 1987-01-07 00:00:00 |
|    102 | 1987-02-15 00:00:00 |
|    103 | 1987-02-03 00:00:00 |
|    104 | 1987-02-22 00:00:00 |
|    105 | 1987-02-05 00:00:00 |
|    106 | 1986-07-14 00:00:00 |
|    107 | 1987-02-01 00:00:00 |
|    108 | 1987-02-01 00:00:00 |
+--------+---------------------+
9 rows in set (0.01 sec)

mysql>
mysql>
mysql>
mysql>
mysql>
mysql>
mysql>
mysql>
mysql>
mysql>
mysql>
mysql>
mysql>
mysql>
mysql>
mysql> select row_number() over() srno, ename, job, hiredate, sal, comm, isactive  from (select row_number() over() R1,mod( row_number() over(),2) R2,  ename, job, hiredate, sal, comm, isactive from emp) t1 where r2=1;
+------+---------+---------------------+------------+------+------+----------+
| srno | ename   | job                 | hiredate   | sal  | comm | isactive |
+------+---------+---------------------+------------+------+------+----------+
|    1 | GITA    | Compliance officers | 1981-07-19 | 1750 | NULL |        1 |
|    2 | SHARMIN | Public Relation     | 1981-07-19 | 1750 | NULL |        1 |
|    3 | SMITH   | CLERK               | 1980-12-17 |  800 | NULL |        0 |
|    4 | THOMAS  | CLERK               | 1981-07-19 | 1750 | NULL |        0 |
|    5 | WARD    | SALESMAN            | 1981-02-22 | 1250 |  500 |        1 |
|    6 | MARTIN  | SALESMAN            | 1981-09-28 | 1250 | 1400 |        1 |
|    7 | CLARK   | MANAGER             | 1981-06-09 | 2450 | NULL |        1 |
|    8 | KING    | PRESIDENT           | 1981-11-17 | 5000 | NULL |        1 |
|    9 | TURNER  | SALESMAN            | 1981-09-08 | 1500 |    0 |        1 |
|   10 | JAMES   | CLERK               | 1981-12-03 |  950 | NULL |        1 |
|   11 | HOFFMAN | MANAGER             | 1982-03-24 | 4150 | NULL |        1 |
|   12 | MILLER  | CLERK               | 1982-01-23 | 1300 | NULL |        0 |
|   13 | ALEX    | MANAGER             | 1982-01-24 | 1250 |  500 |        1 |
|   14 | SANGITA | Compliance officers | 1981-07-19 | 1750 | NULL |        1 |
+------+---------+---------------------+------------+------+------+----------+
14 rows in set (0.00 sec)

mysql> select job, count(*) from emp group by job;
+---------------------+----------+
| job                 | count(*) |
+---------------------+----------+
| Compliance officers |        3 |
| Public Relation     |        2 |
| CLERK               |        7 |
| SALESMAN            |        6 |
| MANAGER             |        5 |
| ANALYST             |        3 |
| PRESIDENT           |        1 |
| vice PRESIDENT      |        1 |
+---------------------+----------+
8 rows in set (0.01 sec)

mysql> select * from (select job, count(*) R1 from emp group by job);
ERROR 1248 (42000): Every derived table must have its own alias
mysql> select * from (select job, count(*) R1 from emp group by job) T1;
+---------------------+----+
| job                 | R1 |
+---------------------+----+
| Compliance officers |  3 |
| Public Relation     |  2 |
| CLERK               |  7 |
| SALESMAN            |  6 |
| MANAGER             |  5 |
| ANALYST             |  3 |
| PRESIDENT           |  1 |
| vice PRESIDENT      |  1 |
+---------------------+----+
8 rows in set (0.00 sec)

mysql> SELECT job, CONCAT(GROUP_CONCAT(sal),' (',  MAX(sal), ')') FROM emp GROUP BY job;
+---------------------+------------------------------------------------+
| job                 | CONCAT(GROUP_CONCAT(sal),' (',  MAX(sal), ')') |
+---------------------+------------------------------------------------+
| ANALYST             | 3000,3000,1750 (3000)                          |
| CLERK               | 800,3350,1750,1100,950,1300,1750 (3350)        |
| Compliance officers | 1750,1750,1750 (1750)                          |
| MANAGER             | 2975,2850,2450,4150,1250 (4150)                |
| PRESIDENT           | 5000 (5000)                                    |
| Public Relation     | 1750,1750 (1750)                               |
| SALESMAN            | 1600,1250,1250,1500,2575,1350 (2575)           |
| vice PRESIDENT      | 5000 (5000)                                    |
+---------------------+------------------------------------------------+
8 rows in set (0.01 sec)

mysql> SELECT job, CONCAT(GROUP_CONCAT(sal),' (',  MAX(sal), ')') R1 FROM emp GROUP BY job;
+---------------------+-----------------------------------------+
| job                 | R1                                      |
+---------------------+-----------------------------------------+
| ANALYST             | 3000,3000,1750 (3000)                   |
| CLERK               | 800,3350,1750,1100,950,1300,1750 (3350) |
| Compliance officers | 1750,1750,1750 (1750)                   |
| MANAGER             | 2975,2850,2450,4150,1250 (4150)         |
| PRESIDENT           | 5000 (5000)                             |
| Public Relation     | 1750,1750 (1750)                        |
| SALESMAN            | 1600,1250,1250,1500,2575,1350 (2575)    |
| vice PRESIDENT      | 5000 (5000)                             |
+---------------------+-----------------------------------------+
8 rows in set (0.00 sec)

mysql>
mysql>
mysql>
mysql>
mysql> SELECT job, CONCAT(GROUP_CONCAT(sal),' (',  MAX(sal), ')') R1 FROM emp GROUP BY job;
+---------------------+-----------------------------------------+
| job                 | R1                                      |
+---------------------+-----------------------------------------+
| ANALYST             | 3000,3000,1750 (3000)                   |
| CLERK               | 800,3350,1750,1100,950,1300,1750 (3350) |
| Compliance officers | 1750,1750,1750 (1750)                   |
| MANAGER             | 2975,2850,2450,4150,1250 (4150)         |
| PRESIDENT           | 5000 (5000)                             |
| Public Relation     | 1750,1750 (1750)                        |
| SALESMAN            | 1600,1250,1250,1500,2575,1350 (2575)    |
| vice PRESIDENT      | 5000 (5000)                             |
+---------------------+-----------------------------------------+
8 rows in set (0.00 sec)

mysql> select 10+10;
+-------+
| 10+10 |
+-------+
|    20 |
+-------+
1 row in set (0.01 sec)

mysql> select ename, job, deptno from emp where deptno=(select 10+10);
+---------+-----------------+--------+
| ename   | job             | deptno |
+---------+-----------------+--------+
| SHARMIN | Public Relation |     20 |
| BANDISH | Public Relation |     20 |
| SMITH   | CLERK           |     20 |
| JONES   | MANAGER         |     20 |
| SCOTT   | ANALYST         |     20 |
| FRED    | vice PRESIDENT  |     20 |
| ADAMS   | CLERK           |     20 |
| FORD    | ANALYST         |     20 |
+---------+-----------------+--------+
8 rows in set (0.01 sec)

mysql> select ename, job, deptno from emp where deptno=(select 10+10, 20);
ERROR 1241 (21000): Operand should contain 1 column(s)
mysql> select ename, job, deptno from emp where deptno=(select 10+10);
+---------+-----------------+--------+
| ename   | job             | deptno |
+---------+-----------------+--------+
| SHARMIN | Public Relation |     20 |
| BANDISH | Public Relation |     20 |
| SMITH   | CLERK           |     20 |
| JONES   | MANAGER         |     20 |
| SCOTT   | ANALYST         |     20 |
| FRED    | vice PRESIDENT  |     20 |
| ADAMS   | CLERK           |     20 |
| FORD    | ANALYST         |     20 |
+---------+-----------------+--------+
8 rows in set (0.00 sec)

mysql> select ename, job, hiredate, sal, comm, isactive deptno from emp;
+----------+---------------------+------------+------+------+--------+
| ename    | job                 | hiredate   | sal  | comm | deptno |
+----------+---------------------+------------+------+------+--------+
| GITA     | Compliance officers | 1981-07-19 | 1750 | NULL |      1 |
| VRUSHALI | Compliance officers | 1981-07-19 | 1750 | NULL |      1 |
| SHARMIN  | Public Relation     | 1981-07-19 | 1750 | NULL |      1 |
| BANDISH  | Public Relation     | 1981-07-19 | 1750 | NULL |      1 |
| SMITH    | CLERK               | 1980-12-17 |  800 | NULL |      0 |
| AARAV    | CLERK               | 1981-12-31 | 3350 | NULL |      0 |
| THOMAS   | CLERK               | 1981-07-19 | 1750 | NULL |      0 |
| ALLEN    | SALESMAN            | 1981-02-20 | 1600 |  300 |      1 |
| WARD     | SALESMAN            | 1981-02-22 | 1250 |  500 |      1 |
| JONES    | MANAGER             | 1981-04-02 | 2975 | NULL |      1 |
| MARTIN   | SALESMAN            | 1981-09-28 | 1250 | 1400 |      1 |
| BLAKE    | MANAGER             | 1981-05-01 | 2850 | NULL |      1 |
| CLARK    | MANAGER             | 1981-06-09 | 2450 | NULL |      1 |
| SCOTT    | ANALYST             | 1982-12-09 | 3000 | NULL |      1 |
| KING     | PRESIDENT           | 1981-11-17 | 5000 | NULL |      1 |
| FRED     | vice PRESIDENT      | 1983-08-09 | 5000 | NULL |      1 |
| TURNER   | SALESMAN            | 1981-09-08 | 1500 |    0 |      1 |
| ADAMS    | CLERK               | 1983-01-12 | 1100 | NULL |      1 |
| JAMES    | CLERK               | 1981-12-03 |  950 | NULL |      1 |
| FORD     | ANALYST             | 1981-12-03 | 3000 | NULL |      0 |
| HOFFMAN  | MANAGER             | 1982-03-24 | 4150 | NULL |      1 |
| GRASS    | SALESMAN            | 1980-02-14 | 2575 | 2700 |      1 |
| MILLER   | CLERK               | 1982-01-23 | 1300 | NULL |      0 |
| AARUSH   | SALESMAN            | 1980-02-14 | 1350 | 2700 |      0 |
| ALEX     | MANAGER             | 1982-01-24 | 1250 |  500 |      1 |
| NATASHA  | CLERK               | 1981-07-19 | 1750 | NULL |      1 |
| SANGITA  | Compliance officers | 1981-07-19 | 1750 | NULL |      1 |
| SUPRIYA  | ANALYST             | 1981-07-19 | 1750 | NULL |      1 |
+----------+---------------------+------------+------+------+--------+
28 rows in set (0.00 sec)

mysql> select ename, job, hiredate, sal, comm, isactive, deptno from emp;
+----------+---------------------+------------+------+------+----------+--------+
| ename    | job                 | hiredate   | sal  | comm | isactive | deptno |
+----------+---------------------+------------+------+------+----------+--------+
| GITA     | Compliance officers | 1981-07-19 | 1750 | NULL |        1 |     30 |
| VRUSHALI | Compliance officers | 1981-07-19 | 1750 | NULL |        1 |     50 |
| SHARMIN  | Public Relation     | 1981-07-19 | 1750 | NULL |        1 |     20 |
| BANDISH  | Public Relation     | 1981-07-19 | 1750 | NULL |        1 |     20 |
| SMITH    | CLERK               | 1980-12-17 |  800 | NULL |        0 |     20 |
| AARAV    | CLERK               | 1981-12-31 | 3350 | NULL |        0 |     10 |
| THOMAS   | CLERK               | 1981-07-19 | 1750 | NULL |        0 |     10 |
| ALLEN    | SALESMAN            | 1981-02-20 | 1600 |  300 |        1 |     30 |
| WARD     | SALESMAN            | 1981-02-22 | 1250 |  500 |        1 |     30 |
| JONES    | MANAGER             | 1981-04-02 | 2975 | NULL |        1 |     20 |
| MARTIN   | SALESMAN            | 1981-09-28 | 1250 | 1400 |        1 |     30 |
| BLAKE    | MANAGER             | 1981-05-01 | 2850 | NULL |        1 |     30 |
| CLARK    | MANAGER             | 1981-06-09 | 2450 | NULL |        1 |     10 |
| SCOTT    | ANALYST             | 1982-12-09 | 3000 | NULL |        1 |     20 |
| KING     | PRESIDENT           | 1981-11-17 | 5000 | NULL |        1 |     10 |
| FRED     | vice PRESIDENT      | 1983-08-09 | 5000 | NULL |        1 |     20 |
| TURNER   | SALESMAN            | 1981-09-08 | 1500 |    0 |        1 |     30 |
| ADAMS    | CLERK               | 1983-01-12 | 1100 | NULL |        1 |     20 |
| JAMES    | CLERK               | 1981-12-03 |  950 | NULL |        1 |     30 |
| FORD     | ANALYST             | 1981-12-03 | 3000 | NULL |        0 |     20 |
| HOFFMAN  | MANAGER             | 1982-03-24 | 4150 | NULL |        1 |     30 |
| GRASS    | SALESMAN            | 1980-02-14 | 2575 | 2700 |        1 |     30 |
| MILLER   | CLERK               | 1982-01-23 | 1300 | NULL |        0 |     10 |
| AARUSH   | SALESMAN            | 1980-02-14 | 1350 | 2700 |        0 |     30 |
| ALEX     | MANAGER             | 1982-01-24 | 1250 |  500 |        1 |     30 |
| NATASHA  | CLERK               | 1981-07-19 | 1750 | NULL |        1 |     30 |
| SANGITA  | Compliance officers | 1981-07-19 | 1750 | NULL |        1 |     50 |
| SUPRIYA  | ANALYST             | 1981-07-19 | 1750 | NULL |        1 |     50 |
+----------+---------------------+------------+------+------+----------+--------+
28 rows in set (0.00 sec)

mysql> select deptno from emp where ename='king';
+--------+
| deptno |
+--------+
|     10 |
+--------+
1 row in set (0.01 sec)

mysql> select ename, job, hiredate, sal, comm, isactive, deptno from emp where deptno=10;
+--------+-----------+------------+------+------+----------+--------+
| ename  | job       | hiredate   | sal  | comm | isactive | deptno |
+--------+-----------+------------+------+------+----------+--------+
| AARAV  | CLERK     | 1981-12-31 | 3350 | NULL |        0 |     10 |
| THOMAS | CLERK     | 1981-07-19 | 1750 | NULL |        0 |     10 |
| CLARK  | MANAGER   | 1981-06-09 | 2450 | NULL |        1 |     10 |
| KING   | PRESIDENT | 1981-11-17 | 5000 | NULL |        1 |     10 |
| MILLER | CLERK     | 1982-01-23 | 1300 | NULL |        0 |     10 |
+--------+-----------+------------+------+------+----------+--------+
5 rows in set (0.00 sec)

mysql> select ename, job, hiredate, sal, comm, isactive, deptno from emp where deptno=(select deptno from emp where ename='king');
+--------+-----------+------------+------+------+----------+--------+
| ename  | job       | hiredate   | sal  | comm | isactive | deptno |
+--------+-----------+------------+------+------+----------+--------+
| AARAV  | CLERK     | 1981-12-31 | 3350 | NULL |        0 |     10 |
| THOMAS | CLERK     | 1981-07-19 | 1750 | NULL |        0 |     10 |
| CLARK  | MANAGER   | 1981-06-09 | 2450 | NULL |        1 |     10 |
| KING   | PRESIDENT | 1981-11-17 | 5000 | NULL |        1 |     10 |
| MILLER | CLERK     | 1982-01-23 | 1300 | NULL |        0 |     10 |
+--------+-----------+------------+------+------+----------+--------+
5 rows in set (0.00 sec)

mysql>
mysql>
mysql>
mysql> select job, count(*) from emp group by job;
+---------------------+----------+
| job                 | count(*) |
+---------------------+----------+
| Compliance officers |        3 |
| Public Relation     |        2 |
| CLERK               |        7 |
| SALESMAN            |        6 |
| MANAGER             |        5 |
| ANALYST             |        3 |
| PRESIDENT           |        1 |
| vice PRESIDENT      |        1 |
+---------------------+----------+
8 rows in set (0.00 sec)

mysql> select job, count(*) from emp group by job having count(*)>5;
+----------+----------+
| job      | count(*) |
+----------+----------+
| CLERK    |        7 |
| SALESMAN |        6 |
+----------+----------+
2 rows in set (0.01 sec)

mysql> select count(*) from emp group by job;
+----------+
| count(*) |
+----------+
|        3 |
|        2 |
|        7 |
|        6 |
|        5 |
|        3 |
|        1 |
|        1 |
+----------+
8 rows in set (0.00 sec)

mysql> select min(count(*)) from emp group by job;
ERROR 1111 (HY000): Invalid use of group function
mysql>
mysql> select job, count(*) from emp group by job;
+---------------------+----------+
| job                 | count(*) |
+---------------------+----------+
| Compliance officers |        3 |
| Public Relation     |        2 |
| CLERK               |        7 |
| SALESMAN            |        6 |
| MANAGER             |        5 |
| ANALYST             |        3 |
| PRESIDENT           |        1 |
| vice PRESIDENT      |        1 |
+---------------------+----------+
8 rows in set (0.00 sec)

mysql> select * from (select job, count(*) from emp group by job) T1;
+---------------------+----------+
| job                 | count(*) |
+---------------------+----------+
| Compliance officers |        3 |
| Public Relation     |        2 |
| CLERK               |        7 |
| SALESMAN            |        6 |
| MANAGER             |        5 |
| ANALYST             |        3 |
| PRESIDENT           |        1 |
| vice PRESIDENT      |        1 |
+---------------------+----------+
8 rows in set (0.00 sec)

mysql> select min(count(*)) from (select job, count(*) from emp group by job) T1;
ERROR 1111 (HY000): Invalid use of group function
mysql> select * from (select job, count(*) R1 from emp group by job) T1;
+---------------------+----+
| job                 | R1 |
+---------------------+----+
| Compliance officers |  3 |
| Public Relation     |  2 |
| CLERK               |  7 |
| SALESMAN            |  6 |
| MANAGER             |  5 |
| ANALYST             |  3 |
| PRESIDENT           |  1 |
| vice PRESIDENT      |  1 |
+---------------------+----+
8 rows in set (0.00 sec)

mysql> select job, min(R1) from (select job, count(*) R1 from emp group by job) T1;
ERROR 1140 (42000): In aggregated query without GROUP BY, expression #1 of SELECT list contains nonaggregated column 'T1.job'; this is incompatible with sql_mode=only_full_group_by
mysql>
mysql> select job, min(R1) from (select job, count(*) R1 from emp group by job) T1 group by job;
+---------------------+---------+
| job                 | min(R1) |
+---------------------+---------+
| Compliance officers |       3 |
| Public Relation     |       2 |
| CLERK               |       7 |
| SALESMAN            |       6 |
| MANAGER             |       5 |
| ANALYST             |       3 |
| PRESIDENT           |       1 |
| vice PRESIDENT      |       1 |
+---------------------+---------+
8 rows in set (0.00 sec)

mysql> select min(R1) from (select count(*) R1 from emp group by job) T1;
+---------+
| min(R1) |
+---------+
|       1 |
+---------+
1 row in set (0.00 sec)

mysql> select * from (select job, count(*) from emp group by job) T1;
+---------------------+----------+
| job                 | count(*) |
+---------------------+----------+
| Compliance officers |        3 |
| Public Relation     |        2 |
| CLERK               |        7 |
| SALESMAN            |        6 |
| MANAGER             |        5 |
| ANALYST             |        3 |
| PRESIDENT           |        1 |
| vice PRESIDENT      |        1 |
+---------------------+----------+
8 rows in set (0.00 sec)

mysql> select min(count(*)) from (select job, count(*) from emp group by job) T1;
ERROR 1111 (HY000): Invalid use of group function
mysql> select min(R1) from (select count(*) R1 from emp group by job) T1;
+---------+
| min(R1) |
+---------+
|       1 |
+---------+
1 row in set (0.00 sec)

mysql> select job from emp where count(*) = (select min(R1) from (select count(*) R1 from emp group by job) T1);
ERROR 1111 (HY000): Invalid use of group function
mysql>
mysql>
mysql>
mysql>
mysql>
mysql> select job from emp group by job;
+---------------------+
| job                 |
+---------------------+
| Compliance officers |
| Public Relation     |
| CLERK               |
| SALESMAN            |
| MANAGER             |
| ANALYST             |
| PRESIDENT           |
| vice PRESIDENT      |
+---------------------+
8 rows in set (0.00 sec)

mysql> select job, count(*) from emp group by job;
+---------------------+----------+
| job                 | count(*) |
+---------------------+----------+
| Compliance officers |        3 |
| Public Relation     |        2 |
| CLERK               |        7 |
| SALESMAN            |        6 |
| MANAGER             |        5 |
| ANALYST             |        3 |
| PRESIDENT           |        1 |
| vice PRESIDENT      |        1 |
+---------------------+----------+
8 rows in set (0.00 sec)

mysql> select job from emp group by job;
+---------------------+
| job                 |
+---------------------+
| Compliance officers |
| Public Relation     |
| CLERK               |
| SALESMAN            |
| MANAGER             |
| ANALYST             |
| PRESIDENT           |
| vice PRESIDENT      |
+---------------------+
8 rows in set (0.00 sec)

mysql> select job from emp group by job having count(*)=1;
+----------------+
| job            |
+----------------+
| PRESIDENT      |
| vice PRESIDENT |
+----------------+
2 rows in set (0.00 sec)

mysql> select job from emp group by job having count(*)=(select min(R1) from (select count(*) R1 from emp group by job) T1);
+----------------+
| job            |
+----------------+
| PRESIDENT      |
| vice PRESIDENT |
+----------------+
2 rows in set (0.00 sec)

mysql> select sal from emp order by sal desc;
+------+
| sal  |
+------+
| 5000 |
| 5000 |
| 4150 |
| 3350 |
| 3000 |
| 3000 |
| 2975 |
| 2850 |
| 2575 |
| 2450 |
| 1750 |
| 1750 |
| 1750 |
| 1750 |
| 1750 |
| 1750 |
| 1750 |
| 1750 |
| 1600 |
| 1500 |
| 1350 |
| 1300 |
| 1250 |
| 1250 |
| 1250 |
| 1100 |
|  950 |
|  800 |
+------+
28 rows in set (0.01 sec)

mysql> select max(sal) from emp order by sal desc;
+----------+
| max(sal) |
+----------+
|     5000 |
+----------+
1 row in set (0.00 sec)

mysql> select sal from emp where sal < 5000;
+------+
| sal  |
+------+
| 1750 |
| 1750 |
| 1750 |
| 1750 |
|  800 |
| 3350 |
| 1750 |
| 1600 |
| 1250 |
| 2975 |
| 1250 |
| 2850 |
| 2450 |
| 3000 |
| 1500 |
| 1100 |
|  950 |
| 3000 |
| 4150 |
| 2575 |
| 1300 |
| 1350 |
| 1250 |
| 1750 |
| 1750 |
| 1750 |
+------+
26 rows in set (0.00 sec)

mysql> select sal from emp where sal < 5000 orderby sal desc;
ERROR 1064 (42000): You have an error in your SQL syntax; check the manual that corresponds to your MySQL server version for the right syntax to use near 'orderby sal desc' at line 1
mysql> select sal from emp where sal < 5000 order by sal desc;
+------+
| sal  |
+------+
| 4150 |
| 3350 |
| 3000 |
| 3000 |
| 2975 |
| 2850 |
| 2575 |
| 2450 |
| 1750 |
| 1750 |
| 1750 |
| 1750 |
| 1750 |
| 1750 |
| 1750 |
| 1750 |
| 1600 |
| 1500 |
| 1350 |
| 1300 |
| 1250 |
| 1250 |
| 1250 |
| 1100 |
|  950 |
|  800 |
+------+
26 rows in set (0.01 sec)

mysql> select max(sal) from emp where sal < 5000 order by sal desc;
+----------+
| max(sal) |
+----------+
|     4150 |
+----------+
1 row in set (0.00 sec)

mysql> select max(sal) from emp where sal < (select max(sal) from emp);
+----------+
| max(sal) |
+----------+
|     4150 |
+----------+
1 row in set (0.00 sec)

mysql> select max(Sal) from emp where sal < (select max(sal) from emp where sal < (select max(sal) from emp));
+----------+
| max(Sal) |
+----------+
|     3350 |
+----------+
1 row in set (0.01 sec)

mysql> select min(sal) from emp where sal > (select min(sal) from emp);
+----------+
| min(sal) |
+----------+
|      950 |
+----------+
1 row in set (0.00 sec)

mysql> select dense_rank() over() R1, sal from emp;
+----+------+
| R1 | sal  |
+----+------+
|  1 | 1750 |
|  1 | 1750 |
|  1 | 1750 |
|  1 | 1750 |
|  1 |  800 |
|  1 | 3350 |
|  1 | 1750 |
|  1 | 1600 |
|  1 | 1250 |
|  1 | 2975 |
|  1 | 1250 |
|  1 | 2850 |
|  1 | 2450 |
|  1 | 3000 |
|  1 | 5000 |
|  1 | 5000 |
|  1 | 1500 |
|  1 | 1100 |
|  1 |  950 |
|  1 | 3000 |
|  1 | 4150 |
|  1 | 2575 |
|  1 | 1300 |
|  1 | 1350 |
|  1 | 1250 |
|  1 | 1750 |
|  1 | 1750 |
|  1 | 1750 |
+----+------+
28 rows in set (0.00 sec)

mysql> select dense_rank() over(order by sal desc) R1, sal from emp;
+----+------+
| R1 | sal  |
+----+------+
|  1 | 5000 |
|  1 | 5000 |
|  2 | 4150 |
|  3 | 3350 |
|  4 | 3000 |
|  4 | 3000 |
|  5 | 2975 |
|  6 | 2850 |
|  7 | 2575 |
|  8 | 2450 |
|  9 | 1750 |
|  9 | 1750 |
|  9 | 1750 |
|  9 | 1750 |
|  9 | 1750 |
|  9 | 1750 |
|  9 | 1750 |
|  9 | 1750 |
| 10 | 1600 |
| 11 | 1500 |
| 12 | 1350 |
| 13 | 1300 |
| 14 | 1250 |
| 14 | 1250 |
| 14 | 1250 |
| 15 | 1100 |
| 16 |  950 |
| 17 |  800 |
+----+------+
28 rows in set (0.01 sec)

mysql> select sal from (select dense_rank() over(order by sal desc) R1, sal from emp) where R1=7;
ERROR 1248 (42000): Every derived table must have its own alias
mysql> select sal from (select dense_rank() over(order by sal desc) R1, sal from emp) T1 where R1=7;
+------+
| sal  |
+------+
| 2575 |
+------+
1 row in set (0.00 sec)

mysql> select sal from (select dense_rank() over(order by sal desc) R1, sal from emp) T1 where R1=9;
+------+
| sal  |
+------+
| 1750 |
| 1750 |
| 1750 |
| 1750 |
| 1750 |
| 1750 |
| 1750 |
| 1750 |
+------+
8 rows in set (0.00 sec)

mysql> select custid, total from ord order by custid;
+--------+----------+
| custid | total    |
+--------+----------+
|    100 |     3.40 |
|    100 |    97.50 |
|    100 |  4450.00 |
|    100 |   730.00 |
|    100 |   250.00 |
|    101 |   101.40 |
|    102 |    56.00 |
|    102 |   224.00 |
|    102 |    45.00 |
|    102 | 23940.00 |
|    102 |  3510.50 |
|    103 |   764.00 |
|    104 |     5.60 |
|    104 |    35.20 |
|    104 |  5860.00 |
|    104 |  1260.00 |
|    105 | 46370.00 |
|    105 |  1125.00 |
|    105 |   189.00 |
|    105 |  1255.00 |
|    106 |     2.40 |
|    106 |   698.00 |
|    106 |  8324.00 |
|    107 |   710.00 |
|    107 |  1675.00 |
|    108 |  6400.00 |
+--------+----------+
26 rows in set (0.00 sec)

mysql> select custid, max(total) from ord group by custid;
+--------+------------+
| custid | max(total) |
+--------+------------+
|    100 |    4450.00 |
|    101 |     101.40 |
|    102 |   23940.00 |
|    103 |     764.00 |
|    104 |    5860.00 |
|    105 |   46370.00 |
|    106 |    8324.00 |
|    107 |    1675.00 |
|    108 |    6400.00 |
+--------+------------+
9 rows in set (0.00 sec)

mysql> select job, sal from emp order by job, sal desc;
+---------------------+------+
| job                 | sal  |
+---------------------+------+
| ANALYST             | 3000 |
| ANALYST             | 3000 |
| ANALYST             | 1750 |
| CLERK               | 3350 |
| CLERK               | 1750 |
| CLERK               | 1750 |
| CLERK               | 1300 |
| CLERK               | 1100 |
| CLERK               |  950 |
| CLERK               |  800 |
| Compliance officers | 1750 |
| Compliance officers | 1750 |
| Compliance officers | 1750 |
| MANAGER             | 4150 |
| MANAGER             | 2975 |
| MANAGER             | 2850 |
| MANAGER             | 2450 |
| MANAGER             | 1250 |
| PRESIDENT           | 5000 |
| Public Relation     | 1750 |
| Public Relation     | 1750 |
| SALESMAN            | 2575 |
| SALESMAN            | 1600 |
| SALESMAN            | 1500 |
| SALESMAN            | 1350 |
| SALESMAN            | 1250 |
| SALESMAN            | 1250 |
| vice PRESIDENT      | 5000 |
+---------------------+------+
28 rows in set (0.00 sec)

mysql> select dense_rank() over(partiton by job order by sal desc) R1, sal from emp;
ERROR 1064 (42000): You have an error in your SQL syntax; check the manual that corresponds to your MySQL server version for the right syntax to use near 'by job order by sal desc) R1, sal from emp' at line 1
mysql> select dense_rank() over(partition by job order by sal desc) R1, sal from emp;
+----+------+
| R1 | sal  |
+----+------+
|  1 | 3000 |
|  1 | 3000 |
|  2 | 1750 |
|  1 | 3350 |
|  2 | 1750 |
|  2 | 1750 |
|  3 | 1300 |
|  4 | 1100 |
|  5 |  950 |
|  6 |  800 |
|  1 | 1750 |
|  1 | 1750 |
|  1 | 1750 |
|  1 | 4150 |
|  2 | 2975 |
|  3 | 2850 |
|  4 | 2450 |
|  5 | 1250 |
|  1 | 5000 |
|  1 | 1750 |
|  1 | 1750 |
|  1 | 2575 |
|  2 | 1600 |
|  3 | 1500 |
|  4 | 1350 |
|  5 | 1250 |
|  5 | 1250 |
|  1 | 5000 |
+----+------+
28 rows in set (0.00 sec)

mysql> select dense_rank() over(partition by job order by sal desc) R1, job, sal from emp;
+----+---------------------+------+
| R1 | job                 | sal  |
+----+---------------------+------+
|  1 | ANALYST             | 3000 |
|  1 | ANALYST             | 3000 |
|  2 | ANALYST             | 1750 |
|  1 | CLERK               | 3350 |
|  2 | CLERK               | 1750 |
|  2 | CLERK               | 1750 |
|  3 | CLERK               | 1300 |
|  4 | CLERK               | 1100 |
|  5 | CLERK               |  950 |
|  6 | CLERK               |  800 |
|  1 | Compliance officers | 1750 |
|  1 | Compliance officers | 1750 |
|  1 | Compliance officers | 1750 |
|  1 | MANAGER             | 4150 |
|  2 | MANAGER             | 2975 |
|  3 | MANAGER             | 2850 |
|  4 | MANAGER             | 2450 |
|  5 | MANAGER             | 1250 |
|  1 | PRESIDENT           | 5000 |
|  1 | Public Relation     | 1750 |
|  1 | Public Relation     | 1750 |
|  1 | SALESMAN            | 2575 |
|  2 | SALESMAN            | 1600 |
|  3 | SALESMAN            | 1500 |
|  4 | SALESMAN            | 1350 |
|  5 | SALESMAN            | 1250 |
|  5 | SALESMAN            | 1250 |
|  1 | vice PRESIDENT      | 5000 |
+----+---------------------+------+
28 rows in set (0.00 sec)

mysql>
mysql>
mysql> select * from (select dense_rank() over(partition by job order by sal desc) R1, job, sal from emp) T1 where R1=2;
+----+----------+------+
| R1 | job      | sal  |
+----+----------+------+
|  2 | ANALYST  | 1750 |
|  2 | CLERK    | 1750 |
|  2 | CLERK    | 1750 |
|  2 | MANAGER  | 2975 |
|  2 | SALESMAN | 1600 |
+----+----------+------+
5 rows in set (0.00 sec)

mysql> select max(sal) from emp where sal < (select max(sal) from emp);
+----------+
| max(sal) |
+----------+
|     4150 |
+----------+
1 row in set (0.00 sec)

mysql> select ename, sal from emp where sal = (select max(sal) from emp where sal < (select max(sal) from emp));
+---------+------+
| ename   | sal  |
+---------+------+
| HOFFMAN | 4150 |
+---------+------+
1 row in set (0.00 sec)

mysql> select * from pivot_Table;
+----+-------------+---------------+------------+
| id | productName | storeLocation | totalSales |
+----+-------------+---------------+------------+
|  1 | Chair       | North         |         55 |
|  2 | Desk        | Central       |        120 |
|  3 | Couch       | Central       |         78 |
|  4 | Chair       | South         |         23 |
|  5 | Chair       | South         |         10 |
|  6 | Chair       | North         |         98 |
|  7 | Desk        | West          |         61 |
|  8 | Couch       | North         |        180 |
|  9 | Chair       | South         |         14 |
| 10 | Desk        | North         |         45 |
| 11 | Chair       | North         |         87 |
| 12 | Chair       | Central       |         34 |
| 13 | Desk        | South         |         42 |
| 14 | Couch       | West          |         58 |
| 15 | Couch       | Central       |         27 |
| 16 | Chair       | South         |         91 |
| 17 | Chair       | West          |         82 |
| 18 | Chair       | North         |         37 |
| 19 | Desk        | North         |         68 |
| 20 | Couch       | Central       |         54 |
| 21 | Chair       | South         |         81 |
| 22 | Desk        | North         |         25 |
| 23 | Chair       | North         |         46 |
| 24 | Chair       | Central       |        121 |
| 25 | Desk        | South         |         85 |
| 26 | Couch       | North         |         43 |
| 27 | Desk        | West          |         10 |
| 28 | Chair       | North         |          5 |
| 29 | Chair       | Central       |         16 |
| 30 | Desk        | South         |          9 |
| 31 | Couch       | West          |         22 |
| 32 | Couch       | Central       |         59 |
| 33 | Chair       | South         |         76 |
| 34 | Chair       | West          |         48 |
| 35 | Chair       | North         |         19 |
| 36 | Desk        | North         |          3 |
| 37 | Couch       | West          |         63 |
| 38 | Chair       | South         |         81 |
| 39 | Desk        | North         |         85 |
| 40 | Chair       | North         |         90 |
| 41 | Chair       | Central       |         47 |
| 42 | Desk        | West          |         63 |
| 43 | Couch       | North         |         28 |
| 44 | Chair       | East          |         89 |
| 45 | Chair       | East          |         11 |
| 46 | Desk        | East          |        110 |
+----+-------------+---------------+------------+
46 rows in set (0.03 sec)

mysql> select * from pivot_Table order by productname, storelocation;
+----+-------------+---------------+------------+
| id | productName | storeLocation | totalSales |
+----+-------------+---------------+------------+
| 12 | Chair       | Central       |         34 |
| 41 | Chair       | Central       |         47 |
| 24 | Chair       | Central       |        121 |
| 29 | Chair       | Central       |         16 |
| 44 | Chair       | East          |         89 |
| 45 | Chair       | East          |         11 |
|  1 | Chair       | North         |         55 |
| 18 | Chair       | North         |         37 |
| 11 | Chair       | North         |         87 |
| 23 | Chair       | North         |         46 |
|  6 | Chair       | North         |         98 |
| 28 | Chair       | North         |          5 |
| 35 | Chair       | North         |         19 |
| 40 | Chair       | North         |         90 |
|  4 | Chair       | South         |         23 |
|  5 | Chair       | South         |         10 |
|  9 | Chair       | South         |         14 |
| 16 | Chair       | South         |         91 |
| 33 | Chair       | South         |         76 |
| 38 | Chair       | South         |         81 |
| 21 | Chair       | South         |         81 |
| 17 | Chair       | West          |         82 |
| 34 | Chair       | West          |         48 |
|  3 | Couch       | Central       |         78 |
| 15 | Couch       | Central       |         27 |
| 32 | Couch       | Central       |         59 |
| 20 | Couch       | Central       |         54 |
|  8 | Couch       | North         |        180 |
| 26 | Couch       | North         |         43 |
| 43 | Couch       | North         |         28 |
| 14 | Couch       | West          |         58 |
| 31 | Couch       | West          |         22 |
| 37 | Couch       | West          |         63 |
|  2 | Desk        | Central       |        120 |
| 46 | Desk        | East          |        110 |
| 10 | Desk        | North         |         45 |
| 19 | Desk        | North         |         68 |
| 22 | Desk        | North         |         25 |
| 39 | Desk        | North         |         85 |
| 36 | Desk        | North         |          3 |
| 13 | Desk        | South         |         42 |
| 25 | Desk        | South         |         85 |
| 30 | Desk        | South         |          9 |
|  7 | Desk        | West          |         61 |
| 27 | Desk        | West          |         10 |
| 42 | Desk        | West          |         63 |
+----+-------------+---------------+------------+
46 rows in set (0.00 sec)

mysql> select distinct storelocation from pivot_Table;
+---------------+
| storelocation |
+---------------+
| North         |
| Central       |
| South         |
| West          |
| East          |
+---------------+
5 rows in set (0.00 sec)

mysql> select distinct productname from pivot_Table;
+-------------+
| productname |
+-------------+
| Chair       |
| Desk        |
| Couch       |
+-------------+
3 rows in set (0.00 sec)

mysql> select ename, sal from emp where sal > (select avg(sal) from emp where deptno=10);
+---------+------+
| ename   | sal  |
+---------+------+
| AARAV   | 3350 |
| JONES   | 2975 |
| BLAKE   | 2850 |
| SCOTT   | 3000 |
| KING    | 5000 |
| FRED    | 5000 |
| FORD    | 3000 |
| HOFFMAN | 4150 |
+---------+------+
8 rows in set (0.01 sec)

mysql> select avg(sal) from emp where deptno=10;
+-----------+
| avg(sal)  |
+-----------+
| 2770.0000 |
+-----------+
1 row in set (0.00 sec)

mysql>
mysql>
mysql>
mysql>
mysql>
mysql> select * from items;
ERROR 1146 (42S02): Table 'db1.items' doesn't exist
mysql> select * from item;
+-------+--------+--------+-------------+------+----------+
| ORDID | ITEMID | PRODID | ACTUALPRICE | QTY  | ITEMTOT  |
+-------+--------+--------+-------------+------+----------+
|   601 |      1 | 200376 |        2.40 |    1 |     2.40 |
|   602 |      1 | 100870 |        2.80 |   20 |    56.00 |
|   603 |      2 | 100860 |       56.00 |    4 |   224.00 |
|   604 |      1 | 100890 |       58.00 |    3 |   174.00 |
|   604 |      2 | 100861 |       42.00 |    2 |    84.00 |
|   604 |      3 | 100860 |       44.00 |   10 |   440.00 |
|   605 |      1 | 100861 |       45.00 |  100 |  4500.00 |
|   605 |      2 | 100870 |        2.80 |  500 |  1400.00 |
|   605 |      3 | 100890 |       58.00 |    5 |   290.00 |
|   605 |      4 | 101860 |       24.00 |   50 |  1200.00 |
|   605 |      5 | 101863 |        9.00 |  100 |   900.00 |
|   605 |      6 | 102130 |        3.40 |   10 |    34.00 |
|   606 |      1 | 102130 |        3.40 |    1 |     3.40 |
|   607 |      1 | 100871 |        5.60 |    1 |     5.60 |
|   608 |      1 | 101860 |       24.00 |    1 |    24.00 |
|   608 |      2 | 100871 |        5.60 |    2 |    11.20 |
|   609 |      1 | 100861 |       35.00 |    1 |    35.00 |
|   609 |      2 | 100870 |        2.50 |    5 |    12.50 |
|   609 |      3 | 100890 |       50.00 |    1 |    50.00 |
|   610 |      1 | 100860 |       35.00 |    1 |    35.00 |
|   610 |      2 | 100870 |        2.80 |    3 |     8.40 |
|   610 |      3 | 100890 |       58.00 |    1 |    58.00 |
|   611 |      1 | 100861 |       45.00 |    1 |    45.00 |
|   612 |      1 | 100860 |       30.00 |  100 |  3000.00 |
|   612 |      2 | 100861 |       40.50 |   20 |   810.00 |
|   612 |      3 | 101863 |       10.00 |  150 |  1500.00 |
|   612 |      4 | 100871 |        5.50 |  100 |   550.00 |
|   613 |      1 | 100871 |        5.60 |  100 |   560.00 |
|   613 |      2 | 101860 |       24.00 |  200 |  4800.00 |
|   613 |      3 | 200380 |        4.00 |  150 |   600.00 |
|   613 |      4 | 200376 |        2.20 |  200 |   440.00 |
|   614 |      1 | 100860 |       35.00 |  444 | 15540.00 |
|   614 |      2 | 100870 |        2.80 | 1000 |  2800.00 |
|   614 |      3 | 100871 |        5.60 | 1000 |  5600.00 |
|   615 |      1 | 100861 |       45.00 |    4 |   180.00 |
|   615 |      2 | 100870 |        2.80 |  100 |   280.00 |
|   615 |      3 | 100871 |        5.00 |   50 |   250.00 |
|   616 |      1 | 100861 |       45.00 |   10 |   450.00 |
|   616 |      2 | 100870 |        2.80 |   50 |   140.00 |
|   616 |      3 | 100890 |       58.00 |    2 |   116.00 |
|   616 |      4 | 102130 |        3.40 |   10 |    34.00 |
|   616 |      5 | 200376 |        2.40 |   10 |    24.00 |
|   617 |      1 | 100860 |       35.00 |   50 |  1750.00 |
|   617 |      2 | 100861 |       45.00 |  100 |  4500.00 |
|   617 |      3 | 100870 |        2.80 |  500 |  1400.00 |
|   617 |      4 | 100871 |        5.60 |  500 |  2800.00 |
|   617 |      5 | 100890 |       58.00 |  500 | 29000.00 |
|   617 |      6 | 101860 |       24.00 |  100 |  2400.00 |
|   617 |      7 | 101863 |       12.50 |  200 |  2500.00 |
|   617 |      8 | 102130 |        3.40 |  100 |   340.00 |
|   617 |      9 | 200376 |        2.40 |  200 |   480.00 |
|   617 |     10 | 200380 |        4.00 |  300 |  1200.00 |
|   618 |      1 | 100860 |       35.00 |   23 |   805.00 |
|   618 |      2 | 100861 |       45.11 |   50 |  2255.50 |
|   618 |      3 | 100870 |       45.00 |   10 |   450.00 |
|   619 |      1 | 200380 |        4.00 |  100 |   400.00 |
|   619 |      2 | 200376 |        2.40 |  100 |   240.00 |
|   619 |      3 | 102130 |        3.40 |  100 |   340.00 |
|   619 |      4 | 100871 |        5.60 |   50 |   280.00 |
|   620 |      1 | 100860 |       35.00 |   10 |   350.00 |
|   620 |      2 | 200376 |        2.40 | 1000 |  2400.00 |
|   620 |      3 | 102130 |        3.40 |  500 |  1700.00 |
|   621 |      1 | 100861 |       45.00 |   10 |   450.00 |
|   621 |      2 | 100870 |        2.80 |  100 |   280.00 |
+-------+--------+--------+-------------+------+----------+
64 rows in set (0.01 sec)

mysql> select * from product;
+--------+-------------------------+-------+
| PRODID | DESCRIP                 | PRICE |
+--------+-------------------------+-------+
| 100860 | ACE TENNIS RACKET I     |   110 |
| 100861 | ACE TENNIS RACKET II    |   105 |
| 100870 | ACE TENNIS BALLS-3 PACK |   125 |
| 100871 | ACE TENNIS BALLS-6 PACK |   155 |
| 100890 | ACE TENNIS NET          |   150 |
| 101860 | SP TENNIS RACKET        |   110 |
| 101863 | SP JUNIOR RACKET        |   117 |
| 102130 | RH: "GUIDE TO TENNIS"   |   145 |
| 200376 | SB ENERGY BAR-6 PACK    |   110 |
| 200380 | SB VITA SNACK-6 PACK    |   110 |
| 200450 | ACE TENNIS RACKET II    |   190 |
| 200455 | ACE TENNIS RACKET I     |   180 |
| 300075 | ACE TENNIS BALLS-6 PACK |   800 |
| 300076 | ACE TENNIS BALLS-6 PACK |   100 |
| 300078 | ACE TENNIS NET          |   400 |
| 300079 | SP TENNIS RACKET        |   345 |
| 300120 | ACE TENNIS BALLS-3 PACK |   120 |
| 300121 | ACE TENNIS BALLS-3 PACK |   500 |
+--------+-------------------------+-------+
18 rows in set (0.01 sec)

mysql> select * from products;
+-----------+----------------------------------+------------+------------+----------------------+-----------+--------------+--------------+--------------+--------------+
| ProductID | ProductName                      | SupplierID | CategoryID | QuantityPerUnit      | UnitPrice | UnitsInStock | UnitsOnOrder | ReorderLevel | Discontinued |
+-----------+----------------------------------+------------+------------+----------------------+-----------+--------------+--------------+--------------+--------------+
|         1 | Chai                             |          1 |          1 | 10 boxes x 20 bags   |   18.0000 |           39 |            0 |           10 |            0 |
|         2 | Chang                            |          1 |          1 | 24 - 12 oz bottles   |   19.0000 |           17 |           40 |           25 |            0 |
|         3 | Aniseed Syrup                    |          1 |          2 | 12 - 550 ml bottles  |   10.0000 |           13 |           70 |           25 |            0 |
|         4 | Chef Anton's Cajun Seasoning     |          2 |          2 | 48 - 6 oz jars       |   22.0000 |           53 |            0 |            0 |            0 |
|         5 | Chef Anton's Gumbo Mix           |          2 |          2 | 36 boxes             |   21.3500 |            0 |            0 |            0 |            1 |
|         6 | Grandma's Boysenberry Spread     |          3 |          2 | 12 - 8 oz jars       |   25.0000 |          120 |            0 |           25 |            0 |
|         7 | Uncle Bob's Organic Dried Pears  |          3 |          7 | 12 - 1 lb pkgs.      |   30.0000 |           15 |            0 |           10 |            0 |
|         8 | Northwoods Cranberry Sauce       |          3 |          2 | 12 - 12 oz jars      |   40.0000 |            6 |            0 |            0 |            0 |
|         9 | Mishi Kobe Niku                  |          4 |          6 | 18 - 500 g pkgs.     |   97.0000 |           29 |            0 |            0 |            1 |
|        10 | Ikura                            |          4 |          8 | 12 - 200 ml jars     |   31.0000 |           31 |            0 |            0 |            0 |
|        11 | Queso Cabrales                   |          5 |          4 | 1 kg pkg.            |   21.0000 |           22 |           30 |           30 |            0 |
|        12 | Queso Manchego La Pastora        |          5 |          4 | 10 - 500 g pkgs.     |   38.0000 |           86 |            0 |            0 |            0 |
|        13 | Konbu                            |          6 |          8 | 2 kg box             |    6.0000 |           24 |            0 |            5 |            0 |
|        14 | Tofu                             |          6 |          7 | 40 - 100 g pkgs.     |   23.2500 |           35 |            0 |            0 |            0 |
|        15 | Genen Shouyu                     |          6 |          2 | 40 - 100 g pkgs.     |   15.5000 |           39 |            0 |            5 |            0 |
|        16 | Pavlova                          |          7 |          3 | 32 - 500 g boxes     |   17.4500 |           29 |            0 |           10 |            0 |
|        17 | Alice Mutton                     |          7 |          6 | 20 - 1 kg tins       |   39.0000 |            0 |            0 |            0 |            1 |
|        18 | Carnarvon Tigers                 |          7 |          8 | 16 kg pkg.           |   62.5000 |           42 |            0 |            0 |            0 |
|        19 | Teatime Chocolate Biscuits       |          8 |          3 | 10 boxes x 12 pieces |    9.2000 |           25 |            0 |            5 |            0 |
|        20 | Sir Rodney's Marmalade           |          8 |          3 | 30 gift boxes        |   81.0000 |           40 |            0 |            0 |            0 |
|        21 | Sir Rodney's Scones              |          8 |          3 | 24 pkgs. x 4 pieces  |   10.0000 |            3 |           40 |            5 |            0 |
|        22 | Gustaf's Knckebrd                |          9 |          5 | 24 - 500 g pkgs.     |   21.0000 |          104 |            0 |           25 |            0 |
|        23 | Tunnbrd                          |          9 |          5 | 12 - 250 g pkgs.     |    9.0000 |           61 |            0 |           25 |            0 |
|        24 | Guaran Fantstica                 |         10 |          1 | 12 - 355 ml cans     |    4.5000 |           20 |            0 |            0 |            1 |
|        25 | NuNuCa Nu-Nougat-Creme           |         11 |          3 | 20 - 450 g glasses   |   14.0000 |           76 |            0 |           30 |            0 |
|        26 | Gumbr Gummibrchen                |         11 |          3 | 100 - 250 g bags     |   31.2300 |           15 |            0 |            0 |            0 |
|        27 | Schoggi Schokolade               |         11 |          3 | 100 - 100 g pieces   |   43.9000 |           49 |            0 |           30 |            0 |
|        28 | Rssle Sauerkraut                 |         12 |          7 | 25 - 825 g cans      |   45.6000 |           26 |            0 |            0 |            1 |
|        29 | Thringer Rostbratwurst           |         12 |          6 | 50 bags x 30 sausgs. |  123.7900 |            0 |            0 |            0 |            1 |
|        30 | Nord-Ost Matjeshering            |         13 |          8 | 10 - 200 g glasses   |   25.8900 |           10 |            0 |           15 |            0 |
|        31 | Gorgonzola Telino                |         14 |          4 | 12 - 100 g pkgs      |   12.5000 |            0 |           70 |           20 |            0 |
|        32 | Mascarpone Fabioli               |         14 |          4 | 24 - 200 g pkgs.     |   32.0000 |            9 |           40 |           25 |            0 |
|        33 | Geitost                          |         15 |          4 | 500 g                |    2.5000 |          112 |            0 |           20 |            0 |
|        34 | Sasquatch Ale                    |         16 |          1 | 24 - 12 oz bottles   |   14.0000 |          111 |            0 |           15 |            0 |
|        35 | Steeleye Stout                   |         16 |          1 | 24 - 12 oz bottles   |   18.0000 |           20 |            0 |           15 |            0 |
|        36 | Inlagd Sill                      |         17 |          8 | 24 - 250 g jars      |   19.0000 |          112 |            0 |           20 |            0 |
|        37 | Gravad lax                       |         17 |          8 | 12 - 500 g pkgs.     |   26.0000 |           11 |           50 |           25 |            0 |
|        38 | Cte de Blaye                     |         18 |          1 | 12 - 75 cl bottles   |  263.5000 |           17 |            0 |           15 |            0 |
|        39 | Chartreuse verte                 |         18 |          1 | 750 cc per bottle    |   18.0000 |           69 |            0 |            5 |            0 |
|        40 | Boston Crab Meat                 |         19 |          8 | 24 - 4 oz tins       |   18.4000 |          123 |            0 |           30 |            0 |
|        41 | Jack's New England Clam Chowder  |         19 |          8 | 12 - 12 oz cans      |    9.6500 |           85 |            0 |           10 |            0 |
|        42 | Singaporean Hokkien Fried Mee    |         20 |          5 | 32 - 1 kg pkgs.      |   14.0000 |           26 |            0 |            0 |            1 |
|        43 | Ipoh Coffee                      |         20 |          1 | 16 - 500 g tins      |   46.0000 |           17 |           10 |           25 |            0 |
|        44 | Gula Malacca                     |         20 |          2 | 20 - 2 kg bags       |   19.4500 |           27 |            0 |           15 |            0 |
|        45 | Rogede sild                      |         21 |          8 | 1k pkg.              |    9.5000 |            5 |           70 |           15 |            0 |
|        46 | Spegesild                        |         21 |          8 | 4 - 450 g glasses    |   12.0000 |           95 |            0 |            0 |            0 |
|        47 | Zaanse koeken                    |         22 |          3 | 10 - 4 oz boxes      |    9.5000 |           36 |            0 |            0 |            0 |
|        48 | Chocolade                        |         22 |          3 | 10 pkgs.             |   12.7500 |           15 |           70 |           25 |            0 |
|        49 | Maxilaku                         |         23 |          3 | 24 - 50 g pkgs.      |   20.0000 |           10 |           60 |           15 |            0 |
|        50 | Valkoinen suklaa                 |         23 |          3 | 12 - 100 g bars      |   16.2500 |           65 |            0 |           30 |            0 |
|        51 | Manjimup Dried Apples            |         24 |          7 | 50 - 300 g pkgs.     |   53.0000 |           20 |            0 |           10 |            0 |
|        52 | Filo Mix                         |         24 |          5 | 16 - 2 kg boxes      |    7.0000 |           38 |            0 |           25 |            0 |
|        53 | Perth Pasties                    |         24 |          6 | 48 pieces            |   32.8000 |            0 |            0 |            0 |            1 |
|        54 | Tourtire                         |         25 |          6 | 16 pies              |    7.4500 |           21 |            0 |           10 |            0 |
|        55 | Pt chinois                       |         25 |          6 | 24 boxes x 2 pies    |   24.0000 |          115 |            0 |           20 |            0 |
|        56 | Gnocchi di nonna Alice           |         26 |          5 | 24 - 250 g pkgs.     |   38.0000 |           21 |           10 |           30 |            0 |
|        57 | Ravioli Angelo                   |         26 |          5 | 24 - 250 g pkgs.     |   19.5000 |           36 |            0 |           20 |            0 |
|        58 | Escargots de Bourgogne           |         27 |          8 | 24 pieces            |   13.2500 |           62 |            0 |           20 |            0 |
|        59 | Raclette Courdavault             |         28 |          4 | 5 kg pkg.            |   55.0000 |           79 |            0 |            0 |            0 |
|        60 | Camembert Pierrot                |         28 |          4 | 15 - 300 g rounds    |   34.0000 |           19 |            0 |            0 |            0 |
|        61 | Sirop d'rable                    |         29 |          2 | 24 - 500 ml bottles  |   28.5000 |          113 |            0 |           25 |            0 |
|        62 | Tarte au sucre                   |         29 |          3 | 48 pies              |   49.3000 |           17 |            0 |            0 |            0 |
|        63 | Vegie-spread                     |          7 |          2 | 15 - 625 g jars      |   43.9000 |           24 |            0 |            5 |            0 |
|        64 | Wimmers gute Semmelkndel         |         12 |          5 | 20 bags x 4 pieces   |   33.2500 |           22 |           80 |           30 |            0 |
|        65 | Louisiana Fiery Hot Pepper Sauce |          2 |          2 | 32 - 8 oz bottles    |   21.0500 |           76 |            0 |            0 |            0 |
|        66 | Louisiana Hot Spiced Okra        |          2 |          2 | 24 - 8 oz jars       |   17.0000 |            4 |          100 |           20 |            0 |
|        67 | Laughing Lumberjack Lager        |         16 |          1 | 24 - 12 oz bottles   |   14.0000 |           52 |            0 |           10 |            0 |
|        68 | Scottish Longbreads              |          8 |          3 | 10 boxes x 8 pieces  |   12.5000 |            6 |           10 |           15 |            0 |
|        69 | Gudbrandsdalsost                 |         15 |          4 | 10 kg pkg.           |   36.0000 |           26 |            0 |           15 |            0 |
|        70 | Outback Lager                    |          7 |          1 | 24 - 355 ml bottles  |   15.0000 |           15 |           10 |           30 |            0 |
|        71 | Flotemysost                      |         15 |          4 | 10 - 500 g pkgs.     |   21.5000 |           26 |            0 |            0 |            0 |
|        72 | Mozzarella di Giovanni           |         14 |          4 | 24 - 200 g pkgs.     |   34.8000 |           14 |            0 |            0 |            0 |
|        73 | Rd Kaviar                        |         17 |          8 | 24 - 150 g jars      |   15.0000 |          101 |            0 |            5 |            0 |
|        74 | Longlife Tofu                    |          4 |          7 | 5 kg pkg.            |   10.0000 |            4 |           20 |            5 |            0 |
|        75 | Rhnbru Klosterbier               |         12 |          1 | 24 - 0.5 l bottles   |    7.7500 |          125 |            0 |           25 |            0 |
|        76 | Lakkalikri                       |         23 |          1 | 500 ml               |   18.0000 |           57 |            0 |           20 |            0 |
|        77 | Original Frankfurter grne Soe    |         12 |          2 | 12 boxes             |   13.0000 |           32 |            0 |           15 |            0 |
+-----------+----------------------------------+------------+------------+----------------------+-----------+--------------+--------------+--------------+--------------+
77 rows in set (0.01 sec)

mysql>
mysql>
mysql> select ProductName, UnitsInStock, ReorderLevel from products;
+----------------------------------+--------------+--------------+
| ProductName                      | UnitsInStock | ReorderLevel |
+----------------------------------+--------------+--------------+
| Chai                             |           39 |           10 |
| Chang                            |           17 |           25 |
| Aniseed Syrup                    |           13 |           25 |
| Chef Anton's Cajun Seasoning     |           53 |            0 |
| Chef Anton's Gumbo Mix           |            0 |            0 |
| Grandma's Boysenberry Spread     |          120 |           25 |
| Uncle Bob's Organic Dried Pears  |           15 |           10 |
| Northwoods Cranberry Sauce       |            6 |            0 |
| Mishi Kobe Niku                  |           29 |            0 |
| Ikura                            |           31 |            0 |
| Queso Cabrales                   |           22 |           30 |
| Queso Manchego La Pastora        |           86 |            0 |
| Konbu                            |           24 |            5 |
| Tofu                             |           35 |            0 |
| Genen Shouyu                     |           39 |            5 |
| Pavlova                          |           29 |           10 |
| Alice Mutton                     |            0 |            0 |
| Carnarvon Tigers                 |           42 |            0 |
| Teatime Chocolate Biscuits       |           25 |            5 |
| Sir Rodney's Marmalade           |           40 |            0 |
| Sir Rodney's Scones              |            3 |            5 |
| Gustaf's Knckebrd                |          104 |           25 |
| Tunnbrd                          |           61 |           25 |
| Guaran Fantstica                 |           20 |            0 |
| NuNuCa Nu-Nougat-Creme           |           76 |           30 |
| Gumbr Gummibrchen                |           15 |            0 |
| Schoggi Schokolade               |           49 |           30 |
| Rssle Sauerkraut                 |           26 |            0 |
| Thringer Rostbratwurst           |            0 |            0 |
| Nord-Ost Matjeshering            |           10 |           15 |
| Gorgonzola Telino                |            0 |           20 |
| Mascarpone Fabioli               |            9 |           25 |
| Geitost                          |          112 |           20 |
| Sasquatch Ale                    |          111 |           15 |
| Steeleye Stout                   |           20 |           15 |
| Inlagd Sill                      |          112 |           20 |
| Gravad lax                       |           11 |           25 |
| Cte de Blaye                     |           17 |           15 |
| Chartreuse verte                 |           69 |            5 |
| Boston Crab Meat                 |          123 |           30 |
| Jack's New England Clam Chowder  |           85 |           10 |
| Singaporean Hokkien Fried Mee    |           26 |            0 |
| Ipoh Coffee                      |           17 |           25 |
| Gula Malacca                     |           27 |           15 |
| Rogede sild                      |            5 |           15 |
| Spegesild                        |           95 |            0 |
| Zaanse koeken                    |           36 |            0 |
| Chocolade                        |           15 |           25 |
| Maxilaku                         |           10 |           15 |
| Valkoinen suklaa                 |           65 |           30 |
| Manjimup Dried Apples            |           20 |           10 |
| Filo Mix                         |           38 |           25 |
| Perth Pasties                    |            0 |            0 |
| Tourtire                         |           21 |           10 |
| Pt chinois                       |          115 |           20 |
| Gnocchi di nonna Alice           |           21 |           30 |
| Ravioli Angelo                   |           36 |           20 |
| Escargots de Bourgogne           |           62 |           20 |
| Raclette Courdavault             |           79 |            0 |
| Camembert Pierrot                |           19 |            0 |
| Sirop d'rable                    |          113 |           25 |
| Tarte au sucre                   |           17 |            0 |
| Vegie-spread                     |           24 |            5 |
| Wimmers gute Semmelkndel         |           22 |           30 |
| Louisiana Fiery Hot Pepper Sauce |           76 |            0 |
| Louisiana Hot Spiced Okra        |            4 |           20 |
| Laughing Lumberjack Lager        |           52 |           10 |
| Scottish Longbreads              |            6 |           15 |
| Gudbrandsdalsost                 |           26 |           15 |
| Outback Lager                    |           15 |           30 |
| Flotemysost                      |           26 |            0 |
| Mozzarella di Giovanni           |           14 |            0 |
| Rd Kaviar                        |          101 |            5 |
| Longlife Tofu                    |            4 |            5 |
| Rhnbru Klosterbier               |          125 |           25 |
| Lakkalikri                       |           57 |           20 |
| Original Frankfurter grne Soe    |           32 |           15 |
+----------------------------------+--------------+--------------+
77 rows in set (0.00 sec)

mysql> select ProductName, UnitsInStock Stock, ReorderLevel ReOrder from products;
+----------------------------------+-------+---------+
| ProductName                      | Stock | ReOrder |
+----------------------------------+-------+---------+
| Chai                             |    39 |      10 |
| Chang                            |    17 |      25 |
| Aniseed Syrup                    |    13 |      25 |
| Chef Anton's Cajun Seasoning     |    53 |       0 |
| Chef Anton's Gumbo Mix           |     0 |       0 |
| Grandma's Boysenberry Spread     |   120 |      25 |
| Uncle Bob's Organic Dried Pears  |    15 |      10 |
| Northwoods Cranberry Sauce       |     6 |       0 |
| Mishi Kobe Niku                  |    29 |       0 |
| Ikura                            |    31 |       0 |
| Queso Cabrales                   |    22 |      30 |
| Queso Manchego La Pastora        |    86 |       0 |
| Konbu                            |    24 |       5 |
| Tofu                             |    35 |       0 |
| Genen Shouyu                     |    39 |       5 |
| Pavlova                          |    29 |      10 |
| Alice Mutton                     |     0 |       0 |
| Carnarvon Tigers                 |    42 |       0 |
| Teatime Chocolate Biscuits       |    25 |       5 |
| Sir Rodney's Marmalade           |    40 |       0 |
| Sir Rodney's Scones              |     3 |       5 |
| Gustaf's Knckebrd                |   104 |      25 |
| Tunnbrd                          |    61 |      25 |
| Guaran Fantstica                 |    20 |       0 |
| NuNuCa Nu-Nougat-Creme           |    76 |      30 |
| Gumbr Gummibrchen                |    15 |       0 |
| Schoggi Schokolade               |    49 |      30 |
| Rssle Sauerkraut                 |    26 |       0 |
| Thringer Rostbratwurst           |     0 |       0 |
| Nord-Ost Matjeshering            |    10 |      15 |
| Gorgonzola Telino                |     0 |      20 |
| Mascarpone Fabioli               |     9 |      25 |
| Geitost                          |   112 |      20 |
| Sasquatch Ale                    |   111 |      15 |
| Steeleye Stout                   |    20 |      15 |
| Inlagd Sill                      |   112 |      20 |
| Gravad lax                       |    11 |      25 |
| Cte de Blaye                     |    17 |      15 |
| Chartreuse verte                 |    69 |       5 |
| Boston Crab Meat                 |   123 |      30 |
| Jack's New England Clam Chowder  |    85 |      10 |
| Singaporean Hokkien Fried Mee    |    26 |       0 |
| Ipoh Coffee                      |    17 |      25 |
| Gula Malacca                     |    27 |      15 |
| Rogede sild                      |     5 |      15 |
| Spegesild                        |    95 |       0 |
| Zaanse koeken                    |    36 |       0 |
| Chocolade                        |    15 |      25 |
| Maxilaku                         |    10 |      15 |
| Valkoinen suklaa                 |    65 |      30 |
| Manjimup Dried Apples            |    20 |      10 |
| Filo Mix                         |    38 |      25 |
| Perth Pasties                    |     0 |       0 |
| Tourtire                         |    21 |      10 |
| Pt chinois                       |   115 |      20 |
| Gnocchi di nonna Alice           |    21 |      30 |
| Ravioli Angelo                   |    36 |      20 |
| Escargots de Bourgogne           |    62 |      20 |
| Raclette Courdavault             |    79 |       0 |
| Camembert Pierrot                |    19 |       0 |
| Sirop d'rable                    |   113 |      25 |
| Tarte au sucre                   |    17 |       0 |
| Vegie-spread                     |    24 |       5 |
| Wimmers gute Semmelkndel         |    22 |      30 |
| Louisiana Fiery Hot Pepper Sauce |    76 |       0 |
| Louisiana Hot Spiced Okra        |     4 |      20 |
| Laughing Lumberjack Lager        |    52 |      10 |
| Scottish Longbreads              |     6 |      15 |
| Gudbrandsdalsost                 |    26 |      15 |
| Outback Lager                    |    15 |      30 |
| Flotemysost                      |    26 |       0 |
| Mozzarella di Giovanni           |    14 |       0 |
| Rd Kaviar                        |   101 |       5 |
| Longlife Tofu                    |     4 |       5 |
| Rhnbru Klosterbier               |   125 |      25 |
| Lakkalikri                       |    57 |      20 |
| Original Frankfurter grne Soe    |    32 |      15 |
+----------------------------------+-------+---------+
77 rows in set (0.00 sec)

mysql>
mysql>
mysql>
mysql>
mysql>
mysql>
mysql> select sal from emp where ename in ('gita','martin');
+------+
| sal  |
+------+
| 1750 |
| 1250 |
+------+
2 rows in set (0.00 sec)

mysql> select ename, sal from emp where sal >all (select sal from emp where ename in ('gita','martin'));
+---------+------+
| ename   | sal  |
+---------+------+
| AARAV   | 3350 |
| JONES   | 2975 |
| BLAKE   | 2850 |
| CLARK   | 2450 |
| SCOTT   | 3000 |
| KING    | 5000 |
| FRED    | 5000 |
| FORD    | 3000 |
| HOFFMAN | 4150 |
| GRASS   | 2575 |
+---------+------+
10 rows in set (0.01 sec)

mysql> select ename, sal from emp where sal <all (select sal from emp where ename in ('gita','martin'));
+-------+------+
| ename | sal  |
+-------+------+
| SMITH |  800 |
| ADAMS | 1100 |
| JAMES |  950 |
+-------+------+
3 rows in set (0.00 sec)

mysql> select ename, sal from emp where sal >any (select sal from emp where ename in ('gita','martin'));
+----------+------+
| ename    | sal  |
+----------+------+
| GITA     | 1750 |
| VRUSHALI | 1750 |
| SHARMIN  | 1750 |
| BANDISH  | 1750 |
| AARAV    | 3350 |
| THOMAS   | 1750 |
| ALLEN    | 1600 |
| JONES    | 2975 |
| BLAKE    | 2850 |
| CLARK    | 2450 |
| SCOTT    | 3000 |
| KING     | 5000 |
| FRED     | 5000 |
| TURNER   | 1500 |
| FORD     | 3000 |
| HOFFMAN  | 4150 |
| GRASS    | 2575 |
| MILLER   | 1300 |
| AARUSH   | 1350 |
| NATASHA  | 1750 |
| SANGITA  | 1750 |
| SUPRIYA  | 1750 |
+----------+------+
22 rows in set (0.00 sec)

mysql> select ename, sal from emp where sal >any (select sal from emp where ename in ('gita','martin'));
+----------+------+
| ename    | sal  |
+----------+------+
| GITA     | 1750 |
| VRUSHALI | 1750 |
| SHARMIN  | 1750 |
| BANDISH  | 1750 |
| AARAV    | 3350 |
| THOMAS   | 1750 |
| ALLEN    | 1600 |
| JONES    | 2975 |
| BLAKE    | 2850 |
| CLARK    | 2450 |
| SCOTT    | 3000 |
| KING     | 5000 |
| FRED     | 5000 |
| TURNER   | 1500 |
| FORD     | 3000 |
| HOFFMAN  | 4150 |
| GRASS    | 2575 |
| MILLER   | 1300 |
| AARUSH   | 1350 |
| NATASHA  | 1750 |
| SANGITA  | 1750 |
| SUPRIYA  | 1750 |
+----------+------+
22 rows in set (0.00 sec)

mysql> select ename, sal from emp where sal > any (select sal from emp where ename in ('gita','martin'));
+----------+------+
| ename    | sal  |
+----------+------+
| GITA     | 1750 |
| VRUSHALI | 1750 |
| SHARMIN  | 1750 |
| BANDISH  | 1750 |
| AARAV    | 3350 |
| THOMAS   | 1750 |
| ALLEN    | 1600 |
| JONES    | 2975 |
| BLAKE    | 2850 |
| CLARK    | 2450 |
| SCOTT    | 3000 |
| KING     | 5000 |
| FRED     | 5000 |
| TURNER   | 1500 |
| FORD     | 3000 |
| HOFFMAN  | 4150 |
| GRASS    | 2575 |
| MILLER   | 1300 |
| AARUSH   | 1350 |
| NATASHA  | 1750 |
| SANGITA  | 1750 |
| SUPRIYA  | 1750 |
+----------+------+
22 rows in set (0.00 sec)

mysql> select ename, sal from emp where sal > (select sal from emp where ename in ('gita','martin'));
ERROR 1242 (21000): Subquery returns more than 1 row
mysql> select ename, sal from emp where sal <any (select sal from emp where ename in ('gita','martin'));
+--------+------+
| ename  | sal  |
+--------+------+
| SMITH  |  800 |
| ALLEN  | 1600 |
| WARD   | 1250 |
| MARTIN | 1250 |
| TURNER | 1500 |
| ADAMS  | 1100 |
| JAMES  |  950 |
| MILLER | 1300 |
| AARUSH | 1350 |
| ALEX   | 1250 |
+--------+------+
10 rows in set (0.00 sec)

mysql> select ename, sal from emp where sal <any (select sal from emp where ename in ('gita','martin'));