mysql> select 1000;
+------+
| 1000 |
+------+
| 1000 |
+------+
1 row in set (0.01 sec)

mysql> select 1000 from dept;
+------+
| 1000 |
+------+
| 1000 |
| 1000 |
| 1000 |
| 1000 |
| 1000 |
+------+
5 rows in set (0.05 sec)

mysql> select 1000 from emp;
+------+
| 1000 |
+------+
| 1000 |
| 1000 |
| 1000 |
| 1000 |
| 1000 |
| 1000 |
| 1000 |
| 1000 |
| 1000 |
| 1000 |
| 1000 |
| 1000 |
| 1000 |
| 1000 |
| 1000 |
| 1000 |
| 1000 |
| 1000 |
| 1000 |
| 1000 |
| 1000 |
| 1000 |
| 1000 |
| 1000 |
| 1000 |
| 1000 |
| 1000 |
| 1000 |
+------+
28 rows in set (0.03 sec)

mysql> select ename, 1000 R1 from emp;
+----------+------+
| ename    | R1   |
+----------+------+
| GITA     | 1000 |
| VRUSHALI | 1000 |
| SHARMIN  | 1000 |
| BANDISH  | 1000 |
| SMITH    | 1000 |
| AARAV    | 1000 |
| THOMAS   | 1000 |
| ALLEN    | 1000 |
| WARD     | 1000 |
| JONES    | 1000 |
| MARTIN   | 1000 |
| BLAKE    | 1000 |
| CLARK    | 1000 |
| SCOTT    | 1000 |
| KING     | 1000 |
| FRED     | 1000 |
| TURNER   | 1000 |
| ADAMS    | 1000 |
| JAMES    | 1000 |
| FORD     | 1000 |
| HOFFMAN  | 1000 |
| GRASS    | 1000 |
| MILLER   | 1000 |
| AARUSH   | 1000 |
| ALEX     | 1000 |
| NATASHA  | 1000 |
| SANGITA  | 1000 |
| SUPRIYA  | 1000 |
+----------+------+
28 rows in set (0.01 sec)

mysql> select 1000 from emp;
+------+
| 1000 |
+------+
| 1000 |
| 1000 |
| 1000 |
| 1000 |
| 1000 |
| 1000 |
| 1000 |
| 1000 |
| 1000 |
| 1000 |
| 1000 |
| 1000 |
| 1000 |
| 1000 |
| 1000 |
| 1000 |
| 1000 |
| 1000 |
| 1000 |
| 1000 |
| 1000 |
| 1000 |
| 1000 |
| 1000 |
| 1000 |
| 1000 |
| 1000 |
| 1000 |
+------+
28 rows in set (0.00 sec)

mysql> select 1000 from dept;
+------+
| 1000 |
+------+
| 1000 |
| 1000 |
| 1000 |
| 1000 |
| 1000 |
+------+
5 rows in set (0.00 sec)

mysql> select * from emp;
+-------+----------+--------+---------------------+------+------------+------+------+--------+---------+--------------+------------+------------+----------+
| EMPNO | ENAME    | GENDER | JOB                 | MGR  | HIREDATE   | SAL  | COMM | DEPTNO | BONUSID | USER NAME    | PWD        | PHONE      | isActive |
+-------+----------+--------+---------------------+------+------------+------+------+--------+---------+--------------+------------+------------+----------+
|  6001 | GITA     | F      | Compliance officers | 7920 | 1981-07-19 | 1750 | NULL |     30 |       1 | GITA         | sales@2017 | NULL       |        1 |
|  6129 | VRUSHALI | F      | Compliance officers | 7920 | 1981-07-19 | 1750 | NULL |     50 |       1 | VRUSHALI     | PUN@8877   | NULL       |        1 |
|  6473 | SHARMIN  | F      | Public Relation     | 7920 | 1981-07-19 | 1750 | NULL |     20 |       1 | SHARMIN      | a12recmpm  | NULL       |        1 |
|  6781 | BANDISH  | F      | Public Relation     | 7920 | 1981-07-19 | 1750 | NULL |     20 |       1 | BANDISH      | a12recmpm  | NULL       |        1 |
|  7369 | SMITH    | M      | CLERK               | 7902 | 1980-12-17 |  800 | NULL |     20 |       2 | TRITONE      | a12recmpm  | 7032300023 |        0 |
|  7415 | AARAV    | M      | CLERK               | 7902 | 1981-12-31 | 3350 | NULL |     10 |    NULL | AARAV        | NULL       | 7032300084 |        0 |
|  7421 | THOMAS   | M      | CLERK               | 7920 | 1981-07-19 | 1750 | NULL |     10 |       1 | THOMAS       | r50mpm     | 7032300011 |        0 |
|  7499 | ALLEN    | M      | SALESMAN            | 7698 | 1981-02-20 | 1600 |  300 |     30 |       4 | ALWAYS TESTE | sales@2017 | 7032300096 |        1 |
|  7521 | WARD     | M      | SALESMAN            | 7698 | 1981-02-22 | 1250 |  500 |     30 |       1 | WARD         | sales@2017 | 7132300034 |        1 |
|  7566 | JONES    | M      | MANAGER             | 7839 | 1981-04-02 | 2975 | NULL |     20 |       4 | HONEYCOMB    | a12recmpm  | 7132300039 |        1 |
|  7654 | MARTIN   | M      | SALESMAN            | 7698 | 1981-09-28 | 1250 | 1400 |     30 |       6 | LIFE RACER   | sales@2017 | 7132300050 |        1 |
|  7698 | BLAKE    | M      | MANAGER             | 7839 | 1981-05-01 | 2850 | NULL |     30 |       1 | BIG BEN      | sales@2017 | 7132300027 |        1 |
|  7782 | CLARK    | M      | MANAGER             | 7839 | 1981-06-09 | 2450 | NULL |     10 |       3 | CLARK        | r50mpm     | 7032300001 |        1 |
|  7788 | SCOTT    | M      | ANALYST             | 7566 | 1982-12-09 | 3000 | NULL |     20 |       3 | WHITE SAND   | a12recmpm  | NULL       |        1 |
|  7839 | KING     | M      | PRESIDENT           | NULL | 1981-11-17 | 5000 | NULL |     10 |       1 | KING         | r50mpm     | 7132300081 |        1 |
|  7840 | FRED     | M      | vice PRESIDENT      | 7839 | 1983-08-09 | 5000 | NULL |     20 |       1 | SAND STONE   | a12recmpm  | NULL       |        1 |
|  7844 | TURNER   | M      | SALESMAN            | 7698 | 1981-09-08 | 1500 |    0 |     30 |       5 | SAND DUST    | sales@2017 | NULL       |        1 |
|  7876 | ADAMS    | M      | CLERK               | 7788 | 1983-01-12 | 1100 | NULL |     20 |       1 | CRAZY ANYONE | a12recmpm  | 7132300086 |        1 |
|  7900 | JAMES    | M      | CLERK               | 7698 | 1981-12-03 |  950 | NULL |     30 |       2 | CRAZY LEADER | sales@2017 | 7132300042 |        1 |
|  7902 | FORD     | M      | ANALYST             | 7566 | 1981-12-03 | 3000 | NULL |     20 |       4 | CONBRIO      | a12recmpm  | NULL       |        0 |
|  7919 | HOFFMAN  | M      | MANAGER             | 7566 | 1982-03-24 | 4150 | NULL |     30 |       3 | INTERVAL     | sales@2017 | NULL       |        1 |
|  7920 | GRASS    | M      | SALESMAN            | 7919 | 1980-02-14 | 2575 | 2700 |     30 |       5 | GRASS        | sales@2017 | NULL       |        1 |
|  7934 | MILLER   | M      | CLERK               | 7782 | 1982-01-23 | 1300 | NULL |     10 |       2 | QUARTERNOTE  | r50mpm     | 7132300055 |        0 |
|  7945 | AARUSH   | M      | SALESMAN            | 7902 | 1980-02-14 | 1350 | 2700 |     30 |    NULL | AARUSH       | ABCDEF     | NULL       |        0 |
|  7949 | ALEX     | M      | MANAGER             | 7698 | 1982-01-24 | 1250 |  500 |     30 |       5 | QUARTERREST  | sales@2017 | 7156567183 |        1 |
|  8433 | NATASHA  | F      | CLERK               | 7920 | 1981-07-19 | 1750 | NULL |     30 |       1 | NATASHA      | sales@2017 | NULL       |        1 |
|  9400 | SANGITA  | F      | Compliance officers | 7920 | 1981-07-19 | 1750 | NULL |     50 |       1 | SANGITA      | NULL       | NULL       |        1 |
|  9473 | SUPRIYA  | F      | ANALYST             | 7920 | 1981-07-19 | 1750 | NULL |     50 |       1 | SUPRIYA      | XYZ@1234   | NULL       |        1 |
+-------+----------+--------+---------------------+------+------------+------+------+--------+---------+--------------+------------+------------+----------+
28 rows in set (0.01 sec)

mysql> select ename from emp;
+----------+
| ename    |
+----------+
| GITA     |
| VRUSHALI |
| SHARMIN  |
| BANDISH  |
| SMITH    |
| AARAV    |
| THOMAS   |
| ALLEN    |
| WARD     |
| JONES    |
| MARTIN   |
| BLAKE    |
| CLARK    |
| SCOTT    |
| KING     |
| FRED     |
| TURNER   |
| ADAMS    |
| JAMES    |
| FORD     |
| HOFFMAN  |
| GRASS    |
| MILLER   |
| AARUSH   |
| ALEX     |
| NATASHA  |
| SANGITA  |
| SUPRIYA  |
+----------+
28 rows in set (0.00 sec)

mysql> select ename from emp limit 4;
+----------+
| ename    |
+----------+
| GITA     |
| VRUSHALI |
| SHARMIN  |
| BANDISH  |
+----------+
4 rows in set (0.00 sec)

mysql> select ename from emp limit 11,7;
+--------+
| ename  |
+--------+
| BLAKE  |
| CLARK  |
| SCOTT  |
| KING   |
| FRED   |
| TURNER |
| ADAMS  |
+--------+
7 rows in set (0.00 sec)

mysql> select ename from emp;
+----------+
| ename    |
+----------+
| GITA     |
| VRUSHALI |
| SHARMIN  |
| BANDISH  |
| SMITH    |
| AARAV    |
| THOMAS   |
| ALLEN    |
| WARD     |
| JONES    |
| MARTIN   |
| BLAKE    |
| CLARK    |
| SCOTT    |
| KING     |
| FRED     |
| TURNER   |
| ADAMS    |
| JAMES    |
| FORD     |
| HOFFMAN  |
| GRASS    |
| MILLER   |
| AARUSH   |
| ALEX     |
| NATASHA  |
| SANGITA  |
| SUPRIYA  |
+----------+
28 rows in set (0.00 sec)

mysql> select ename from emp order by ename;
+----------+
| ename    |
+----------+
| AARAV    |
| AARUSH   |
| ADAMS    |
| ALEX     |
| ALLEN    |
| BANDISH  |
| BLAKE    |
| CLARK    |
| FORD     |
| FRED     |
| GITA     |
| GRASS    |
| HOFFMAN  |
| JAMES    |
| JONES    |
| KING     |
| MARTIN   |
| MILLER   |
| NATASHA  |
| SANGITA  |
| SCOTT    |
| SHARMIN  |
| SMITH    |
| SUPRIYA  |
| THOMAS   |
| TURNER   |
| VRUSHALI |
| WARD     |
+----------+
28 rows in set (0.02 sec)

mysql> select ename from emp order by ename desc;
+----------+
| ename    |
+----------+
| WARD     |
| VRUSHALI |
| TURNER   |
| THOMAS   |
| SUPRIYA  |
| SMITH    |
| SHARMIN  |
| SCOTT    |
| SANGITA  |
| NATASHA  |
| MILLER   |
| MARTIN   |
| KING     |
| JONES    |
| JAMES    |
| HOFFMAN  |
| GRASS    |
| GITA     |
| FRED     |
| FORD     |
| CLARK    |
| BLAKE    |
| BANDISH  |
| ALLEN    |
| ALEX     |
| ADAMS    |
| AARUSH   |
| AARAV    |
+----------+
28 rows in set (0.00 sec)

mysql> select ename, sal from emp order by ename;
+----------+------+
| ename    | sal  |
+----------+------+
| AARAV    | 3350 |
| AARUSH   | 1350 |
| ADAMS    | 1100 |
| ALEX     | 1250 |
| ALLEN    | 1600 |
| BANDISH  | 1750 |
| BLAKE    | 2850 |
| CLARK    | 2450 |
| FORD     | 3000 |
| FRED     | 5000 |
| GITA     | 1750 |
| GRASS    | 2575 |
| HOFFMAN  | 4150 |
| JAMES    |  950 |
| JONES    | 2975 |
| KING     | 5000 |
| MARTIN   | 1250 |
| MILLER   | 1300 |
| NATASHA  | 1750 |
| SANGITA  | 1750 |
| SCOTT    | 3000 |
| SHARMIN  | 1750 |
| SMITH    |  800 |
| SUPRIYA  | 1750 |
| THOMAS   | 1750 |
| TURNER   | 1500 |
| VRUSHALI | 1750 |
| WARD     | 1250 |
+----------+------+
28 rows in set (0.00 sec)

mysql> select ename, sal from emp order by sal;
+----------+------+
| ename    | sal  |
+----------+------+
| SMITH    |  800 |
| JAMES    |  950 |
| ADAMS    | 1100 |
| WARD     | 1250 |
| MARTIN   | 1250 |
| ALEX     | 1250 |
| MILLER   | 1300 |
| AARUSH   | 1350 |
| TURNER   | 1500 |
| ALLEN    | 1600 |
| GITA     | 1750 |
| VRUSHALI | 1750 |
| SHARMIN  | 1750 |
| BANDISH  | 1750 |
| THOMAS   | 1750 |
| NATASHA  | 1750 |
| SANGITA  | 1750 |
| SUPRIYA  | 1750 |
| CLARK    | 2450 |
| GRASS    | 2575 |
| BLAKE    | 2850 |
| JONES    | 2975 |
| SCOTT    | 3000 |
| FORD     | 3000 |
| AARAV    | 3350 |
| HOFFMAN  | 4150 |
| KING     | 5000 |
| FRED     | 5000 |
+----------+------+
28 rows in set (0.00 sec)

mysql> select ename, sal from emp order by sal desc;
+----------+------+
| ename    | sal  |
+----------+------+
| KING     | 5000 |
| FRED     | 5000 |
| HOFFMAN  | 4150 |
| AARAV    | 3350 |
| SCOTT    | 3000 |
| FORD     | 3000 |
| JONES    | 2975 |
| BLAKE    | 2850 |
| GRASS    | 2575 |
| CLARK    | 2450 |
| GITA     | 1750 |
| VRUSHALI | 1750 |
| SHARMIN  | 1750 |
| BANDISH  | 1750 |
| THOMAS   | 1750 |
| NATASHA  | 1750 |
| SANGITA  | 1750 |
| SUPRIYA  | 1750 |
| ALLEN    | 1600 |
| TURNER   | 1500 |
| AARUSH   | 1350 |
| MILLER   | 1300 |
| WARD     | 1250 |
| MARTIN   | 1250 |
| ALEX     | 1250 |
| ADAMS    | 1100 |
| JAMES    |  950 |
| SMITH    |  800 |
+----------+------+
28 rows in set (0.00 sec)

mysql> select ename, sal, hiredate from emp order by hiredate;
+----------+------+------------+
| ename    | sal  | hiredate   |
+----------+------+------------+
| GRASS    | 2575 | 1980-02-14 |
| AARUSH   | 1350 | 1980-02-14 |
| SMITH    |  800 | 1980-12-17 |
| ALLEN    | 1600 | 1981-02-20 |
| WARD     | 1250 | 1981-02-22 |
| JONES    | 2975 | 1981-04-02 |
| BLAKE    | 2850 | 1981-05-01 |
| CLARK    | 2450 | 1981-06-09 |
| GITA     | 1750 | 1981-07-19 |
| VRUSHALI | 1750 | 1981-07-19 |
| SHARMIN  | 1750 | 1981-07-19 |
| BANDISH  | 1750 | 1981-07-19 |
| THOMAS   | 1750 | 1981-07-19 |
| NATASHA  | 1750 | 1981-07-19 |
| SANGITA  | 1750 | 1981-07-19 |
| SUPRIYA  | 1750 | 1981-07-19 |
| TURNER   | 1500 | 1981-09-08 |
| MARTIN   | 1250 | 1981-09-28 |
| KING     | 5000 | 1981-11-17 |
| JAMES    |  950 | 1981-12-03 |
| FORD     | 3000 | 1981-12-03 |
| AARAV    | 3350 | 1981-12-31 |
| MILLER   | 1300 | 1982-01-23 |
| ALEX     | 1250 | 1982-01-24 |
| HOFFMAN  | 4150 | 1982-03-24 |
| SCOTT    | 3000 | 1982-12-09 |
| ADAMS    | 1100 | 1983-01-12 |
| FRED     | 5000 | 1983-08-09 |
+----------+------+------------+
28 rows in set (0.00 sec)

mysql> select ename, sal, hiredate from emp order by hiredate desc;
+----------+------+------------+
| ename    | sal  | hiredate   |
+----------+------+------------+
| FRED     | 5000 | 1983-08-09 |
| ADAMS    | 1100 | 1983-01-12 |
| SCOTT    | 3000 | 1982-12-09 |
| HOFFMAN  | 4150 | 1982-03-24 |
| ALEX     | 1250 | 1982-01-24 |
| MILLER   | 1300 | 1982-01-23 |
| AARAV    | 3350 | 1981-12-31 |
| JAMES    |  950 | 1981-12-03 |
| FORD     | 3000 | 1981-12-03 |
| KING     | 5000 | 1981-11-17 |
| MARTIN   | 1250 | 1981-09-28 |
| TURNER   | 1500 | 1981-09-08 |
| GITA     | 1750 | 1981-07-19 |
| VRUSHALI | 1750 | 1981-07-19 |
| SHARMIN  | 1750 | 1981-07-19 |
| BANDISH  | 1750 | 1981-07-19 |
| THOMAS   | 1750 | 1981-07-19 |
| NATASHA  | 1750 | 1981-07-19 |
| SANGITA  | 1750 | 1981-07-19 |
| SUPRIYA  | 1750 | 1981-07-19 |
| CLARK    | 2450 | 1981-06-09 |
| BLAKE    | 2850 | 1981-05-01 |
| JONES    | 2975 | 1981-04-02 |
| WARD     | 1250 | 1981-02-22 |
| ALLEN    | 1600 | 1981-02-20 |
| SMITH    |  800 | 1980-12-17 |
| GRASS    | 2575 | 1980-02-14 |
| AARUSH   | 1350 | 1980-02-14 |
+----------+------+------------+
28 rows in set (0.00 sec)

mysql> select ename, sal, hiredate from emp order by hiredate desc limit 10;
+---------+------+------------+
| ename   | sal  | hiredate   |
+---------+------+------------+
| FRED    | 5000 | 1983-08-09 |
| ADAMS   | 1100 | 1983-01-12 |
| SCOTT   | 3000 | 1982-12-09 |
| HOFFMAN | 4150 | 1982-03-24 |
| ALEX    | 1250 | 1982-01-24 |
| MILLER  | 1300 | 1982-01-23 |
| AARAV   | 3350 | 1981-12-31 |
| JAMES   |  950 | 1981-12-03 |
| FORD    | 3000 | 1981-12-03 |
| KING    | 5000 | 1981-11-17 |
+---------+------+------------+
10 rows in set (0.00 sec)

mysql> select all ename, sal, hiredate from emp order by hiredate desc limit 10;
+---------+------+------------+
| ename   | sal  | hiredate   |
+---------+------+------------+
| FRED    | 5000 | 1983-08-09 |
| ADAMS   | 1100 | 1983-01-12 |
| SCOTT   | 3000 | 1982-12-09 |
| HOFFMAN | 4150 | 1982-03-24 |
| ALEX    | 1250 | 1982-01-24 |
| MILLER  | 1300 | 1982-01-23 |
| AARAV   | 3350 | 1981-12-31 |
| JAMES   |  950 | 1981-12-03 |
| FORD    | 3000 | 1981-12-03 |
| KING    | 5000 | 1981-11-17 |
+---------+------+------------+
10 rows in set (0.00 sec)

mysql> select all ename, sal, hiredate from emp order by hiredate desc limit 2, 2;
+---------+------+------------+
| ename   | sal  | hiredate   |
+---------+------+------------+
| SCOTT   | 3000 | 1982-12-09 |
| HOFFMAN | 4150 | 1982-03-24 |
+---------+------+------------+
2 rows in set (0.00 sec)

mysql> select all ename, job, sal from emp order by job;
+----------+---------------------+------+
| ename    | job                 | sal  |
+----------+---------------------+------+
| SCOTT    | ANALYST             | 3000 |
| FORD     | ANALYST             | 3000 |
| SUPRIYA  | ANALYST             | 1750 |
| SMITH    | CLERK               |  800 |
| AARAV    | CLERK               | 3350 |
| THOMAS   | CLERK               | 1750 |
| ADAMS    | CLERK               | 1100 |
| JAMES    | CLERK               |  950 |
| MILLER   | CLERK               | 1300 |
| NATASHA  | CLERK               | 1750 |
| GITA     | Compliance officers | 1750 |
| VRUSHALI | Compliance officers | 1750 |
| SANGITA  | Compliance officers | 1750 |
| JONES    | MANAGER             | 2975 |
| BLAKE    | MANAGER             | 2850 |
| CLARK    | MANAGER             | 2450 |
| HOFFMAN  | MANAGER             | 4150 |
| ALEX     | MANAGER             | 1250 |
| KING     | PRESIDENT           | 5000 |
| SHARMIN  | Public Relation     | 1750 |
| BANDISH  | Public Relation     | 1750 |
| ALLEN    | SALESMAN            | 1600 |
| WARD     | SALESMAN            | 1250 |
| MARTIN   | SALESMAN            | 1250 |
| TURNER   | SALESMAN            | 1500 |
| GRASS    | SALESMAN            | 2575 |
| AARUSH   | SALESMAN            | 1350 |
| FRED     | vice PRESIDENT      | 5000 |
+----------+---------------------+------+
28 rows in set (0.00 sec)

mysql> select all ename, job, sal from emp order by job, ename;
+----------+---------------------+------+
| ename    | job                 | sal  |
+----------+---------------------+------+
| FORD     | ANALYST             | 3000 |
| SCOTT    | ANALYST             | 3000 |
| SUPRIYA  | ANALYST             | 1750 |
| AARAV    | CLERK               | 3350 |
| ADAMS    | CLERK               | 1100 |
| JAMES    | CLERK               |  950 |
| MILLER   | CLERK               | 1300 |
| NATASHA  | CLERK               | 1750 |
| SMITH    | CLERK               |  800 |
| THOMAS   | CLERK               | 1750 |
| GITA     | Compliance officers | 1750 |
| SANGITA  | Compliance officers | 1750 |
| VRUSHALI | Compliance officers | 1750 |
| ALEX     | MANAGER             | 1250 |
| BLAKE    | MANAGER             | 2850 |
| CLARK    | MANAGER             | 2450 |
| HOFFMAN  | MANAGER             | 4150 |
| JONES    | MANAGER             | 2975 |
| KING     | PRESIDENT           | 5000 |
| BANDISH  | Public Relation     | 1750 |
| SHARMIN  | Public Relation     | 1750 |
| AARUSH   | SALESMAN            | 1350 |
| ALLEN    | SALESMAN            | 1600 |
| GRASS    | SALESMAN            | 2575 |
| MARTIN   | SALESMAN            | 1250 |
| TURNER   | SALESMAN            | 1500 |
| WARD     | SALESMAN            | 1250 |
| FRED     | vice PRESIDENT      | 5000 |
+----------+---------------------+------+
28 rows in set (0.00 sec)

mysql> select all ename, job, sal from emp order by job, ename desc;
+----------+---------------------+------+
| ename    | job                 | sal  |
+----------+---------------------+------+
| SUPRIYA  | ANALYST             | 1750 |
| SCOTT    | ANALYST             | 3000 |
| FORD     | ANALYST             | 3000 |
| THOMAS   | CLERK               | 1750 |
| SMITH    | CLERK               |  800 |
| NATASHA  | CLERK               | 1750 |
| MILLER   | CLERK               | 1300 |
| JAMES    | CLERK               |  950 |
| ADAMS    | CLERK               | 1100 |
| AARAV    | CLERK               | 3350 |
| VRUSHALI | Compliance officers | 1750 |
| SANGITA  | Compliance officers | 1750 |
| GITA     | Compliance officers | 1750 |
| JONES    | MANAGER             | 2975 |
| HOFFMAN  | MANAGER             | 4150 |
| CLARK    | MANAGER             | 2450 |
| BLAKE    | MANAGER             | 2850 |
| ALEX     | MANAGER             | 1250 |
| KING     | PRESIDENT           | 5000 |
| SHARMIN  | Public Relation     | 1750 |
| BANDISH  | Public Relation     | 1750 |
| WARD     | SALESMAN            | 1250 |
| TURNER   | SALESMAN            | 1500 |
| MARTIN   | SALESMAN            | 1250 |
| GRASS    | SALESMAN            | 2575 |
| ALLEN    | SALESMAN            | 1600 |
| AARUSH   | SALESMAN            | 1350 |
| FRED     | vice PRESIDENT      | 5000 |
+----------+---------------------+------+
28 rows in set (0.00 sec)

mysql>
mysql> select all ename, job, sal from emp order by job, ename desc, sal;
+----------+---------------------+------+
| ename    | job                 | sal  |
+----------+---------------------+------+
| SUPRIYA  | ANALYST             | 1750 |
| SCOTT    | ANALYST             | 3000 |
| FORD     | ANALYST             | 3000 |
| THOMAS   | CLERK               | 1750 |
| SMITH    | CLERK               |  800 |
| NATASHA  | CLERK               | 1750 |
| MILLER   | CLERK               | 1300 |
| JAMES    | CLERK               |  950 |
| ADAMS    | CLERK               | 1100 |
| AARAV    | CLERK               | 3350 |
| VRUSHALI | Compliance officers | 1750 |
| SANGITA  | Compliance officers | 1750 |
| GITA     | Compliance officers | 1750 |
| JONES    | MANAGER             | 2975 |
| HOFFMAN  | MANAGER             | 4150 |
| CLARK    | MANAGER             | 2450 |
| BLAKE    | MANAGER             | 2850 |
| ALEX     | MANAGER             | 1250 |
| KING     | PRESIDENT           | 5000 |
| SHARMIN  | Public Relation     | 1750 |
| BANDISH  | Public Relation     | 1750 |
| WARD     | SALESMAN            | 1250 |
| TURNER   | SALESMAN            | 1500 |
| MARTIN   | SALESMAN            | 1250 |
| GRASS    | SALESMAN            | 2575 |
| ALLEN    | SALESMAN            | 1600 |
| AARUSH   | SALESMAN            | 1350 |
| FRED     | vice PRESIDENT      | 5000 |
+----------+---------------------+------+
28 rows in set (0.00 sec)

mysql> select all ename, job, sal from emp order by job, sal, ename desc
    -> ;
+----------+---------------------+------+
| ename    | job                 | sal  |
+----------+---------------------+------+
| SUPRIYA  | ANALYST             | 1750 |
| SCOTT    | ANALYST             | 3000 |
| FORD     | ANALYST             | 3000 |
| SMITH    | CLERK               |  800 |
| JAMES    | CLERK               |  950 |
| ADAMS    | CLERK               | 1100 |
| MILLER   | CLERK               | 1300 |
| THOMAS   | CLERK               | 1750 |
| NATASHA  | CLERK               | 1750 |
| AARAV    | CLERK               | 3350 |
| VRUSHALI | Compliance officers | 1750 |
| SANGITA  | Compliance officers | 1750 |
| GITA     | Compliance officers | 1750 |
| ALEX     | MANAGER             | 1250 |
| CLARK    | MANAGER             | 2450 |
| BLAKE    | MANAGER             | 2850 |
| JONES    | MANAGER             | 2975 |
| HOFFMAN  | MANAGER             | 4150 |
| KING     | PRESIDENT           | 5000 |
| SHARMIN  | Public Relation     | 1750 |
| BANDISH  | Public Relation     | 1750 |
| WARD     | SALESMAN            | 1250 |
| MARTIN   | SALESMAN            | 1250 |
| AARUSH   | SALESMAN            | 1350 |
| TURNER   | SALESMAN            | 1500 |
| ALLEN    | SALESMAN            | 1600 |
| GRASS    | SALESMAN            | 2575 |
| FRED     | vice PRESIDENT      | 5000 |
+----------+---------------------+------+
28 rows in set (0.00 sec)

mysql> select all ename, job, sal from emp order by job, sal, ename;
+----------+---------------------+------+
| ename    | job                 | sal  |
+----------+---------------------+------+
| SUPRIYA  | ANALYST             | 1750 |
| FORD     | ANALYST             | 3000 |
| SCOTT    | ANALYST             | 3000 |
| SMITH    | CLERK               |  800 |
| JAMES    | CLERK               |  950 |
| ADAMS    | CLERK               | 1100 |
| MILLER   | CLERK               | 1300 |
| NATASHA  | CLERK               | 1750 |
| THOMAS   | CLERK               | 1750 |
| AARAV    | CLERK               | 3350 |
| GITA     | Compliance officers | 1750 |
| SANGITA  | Compliance officers | 1750 |
| VRUSHALI | Compliance officers | 1750 |
| ALEX     | MANAGER             | 1250 |
| CLARK    | MANAGER             | 2450 |
| BLAKE    | MANAGER             | 2850 |
| JONES    | MANAGER             | 2975 |
| HOFFMAN  | MANAGER             | 4150 |
| KING     | PRESIDENT           | 5000 |
| BANDISH  | Public Relation     | 1750 |
| SHARMIN  | Public Relation     | 1750 |
| MARTIN   | SALESMAN            | 1250 |
| WARD     | SALESMAN            | 1250 |
| AARUSH   | SALESMAN            | 1350 |
| TURNER   | SALESMAN            | 1500 |
| ALLEN    | SALESMAN            | 1600 |
| GRASS    | SALESMAN            | 2575 |
| FRED     | vice PRESIDENT      | 5000 |
+----------+---------------------+------+
28 rows in set (0.00 sec)

mysql> select all ename, job, sal from emp order by job, sal desc, ename;
+----------+---------------------+------+
| ename    | job                 | sal  |
+----------+---------------------+------+
| FORD     | ANALYST             | 3000 |
| SCOTT    | ANALYST             | 3000 |
| SUPRIYA  | ANALYST             | 1750 |
| AARAV    | CLERK               | 3350 |
| NATASHA  | CLERK               | 1750 |
| THOMAS   | CLERK               | 1750 |
| MILLER   | CLERK               | 1300 |
| ADAMS    | CLERK               | 1100 |
| JAMES    | CLERK               |  950 |
| SMITH    | CLERK               |  800 |
| GITA     | Compliance officers | 1750 |
| SANGITA  | Compliance officers | 1750 |
| VRUSHALI | Compliance officers | 1750 |
| HOFFMAN  | MANAGER             | 4150 |
| JONES    | MANAGER             | 2975 |
| BLAKE    | MANAGER             | 2850 |
| CLARK    | MANAGER             | 2450 |
| ALEX     | MANAGER             | 1250 |
| KING     | PRESIDENT           | 5000 |
| BANDISH  | Public Relation     | 1750 |
| SHARMIN  | Public Relation     | 1750 |
| GRASS    | SALESMAN            | 2575 |
| ALLEN    | SALESMAN            | 1600 |
| TURNER   | SALESMAN            | 1500 |
| AARUSH   | SALESMAN            | 1350 |
| MARTIN   | SALESMAN            | 1250 |
| WARD     | SALESMAN            | 1250 |
| FRED     | vice PRESIDENT      | 5000 |
+----------+---------------------+------+
28 rows in set (0.00 sec)

mysql> select all ename, job, sal from emp order by job, sal desc, ename desc;
+----------+---------------------+------+
| ename    | job                 | sal  |
+----------+---------------------+------+
| SCOTT    | ANALYST             | 3000 |
| FORD     | ANALYST             | 3000 |
| SUPRIYA  | ANALYST             | 1750 |
| AARAV    | CLERK               | 3350 |
| THOMAS   | CLERK               | 1750 |
| NATASHA  | CLERK               | 1750 |
| MILLER   | CLERK               | 1300 |
| ADAMS    | CLERK               | 1100 |
| JAMES    | CLERK               |  950 |
| SMITH    | CLERK               |  800 |
| VRUSHALI | Compliance officers | 1750 |
| SANGITA  | Compliance officers | 1750 |
| GITA     | Compliance officers | 1750 |
| HOFFMAN  | MANAGER             | 4150 |
| JONES    | MANAGER             | 2975 |
| BLAKE    | MANAGER             | 2850 |
| CLARK    | MANAGER             | 2450 |
| ALEX     | MANAGER             | 1250 |
| KING     | PRESIDENT           | 5000 |
| SHARMIN  | Public Relation     | 1750 |
| BANDISH  | Public Relation     | 1750 |
| GRASS    | SALESMAN            | 2575 |
| ALLEN    | SALESMAN            | 1600 |
| TURNER   | SALESMAN            | 1500 |
| AARUSH   | SALESMAN            | 1350 |
| WARD     | SALESMAN            | 1250 |
| MARTIN   | SALESMAN            | 1250 |
| FRED     | vice PRESIDENT      | 5000 |
+----------+---------------------+------+
28 rows in set (0.00 sec)

mysql> desc emp;
+-----------+-------------+------+-----+---------+-------+
| Field     | Type        | Null | Key | Default | Extra |
+-----------+-------------+------+-----+---------+-------+
| EMPNO     | int         | NO   | PRI | NULL    |       |
| ENAME     | varchar(12) | YES  |     | NULL    |       |
| GENDER    | char(1)     | YES  |     | NULL    |       |
| JOB       | varchar(20) | YES  |     | NULL    |       |
| MGR       | int         | YES  | MUL | NULL    |       |
| HIREDATE  | date        | YES  |     | NULL    |       |
| SAL       | int         | YES  |     | NULL    |       |
| COMM      | int         | YES  |     | NULL    |       |
| DEPTNO    | int         | NO   | MUL | NULL    |       |
| BONUSID   | int         | YES  |     | NULL    |       |
| USER NAME | varchar(20) | YES  |     | NULL    |       |
| PWD       | varchar(20) | YES  |     | NULL    |       |
| PHONE     | varchar(45) | YES  |     | NULL    |       |
| isActive  | tinyint(1)  | YES  |     | NULL    |       |
+-----------+-------------+------+-----+---------+-------+
14 rows in set (0.07 sec)

mysql> select * from emp order by 2;
+-------+----------+--------+---------------------+------+------------+------+------+--------+---------+--------------+------------+------------+----------+
| EMPNO | ENAME    | GENDER | JOB                 | MGR  | HIREDATE   | SAL  | COMM | DEPTNO | BONUSID | USER NAME    | PWD        | PHONE      | isActive |
+-------+----------+--------+---------------------+------+------------+------+------+--------+---------+--------------+------------+------------+----------+
|  7415 | AARAV    | M      | CLERK               | 7902 | 1981-12-31 | 3350 | NULL |     10 |    NULL | AARAV        | NULL       | 7032300084 |        0 |
|  7945 | AARUSH   | M      | SALESMAN            | 7902 | 1980-02-14 | 1350 | 2700 |     30 |    NULL | AARUSH       | ABCDEF     | NULL       |        0 |
|  7876 | ADAMS    | M      | CLERK               | 7788 | 1983-01-12 | 1100 | NULL |     20 |       1 | CRAZY ANYONE | a12recmpm  | 7132300086 |        1 |
|  7949 | ALEX     | M      | MANAGER             | 7698 | 1982-01-24 | 1250 |  500 |     30 |       5 | QUARTERREST  | sales@2017 | 7156567183 |        1 |
|  7499 | ALLEN    | M      | SALESMAN            | 7698 | 1981-02-20 | 1600 |  300 |     30 |       4 | ALWAYS TESTE | sales@2017 | 7032300096 |        1 |
|  6781 | BANDISH  | F      | Public Relation     | 7920 | 1981-07-19 | 1750 | NULL |     20 |       1 | BANDISH      | a12recmpm  | NULL       |        1 |
|  7698 | BLAKE    | M      | MANAGER             | 7839 | 1981-05-01 | 2850 | NULL |     30 |       1 | BIG BEN      | sales@2017 | 7132300027 |        1 |
|  7782 | CLARK    | M      | MANAGER             | 7839 | 1981-06-09 | 2450 | NULL |     10 |       3 | CLARK        | r50mpm     | 7032300001 |        1 |
|  7902 | FORD     | M      | ANALYST             | 7566 | 1981-12-03 | 3000 | NULL |     20 |       4 | CONBRIO      | a12recmpm  | NULL       |        0 |
|  7840 | FRED     | M      | vice PRESIDENT      | 7839 | 1983-08-09 | 5000 | NULL |     20 |       1 | SAND STONE   | a12recmpm  | NULL       |        1 |
|  6001 | GITA     | F      | Compliance officers | 7920 | 1981-07-19 | 1750 | NULL |     30 |       1 | GITA         | sales@2017 | NULL       |        1 |
|  7920 | GRASS    | M      | SALESMAN            | 7919 | 1980-02-14 | 2575 | 2700 |     30 |       5 | GRASS        | sales@2017 | NULL       |        1 |
|  7919 | HOFFMAN  | M      | MANAGER             | 7566 | 1982-03-24 | 4150 | NULL |     30 |       3 | INTERVAL     | sales@2017 | NULL       |        1 |
|  7900 | JAMES    | M      | CLERK               | 7698 | 1981-12-03 |  950 | NULL |     30 |       2 | CRAZY LEADER | sales@2017 | 7132300042 |        1 |
|  7566 | JONES    | M      | MANAGER             | 7839 | 1981-04-02 | 2975 | NULL |     20 |       4 | HONEYCOMB    | a12recmpm  | 7132300039 |        1 |
|  7839 | KING     | M      | PRESIDENT           | NULL | 1981-11-17 | 5000 | NULL |     10 |       1 | KING         | r50mpm     | 7132300081 |        1 |
|  7654 | MARTIN   | M      | SALESMAN            | 7698 | 1981-09-28 | 1250 | 1400 |     30 |       6 | LIFE RACER   | sales@2017 | 7132300050 |        1 |
|  7934 | MILLER   | M      | CLERK               | 7782 | 1982-01-23 | 1300 | NULL |     10 |       2 | QUARTERNOTE  | r50mpm     | 7132300055 |        0 |
|  8433 | NATASHA  | F      | CLERK               | 7920 | 1981-07-19 | 1750 | NULL |     30 |       1 | NATASHA      | sales@2017 | NULL       |        1 |
|  9400 | SANGITA  | F      | Compliance officers | 7920 | 1981-07-19 | 1750 | NULL |     50 |       1 | SANGITA      | NULL       | NULL       |        1 |
|  7788 | SCOTT    | M      | ANALYST             | 7566 | 1982-12-09 | 3000 | NULL |     20 |       3 | WHITE SAND   | a12recmpm  | NULL       |        1 |
|  6473 | SHARMIN  | F      | Public Relation     | 7920 | 1981-07-19 | 1750 | NULL |     20 |       1 | SHARMIN      | a12recmpm  | NULL       |        1 |
|  7369 | SMITH    | M      | CLERK               | 7902 | 1980-12-17 |  800 | NULL |     20 |       2 | TRITONE      | a12recmpm  | 7032300023 |        0 |
|  9473 | SUPRIYA  | F      | ANALYST             | 7920 | 1981-07-19 | 1750 | NULL |     50 |       1 | SUPRIYA      | XYZ@1234   | NULL       |        1 |
|  7421 | THOMAS   | M      | CLERK               | 7920 | 1981-07-19 | 1750 | NULL |     10 |       1 | THOMAS       | r50mpm     | 7032300011 |        0 |
|  7844 | TURNER   | M      | SALESMAN            | 7698 | 1981-09-08 | 1500 |    0 |     30 |       5 | SAND DUST    | sales@2017 | NULL       |        1 |
|  6129 | VRUSHALI | F      | Compliance officers | 7920 | 1981-07-19 | 1750 | NULL |     50 |       1 | VRUSHALI     | PUN@8877   | NULL       |        1 |
|  7521 | WARD     | M      | SALESMAN            | 7698 | 1981-02-22 | 1250 |  500 |     30 |       1 | WARD         | sales@2017 | 7132300034 |        1 |
+-------+----------+--------+---------------------+------+------------+------+------+--------+---------+--------------+------------+------------+----------+
28 rows in set (0.00 sec)

mysql> select ename from emp order by 2;
ERROR 1054 (42S22): Unknown column '2' in 'order clause'
mysql> select ename from emp order by 1;
+----------+
| ename    |
+----------+
| AARAV    |
| AARUSH   |
| ADAMS    |
| ALEX     |
| ALLEN    |
| BANDISH  |
| BLAKE    |
| CLARK    |
| FORD     |
| FRED     |
| GITA     |
| GRASS    |
| HOFFMAN  |
| JAMES    |
| JONES    |
| KING     |
| MARTIN   |
| MILLER   |
| NATASHA  |
| SANGITA  |
| SCOTT    |
| SHARMIN  |
| SMITH    |
| SUPRIYA  |
| THOMAS   |
| TURNER   |
| VRUSHALI |
| WARD     |
+----------+
28 rows in set (0.00 sec)

mysql> select ename, job, sal from emp order by 2;
+----------+---------------------+------+
| ename    | job                 | sal  |
+----------+---------------------+------+
| SCOTT    | ANALYST             | 3000 |
| FORD     | ANALYST             | 3000 |
| SUPRIYA  | ANALYST             | 1750 |
| SMITH    | CLERK               |  800 |
| AARAV    | CLERK               | 3350 |
| THOMAS   | CLERK               | 1750 |
| ADAMS    | CLERK               | 1100 |
| JAMES    | CLERK               |  950 |
| MILLER   | CLERK               | 1300 |
| NATASHA  | CLERK               | 1750 |
| GITA     | Compliance officers | 1750 |
| VRUSHALI | Compliance officers | 1750 |
| SANGITA  | Compliance officers | 1750 |
| JONES    | MANAGER             | 2975 |
| BLAKE    | MANAGER             | 2850 |
| CLARK    | MANAGER             | 2450 |
| HOFFMAN  | MANAGER             | 4150 |
| ALEX     | MANAGER             | 1250 |
| KING     | PRESIDENT           | 5000 |
| SHARMIN  | Public Relation     | 1750 |
| BANDISH  | Public Relation     | 1750 |
| ALLEN    | SALESMAN            | 1600 |
| WARD     | SALESMAN            | 1250 |
| MARTIN   | SALESMAN            | 1250 |
| TURNER   | SALESMAN            | 1500 |
| GRASS    | SALESMAN            | 2575 |
| AARUSH   | SALESMAN            | 1350 |
| FRED     | vice PRESIDENT      | 5000 |
+----------+---------------------+------+
28 rows in set (0.00 sec)

mysql> select ename, job, sal from emp order by 2 desc;
+----------+---------------------+------+
| ename    | job                 | sal  |
+----------+---------------------+------+
| FRED     | vice PRESIDENT      | 5000 |
| ALLEN    | SALESMAN            | 1600 |
| WARD     | SALESMAN            | 1250 |
| MARTIN   | SALESMAN            | 1250 |
| TURNER   | SALESMAN            | 1500 |
| GRASS    | SALESMAN            | 2575 |
| AARUSH   | SALESMAN            | 1350 |
| SHARMIN  | Public Relation     | 1750 |
| BANDISH  | Public Relation     | 1750 |
| KING     | PRESIDENT           | 5000 |
| JONES    | MANAGER             | 2975 |
| BLAKE    | MANAGER             | 2850 |
| CLARK    | MANAGER             | 2450 |
| HOFFMAN  | MANAGER             | 4150 |
| ALEX     | MANAGER             | 1250 |
| GITA     | Compliance officers | 1750 |
| VRUSHALI | Compliance officers | 1750 |
| SANGITA  | Compliance officers | 1750 |
| SMITH    | CLERK               |  800 |
| AARAV    | CLERK               | 3350 |
| THOMAS   | CLERK               | 1750 |
| ADAMS    | CLERK               | 1100 |
| JAMES    | CLERK               |  950 |
| MILLER   | CLERK               | 1300 |
| NATASHA  | CLERK               | 1750 |
| SCOTT    | ANALYST             | 3000 |
| FORD     | ANALYST             | 3000 |
| SUPRIYA  | ANALYST             | 1750 |
+----------+---------------------+------+
28 rows in set (0.00 sec)

mysql>
mysql>
mysql> select ename, job, sal, sal + 1000 R1 from emp;
+----------+---------------------+------+------+
| ename    | job                 | sal  | R1   |
+----------+---------------------+------+------+
| GITA     | Compliance officers | 1750 | 2750 |
| VRUSHALI | Compliance officers | 1750 | 2750 |
| SHARMIN  | Public Relation     | 1750 | 2750 |
| BANDISH  | Public Relation     | 1750 | 2750 |
| SMITH    | CLERK               |  800 | 1800 |
| AARAV    | CLERK               | 3350 | 4350 |
| THOMAS   | CLERK               | 1750 | 2750 |
| ALLEN    | SALESMAN            | 1600 | 2600 |
| WARD     | SALESMAN            | 1250 | 2250 |
| JONES    | MANAGER             | 2975 | 3975 |
| MARTIN   | SALESMAN            | 1250 | 2250 |
| BLAKE    | MANAGER             | 2850 | 3850 |
| CLARK    | MANAGER             | 2450 | 3450 |
| SCOTT    | ANALYST             | 3000 | 4000 |
| KING     | PRESIDENT           | 5000 | 6000 |
| FRED     | vice PRESIDENT      | 5000 | 6000 |
| TURNER   | SALESMAN            | 1500 | 2500 |
| ADAMS    | CLERK               | 1100 | 2100 |
| JAMES    | CLERK               |  950 | 1950 |
| FORD     | ANALYST             | 3000 | 4000 |
| HOFFMAN  | MANAGER             | 4150 | 5150 |
| GRASS    | SALESMAN            | 2575 | 3575 |
| MILLER   | CLERK               | 1300 | 2300 |
| AARUSH   | SALESMAN            | 1350 | 2350 |
| ALEX     | MANAGER             | 1250 | 2250 |
| NATASHA  | CLERK               | 1750 | 2750 |
| SANGITA  | Compliance officers | 1750 | 2750 |
| SUPRIYA  | ANALYST             | 1750 | 2750 |
+----------+---------------------+------+------+
28 rows in set (0.01 sec)

mysql> select ename, job, sal, sal + 1000 R1 from emp order by sal + 1000;
+----------+---------------------+------+------+
| ename    | job                 | sal  | R1   |
+----------+---------------------+------+------+
| SMITH    | CLERK               |  800 | 1800 |
| JAMES    | CLERK               |  950 | 1950 |
| ADAMS    | CLERK               | 1100 | 2100 |
| WARD     | SALESMAN            | 1250 | 2250 |
| MARTIN   | SALESMAN            | 1250 | 2250 |
| ALEX     | MANAGER             | 1250 | 2250 |
| MILLER   | CLERK               | 1300 | 2300 |
| AARUSH   | SALESMAN            | 1350 | 2350 |
| TURNER   | SALESMAN            | 1500 | 2500 |
| ALLEN    | SALESMAN            | 1600 | 2600 |
| GITA     | Compliance officers | 1750 | 2750 |
| VRUSHALI | Compliance officers | 1750 | 2750 |
| SHARMIN  | Public Relation     | 1750 | 2750 |
| BANDISH  | Public Relation     | 1750 | 2750 |
| THOMAS   | CLERK               | 1750 | 2750 |
| NATASHA  | CLERK               | 1750 | 2750 |
| SANGITA  | Compliance officers | 1750 | 2750 |
| SUPRIYA  | ANALYST             | 1750 | 2750 |
| CLARK    | MANAGER             | 2450 | 3450 |
| GRASS    | SALESMAN            | 2575 | 3575 |
| BLAKE    | MANAGER             | 2850 | 3850 |
| JONES    | MANAGER             | 2975 | 3975 |
| SCOTT    | ANALYST             | 3000 | 4000 |
| FORD     | ANALYST             | 3000 | 4000 |
| AARAV    | CLERK               | 3350 | 4350 |
| HOFFMAN  | MANAGER             | 4150 | 5150 |
| KING     | PRESIDENT           | 5000 | 6000 |
| FRED     | vice PRESIDENT      | 5000 | 6000 |
+----------+---------------------+------+------+
28 rows in set (0.00 sec)

mysql>
mysql> select ename, job, sal, sal + 1000 R1 from emp order by R1 desc;
+----------+---------------------+------+------+
| ename    | job                 | sal  | R1   |
+----------+---------------------+------+------+
| KING     | PRESIDENT           | 5000 | 6000 |
| FRED     | vice PRESIDENT      | 5000 | 6000 |
| HOFFMAN  | MANAGER             | 4150 | 5150 |
| AARAV    | CLERK               | 3350 | 4350 |
| SCOTT    | ANALYST             | 3000 | 4000 |
| FORD     | ANALYST             | 3000 | 4000 |
| JONES    | MANAGER             | 2975 | 3975 |
| BLAKE    | MANAGER             | 2850 | 3850 |
| GRASS    | SALESMAN            | 2575 | 3575 |
| CLARK    | MANAGER             | 2450 | 3450 |
| GITA     | Compliance officers | 1750 | 2750 |
| VRUSHALI | Compliance officers | 1750 | 2750 |
| SHARMIN  | Public Relation     | 1750 | 2750 |
| BANDISH  | Public Relation     | 1750 | 2750 |
| THOMAS   | CLERK               | 1750 | 2750 |
| NATASHA  | CLERK               | 1750 | 2750 |
| SANGITA  | Compliance officers | 1750 | 2750 |
| SUPRIYA  | ANALYST             | 1750 | 2750 |
| ALLEN    | SALESMAN            | 1600 | 2600 |
| TURNER   | SALESMAN            | 1500 | 2500 |
| AARUSH   | SALESMAN            | 1350 | 2350 |
| MILLER   | CLERK               | 1300 | 2300 |
| WARD     | SALESMAN            | 1250 | 2250 |
| MARTIN   | SALESMAN            | 1250 | 2250 |
| ALEX     | MANAGER             | 1250 | 2250 |
| ADAMS    | CLERK               | 1100 | 2100 |
| JAMES    | CLERK               |  950 | 1950 |
| SMITH    | CLERK               |  800 | 1800 |
+----------+---------------------+------+------+
28 rows in set (0.00 sec)

mysql>
mysql>
mysql> select ename,job,sal, comm R1 from emp order by comm;
+----------+---------------------+------+------+
| ename    | job                 | sal  | R1   |
+----------+---------------------+------+------+
| GITA     | Compliance officers | 1750 | NULL |
| VRUSHALI | Compliance officers | 1750 | NULL |
| SHARMIN  | Public Relation     | 1750 | NULL |
| BANDISH  | Public Relation     | 1750 | NULL |
| SMITH    | CLERK               |  800 | NULL |
| AARAV    | CLERK               | 3350 | NULL |
| THOMAS   | CLERK               | 1750 | NULL |
| JONES    | MANAGER             | 2975 | NULL |
| BLAKE    | MANAGER             | 2850 | NULL |
| CLARK    | MANAGER             | 2450 | NULL |
| SCOTT    | ANALYST             | 3000 | NULL |
| KING     | PRESIDENT           | 5000 | NULL |
| FRED     | vice PRESIDENT      | 5000 | NULL |
| ADAMS    | CLERK               | 1100 | NULL |
| JAMES    | CLERK               |  950 | NULL |
| FORD     | ANALYST             | 3000 | NULL |
| HOFFMAN  | MANAGER             | 4150 | NULL |
| MILLER   | CLERK               | 1300 | NULL |
| NATASHA  | CLERK               | 1750 | NULL |
| SANGITA  | Compliance officers | 1750 | NULL |
| SUPRIYA  | ANALYST             | 1750 | NULL |
| TURNER   | SALESMAN            | 1500 |    0 |
| ALLEN    | SALESMAN            | 1600 |  300 |
| WARD     | SALESMAN            | 1250 |  500 |
| ALEX     | MANAGER             | 1250 |  500 |
| MARTIN   | SALESMAN            | 1250 | 1400 |
| GRASS    | SALESMAN            | 2575 | 2700 |
| AARUSH   | SALESMAN            | 1350 | 2700 |
+----------+---------------------+------+------+
28 rows in set (0.00 sec)

mysql> select ename,job,sal, comm R1 from emp order by comm desc ;
+----------+---------------------+------+------+
| ename    | job                 | sal  | R1   |
+----------+---------------------+------+------+
| GRASS    | SALESMAN            | 2575 | 2700 |
| AARUSH   | SALESMAN            | 1350 | 2700 |
| MARTIN   | SALESMAN            | 1250 | 1400 |
| WARD     | SALESMAN            | 1250 |  500 |
| ALEX     | MANAGER             | 1250 |  500 |
| ALLEN    | SALESMAN            | 1600 |  300 |
| TURNER   | SALESMAN            | 1500 |    0 |
| GITA     | Compliance officers | 1750 | NULL |
| VRUSHALI | Compliance officers | 1750 | NULL |
| SHARMIN  | Public Relation     | 1750 | NULL |
| BANDISH  | Public Relation     | 1750 | NULL |
| SMITH    | CLERK               |  800 | NULL |
| AARAV    | CLERK               | 3350 | NULL |
| THOMAS   | CLERK               | 1750 | NULL |
| JONES    | MANAGER             | 2975 | NULL |
| BLAKE    | MANAGER             | 2850 | NULL |
| CLARK    | MANAGER             | 2450 | NULL |
| SCOTT    | ANALYST             | 3000 | NULL |
| KING     | PRESIDENT           | 5000 | NULL |
| FRED     | vice PRESIDENT      | 5000 | NULL |
| ADAMS    | CLERK               | 1100 | NULL |
| JAMES    | CLERK               |  950 | NULL |
| FORD     | ANALYST             | 3000 | NULL |
| HOFFMAN  | MANAGER             | 4150 | NULL |
| MILLER   | CLERK               | 1300 | NULL |
| NATASHA  | CLERK               | 1750 | NULL |
| SANGITA  | Compliance officers | 1750 | NULL |
| SUPRIYA  | ANALYST             | 1750 | NULL |
+----------+---------------------+------+------+
28 rows in set (0.00 sec)

mysql>
mysql>
mysql> select comm, isnull(comm) from emp;
+------+--------------+
| comm | isnull(comm) |
+------+--------------+
| NULL |            1 |
| NULL |            1 |
| NULL |            1 |
| NULL |            1 |
| NULL |            1 |
| NULL |            1 |
| NULL |            1 |
|  300 |            0 |
|  500 |            0 |
| NULL |            1 |
| 1400 |            0 |
| NULL |            1 |
| NULL |            1 |
| NULL |            1 |
| NULL |            1 |
| NULL |            1 |
|    0 |            0 |
| NULL |            1 |
| NULL |            1 |
| NULL |            1 |
| NULL |            1 |
| 2700 |            0 |
| NULL |            1 |
| 2700 |            0 |
|  500 |            0 |
| NULL |            1 |
| NULL |            1 |
| NULL |            1 |
+------+--------------+
28 rows in set (0.01 sec)

mysql> select comm, isnull(comm) from emp order by comm desc;
+------+--------------+
| comm | isnull(comm) |
+------+--------------+
| 2700 |            0 |
| 2700 |            0 |
| 1400 |            0 |
|  500 |            0 |
|  500 |            0 |
|  300 |            0 |
|    0 |            0 |
| NULL |            1 |
| NULL |            1 |
| NULL |            1 |
| NULL |            1 |
| NULL |            1 |
| NULL |            1 |
| NULL |            1 |
| NULL |            1 |
| NULL |            1 |
| NULL |            1 |
| NULL |            1 |
| NULL |            1 |
| NULL |            1 |
| NULL |            1 |
| NULL |            1 |
| NULL |            1 |
| NULL |            1 |
| NULL |            1 |
| NULL |            1 |
| NULL |            1 |
| NULL |            1 |
+------+--------------+
28 rows in set (0.00 sec)

mysql> select comm, isnull(comm) R1 from emp order by R1 desc , comm desc;
+------+----+
| comm | R1 |
+------+----+
| NULL |  1 |
| NULL |  1 |
| NULL |  1 |
| NULL |  1 |
| NULL |  1 |
| NULL |  1 |
| NULL |  1 |
| NULL |  1 |
| NULL |  1 |
| NULL |  1 |
| NULL |  1 |
| NULL |  1 |
| NULL |  1 |
| NULL |  1 |
| NULL |  1 |
| NULL |  1 |
| NULL |  1 |
| NULL |  1 |
| NULL |  1 |
| NULL |  1 |
| NULL |  1 |
| 2700 |  0 |
| 2700 |  0 |
| 1400 |  0 |
|  500 |  0 |
|  500 |  0 |
|  300 |  0 |
|    0 |  0 |
+------+----+
28 rows in set (0.00 sec)

mysql> select ename, job, sal, comm from emp order by isnull(comm) desc , comm desc;
+----------+---------------------+------+------+
| ename    | job                 | sal  | comm |
+----------+---------------------+------+------+
| GITA     | Compliance officers | 1750 | NULL |
| VRUSHALI | Compliance officers | 1750 | NULL |
| SHARMIN  | Public Relation     | 1750 | NULL |
| BANDISH  | Public Relation     | 1750 | NULL |
| SMITH    | CLERK               |  800 | NULL |
| AARAV    | CLERK               | 3350 | NULL |
| THOMAS   | CLERK               | 1750 | NULL |
| JONES    | MANAGER             | 2975 | NULL |
| BLAKE    | MANAGER             | 2850 | NULL |
| CLARK    | MANAGER             | 2450 | NULL |
| SCOTT    | ANALYST             | 3000 | NULL |
| KING     | PRESIDENT           | 5000 | NULL |
| FRED     | vice PRESIDENT      | 5000 | NULL |
| ADAMS    | CLERK               | 1100 | NULL |
| JAMES    | CLERK               |  950 | NULL |
| FORD     | ANALYST             | 3000 | NULL |
| HOFFMAN  | MANAGER             | 4150 | NULL |
| MILLER   | CLERK               | 1300 | NULL |
| NATASHA  | CLERK               | 1750 | NULL |
| SANGITA  | Compliance officers | 1750 | NULL |
| SUPRIYA  | ANALYST             | 1750 | NULL |
| GRASS    | SALESMAN            | 2575 | 2700 |
| AARUSH   | SALESMAN            | 1350 | 2700 |
| MARTIN   | SALESMAN            | 1250 | 1400 |
| WARD     | SALESMAN            | 1250 |  500 |
| ALEX     | MANAGER             | 1250 |  500 |
| ALLEN    | SALESMAN            | 1600 |  300 |
| TURNER   | SALESMAN            | 1500 |    0 |
+----------+---------------------+------+------+
28 rows in set (0.00 sec)

mysql> select ename, job, sal, comm from emp order by comm desc;
+----------+---------------------+------+------+
| ename    | job                 | sal  | comm |
+----------+---------------------+------+------+
| GRASS    | SALESMAN            | 2575 | 2700 |
| AARUSH   | SALESMAN            | 1350 | 2700 |
| MARTIN   | SALESMAN            | 1250 | 1400 |
| WARD     | SALESMAN            | 1250 |  500 |
| ALEX     | MANAGER             | 1250 |  500 |
| ALLEN    | SALESMAN            | 1600 |  300 |
| TURNER   | SALESMAN            | 1500 |    0 |
| GITA     | Compliance officers | 1750 | NULL |
| VRUSHALI | Compliance officers | 1750 | NULL |
| SHARMIN  | Public Relation     | 1750 | NULL |
| BANDISH  | Public Relation     | 1750 | NULL |
| SMITH    | CLERK               |  800 | NULL |
| AARAV    | CLERK               | 3350 | NULL |
| THOMAS   | CLERK               | 1750 | NULL |
| JONES    | MANAGER             | 2975 | NULL |
| BLAKE    | MANAGER             | 2850 | NULL |
| CLARK    | MANAGER             | 2450 | NULL |
| SCOTT    | ANALYST             | 3000 | NULL |
| KING     | PRESIDENT           | 5000 | NULL |
| FRED     | vice PRESIDENT      | 5000 | NULL |
| ADAMS    | CLERK               | 1100 | NULL |
| JAMES    | CLERK               |  950 | NULL |
| FORD     | ANALYST             | 3000 | NULL |
| HOFFMAN  | MANAGER             | 4150 | NULL |
| MILLER   | CLERK               | 1300 | NULL |
| NATASHA  | CLERK               | 1750 | NULL |
| SANGITA  | Compliance officers | 1750 | NULL |
| SUPRIYA  | ANALYST             | 1750 | NULL |
+----------+---------------------+------+------+
28 rows in set (0.00 sec)

mysql> select * from ord;
+-------+---------------------+----------+--------+---------------------+---------------------+------------+----------+
| ORDID | ORDERDATE           | COMMPLAN | CUSTID | SHIPDATE            | STATUSDATE          | STATUS     | TOTAL    |
+-------+---------------------+----------+--------+---------------------+---------------------+------------+----------+
|   601 | 1986-05-01 00:00:00 | A        |    106 | 1986-05-30 00:00:00 | NULL                | In Process |     2.40 |
|   602 | 1986-06-05 00:00:00 | B        |    102 | 1986-06-20 00:00:00 | 1986-07-09 00:00:00 | On Hold    |    56.00 |
|   603 | 1986-06-05 00:00:00 | NULL     |    102 | 1986-06-05 00:00:00 | 1986-06-10 00:00:00 | Cancelled  |   224.00 |
|   604 | 1986-06-15 00:00:00 | A        |    106 | 1986-05-30 00:00:00 | 1986-07-04 00:00:00 | Resolved   |   698.00 |
|   605 | 1986-07-14 00:00:00 | A        |    106 | 1986-07-30 00:00:00 | 1986-08-02 00:00:00 | Disputed   |  8324.00 |
|   606 | 1986-07-14 00:00:00 | A        |    100 | 1986-07-30 00:00:00 | NULL                | Shipped    |     3.40 |
|   607 | 1986-07-18 00:00:00 | C        |    104 | 1986-07-18 00:00:00 | NULL                | In Process |     5.60 |
|   608 | 1986-07-25 00:00:00 | C        |    104 | 1986-07-25 00:00:00 | NULL                | Shipped    |    35.20 |
|   609 | 1986-08-01 00:00:00 | B        |    100 | 1986-08-15 00:00:00 | 1986-08-19 00:00:00 | On Hold    |    97.50 |
|   610 | 1987-01-07 00:00:00 | A        |    101 | 1987-01-08 00:00:00 | NULL                | In Process |   101.40 |
|   611 | 1987-01-11 00:00:00 | B        |    102 | 1987-01-11 00:00:00 | NULL                | Shipped    |    45.00 |
|   612 | 1987-01-15 00:00:00 | C        |    104 | 1987-01-20 00:00:00 | 1987-01-21 00:00:00 | Cancelled  |  5860.00 |
|   613 | 1987-02-01 00:00:00 | NULL     |    108 | 1987-02-01 00:00:00 | NULL                | Shipped    |  6400.00 |
|   614 | 1987-02-01 00:00:00 | NULL     |    102 | 1987-02-05 00:00:00 | NULL                | In Process | 23940.00 |
|   615 | 1987-02-01 00:00:00 | NULL     |    107 | 1987-02-06 00:00:00 | NULL                | In Process |   710.00 |
|   616 | 1987-02-03 00:00:00 | NULL     |    103 | 1987-02-10 00:00:00 | 1987-02-10 00:00:00 | Resolved   |   764.00 |
|   617 | 1987-02-05 00:00:00 | NULL     |    105 | 1987-03-03 00:00:00 | NULL                | Shipped    | 46370.00 |
|   618 | 1987-02-15 00:00:00 | A        |    102 | 1987-03-06 00:00:00 | 1987-03-16 00:00:00 | On Hold    |  3510.50 |
|   619 | 1987-02-22 00:00:00 | NULL     |    104 | 1987-02-04 00:00:00 | NULL                | In Process |  1260.00 |
|   620 | 1987-03-12 00:00:00 | NULL     |    100 | 1987-03-12 00:00:00 | 1987-03-12 00:00:00 | Cancelled  |  4450.00 |
|   621 | 1987-03-15 00:00:00 | A        |    100 | 1987-03-14 00:00:00 | NULL                | Shipped    |   730.00 |
|   622 | 1986-12-31 00:00:00 | a        |    105 | 1987-01-01 00:00:00 | 1987-01-06 00:00:00 | Delivered  |  1125.00 |
|   624 | 1987-01-06 00:00:00 | c        |    105 | 1987-01-06 00:00:00 | 1987-01-09 00:00:00 | Delivered  |   189.00 |
|   625 | 1987-01-09 00:00:00 | NULL     |    105 | 1987-01-10 00:00:00 | 1987-01-16 00:00:00 | Delivered  |  1255.00 |
|   626 | 1987-01-31 00:00:00 | NULL     |    107 | 1987-02-01 00:00:00 | 1987-02-06 00:00:00 | shipped    |  1675.00 |
|   627 | 1987-02-13 00:00:00 | NULL     |    100 | 1987-02-14 00:00:00 | 1987-02-22 00:00:00 | Delivered  |   250.00 |
+-------+---------------------+----------+--------+---------------------+---------------------+------------+----------+
26 rows in set (0.04 sec)

mysql> desc ord;
+------------+-------------+------+-----+---------+-------+
| Field      | Type        | Null | Key | Default | Extra |
+------------+-------------+------+-----+---------+-------+
| ORDID      | int         | NO   | PRI | NULL    |       |
| ORDERDATE  | datetime    | YES  |     | NULL    |       |
| COMMPLAN   | varchar(1)  | YES  |     | NULL    |       |
| CUSTID     | int         | NO   | MUL | NULL    |       |
| SHIPDATE   | datetime    | YES  |     | NULL    |       |
| STATUSDATE | datetime    | YES  |     | NULL    |       |
| STATUS     | varchar(45) | YES  |     | NULL    |       |
| TOTAL      | float(8,2)  | YES  |     | NULL    |       |
+------------+-------------+------+-----+---------+-------+
8 rows in set (0.00 sec)

mysql> select custid, status from ord;
+--------+------------+
| custid | status     |
+--------+------------+
|    106 | In Process |
|    102 | On Hold    |
|    102 | Cancelled  |
|    106 | Resolved   |
|    106 | Disputed   |
|    100 | Shipped    |
|    104 | In Process |
|    104 | Shipped    |
|    100 | On Hold    |
|    101 | In Process |
|    102 | Shipped    |
|    104 | Cancelled  |
|    108 | Shipped    |
|    102 | In Process |
|    107 | In Process |
|    103 | Resolved   |
|    105 | Shipped    |
|    102 | On Hold    |
|    104 | In Process |
|    100 | Cancelled  |
|    100 | Shipped    |
|    105 | Delivered  |
|    105 | Delivered  |
|    105 | Delivered  |
|    107 | shipped    |
|    100 | Delivered  |
+--------+------------+
26 rows in set (0.00 sec)

mysql> select custid, status from ord order by custid;
+--------+------------+
| custid | status     |
+--------+------------+
|    100 | Shipped    |
|    100 | On Hold    |
|    100 | Cancelled  |
|    100 | Shipped    |
|    100 | Delivered  |
|    101 | In Process |
|    102 | On Hold    |
|    102 | Cancelled  |
|    102 | Shipped    |
|    102 | In Process |
|    102 | On Hold    |
|    103 | Resolved   |
|    104 | In Process |
|    104 | Shipped    |
|    104 | Cancelled  |
|    104 | In Process |
|    105 | Shipped    |
|    105 | Delivered  |
|    105 | Delivered  |
|    105 | Delivered  |
|    106 | In Process |
|    106 | Resolved   |
|    106 | Disputed   |
|    107 | In Process |
|    107 | shipped    |
|    108 | Shipped    |
+--------+------------+
26 rows in set (0.00 sec)

mysql> select custid, status from ord order by custid, status;
+--------+------------+
| custid | status     |
+--------+------------+
|    100 | Cancelled  |
|    100 | Delivered  |
|    100 | On Hold    |
|    100 | Shipped    |
|    100 | Shipped    |
|    101 | In Process |
|    102 | Cancelled  |
|    102 | In Process |
|    102 | On Hold    |
|    102 | On Hold    |
|    102 | Shipped    |
|    103 | Resolved   |
|    104 | Cancelled  |
|    104 | In Process |
|    104 | In Process |
|    104 | Shipped    |
|    105 | Delivered  |
|    105 | Delivered  |
|    105 | Delivered  |
|    105 | Shipped    |
|    106 | Disputed   |
|    106 | In Process |
|    106 | Resolved   |
|    107 | In Process |
|    107 | shipped    |
|    108 | Shipped    |
+--------+------------+
26 rows in set (0.00 sec)

mysql> select custid, status, case when status='Cancelled' then 1 when select custid, status, case when status='Cancelled' then 1 when status='On Hold' then 2 when status='Shipped' then 3 when status='Delivered' then 4 end R1  from ord order by custid, status;  end R1 from ord order by custid, status;
ERROR 1064 (42000): You have an error in your SQL syntax; check the manual that corresponds to your MySQL server version for the right syntax to use near 'select custid, status, case when status='Cancelled' then 1 when status='On Hold'' at line 1
ERROR 1064 (42000): You have an error in your SQL syntax; check the manual that corresponds to your MySQL server version for the right syntax to use near 'end R1 from ord order by custid, status' at line 1
mysql>
mysql>
mysql>
mysql>
mysql> select custid, status, case when status='Cancelled' then 1 when status='On Hold' then 2 when status='Shipped' then 3 when status='Delivered' then 4 end R1  from ord order by custid, status;
+--------+------------+------+
| custid | status     | R1   |
+--------+------------+------+
|    100 | Cancelled  |    1 |
|    100 | Delivered  |    4 |
|    100 | On Hold    |    2 |
|    100 | Shipped    |    3 |
|    100 | Shipped    |    3 |
|    101 | In Process | NULL |
|    102 | Cancelled  |    1 |
|    102 | In Process | NULL |
|    102 | On Hold    |    2 |
|    102 | On Hold    |    2 |
|    102 | Shipped    |    3 |
|    103 | Resolved   | NULL |
|    104 | Cancelled  |    1 |
|    104 | In Process | NULL |
|    104 | In Process | NULL |
|    104 | Shipped    |    3 |
|    105 | Delivered  |    4 |
|    105 | Delivered  |    4 |
|    105 | Delivered  |    4 |
|    105 | Shipped    |    3 |
|    106 | Disputed   | NULL |
|    106 | In Process | NULL |
|    106 | Resolved   | NULL |
|    107 | In Process | NULL |
|    107 | shipped    |    3 |
|    108 | Shipped    |    3 |
+--------+------------+------+
26 rows in set (0.00 sec)

mysql> select custid, status, case when status='Cancelled' then 1 when status='On Hold' then 2 when status='Shipped' then 3 when status='Delivered' then 4 end R1  from ord order by custid, status;
+--------+------------+------+
| custid | status     | R1   |
+--------+------------+------+
|    100 | Cancelled  |    1 |
|    100 | Delivered  |    4 |
|    100 | On Hold    |    2 |
|    100 | Shipped    |    3 |
|    100 | Shipped    |    3 |
|    101 | In Process | NULL |
|    102 | Cancelled  |    1 |
|    102 | In Process | NULL |
|    102 | On Hold    |    2 |
|    102 | On Hold    |    2 |
|    102 | Shipped    |    3 |
|    103 | Resolved   | NULL |
|    104 | Cancelled  |    1 |
|    104 | In Process | NULL |
|    104 | In Process | NULL |
|    104 | Shipped    |    3 |
|    105 | Delivered  |    4 |
|    105 | Delivered  |    4 |
|    105 | Delivered  |    4 |
|    105 | Shipped    |    3 |
|    106 | Disputed   | NULL |
|    106 | In Process | NULL |
|    106 | Resolved   | NULL |
|    107 | In Process | NULL |
|    107 | shipped    |    3 |
|    108 | Shipped    |    3 |
+--------+------------+------+
26 rows in set (0.01 sec)

mysql>
mysql>
mysql>
mysql>
mysql>
mysql>
mysql> select custid, status, case when status='Cancelled' then 1 when status='On Hold' then 2 when status='Shipped' then 3 when status='Delivered' then 4 end R1  from ord order by custid, case when status='Cancelled' then 1 when status='On Hold' then 2 when status='Shipped' then 3 when status='Delivered' then 4 end;
+--------+------------+------+
| custid | status     | R1   |
+--------+------------+------+
|    100 | Cancelled  |    1 |
|    100 | On Hold    |    2 |
|    100 | Shipped    |    3 |
|    100 | Shipped    |    3 |
|    100 | Delivered  |    4 |
|    101 | In Process | NULL |
|    102 | In Process | NULL |
|    102 | Cancelled  |    1 |
|    102 | On Hold    |    2 |
|    102 | On Hold    |    2 |
|    102 | Shipped    |    3 |
|    103 | Resolved   | NULL |
|    104 | In Process | NULL |
|    104 | In Process | NULL |
|    104 | Cancelled  |    1 |
|    104 | Shipped    |    3 |
|    105 | Shipped    |    3 |
|    105 | Delivered  |    4 |
|    105 | Delivered  |    4 |
|    105 | Delivered  |    4 |
|    106 | In Process | NULL |
|    106 | Resolved   | NULL |
|    106 | Disputed   | NULL |
|    107 | In Process | NULL |
|    107 | shipped    |    3 |
|    108 | Shipped    |    3 |
+--------+------------+------+
26 rows in set (0.00 sec)

mysql>
mysql>
mysql>
mysql>
mysql>
mysql>
mysql> select custid, status, case when status='Cancelled' then 1 when status='On Hold' then 2 when status='Shipped' then 3 when status='In Process' then 4 when status='Delivered' then 5 when status='Disputed' then 6 end R1  from ord order by custid, case when status='Cancelled' then 1 when status='On Hold' then 2 when status='Shipped' then 3 when status='In Process' then 4 when status='Delivered' then 5 when status='Disputed' then 6 end;
+--------+------------+------+
| custid | status     | R1   |
+--------+------------+------+
|    100 | Cancelled  |    1 |
|    100 | On Hold    |    2 |
|    100 | Shipped    |    3 |
|    100 | Shipped    |    3 |
|    100 | Delivered  |    5 |
|    101 | In Process |    4 |
|    102 | Cancelled  |    1 |
|    102 | On Hold    |    2 |
|    102 | On Hold    |    2 |
|    102 | Shipped    |    3 |
|    102 | In Process |    4 |
|    103 | Resolved   | NULL |
|    104 | Cancelled  |    1 |
|    104 | Shipped    |    3 |
|    104 | In Process |    4 |
|    104 | In Process |    4 |
|    105 | Shipped    |    3 |
|    105 | Delivered  |    5 |
|    105 | Delivered  |    5 |
|    105 | Delivered  |    5 |
|    106 | Resolved   | NULL |
|    106 | In Process |    4 |
|    106 | Disputed   |    6 |
|    107 | shipped    |    3 |
|    107 | In Process |    4 |
|    108 | Shipped    |    3 |
+--------+------------+------+
26 rows in set (0.00 sec)

mysql> select ename, job, sal, comm, isactive from emp;
+----------+---------------------+------+------+----------+
| ename    | job                 | sal  | comm | isactive |
+----------+---------------------+------+------+----------+
| GITA     | Compliance officers | 1750 | NULL |        1 |
| VRUSHALI | Compliance officers | 1750 | NULL |        1 |
| SHARMIN  | Public Relation     | 1750 | NULL |        1 |
| BANDISH  | Public Relation     | 1750 | NULL |        1 |
| SMITH    | CLERK               |  800 | NULL |        0 |
| AARAV    | CLERK               | 3350 | NULL |        0 |
| THOMAS   | CLERK               | 1750 | NULL |        0 |
| ALLEN    | SALESMAN            | 1600 |  300 |        1 |
| WARD     | SALESMAN            | 1250 |  500 |        1 |
| JONES    | MANAGER             | 2975 | NULL |        1 |
| MARTIN   | SALESMAN            | 1250 | 1400 |        1 |
| BLAKE    | MANAGER             | 2850 | NULL |        1 |
| CLARK    | MANAGER             | 2450 | NULL |        1 |
| SCOTT    | ANALYST             | 3000 | NULL |        1 |
| KING     | PRESIDENT           | 5000 | NULL |        1 |
| FRED     | vice PRESIDENT      | 5000 | NULL |        1 |
| TURNER   | SALESMAN            | 1500 |    0 |        1 |
| ADAMS    | CLERK               | 1100 | NULL |        1 |
| JAMES    | CLERK               |  950 | NULL |        1 |
| FORD     | ANALYST             | 3000 | NULL |        0 |
| HOFFMAN  | MANAGER             | 4150 | NULL |        1 |
| GRASS    | SALESMAN            | 2575 | 2700 |        1 |
| MILLER   | CLERK               | 1300 | NULL |        0 |
| AARUSH   | SALESMAN            | 1350 | 2700 |        0 |
| ALEX     | MANAGER             | 1250 |  500 |        1 |
| NATASHA  | CLERK               | 1750 | NULL |        1 |
| SANGITA  | Compliance officers | 1750 | NULL |        1 |
| SUPRIYA  | ANALYST             | 1750 | NULL |        1 |
+----------+---------------------+------+------+----------+
28 rows in set (0.00 sec)

mysql> select ename, job, sal, comm, isactive from emp order by 1+1;
+----------+---------------------+------+------+----------+
| ename    | job                 | sal  | comm | isactive |
+----------+---------------------+------+------+----------+
| GITA     | Compliance officers | 1750 | NULL |        1 |
| VRUSHALI | Compliance officers | 1750 | NULL |        1 |
| SHARMIN  | Public Relation     | 1750 | NULL |        1 |
| BANDISH  | Public Relation     | 1750 | NULL |        1 |
| SMITH    | CLERK               |  800 | NULL |        0 |
| AARAV    | CLERK               | 3350 | NULL |        0 |
| THOMAS   | CLERK               | 1750 | NULL |        0 |
| ALLEN    | SALESMAN            | 1600 |  300 |        1 |
| WARD     | SALESMAN            | 1250 |  500 |        1 |
| JONES    | MANAGER             | 2975 | NULL |        1 |
| MARTIN   | SALESMAN            | 1250 | 1400 |        1 |
| BLAKE    | MANAGER             | 2850 | NULL |        1 |
| CLARK    | MANAGER             | 2450 | NULL |        1 |
| SCOTT    | ANALYST             | 3000 | NULL |        1 |
| KING     | PRESIDENT           | 5000 | NULL |        1 |
| FRED     | vice PRESIDENT      | 5000 | NULL |        1 |
| TURNER   | SALESMAN            | 1500 |    0 |        1 |
| ADAMS    | CLERK               | 1100 | NULL |        1 |
| JAMES    | CLERK               |  950 | NULL |        1 |
| FORD     | ANALYST             | 3000 | NULL |        0 |
| HOFFMAN  | MANAGER             | 4150 | NULL |        1 |
| GRASS    | SALESMAN            | 2575 | 2700 |        1 |
| MILLER   | CLERK               | 1300 | NULL |        0 |
| AARUSH   | SALESMAN            | 1350 | 2700 |        0 |
| ALEX     | MANAGER             | 1250 |  500 |        1 |
| NATASHA  | CLERK               | 1750 | NULL |        1 |
| SANGITA  | Compliance officers | 1750 | NULL |        1 |
| SUPRIYA  | ANALYST             | 1750 | NULL |        1 |
+----------+---------------------+------+------+----------+
28 rows in set (0.00 sec)

mysql> select ename, job, sal, comm, isactive, 1+1 R1 from emp;
+----------+---------------------+------+------+----------+----+
| ename    | job                 | sal  | comm | isactive | R1 |
+----------+---------------------+------+------+----------+----+
| GITA     | Compliance officers | 1750 | NULL |        1 |  2 |
| VRUSHALI | Compliance officers | 1750 | NULL |        1 |  2 |
| SHARMIN  | Public Relation     | 1750 | NULL |        1 |  2 |
| BANDISH  | Public Relation     | 1750 | NULL |        1 |  2 |
| SMITH    | CLERK               |  800 | NULL |        0 |  2 |
| AARAV    | CLERK               | 3350 | NULL |        0 |  2 |
| THOMAS   | CLERK               | 1750 | NULL |        0 |  2 |
| ALLEN    | SALESMAN            | 1600 |  300 |        1 |  2 |
| WARD     | SALESMAN            | 1250 |  500 |        1 |  2 |
| JONES    | MANAGER             | 2975 | NULL |        1 |  2 |
| MARTIN   | SALESMAN            | 1250 | 1400 |        1 |  2 |
| BLAKE    | MANAGER             | 2850 | NULL |        1 |  2 |
| CLARK    | MANAGER             | 2450 | NULL |        1 |  2 |
| SCOTT    | ANALYST             | 3000 | NULL |        1 |  2 |
| KING     | PRESIDENT           | 5000 | NULL |        1 |  2 |
| FRED     | vice PRESIDENT      | 5000 | NULL |        1 |  2 |
| TURNER   | SALESMAN            | 1500 |    0 |        1 |  2 |
| ADAMS    | CLERK               | 1100 | NULL |        1 |  2 |
| JAMES    | CLERK               |  950 | NULL |        1 |  2 |
| FORD     | ANALYST             | 3000 | NULL |        0 |  2 |
| HOFFMAN  | MANAGER             | 4150 | NULL |        1 |  2 |
| GRASS    | SALESMAN            | 2575 | 2700 |        1 |  2 |
| MILLER   | CLERK               | 1300 | NULL |        0 |  2 |
| AARUSH   | SALESMAN            | 1350 | 2700 |        0 |  2 |
| ALEX     | MANAGER             | 1250 |  500 |        1 |  2 |
| NATASHA  | CLERK               | 1750 | NULL |        1 |  2 |
| SANGITA  | Compliance officers | 1750 | NULL |        1 |  2 |
| SUPRIYA  | ANALYST             | 1750 | NULL |        1 |  2 |
+----------+---------------------+------+------+----------+----+
28 rows in set (0.00 sec)

mysql> select ename, job, sal, comm, isactive, 1+1 R1 from emp order by 1+1;
+----------+---------------------+------+------+----------+----+
| ename    | job                 | sal  | comm | isactive | R1 |
+----------+---------------------+------+------+----------+----+
| GITA     | Compliance officers | 1750 | NULL |        1 |  2 |
| VRUSHALI | Compliance officers | 1750 | NULL |        1 |  2 |
| SHARMIN  | Public Relation     | 1750 | NULL |        1 |  2 |
| BANDISH  | Public Relation     | 1750 | NULL |        1 |  2 |
| SMITH    | CLERK               |  800 | NULL |        0 |  2 |
| AARAV    | CLERK               | 3350 | NULL |        0 |  2 |
| THOMAS   | CLERK               | 1750 | NULL |        0 |  2 |
| ALLEN    | SALESMAN            | 1600 |  300 |        1 |  2 |
| WARD     | SALESMAN            | 1250 |  500 |        1 |  2 |
| JONES    | MANAGER             | 2975 | NULL |        1 |  2 |
| MARTIN   | SALESMAN            | 1250 | 1400 |        1 |  2 |
| BLAKE    | MANAGER             | 2850 | NULL |        1 |  2 |
| CLARK    | MANAGER             | 2450 | NULL |        1 |  2 |
| SCOTT    | ANALYST             | 3000 | NULL |        1 |  2 |
| KING     | PRESIDENT           | 5000 | NULL |        1 |  2 |
| FRED     | vice PRESIDENT      | 5000 | NULL |        1 |  2 |
| TURNER   | SALESMAN            | 1500 |    0 |        1 |  2 |
| ADAMS    | CLERK               | 1100 | NULL |        1 |  2 |
| JAMES    | CLERK               |  950 | NULL |        1 |  2 |
| FORD     | ANALYST             | 3000 | NULL |        0 |  2 |
| HOFFMAN  | MANAGER             | 4150 | NULL |        1 |  2 |
| GRASS    | SALESMAN            | 2575 | 2700 |        1 |  2 |
| MILLER   | CLERK               | 1300 | NULL |        0 |  2 |
| AARUSH   | SALESMAN            | 1350 | 2700 |        0 |  2 |
| ALEX     | MANAGER             | 1250 |  500 |        1 |  2 |
| NATASHA  | CLERK               | 1750 | NULL |        1 |  2 |
| SANGITA  | Compliance officers | 1750 | NULL |        1 |  2 |
| SUPRIYA  | ANALYST             | 1750 | NULL |        1 |  2 |
+----------+---------------------+------+------+----------+----+
28 rows in set (0.00 sec)

mysql> select ename, job, sal, comm, isactive, 1+1 R1 from emp order by 1;
+----------+---------------------+------+------+----------+----+
| ename    | job                 | sal  | comm | isactive | R1 |
+----------+---------------------+------+------+----------+----+
| AARAV    | CLERK               | 3350 | NULL |        0 |  2 |
| AARUSH   | SALESMAN            | 1350 | 2700 |        0 |  2 |
| ADAMS    | CLERK               | 1100 | NULL |        1 |  2 |
| ALEX     | MANAGER             | 1250 |  500 |        1 |  2 |
| ALLEN    | SALESMAN            | 1600 |  300 |        1 |  2 |
| BANDISH  | Public Relation     | 1750 | NULL |        1 |  2 |
| BLAKE    | MANAGER             | 2850 | NULL |        1 |  2 |
| CLARK    | MANAGER             | 2450 | NULL |        1 |  2 |
| FORD     | ANALYST             | 3000 | NULL |        0 |  2 |
| FRED     | vice PRESIDENT      | 5000 | NULL |        1 |  2 |
| GITA     | Compliance officers | 1750 | NULL |        1 |  2 |
| GRASS    | SALESMAN            | 2575 | 2700 |        1 |  2 |
| HOFFMAN  | MANAGER             | 4150 | NULL |        1 |  2 |
| JAMES    | CLERK               |  950 | NULL |        1 |  2 |
| JONES    | MANAGER             | 2975 | NULL |        1 |  2 |
| KING     | PRESIDENT           | 5000 | NULL |        1 |  2 |
| MARTIN   | SALESMAN            | 1250 | 1400 |        1 |  2 |
| MILLER   | CLERK               | 1300 | NULL |        0 |  2 |
| NATASHA  | CLERK               | 1750 | NULL |        1 |  2 |
| SANGITA  | Compliance officers | 1750 | NULL |        1 |  2 |
| SCOTT    | ANALYST             | 3000 | NULL |        1 |  2 |
| SHARMIN  | Public Relation     | 1750 | NULL |        1 |  2 |
| SMITH    | CLERK               |  800 | NULL |        0 |  2 |
| SUPRIYA  | ANALYST             | 1750 | NULL |        1 |  2 |
| THOMAS   | CLERK               | 1750 | NULL |        0 |  2 |
| TURNER   | SALESMAN            | 1500 |    0 |        1 |  2 |
| VRUSHALI | Compliance officers | 1750 | NULL |        1 |  2 |
| WARD     | SALESMAN            | 1250 |  500 |        1 |  2 |
+----------+---------------------+------+------+----------+----+
28 rows in set (0.00 sec)

mysql> select ename, job, sal, comm, isactive, 1+1 R1 from emp order by 1 desc;
+----------+---------------------+------+------+----------+----+
| ename    | job                 | sal  | comm | isactive | R1 |
+----------+---------------------+------+------+----------+----+
| WARD     | SALESMAN            | 1250 |  500 |        1 |  2 |
| VRUSHALI | Compliance officers | 1750 | NULL |        1 |  2 |
| TURNER   | SALESMAN            | 1500 |    0 |        1 |  2 |
| THOMAS   | CLERK               | 1750 | NULL |        0 |  2 |
| SUPRIYA  | ANALYST             | 1750 | NULL |        1 |  2 |
| SMITH    | CLERK               |  800 | NULL |        0 |  2 |
| SHARMIN  | Public Relation     | 1750 | NULL |        1 |  2 |
| SCOTT    | ANALYST             | 3000 | NULL |        1 |  2 |
| SANGITA  | Compliance officers | 1750 | NULL |        1 |  2 |
| NATASHA  | CLERK               | 1750 | NULL |        1 |  2 |
| MILLER   | CLERK               | 1300 | NULL |        0 |  2 |
| MARTIN   | SALESMAN            | 1250 | 1400 |        1 |  2 |
| KING     | PRESIDENT           | 5000 | NULL |        1 |  2 |
| JONES    | MANAGER             | 2975 | NULL |        1 |  2 |
| JAMES    | CLERK               |  950 | NULL |        1 |  2 |
| HOFFMAN  | MANAGER             | 4150 | NULL |        1 |  2 |
| GRASS    | SALESMAN            | 2575 | 2700 |        1 |  2 |
| GITA     | Compliance officers | 1750 | NULL |        1 |  2 |
| FRED     | vice PRESIDENT      | 5000 | NULL |        1 |  2 |
| FORD     | ANALYST             | 3000 | NULL |        0 |  2 |
| CLARK    | MANAGER             | 2450 | NULL |        1 |  2 |
| BLAKE    | MANAGER             | 2850 | NULL |        1 |  2 |
| BANDISH  | Public Relation     | 1750 | NULL |        1 |  2 |
| ALLEN    | SALESMAN            | 1600 |  300 |        1 |  2 |
| ALEX     | MANAGER             | 1250 |  500 |        1 |  2 |
| ADAMS    | CLERK               | 1100 | NULL |        1 |  2 |
| AARUSH   | SALESMAN            | 1350 | 2700 |        0 |  2 |
| AARAV    | CLERK               | 3350 | NULL |        0 |  2 |
+----------+---------------------+------+------+----------+----+
28 rows in set (0.00 sec)

mysql> select ename, job, sal, comm, isactive, 1+1 R1 from emp order by true;
+----------+---------------------+------+------+----------+----+
| ename    | job                 | sal  | comm | isactive | R1 |
+----------+---------------------+------+------+----------+----+
| GITA     | Compliance officers | 1750 | NULL |        1 |  2 |
| VRUSHALI | Compliance officers | 1750 | NULL |        1 |  2 |
| SHARMIN  | Public Relation     | 1750 | NULL |        1 |  2 |
| BANDISH  | Public Relation     | 1750 | NULL |        1 |  2 |
| SMITH    | CLERK               |  800 | NULL |        0 |  2 |
| AARAV    | CLERK               | 3350 | NULL |        0 |  2 |
| THOMAS   | CLERK               | 1750 | NULL |        0 |  2 |
| ALLEN    | SALESMAN            | 1600 |  300 |        1 |  2 |
| WARD     | SALESMAN            | 1250 |  500 |        1 |  2 |
| JONES    | MANAGER             | 2975 | NULL |        1 |  2 |
| MARTIN   | SALESMAN            | 1250 | 1400 |        1 |  2 |
| BLAKE    | MANAGER             | 2850 | NULL |        1 |  2 |
| CLARK    | MANAGER             | 2450 | NULL |        1 |  2 |
| SCOTT    | ANALYST             | 3000 | NULL |        1 |  2 |
| KING     | PRESIDENT           | 5000 | NULL |        1 |  2 |
| FRED     | vice PRESIDENT      | 5000 | NULL |        1 |  2 |
| TURNER   | SALESMAN            | 1500 |    0 |        1 |  2 |
| ADAMS    | CLERK               | 1100 | NULL |        1 |  2 |
| JAMES    | CLERK               |  950 | NULL |        1 |  2 |
| FORD     | ANALYST             | 3000 | NULL |        0 |  2 |
| HOFFMAN  | MANAGER             | 4150 | NULL |        1 |  2 |
| GRASS    | SALESMAN            | 2575 | 2700 |        1 |  2 |
| MILLER   | CLERK               | 1300 | NULL |        0 |  2 |
| AARUSH   | SALESMAN            | 1350 | 2700 |        0 |  2 |
| ALEX     | MANAGER             | 1250 |  500 |        1 |  2 |
| NATASHA  | CLERK               | 1750 | NULL |        1 |  2 |
| SANGITA  | Compliance officers | 1750 | NULL |        1 |  2 |
| SUPRIYA  | ANALYST             | 1750 | NULL |        1 |  2 |
+----------+---------------------+------+------+----------+----+
28 rows in set (0.00 sec)

mysql> select ename, job, sal, comm, isactive, 1+1 R1, true R2 from emp order by true;
+----------+---------------------+------+------+----------+----+----+
| ename    | job                 | sal  | comm | isactive | R1 | R2 |
+----------+---------------------+------+------+----------+----+----+
| GITA     | Compliance officers | 1750 | NULL |        1 |  2 |  1 |
| VRUSHALI | Compliance officers | 1750 | NULL |        1 |  2 |  1 |
| SHARMIN  | Public Relation     | 1750 | NULL |        1 |  2 |  1 |
| BANDISH  | Public Relation     | 1750 | NULL |        1 |  2 |  1 |
| SMITH    | CLERK               |  800 | NULL |        0 |  2 |  1 |
| AARAV    | CLERK               | 3350 | NULL |        0 |  2 |  1 |
| THOMAS   | CLERK               | 1750 | NULL |        0 |  2 |  1 |
| ALLEN    | SALESMAN            | 1600 |  300 |        1 |  2 |  1 |
| WARD     | SALESMAN            | 1250 |  500 |        1 |  2 |  1 |
| JONES    | MANAGER             | 2975 | NULL |        1 |  2 |  1 |
| MARTIN   | SALESMAN            | 1250 | 1400 |        1 |  2 |  1 |
| BLAKE    | MANAGER             | 2850 | NULL |        1 |  2 |  1 |
| CLARK    | MANAGER             | 2450 | NULL |        1 |  2 |  1 |
| SCOTT    | ANALYST             | 3000 | NULL |        1 |  2 |  1 |
| KING     | PRESIDENT           | 5000 | NULL |        1 |  2 |  1 |
| FRED     | vice PRESIDENT      | 5000 | NULL |        1 |  2 |  1 |
| TURNER   | SALESMAN            | 1500 |    0 |        1 |  2 |  1 |
| ADAMS    | CLERK               | 1100 | NULL |        1 |  2 |  1 |
| JAMES    | CLERK               |  950 | NULL |        1 |  2 |  1 |
| FORD     | ANALYST             | 3000 | NULL |        0 |  2 |  1 |
| HOFFMAN  | MANAGER             | 4150 | NULL |        1 |  2 |  1 |
| GRASS    | SALESMAN            | 2575 | 2700 |        1 |  2 |  1 |
| MILLER   | CLERK               | 1300 | NULL |        0 |  2 |  1 |
| AARUSH   | SALESMAN            | 1350 | 2700 |        0 |  2 |  1 |
| ALEX     | MANAGER             | 1250 |  500 |        1 |  2 |  1 |
| NATASHA  | CLERK               | 1750 | NULL |        1 |  2 |  1 |
| SANGITA  | Compliance officers | 1750 | NULL |        1 |  2 |  1 |
| SUPRIYA  | ANALYST             | 1750 | NULL |        1 |  2 |  1 |
+----------+---------------------+------+------+----------+----+----+
28 rows in set (0.00 sec)

mysql> select ename, job, sal, comm, isactive, 1+1 R1, true R2 from emp order by isactive;
+----------+---------------------+------+------+----------+----+----+
| ename    | job                 | sal  | comm | isactive | R1 | R2 |
+----------+---------------------+------+------+----------+----+----+
| SMITH    | CLERK               |  800 | NULL |        0 |  2 |  1 |
| AARAV    | CLERK               | 3350 | NULL |        0 |  2 |  1 |
| THOMAS   | CLERK               | 1750 | NULL |        0 |  2 |  1 |
| FORD     | ANALYST             | 3000 | NULL |        0 |  2 |  1 |
| MILLER   | CLERK               | 1300 | NULL |        0 |  2 |  1 |
| AARUSH   | SALESMAN            | 1350 | 2700 |        0 |  2 |  1 |
| GITA     | Compliance officers | 1750 | NULL |        1 |  2 |  1 |
| VRUSHALI | Compliance officers | 1750 | NULL |        1 |  2 |  1 |
| SHARMIN  | Public Relation     | 1750 | NULL |        1 |  2 |  1 |
| BANDISH  | Public Relation     | 1750 | NULL |        1 |  2 |  1 |
| ALLEN    | SALESMAN            | 1600 |  300 |        1 |  2 |  1 |
| WARD     | SALESMAN            | 1250 |  500 |        1 |  2 |  1 |
| JONES    | MANAGER             | 2975 | NULL |        1 |  2 |  1 |
| MARTIN   | SALESMAN            | 1250 | 1400 |        1 |  2 |  1 |
| BLAKE    | MANAGER             | 2850 | NULL |        1 |  2 |  1 |
| CLARK    | MANAGER             | 2450 | NULL |        1 |  2 |  1 |
| SCOTT    | ANALYST             | 3000 | NULL |        1 |  2 |  1 |
| KING     | PRESIDENT           | 5000 | NULL |        1 |  2 |  1 |
| FRED     | vice PRESIDENT      | 5000 | NULL |        1 |  2 |  1 |
| TURNER   | SALESMAN            | 1500 |    0 |        1 |  2 |  1 |
| ADAMS    | CLERK               | 1100 | NULL |        1 |  2 |  1 |
| JAMES    | CLERK               |  950 | NULL |        1 |  2 |  1 |
| HOFFMAN  | MANAGER             | 4150 | NULL |        1 |  2 |  1 |
| GRASS    | SALESMAN            | 2575 | 2700 |        1 |  2 |  1 |
| ALEX     | MANAGER             | 1250 |  500 |        1 |  2 |  1 |
| NATASHA  | CLERK               | 1750 | NULL |        1 |  2 |  1 |
| SANGITA  | Compliance officers | 1750 | NULL |        1 |  2 |  1 |
| SUPRIYA  | ANALYST             | 1750 | NULL |        1 |  2 |  1 |
+----------+---------------------+------+------+----------+----+----+
28 rows in set (0.00 sec)

mysql> select ename, job, sal, comm, isactive, 1+1 R1, true R2 from emp order by 'ename';
+----------+---------------------+------+------+----------+----+----+
| ename    | job                 | sal  | comm | isactive | R1 | R2 |
+----------+---------------------+------+------+----------+----+----+
| GITA     | Compliance officers | 1750 | NULL |        1 |  2 |  1 |
| VRUSHALI | Compliance officers | 1750 | NULL |        1 |  2 |  1 |
| SHARMIN  | Public Relation     | 1750 | NULL |        1 |  2 |  1 |
| BANDISH  | Public Relation     | 1750 | NULL |        1 |  2 |  1 |
| SMITH    | CLERK               |  800 | NULL |        0 |  2 |  1 |
| AARAV    | CLERK               | 3350 | NULL |        0 |  2 |  1 |
| THOMAS   | CLERK               | 1750 | NULL |        0 |  2 |  1 |
| ALLEN    | SALESMAN            | 1600 |  300 |        1 |  2 |  1 |
| WARD     | SALESMAN            | 1250 |  500 |        1 |  2 |  1 |
| JONES    | MANAGER             | 2975 | NULL |        1 |  2 |  1 |
| MARTIN   | SALESMAN            | 1250 | 1400 |        1 |  2 |  1 |
| BLAKE    | MANAGER             | 2850 | NULL |        1 |  2 |  1 |
| CLARK    | MANAGER             | 2450 | NULL |        1 |  2 |  1 |
| SCOTT    | ANALYST             | 3000 | NULL |        1 |  2 |  1 |
| KING     | PRESIDENT           | 5000 | NULL |        1 |  2 |  1 |
| FRED     | vice PRESIDENT      | 5000 | NULL |        1 |  2 |  1 |
| TURNER   | SALESMAN            | 1500 |    0 |        1 |  2 |  1 |
| ADAMS    | CLERK               | 1100 | NULL |        1 |  2 |  1 |
| JAMES    | CLERK               |  950 | NULL |        1 |  2 |  1 |
| FORD     | ANALYST             | 3000 | NULL |        0 |  2 |  1 |
| HOFFMAN  | MANAGER             | 4150 | NULL |        1 |  2 |  1 |
| GRASS    | SALESMAN            | 2575 | 2700 |        1 |  2 |  1 |
| MILLER   | CLERK               | 1300 | NULL |        0 |  2 |  1 |
| AARUSH   | SALESMAN            | 1350 | 2700 |        0 |  2 |  1 |
| ALEX     | MANAGER             | 1250 |  500 |        1 |  2 |  1 |
| NATASHA  | CLERK               | 1750 | NULL |        1 |  2 |  1 |
| SANGITA  | Compliance officers | 1750 | NULL |        1 |  2 |  1 |
| SUPRIYA  | ANALYST             | 1750 | NULL |        1 |  2 |  1 |
+----------+---------------------+------+------+----------+----+----+
28 rows in set (0.00 sec)

mysql> select ename, job, sal, comm, isactive, 1+1 R1, true R2, 'ename' R3 from emp order by 'ename';
+----------+---------------------+------+------+----------+----+----+-------+
| ename    | job                 | sal  | comm | isactive | R1 | R2 | R3    |
+----------+---------------------+------+------+----------+----+----+-------+
| GITA     | Compliance officers | 1750 | NULL |        1 |  2 |  1 | ename |
| VRUSHALI | Compliance officers | 1750 | NULL |        1 |  2 |  1 | ename |
| SHARMIN  | Public Relation     | 1750 | NULL |        1 |  2 |  1 | ename |
| BANDISH  | Public Relation     | 1750 | NULL |        1 |  2 |  1 | ename |
| SMITH    | CLERK               |  800 | NULL |        0 |  2 |  1 | ename |
| AARAV    | CLERK               | 3350 | NULL |        0 |  2 |  1 | ename |
| THOMAS   | CLERK               | 1750 | NULL |        0 |  2 |  1 | ename |
| ALLEN    | SALESMAN            | 1600 |  300 |        1 |  2 |  1 | ename |
| WARD     | SALESMAN            | 1250 |  500 |        1 |  2 |  1 | ename |
| JONES    | MANAGER             | 2975 | NULL |        1 |  2 |  1 | ename |
| MARTIN   | SALESMAN            | 1250 | 1400 |        1 |  2 |  1 | ename |
| BLAKE    | MANAGER             | 2850 | NULL |        1 |  2 |  1 | ename |
| CLARK    | MANAGER             | 2450 | NULL |        1 |  2 |  1 | ename |
| SCOTT    | ANALYST             | 3000 | NULL |        1 |  2 |  1 | ename |
| KING     | PRESIDENT           | 5000 | NULL |        1 |  2 |  1 | ename |
| FRED     | vice PRESIDENT      | 5000 | NULL |        1 |  2 |  1 | ename |
| TURNER   | SALESMAN            | 1500 |    0 |        1 |  2 |  1 | ename |
| ADAMS    | CLERK               | 1100 | NULL |        1 |  2 |  1 | ename |
| JAMES    | CLERK               |  950 | NULL |        1 |  2 |  1 | ename |
| FORD     | ANALYST             | 3000 | NULL |        0 |  2 |  1 | ename |
| HOFFMAN  | MANAGER             | 4150 | NULL |        1 |  2 |  1 | ename |
| GRASS    | SALESMAN            | 2575 | 2700 |        1 |  2 |  1 | ename |
| MILLER   | CLERK               | 1300 | NULL |        0 |  2 |  1 | ename |
| AARUSH   | SALESMAN            | 1350 | 2700 |        0 |  2 |  1 | ename |
| ALEX     | MANAGER             | 1250 |  500 |        1 |  2 |  1 | ename |
| NATASHA  | CLERK               | 1750 | NULL |        1 |  2 |  1 | ename |
| SANGITA  | Compliance officers | 1750 | NULL |        1 |  2 |  1 | ename |
| SUPRIYA  | ANALYST             | 1750 | NULL |        1 |  2 |  1 | ename |
+----------+---------------------+------+------+----------+----+----+-------+
28 rows in set (0.00 sec)

mysql> select ename, job, sal, comm, isactive, 1+1 R1, true R2, 'ename' R3 from emp order by `ename`;
+----------+---------------------+------+------+----------+----+----+-------+
| ename    | job                 | sal  | comm | isactive | R1 | R2 | R3    |
+----------+---------------------+------+------+----------+----+----+-------+
| AARAV    | CLERK               | 3350 | NULL |        0 |  2 |  1 | ename |
| AARUSH   | SALESMAN            | 1350 | 2700 |        0 |  2 |  1 | ename |
| ADAMS    | CLERK               | 1100 | NULL |        1 |  2 |  1 | ename |
| ALEX     | MANAGER             | 1250 |  500 |        1 |  2 |  1 | ename |
| ALLEN    | SALESMAN            | 1600 |  300 |        1 |  2 |  1 | ename |
| BANDISH  | Public Relation     | 1750 | NULL |        1 |  2 |  1 | ename |
| BLAKE    | MANAGER             | 2850 | NULL |        1 |  2 |  1 | ename |
| CLARK    | MANAGER             | 2450 | NULL |        1 |  2 |  1 | ename |
| FORD     | ANALYST             | 3000 | NULL |        0 |  2 |  1 | ename |
| FRED     | vice PRESIDENT      | 5000 | NULL |        1 |  2 |  1 | ename |
| GITA     | Compliance officers | 1750 | NULL |        1 |  2 |  1 | ename |
| GRASS    | SALESMAN            | 2575 | 2700 |        1 |  2 |  1 | ename |
| HOFFMAN  | MANAGER             | 4150 | NULL |        1 |  2 |  1 | ename |
| JAMES    | CLERK               |  950 | NULL |        1 |  2 |  1 | ename |
| JONES    | MANAGER             | 2975 | NULL |        1 |  2 |  1 | ename |
| KING     | PRESIDENT           | 5000 | NULL |        1 |  2 |  1 | ename |
| MARTIN   | SALESMAN            | 1250 | 1400 |        1 |  2 |  1 | ename |
| MILLER   | CLERK               | 1300 | NULL |        0 |  2 |  1 | ename |
| NATASHA  | CLERK               | 1750 | NULL |        1 |  2 |  1 | ename |
| SANGITA  | Compliance officers | 1750 | NULL |        1 |  2 |  1 | ename |
| SCOTT    | ANALYST             | 3000 | NULL |        1 |  2 |  1 | ename |
| SHARMIN  | Public Relation     | 1750 | NULL |        1 |  2 |  1 | ename |
| SMITH    | CLERK               |  800 | NULL |        0 |  2 |  1 | ename |
| SUPRIYA  | ANALYST             | 1750 | NULL |        1 |  2 |  1 | ename |
| THOMAS   | CLERK               | 1750 | NULL |        0 |  2 |  1 | ename |
| TURNER   | SALESMAN            | 1500 |    0 |        1 |  2 |  1 | ename |
| VRUSHALI | Compliance officers | 1750 | NULL |        1 |  2 |  1 | ename |
| WARD     | SALESMAN            | 1250 |  500 |        1 |  2 |  1 | ename |
+----------+---------------------+------+------+----------+----+----+-------+
28 rows in set (0.00 sec)

mysql> select ename, job, sal, comm, isactive, 1+1 R1, true R2, 'ename' R3 from emp order by `ename` desc;
+----------+---------------------+------+------+----------+----+----+-------+
| ename    | job                 | sal  | comm | isactive | R1 | R2 | R3    |
+----------+---------------------+------+------+----------+----+----+-------+
| WARD     | SALESMAN            | 1250 |  500 |        1 |  2 |  1 | ename |
| VRUSHALI | Compliance officers | 1750 | NULL |        1 |  2 |  1 | ename |
| TURNER   | SALESMAN            | 1500 |    0 |        1 |  2 |  1 | ename |
| THOMAS   | CLERK               | 1750 | NULL |        0 |  2 |  1 | ename |
| SUPRIYA  | ANALYST             | 1750 | NULL |        1 |  2 |  1 | ename |
| SMITH    | CLERK               |  800 | NULL |        0 |  2 |  1 | ename |
| SHARMIN  | Public Relation     | 1750 | NULL |        1 |  2 |  1 | ename |
| SCOTT    | ANALYST             | 3000 | NULL |        1 |  2 |  1 | ename |
| SANGITA  | Compliance officers | 1750 | NULL |        1 |  2 |  1 | ename |
| NATASHA  | CLERK               | 1750 | NULL |        1 |  2 |  1 | ename |
| MILLER   | CLERK               | 1300 | NULL |        0 |  2 |  1 | ename |
| MARTIN   | SALESMAN            | 1250 | 1400 |        1 |  2 |  1 | ename |
| KING     | PRESIDENT           | 5000 | NULL |        1 |  2 |  1 | ename |
| JONES    | MANAGER             | 2975 | NULL |        1 |  2 |  1 | ename |
| JAMES    | CLERK               |  950 | NULL |        1 |  2 |  1 | ename |
| HOFFMAN  | MANAGER             | 4150 | NULL |        1 |  2 |  1 | ename |
| GRASS    | SALESMAN            | 2575 | 2700 |        1 |  2 |  1 | ename |
| GITA     | Compliance officers | 1750 | NULL |        1 |  2 |  1 | ename |
| FRED     | vice PRESIDENT      | 5000 | NULL |        1 |  2 |  1 | ename |
| FORD     | ANALYST             | 3000 | NULL |        0 |  2 |  1 | ename |
| CLARK    | MANAGER             | 2450 | NULL |        1 |  2 |  1 | ename |
| BLAKE    | MANAGER             | 2850 | NULL |        1 |  2 |  1 | ename |
| BANDISH  | Public Relation     | 1750 | NULL |        1 |  2 |  1 | ename |
| ALLEN    | SALESMAN            | 1600 |  300 |        1 |  2 |  1 | ename |
| ALEX     | MANAGER             | 1250 |  500 |        1 |  2 |  1 | ename |
| ADAMS    | CLERK               | 1100 | NULL |        1 |  2 |  1 | ename |
| AARUSH   | SALESMAN            | 1350 | 2700 |        0 |  2 |  1 | ename |
| AARAV    | CLERK               | 3350 | NULL |        0 |  2 |  1 | ename |
+----------+---------------------+------+------+----------+----+----+-------+
28 rows in set (0.00 sec)

mysql> select ename, job, sal, comm, isactive from emp;
+----------+---------------------+------+------+----------+
| ename    | job                 | sal  | comm | isactive |
+----------+---------------------+------+------+----------+
| GITA     | Compliance officers | 1750 | NULL |        1 |
| VRUSHALI | Compliance officers | 1750 | NULL |        1 |
| SHARMIN  | Public Relation     | 1750 | NULL |        1 |
| BANDISH  | Public Relation     | 1750 | NULL |        1 |
| SMITH    | CLERK               |  800 | NULL |        0 |
| AARAV    | CLERK               | 3350 | NULL |        0 |
| THOMAS   | CLERK               | 1750 | NULL |        0 |
| ALLEN    | SALESMAN            | 1600 |  300 |        1 |
| WARD     | SALESMAN            | 1250 |  500 |        1 |
| JONES    | MANAGER             | 2975 | NULL |        1 |
| MARTIN   | SALESMAN            | 1250 | 1400 |        1 |
| BLAKE    | MANAGER             | 2850 | NULL |        1 |
| CLARK    | MANAGER             | 2450 | NULL |        1 |
| SCOTT    | ANALYST             | 3000 | NULL |        1 |
| KING     | PRESIDENT           | 5000 | NULL |        1 |
| FRED     | vice PRESIDENT      | 5000 | NULL |        1 |
| TURNER   | SALESMAN            | 1500 |    0 |        1 |
| ADAMS    | CLERK               | 1100 | NULL |        1 |
| JAMES    | CLERK               |  950 | NULL |        1 |
| FORD     | ANALYST             | 3000 | NULL |        0 |
| HOFFMAN  | MANAGER             | 4150 | NULL |        1 |
| GRASS    | SALESMAN            | 2575 | 2700 |        1 |
| MILLER   | CLERK               | 1300 | NULL |        0 |
| AARUSH   | SALESMAN            | 1350 | 2700 |        0 |
| ALEX     | MANAGER             | 1250 |  500 |        1 |
| NATASHA  | CLERK               | 1750 | NULL |        1 |
| SANGITA  | Compliance officers | 1750 | NULL |        1 |
| SUPRIYA  | ANALYST             | 1750 | NULL |        1 |
+----------+---------------------+------+------+----------+
28 rows in set (0.00 sec)

mysql> select ename, job, sal, comm, isactive from emp where job='manager';
+---------+---------+------+------+----------+
| ename   | job     | sal  | comm | isactive |
+---------+---------+------+------+----------+
| JONES   | MANAGER | 2975 | NULL |        1 |
| BLAKE   | MANAGER | 2850 | NULL |        1 |
| CLARK   | MANAGER | 2450 | NULL |        1 |
| HOFFMAN | MANAGER | 4150 | NULL |        1 |
| ALEX    | MANAGER | 1250 |  500 |        1 |
+---------+---------+------+------+----------+
5 rows in set (0.01 sec)

mysql>
mysql> select ename, job, sal, comm, isactive from emp where job='salemsna';
Empty set (0.00 sec)

mysql> select ename, job, sal, comm, isactive from emp where job='salesman';
+--------+----------+------+------+----------+
| ename  | job      | sal  | comm | isactive |
+--------+----------+------+------+----------+
| ALLEN  | SALESMAN | 1600 |  300 |        1 |
| WARD   | SALESMAN | 1250 |  500 |        1 |
| MARTIN | SALESMAN | 1250 | 1400 |        1 |
| TURNER | SALESMAN | 1500 |    0 |        1 |
| GRASS  | SALESMAN | 2575 | 2700 |        1 |
| AARUSH | SALESMAN | 1350 | 2700 |        0 |
+--------+----------+------+------+----------+
6 rows in set (0.00 sec)

mysql> select ename, job, sal, comm, isactive from emp where job='manager' or job='salesman';
+---------+----------+------+------+----------+
| ename   | job      | sal  | comm | isactive |
+---------+----------+------+------+----------+
| ALLEN   | SALESMAN | 1600 |  300 |        1 |
| WARD    | SALESMAN | 1250 |  500 |        1 |
| JONES   | MANAGER  | 2975 | NULL |        1 |
| MARTIN  | SALESMAN | 1250 | 1400 |        1 |
| BLAKE   | MANAGER  | 2850 | NULL |        1 |
| CLARK   | MANAGER  | 2450 | NULL |        1 |
| TURNER  | SALESMAN | 1500 |    0 |        1 |
| HOFFMAN | MANAGER  | 4150 | NULL |        1 |
| GRASS   | SALESMAN | 2575 | 2700 |        1 |
| AARUSH  | SALESMAN | 1350 | 2700 |        0 |
| ALEX    | MANAGER  | 1250 |  500 |        1 |
+---------+----------+------+------+----------+
11 rows in set (0.00 sec)

mysql> select ename, job, sal, comm, isactive from emp where job='manager' or job='salesman' order by job;
+---------+----------+------+------+----------+
| ename   | job      | sal  | comm | isactive |
+---------+----------+------+------+----------+
| JONES   | MANAGER  | 2975 | NULL |        1 |
| BLAKE   | MANAGER  | 2850 | NULL |        1 |
| CLARK   | MANAGER  | 2450 | NULL |        1 |
| HOFFMAN | MANAGER  | 4150 | NULL |        1 |
| ALEX    | MANAGER  | 1250 |  500 |        1 |
| ALLEN   | SALESMAN | 1600 |  300 |        1 |
| WARD    | SALESMAN | 1250 |  500 |        1 |
| MARTIN  | SALESMAN | 1250 | 1400 |        1 |
| TURNER  | SALESMAN | 1500 |    0 |        1 |
| GRASS   | SALESMAN | 2575 | 2700 |        1 |
| AARUSH  | SALESMAN | 1350 | 2700 |        0 |
+---------+----------+------+------+----------+
11 rows in set (0.00 sec)

mysql> select ename, job, sal, comm, isactive from emp where job='manager' or job='salesman' and sal>1300;
+---------+----------+------+------+----------+
| ename   | job      | sal  | comm | isactive |
+---------+----------+------+------+----------+
| ALLEN   | SALESMAN | 1600 |  300 |        1 |
| JONES   | MANAGER  | 2975 | NULL |        1 |
| BLAKE   | MANAGER  | 2850 | NULL |        1 |
| CLARK   | MANAGER  | 2450 | NULL |        1 |
| TURNER  | SALESMAN | 1500 |    0 |        1 |
| HOFFMAN | MANAGER  | 4150 | NULL |        1 |
| GRASS   | SALESMAN | 2575 | 2700 |        1 |
| AARUSH  | SALESMAN | 1350 | 2700 |        0 |
| ALEX    | MANAGER  | 1250 |  500 |        1 |
+---------+----------+------+------+----------+
9 rows in set (0.00 sec)

mysql> select ename, job, sal, comm, isactive from emp where job='manager' or job='salesman' and sal>1300 order by 2;
+---------+----------+------+------+----------+
| ename   | job      | sal  | comm | isactive |
+---------+----------+------+------+----------+
| JONES   | MANAGER  | 2975 | NULL |        1 |
| BLAKE   | MANAGER  | 2850 | NULL |        1 |
| CLARK   | MANAGER  | 2450 | NULL |        1 |
| HOFFMAN | MANAGER  | 4150 | NULL |        1 |
| ALEX    | MANAGER  | 1250 |  500 |        1 |
| ALLEN   | SALESMAN | 1600 |  300 |        1 |
| TURNER  | SALESMAN | 1500 |    0 |        1 |
| GRASS   | SALESMAN | 2575 | 2700 |        1 |
| AARUSH  | SALESMAN | 1350 | 2700 |        0 |
+---------+----------+------+------+----------+
9 rows in set (0.00 sec)

mysql> select ename, job, sal, comm, isactive from emp where (job='manager' or job='salesman') and sal>1300 order by 2;
+---------+----------+------+------+----------+
| ename   | job      | sal  | comm | isactive |
+---------+----------+------+------+----------+
| JONES   | MANAGER  | 2975 | NULL |        1 |
| BLAKE   | MANAGER  | 2850 | NULL |        1 |
| CLARK   | MANAGER  | 2450 | NULL |        1 |
| HOFFMAN | MANAGER  | 4150 | NULL |        1 |
| ALLEN   | SALESMAN | 1600 |  300 |        1 |
| TURNER  | SALESMAN | 1500 |    0 |        1 |
| GRASS   | SALESMAN | 2575 | 2700 |        1 |
| AARUSH  | SALESMAN | 1350 | 2700 |        0 |
+---------+----------+------+------+----------+
8 rows in set (0.00 sec)

mysql> selectl true, false;
ERROR 1064 (42000): You have an error in your SQL syntax; check the manual that corresponds to your MySQL server version for the right syntax to use near 'selectl true, false' at line 1
mysql> select true, false;
+------+-------+
| true | false |
+------+-------+
|    1 |     0 |
+------+-------+
1 row in set (0.00 sec)

mysql> selct 1=1;
ERROR 1064 (42000): You have an error in your SQL syntax; check the manual that corresponds to your MySQL server version for the right syntax to use near 'selct 1=1' at line 1
mysql> select 1=1;
+-----+
| 1=1 |
+-----+
|   1 |
+-----+
1 row in set (0.00 sec)

mysql> select 1=0;
+-----+
| 1=0 |
+-----+
|   0 |
+-----+
1 row in set (0.00 sec)

mysql> select ename,job, sal from emp where 1=0;
Empty set (0.01 sec)

mysql> select ename,job, sal from emp where sal=3000;
+-------+---------+------+
| ename | job     | sal  |
+-------+---------+------+
| SCOTT | ANALYST | 3000 |
| FORD  | ANALYST | 3000 |
+-------+---------+------+
2 rows in set (0.00 sec)

mysql> select ename,job, sal from emp where sal;
+----------+---------------------+------+
| ename    | job                 | sal  |
+----------+---------------------+------+
| GITA     | Compliance officers | 1750 |
| VRUSHALI | Compliance officers | 1750 |
| SHARMIN  | Public Relation     | 1750 |
| BANDISH  | Public Relation     | 1750 |
| SMITH    | CLERK               |  800 |
| AARAV    | CLERK               | 3350 |
| THOMAS   | CLERK               | 1750 |
| ALLEN    | SALESMAN            | 1600 |
| WARD     | SALESMAN            | 1250 |
| JONES    | MANAGER             | 2975 |
| MARTIN   | SALESMAN            | 1250 |
| BLAKE    | MANAGER             | 2850 |
| CLARK    | MANAGER             | 2450 |
| SCOTT    | ANALYST             | 3000 |
| KING     | PRESIDENT           | 5000 |
| FRED     | vice PRESIDENT      | 5000 |
| TURNER   | SALESMAN            | 1500 |
| ADAMS    | CLERK               | 1100 |
| JAMES    | CLERK               |  950 |
| FORD     | ANALYST             | 3000 |
| HOFFMAN  | MANAGER             | 4150 |
| GRASS    | SALESMAN            | 2575 |
| MILLER   | CLERK               | 1300 |
| AARUSH   | SALESMAN            | 1350 |
| ALEX     | MANAGER             | 1250 |
| NATASHA  | CLERK               | 1750 |
| SANGITA  | Compliance officers | 1750 |
| SUPRIYA  | ANALYST             | 1750 |
+----------+---------------------+------+
28 rows in set (0.00 sec)

mysql> select * from tasks;
+----+--------+-----------+
| id | title  | completed |
+----+--------+-----------+
|  1 | Task-1 |         1 |
|  2 | Task0  |         0 |
|  3 | Task1  |         0 |
|  4 | Task2  |         1 |
|  5 | Task3  |         0 |
|  6 | Task4  |         1 |
|  7 | Task5  |      NULL |
|  8 | Task6  |      NULL |
|  9 | Task7  |         0 |
| 10 | Task8  |         1 |
| 11 | Task9  |        12 |
| 12 | Task10 |        58 |
| 13 | Task11 |         1 |
| 14 | Task12 |         0 |
| 15 | Task13 |         1 |
| 16 | Task14 |      NULL |
+----+--------+-----------+
16 rows in set (0.03 sec)

mysql> select * from tasks where completed=1;;
+----+--------+-----------+
| id | title  | completed |
+----+--------+-----------+
|  1 | Task-1 |         1 |
|  4 | Task2  |         1 |
|  6 | Task4  |         1 |
| 10 | Task8  |         1 |
| 13 | Task11 |         1 |
| 15 | Task13 |         1 |
+----+--------+-----------+
6 rows in set (0.00 sec)

ERROR:
No query specified

mysql> select * from tasks where completed;
+----+--------+-----------+
| id | title  | completed |
+----+--------+-----------+
|  1 | Task-1 |         1 |
|  4 | Task2  |         1 |
|  6 | Task4  |         1 |
| 10 | Task8  |         1 |
| 11 | Task9  |        12 |
| 12 | Task10 |        58 |
| 13 | Task11 |         1 |
| 15 | Task13 |         1 |
+----+--------+-----------+
8 rows in set (0.00 sec)

mysql> select * from tasks where not completed;
+----+--------+-----------+
| id | title  | completed |
+----+--------+-----------+
|  2 | Task0  |         0 |
|  3 | Task1  |         0 |
|  5 | Task3  |         0 |
|  9 | Task7  |         0 |
| 14 | Task12 |         0 |
+----+--------+-----------+
5 rows in set (0.00 sec)

mysql> select ename, comm from emp where comm=null;
Empty set (0.00 sec)

mysql> select ename, comm from emp where comm is null;
+----------+------+
| ename    | comm |
+----------+------+
| GITA     | NULL |
| VRUSHALI | NULL |
| SHARMIN  | NULL |
| BANDISH  | NULL |
| SMITH    | NULL |
| AARAV    | NULL |
| THOMAS   | NULL |
| JONES    | NULL |
| BLAKE    | NULL |
| CLARK    | NULL |
| SCOTT    | NULL |
| KING     | NULL |
| FRED     | NULL |
| ADAMS    | NULL |
| JAMES    | NULL |
| FORD     | NULL |
| HOFFMAN  | NULL |
| MILLER   | NULL |
| NATASHA  | NULL |
| SANGITA  | NULL |
| SUPRIYA  | NULL |
+----------+------+
21 rows in set (0.00 sec)

mysql> select ename, comm, comm is null from emp;
+----------+------+--------------+
| ename    | comm | comm is null |
+----------+------+--------------+
| GITA     | NULL |            1 |
| VRUSHALI | NULL |            1 |
| SHARMIN  | NULL |            1 |
| BANDISH  | NULL |            1 |
| SMITH    | NULL |            1 |
| AARAV    | NULL |            1 |
| THOMAS   | NULL |            1 |
| ALLEN    |  300 |            0 |
| WARD     |  500 |            0 |
| JONES    | NULL |            1 |
| MARTIN   | 1400 |            0 |
| BLAKE    | NULL |            1 |
| CLARK    | NULL |            1 |
| SCOTT    | NULL |            1 |
| KING     | NULL |            1 |
| FRED     | NULL |            1 |
| TURNER   |    0 |            0 |
| ADAMS    | NULL |            1 |
| JAMES    | NULL |            1 |
| FORD     | NULL |            1 |
| HOFFMAN  | NULL |            1 |
| GRASS    | 2700 |            0 |
| MILLER   | NULL |            1 |
| AARUSH   | 2700 |            0 |
| ALEX     |  500 |            0 |
| NATASHA  | NULL |            1 |
| SANGITA  | NULL |            1 |
| SUPRIYA  | NULL |            1 |
+----------+------+--------------+
28 rows in set (0.00 sec)

mysql> select ename, comm from emp where comm is null;
+----------+------+
| ename    | comm |
+----------+------+
| GITA     | NULL |
| VRUSHALI | NULL |
| SHARMIN  | NULL |
| BANDISH  | NULL |
| SMITH    | NULL |
| AARAV    | NULL |
| THOMAS   | NULL |
| JONES    | NULL |
| BLAKE    | NULL |
| CLARK    | NULL |
| SCOTT    | NULL |
| KING     | NULL |
| FRED     | NULL |
| ADAMS    | NULL |
| JAMES    | NULL |
| FORD     | NULL |
| HOFFMAN  | NULL |
| MILLER   | NULL |
| NATASHA  | NULL |
| SANGITA  | NULL |
| SUPRIYA  | NULL |
+----------+------+
21 rows in set (0.00 sec)

mysql> select ename, comm from emp where job='manager';
+---------+------+
| ename   | comm |
+---------+------+
| JONES   | NULL |
| BLAKE   | NULL |
| CLARK   | NULL |
| HOFFMAN | NULL |
| ALEX    |  500 |
+---------+------+
5 rows in set (0.00 sec)

mysql> select ename, job, comm from emp where job='manager';
+---------+---------+------+
| ename   | job     | comm |
+---------+---------+------+
| JONES   | MANAGER | NULL |
| BLAKE   | MANAGER | NULL |
| CLARK   | MANAGER | NULL |
| HOFFMAN | MANAGER | NULL |
| ALEX    | MANAGER |  500 |
+---------+---------+------+
5 rows in set (0.00 sec)

mysql> select ename, job, comm from emp where job<>'manager';
+----------+---------------------+------+
| ename    | job                 | comm |
+----------+---------------------+------+
| GITA     | Compliance officers | NULL |
| VRUSHALI | Compliance officers | NULL |
| SHARMIN  | Public Relation     | NULL |
| BANDISH  | Public Relation     | NULL |
| SMITH    | CLERK               | NULL |
| AARAV    | CLERK               | NULL |
| THOMAS   | CLERK               | NULL |
| ALLEN    | SALESMAN            |  300 |
| WARD     | SALESMAN            |  500 |
| MARTIN   | SALESMAN            | 1400 |
| SCOTT    | ANALYST             | NULL |
| KING     | PRESIDENT           | NULL |
| FRED     | vice PRESIDENT      | NULL |
| TURNER   | SALESMAN            |    0 |
| ADAMS    | CLERK               | NULL |
| JAMES    | CLERK               | NULL |
| FORD     | ANALYST             | NULL |
| GRASS    | SALESMAN            | 2700 |
| MILLER   | CLERK               | NULL |
| AARUSH   | SALESMAN            | 2700 |
| NATASHA  | CLERK               | NULL |
| SANGITA  | Compliance officers | NULL |
| SUPRIYA  | ANALYST             | NULL |
+----------+---------------------+------+
23 rows in set (0.00 sec)

mysql> select ename, job, comm from emp where not job = 'manager';
+----------+---------------------+------+
| ename    | job                 | comm |
+----------+---------------------+------+
| GITA     | Compliance officers | NULL |
| VRUSHALI | Compliance officers | NULL |
| SHARMIN  | Public Relation     | NULL |
| BANDISH  | Public Relation     | NULL |
| SMITH    | CLERK               | NULL |
| AARAV    | CLERK               | NULL |
| THOMAS   | CLERK               | NULL |
| ALLEN    | SALESMAN            |  300 |
| WARD     | SALESMAN            |  500 |
| MARTIN   | SALESMAN            | 1400 |
| SCOTT    | ANALYST             | NULL |
| KING     | PRESIDENT           | NULL |
| FRED     | vice PRESIDENT      | NULL |
| TURNER   | SALESMAN            |    0 |
| ADAMS    | CLERK               | NULL |
| JAMES    | CLERK               | NULL |
| FORD     | ANALYST             | NULL |
| GRASS    | SALESMAN            | 2700 |
| MILLER   | CLERK               | NULL |
| AARUSH   | SALESMAN            | 2700 |
| NATASHA  | CLERK               | NULL |
| SANGITA  | Compliance officers | NULL |
| SUPRIYA  | ANALYST             | NULL |
+----------+---------------------+------+
23 rows in set (0.00 sec)

mysql> select ename, job, comm from emp where comm is null;
+----------+---------------------+------+
| ename    | job                 | comm |
+----------+---------------------+------+
| GITA     | Compliance officers | NULL |
| VRUSHALI | Compliance officers | NULL |
| SHARMIN  | Public Relation     | NULL |
| BANDISH  | Public Relation     | NULL |
| SMITH    | CLERK               | NULL |
| AARAV    | CLERK               | NULL |
| THOMAS   | CLERK               | NULL |
| JONES    | MANAGER             | NULL |
| BLAKE    | MANAGER             | NULL |
| CLARK    | MANAGER             | NULL |
| SCOTT    | ANALYST             | NULL |
| KING     | PRESIDENT           | NULL |
| FRED     | vice PRESIDENT      | NULL |
| ADAMS    | CLERK               | NULL |
| JAMES    | CLERK               | NULL |
| FORD     | ANALYST             | NULL |
| HOFFMAN  | MANAGER             | NULL |
| MILLER   | CLERK               | NULL |
| NATASHA  | CLERK               | NULL |
| SANGITA  | Compliance officers | NULL |
| SUPRIYA  | ANALYST             | NULL |
+----------+---------------------+------+
21 rows in set (0.00 sec)

mysql> select ename, job, comm from emp where comm is not null;
+--------+----------+------+
| ename  | job      | comm |
+--------+----------+------+
| ALLEN  | SALESMAN |  300 |
| WARD   | SALESMAN |  500 |
| MARTIN | SALESMAN | 1400 |
| TURNER | SALESMAN |    0 |
| GRASS  | SALESMAN | 2700 |
| AARUSH | SALESMAN | 2700 |
| ALEX   | MANAGER  |  500 |
+--------+----------+------+
7 rows in set (0.00 sec)

mysql> select ename, job, comm from emp where comm = null;
Empty set (0.00 sec)

mysql> select ename, job, comm from emp where comm <=> null;
+----------+---------------------+------+
| ename    | job                 | comm |
+----------+---------------------+------+
| GITA     | Compliance officers | NULL |
| VRUSHALI | Compliance officers | NULL |
| SHARMIN  | Public Relation     | NULL |
| BANDISH  | Public Relation     | NULL |
| SMITH    | CLERK               | NULL |
| AARAV    | CLERK               | NULL |
| THOMAS   | CLERK               | NULL |
| JONES    | MANAGER             | NULL |
| BLAKE    | MANAGER             | NULL |
| CLARK    | MANAGER             | NULL |
| SCOTT    | ANALYST             | NULL |
| KING     | PRESIDENT           | NULL |
| FRED     | vice PRESIDENT      | NULL |
| ADAMS    | CLERK               | NULL |
| JAMES    | CLERK               | NULL |
| FORD     | ANALYST             | NULL |
| HOFFMAN  | MANAGER             | NULL |
| MILLER   | CLERK               | NULL |
| NATASHA  | CLERK               | NULL |
| SANGITA  | Compliance officers | NULL |
| SUPRIYA  | ANALYST             | NULL |
+----------+---------------------+------+
21 rows in set (0.00 sec)

mysql> select ename, job, comm from emp where not comm <=> null;
+--------+----------+------+
| ename  | job      | comm |
+--------+----------+------+
| ALLEN  | SALESMAN |  300 |
| WARD   | SALESMAN |  500 |
| MARTIN | SALESMAN | 1400 |
| TURNER | SALESMAN |    0 |
| GRASS  | SALESMAN | 2700 |
| AARUSH | SALESMAN | 2700 |
| ALEX   | MANAGER  |  500 |
+--------+----------+------+
7 rows in set (0.01 sec)

mysql> select ename, job, comm from emp where ename=true;
Empty set, 28 warnings (0.01 sec)

mysql> select ename, job, comm from emp where ename=false;
+----------+---------------------+------+
| ename    | job                 | comm |
+----------+---------------------+------+
| GITA     | Compliance officers | NULL |
| VRUSHALI | Compliance officers | NULL |
| SHARMIN  | Public Relation     | NULL |
| BANDISH  | Public Relation     | NULL |
| SMITH    | CLERK               | NULL |
| AARAV    | CLERK               | NULL |
| THOMAS   | CLERK               | NULL |
| ALLEN    | SALESMAN            |  300 |
| WARD     | SALESMAN            |  500 |
| JONES    | MANAGER             | NULL |
| MARTIN   | SALESMAN            | 1400 |
| BLAKE    | MANAGER             | NULL |
| CLARK    | MANAGER             | NULL |
| SCOTT    | ANALYST             | NULL |
| KING     | PRESIDENT           | NULL |
| FRED     | vice PRESIDENT      | NULL |
| TURNER   | SALESMAN            |    0 |
| ADAMS    | CLERK               | NULL |
| JAMES    | CLERK               | NULL |
| FORD     | ANALYST             | NULL |
| HOFFMAN  | MANAGER             | NULL |
| GRASS    | SALESMAN            | 2700 |
| MILLER   | CLERK               | NULL |
| AARUSH   | SALESMAN            | 2700 |
| ALEX     | MANAGER             |  500 |
| NATASHA  | CLERK               | NULL |
| SANGITA  | Compliance officers | NULL |
| SUPRIYA  | ANALYST             | NULL |
+----------+---------------------+------+
28 rows in set, 28 warnings (0.00 sec)

mysql> select 'supriya' = true;
+------------------+
| 'supriya' = true |
+------------------+
|                0 |
+------------------+
1 row in set, 1 warning (0.00 sec)

mysql> select 'supriya' = false;
+-------------------+
| 'supriya' = false |
+-------------------+
|                 1 |
+-------------------+
1 row in set, 1 warning (0.00 sec)

mysql> select ename, ename=true R1, ename, ename=false R2  from emp;
+----------+------+----------+------+
| ename    | R1   | ename    | R2   |
+----------+------+----------+------+
| GITA     |    0 | GITA     |    1 |
| VRUSHALI |    0 | VRUSHALI |    1 |
| SHARMIN  |    0 | SHARMIN  |    1 |
| BANDISH  |    0 | BANDISH  |    1 |
| SMITH    |    0 | SMITH    |    1 |
| AARAV    |    0 | AARAV    |    1 |
| THOMAS   |    0 | THOMAS   |    1 |
| ALLEN    |    0 | ALLEN    |    1 |
| WARD     |    0 | WARD     |    1 |
| JONES    |    0 | JONES    |    1 |
| MARTIN   |    0 | MARTIN   |    1 |
| BLAKE    |    0 | BLAKE    |    1 |
| CLARK    |    0 | CLARK    |    1 |
| SCOTT    |    0 | SCOTT    |    1 |
| KING     |    0 | KING     |    1 |
| FRED     |    0 | FRED     |    1 |
| TURNER   |    0 | TURNER   |    1 |
| ADAMS    |    0 | ADAMS    |    1 |
| JAMES    |    0 | JAMES    |    1 |
| FORD     |    0 | FORD     |    1 |
| HOFFMAN  |    0 | HOFFMAN  |    1 |
| GRASS    |    0 | GRASS    |    1 |
| MILLER   |    0 | MILLER   |    1 |
| AARUSH   |    0 | AARUSH   |    1 |
| ALEX     |    0 | ALEX     |    1 |
| NATASHA  |    0 | NATASHA  |    1 |
| SANGITA  |    0 | SANGITA  |    1 |
| SUPRIYA  |    0 | SUPRIYA  |    1 |
+----------+------+----------+------+
28 rows in set, 56 warnings (0.00 sec)

mysql> select ename, job, comm from emp where ename;
Empty set, 28 warnings (0.00 sec)

mysql> select ename, ename=true R1, ename, ename=false R2  from emp;
+----------+------+----------+------+
| ename    | R1   | ename    | R2   |
+----------+------+----------+------+
| GITA     |    0 | GITA     |    1 |
| VRUSHALI |    0 | VRUSHALI |    1 |
| SHARMIN  |    0 | SHARMIN  |    1 |
| BANDISH  |    0 | BANDISH  |    1 |
| SMITH    |    0 | SMITH    |    1 |
| AARAV    |    0 | AARAV    |    1 |
| THOMAS   |    0 | THOMAS   |    1 |
| ALLEN    |    0 | ALLEN    |    1 |
| WARD     |    0 | WARD     |    1 |
| JONES    |    0 | JONES    |    1 |
| MARTIN   |    0 | MARTIN   |    1 |
| BLAKE    |    0 | BLAKE    |    1 |
| CLARK    |    0 | CLARK    |    1 |
| SCOTT    |    0 | SCOTT    |    1 |
| KING     |    0 | KING     |    1 |
| FRED     |    0 | FRED     |    1 |
| TURNER   |    0 | TURNER   |    1 |
| ADAMS    |    0 | ADAMS    |    1 |
| JAMES    |    0 | JAMES    |    1 |
| FORD     |    0 | FORD     |    1 |
| HOFFMAN  |    0 | HOFFMAN  |    1 |
| GRASS    |    0 | GRASS    |    1 |
| MILLER   |    0 | MILLER   |    1 |
| AARUSH   |    0 | AARUSH   |    1 |
| ALEX     |    0 | ALEX     |    1 |
| NATASHA  |    0 | NATASHA  |    1 |
| SANGITA  |    0 | SANGITA  |    1 |
| SUPRIYA  |    0 | SUPRIYA  |    1 |
+----------+------+----------+------+
28 rows in set, 56 warnings (0.00 sec)

mysql> select 'a1' + 2;
+----------+
| 'a1' + 2 |
+----------+
|        2 |
+----------+
1 row in set, 1 warning (0.00 sec)

mysql> select '1a' + 2;
+----------+
| '1a' + 2 |
+----------+
|        3 |
+----------+
1 row in set, 1 warning (0.00 sec)

mysql> select ename, ename=true R1, ename, ename=false R2  from emp;
+----------+------+----------+------+
| ename    | R1   | ename    | R2   |
+----------+------+----------+------+
| GITA     |    0 | GITA     |    1 |
| VRUSHALI |    0 | VRUSHALI |    1 |
| SHARMIN  |    0 | SHARMIN  |    1 |
| BANDISH  |    0 | BANDISH  |    1 |
| SMITH    |    0 | SMITH    |    1 |
| AARAV    |    0 | AARAV    |    1 |
| THOMAS   |    0 | THOMAS   |    1 |
| ALLEN    |    0 | ALLEN    |    1 |
| WARD     |    0 | WARD     |    1 |
| JONES    |    0 | JONES    |    1 |
| MARTIN   |    0 | MARTIN   |    1 |
| BLAKE    |    0 | BLAKE    |    1 |
| CLARK    |    0 | CLARK    |    1 |
| SCOTT    |    0 | SCOTT    |    1 |
| KING     |    0 | KING     |    1 |
| FRED     |    0 | FRED     |    1 |
| TURNER   |    0 | TURNER   |    1 |
| ADAMS    |    0 | ADAMS    |    1 |
| JAMES    |    0 | JAMES    |    1 |
| FORD     |    0 | FORD     |    1 |
| HOFFMAN  |    0 | HOFFMAN  |    1 |
| GRASS    |    0 | GRASS    |    1 |
| MILLER   |    0 | MILLER   |    1 |
| AARUSH   |    0 | AARUSH   |    1 |
| ALEX     |    0 | ALEX     |    1 |
| NATASHA  |    0 | NATASHA  |    1 |
| SANGITA  |    0 | SANGITA  |    1 |
| SUPRIYA  |    0 | SUPRIYA  |    1 |
+----------+------+----------+------+
28 rows in set, 56 warnings (0.00 sec)

mysql> select ename, job, comm from emp where false;
Empty set (0.00 sec)

mysql> select ename, job, comm from emp where true;
+----------+---------------------+------+
| ename    | job                 | comm |
+----------+---------------------+------+
| GITA     | Compliance officers | NULL |
| VRUSHALI | Compliance officers | NULL |
| SHARMIN  | Public Relation     | NULL |
| BANDISH  | Public Relation     | NULL |
| SMITH    | CLERK               | NULL |
| AARAV    | CLERK               | NULL |
| THOMAS   | CLERK               | NULL |
| ALLEN    | SALESMAN            |  300 |
| WARD     | SALESMAN            |  500 |
| JONES    | MANAGER             | NULL |
| MARTIN   | SALESMAN            | 1400 |
| BLAKE    | MANAGER             | NULL |
| CLARK    | MANAGER             | NULL |
| SCOTT    | ANALYST             | NULL |
| KING     | PRESIDENT           | NULL |
| FRED     | vice PRESIDENT      | NULL |
| TURNER   | SALESMAN            |    0 |
| ADAMS    | CLERK               | NULL |
| JAMES    | CLERK               | NULL |
| FORD     | ANALYST             | NULL |
| HOFFMAN  | MANAGER             | NULL |
| GRASS    | SALESMAN            | 2700 |
| MILLER   | CLERK               | NULL |
| AARUSH   | SALESMAN            | 2700 |
| ALEX     | MANAGER             |  500 |
| NATASHA  | CLERK               | NULL |
| SANGITA  | Compliance officers | NULL |
| SUPRIYA  | ANALYST             | NULL |
+----------+---------------------+------+
28 rows in set (0.00 sec)

mysql> select ename, job, comm from emp where false or true;
+----------+---------------------+------+
| ename    | job                 | comm |
+----------+---------------------+------+
| GITA     | Compliance officers | NULL |
| VRUSHALI | Compliance officers | NULL |
| SHARMIN  | Public Relation     | NULL |
| BANDISH  | Public Relation     | NULL |
| SMITH    | CLERK               | NULL |
| AARAV    | CLERK               | NULL |
| THOMAS   | CLERK               | NULL |
| ALLEN    | SALESMAN            |  300 |
| WARD     | SALESMAN            |  500 |
| JONES    | MANAGER             | NULL |
| MARTIN   | SALESMAN            | 1400 |
| BLAKE    | MANAGER             | NULL |
| CLARK    | MANAGER             | NULL |
| SCOTT    | ANALYST             | NULL |
| KING     | PRESIDENT           | NULL |
| FRED     | vice PRESIDENT      | NULL |
| TURNER   | SALESMAN            |    0 |
| ADAMS    | CLERK               | NULL |
| JAMES    | CLERK               | NULL |
| FORD     | ANALYST             | NULL |
| HOFFMAN  | MANAGER             | NULL |
| GRASS    | SALESMAN            | 2700 |
| MILLER   | CLERK               | NULL |
| AARUSH   | SALESMAN            | 2700 |
| ALEX     | MANAGER             |  500 |
| NATASHA  | CLERK               | NULL |
| SANGITA  | Compliance officers | NULL |
| SUPRIYA  | ANALYST             | NULL |
+----------+---------------------+------+
28 rows in set (0.00 sec)

mysql> select ename, job, comm from emp where false and true;
Empty set (0.00 sec)

mysql> select ename, job, comm from emp where 1 and true;
+----------+---------------------+------+
| ename    | job                 | comm |
+----------+---------------------+------+
| GITA     | Compliance officers | NULL |
| VRUSHALI | Compliance officers | NULL |
| SHARMIN  | Public Relation     | NULL |
| BANDISH  | Public Relation     | NULL |
| SMITH    | CLERK               | NULL |
| AARAV    | CLERK               | NULL |
| THOMAS   | CLERK               | NULL |
| ALLEN    | SALESMAN            |  300 |
| WARD     | SALESMAN            |  500 |
| JONES    | MANAGER             | NULL |
| MARTIN   | SALESMAN            | 1400 |
| BLAKE    | MANAGER             | NULL |
| CLARK    | MANAGER             | NULL |
| SCOTT    | ANALYST             | NULL |
| KING     | PRESIDENT           | NULL |
| FRED     | vice PRESIDENT      | NULL |
| TURNER   | SALESMAN            |    0 |
| ADAMS    | CLERK               | NULL |
| JAMES    | CLERK               | NULL |
| FORD     | ANALYST             | NULL |
| HOFFMAN  | MANAGER             | NULL |
| GRASS    | SALESMAN            | 2700 |
| MILLER   | CLERK               | NULL |
| AARUSH   | SALESMAN            | 2700 |
| ALEX     | MANAGER             |  500 |
| NATASHA  | CLERK               | NULL |
| SANGITA  | Compliance officers | NULL |
| SUPRIYA  | ANALYST             | NULL |
+----------+---------------------+------+
28 rows in set (0.00 sec)

mysql> select ename, job, comm from emp where '1a' and true;
+----------+---------------------+------+
| ename    | job                 | comm |
+----------+---------------------+------+
| GITA     | Compliance officers | NULL |
| VRUSHALI | Compliance officers | NULL |
| SHARMIN  | Public Relation     | NULL |
| BANDISH  | Public Relation     | NULL |
| SMITH    | CLERK               | NULL |
| AARAV    | CLERK               | NULL |
| THOMAS   | CLERK               | NULL |
| ALLEN    | SALESMAN            |  300 |
| WARD     | SALESMAN            |  500 |
| JONES    | MANAGER             | NULL |
| MARTIN   | SALESMAN            | 1400 |
| BLAKE    | MANAGER             | NULL |
| CLARK    | MANAGER             | NULL |
| SCOTT    | ANALYST             | NULL |
| KING     | PRESIDENT           | NULL |
| FRED     | vice PRESIDENT      | NULL |
| TURNER   | SALESMAN            |    0 |
| ADAMS    | CLERK               | NULL |
| JAMES    | CLERK               | NULL |
| FORD     | ANALYST             | NULL |
| HOFFMAN  | MANAGER             | NULL |
| GRASS    | SALESMAN            | 2700 |
| MILLER   | CLERK               | NULL |
| AARUSH   | SALESMAN            | 2700 |
| ALEX     | MANAGER             |  500 |
| NATASHA  | CLERK               | NULL |
| SANGITA  | Compliance officers | NULL |
| SUPRIYA  | ANALYST             | NULL |
+----------+---------------------+------+
28 rows in set, 1 warning (0.00 sec)

mysql> select ename, job, comm from emp where 'a1' or true;
+----------+---------------------+------+
| ename    | job                 | comm |
+----------+---------------------+------+
| GITA     | Compliance officers | NULL |
| VRUSHALI | Compliance officers | NULL |
| SHARMIN  | Public Relation     | NULL |
| BANDISH  | Public Relation     | NULL |
| SMITH    | CLERK               | NULL |
| AARAV    | CLERK               | NULL |
| THOMAS   | CLERK               | NULL |
| ALLEN    | SALESMAN            |  300 |
| WARD     | SALESMAN            |  500 |
| JONES    | MANAGER             | NULL |
| MARTIN   | SALESMAN            | 1400 |
| BLAKE    | MANAGER             | NULL |
| CLARK    | MANAGER             | NULL |
| SCOTT    | ANALYST             | NULL |
| KING     | PRESIDENT           | NULL |
| FRED     | vice PRESIDENT      | NULL |
| TURNER   | SALESMAN            |    0 |
| ADAMS    | CLERK               | NULL |
| JAMES    | CLERK               | NULL |
| FORD     | ANALYST             | NULL |
| HOFFMAN  | MANAGER             | NULL |
| GRASS    | SALESMAN            | 2700 |
| MILLER   | CLERK               | NULL |
| AARUSH   | SALESMAN            | 2700 |
| ALEX     | MANAGER             |  500 |
| NATASHA  | CLERK               | NULL |
| SANGITA  | Compliance officers | NULL |
| SUPRIYA  | ANALYST             | NULL |
+----------+---------------------+------+
28 rows in set, 1 warning (0.00 sec)

mysql> select ename, job, comm from emp where 'a1' and true;
Empty set, 1 warning (0.00 sec)

mysql> select 'Hello' # 'World';
    -> ;
+-------+
| Hello |
+-------+
| Hello |
+-------+
1 row in set (0.00 sec)

mysql> select 'Hello' # 'World';
    -> ;
+-------+
| Hello |
+-------+
| Hello |
+-------+
1 row in set (0.00 sec)

mysql> select 'Hello' 'World';
+------------+
| Hello      |
+------------+
| HelloWorld |
+------------+
1 row in set (0.00 sec)

mysql> select ename 'World' fromemp;
ERROR 1064 (42000): You have an error in your SQL syntax; check the manual that corresponds to your MySQL server version for the right syntax to use near 'fromemp' at line 1
mysql> select ename 'World' from emp;
+----------+
| World    |
+----------+
| GITA     |
| VRUSHALI |
| SHARMIN  |
| BANDISH  |
| SMITH    |
| AARAV    |
| THOMAS   |
| ALLEN    |
| WARD     |
| JONES    |
| MARTIN   |
| BLAKE    |
| CLARK    |
| SCOTT    |
| KING     |
| FRED     |
| TURNER   |
| ADAMS    |
| JAMES    |
| FORD     |
| HOFFMAN  |
| GRASS    |
| MILLER   |
| AARUSH   |
| ALEX     |
| NATASHA  |
| SANGITA  |
| SUPRIYA  |
+----------+
28 rows in set (0.00 sec)

mysql> select 'ename' 'World' from emp;
+------------+
| ename      |
+------------+
| enameWorld |
| enameWorld |
| enameWorld |
| enameWorld |
| enameWorld |
| enameWorld |
| enameWorld |
| enameWorld |
| enameWorld |
| enameWorld |
| enameWorld |
| enameWorld |
| enameWorld |
| enameWorld |
| enameWorld |
| enameWorld |
| enameWorld |
| enameWorld |
| enameWorld |
| enameWorld |
| enameWorld |
| enameWorld |
| enameWorld |
| enameWorld |
| enameWorld |
| enameWorld |
| enameWorld |
| enameWorld |
+------------+
28 rows in set (0.00 sec)

mysql>  select 'A' 'S' 'D' '';
+-----+
| A   |
+-----+
| ASD |
+-----+
1 row in set (0.00 sec)

mysql>  select 'A' 'S' 'D' 'F';
+------+
| A    |
+------+
| ASDF |
+------+
1 row in set (0.00 sec)

mysql>  select 'A' 'S' null 'D' 'F';
ERROR 1064 (42000): You have an error in your SQL syntax; check the manual that corresponds to your MySQL server version for the right syntax to use near 'null 'D' 'F'' at line 1
mysql>
mysql>
mysql>  select 'A' 'S' 'D' 'F';
+------+
| A    |
+------+
| ASDF |
+------+
1 row in set (0.00 sec)

mysql>  select 'A' 'S' 'D' '' 'F';
+------+
| A    |
+------+
| ASDF |
+------+
1 row in set (0.00 sec)

mysql>  select 'A' 'S' 'D' ' ' 'F';
+-------+
| A     |
+-------+
| ASD F |
+-------+
1 row in set (0.00 sec)

mysql>  select ename,job, sal from emp where -1;
+----------+---------------------+------+
| ename    | job                 | sal  |
+----------+---------------------+------+
| GITA     | Compliance officers | 1750 |
| VRUSHALI | Compliance officers | 1750 |
| SHARMIN  | Public Relation     | 1750 |
| BANDISH  | Public Relation     | 1750 |
| SMITH    | CLERK               |  800 |
| AARAV    | CLERK               | 3350 |
| THOMAS   | CLERK               | 1750 |
| ALLEN    | SALESMAN            | 1600 |
| WARD     | SALESMAN            | 1250 |
| JONES    | MANAGER             | 2975 |
| MARTIN   | SALESMAN            | 1250 |
| BLAKE    | MANAGER             | 2850 |
| CLARK    | MANAGER             | 2450 |
| SCOTT    | ANALYST             | 3000 |
| KING     | PRESIDENT           | 5000 |
| FRED     | vice PRESIDENT      | 5000 |
| TURNER   | SALESMAN            | 1500 |
| ADAMS    | CLERK               | 1100 |
| JAMES    | CLERK               |  950 |
| FORD     | ANALYST             | 3000 |
| HOFFMAN  | MANAGER             | 4150 |
| GRASS    | SALESMAN            | 2575 |
| MILLER   | CLERK               | 1300 |
| AARUSH   | SALESMAN            | 1350 |
| ALEX     | MANAGER             | 1250 |
| NATASHA  | CLERK               | 1750 |
| SANGITA  | Compliance officers | 1750 |
| SUPRIYA  | ANALYST             | 1750 |
+----------+---------------------+------+
28 rows in set (0.01 sec)

mysql>  select ename,job, sal from emp where 1;
+----------+---------------------+------+
| ename    | job                 | sal  |
+----------+---------------------+------+
| GITA     | Compliance officers | 1750 |
| VRUSHALI | Compliance officers | 1750 |
| SHARMIN  | Public Relation     | 1750 |
| BANDISH  | Public Relation     | 1750 |
| SMITH    | CLERK               |  800 |
| AARAV    | CLERK               | 3350 |
| THOMAS   | CLERK               | 1750 |
| ALLEN    | SALESMAN            | 1600 |
| WARD     | SALESMAN            | 1250 |
| JONES    | MANAGER             | 2975 |
| MARTIN   | SALESMAN            | 1250 |
| BLAKE    | MANAGER             | 2850 |
| CLARK    | MANAGER             | 2450 |
| SCOTT    | ANALYST             | 3000 |
| KING     | PRESIDENT           | 5000 |
| FRED     | vice PRESIDENT      | 5000 |
| TURNER   | SALESMAN            | 1500 |
| ADAMS    | CLERK               | 1100 |
| JAMES    | CLERK               |  950 |
| FORD     | ANALYST             | 3000 |
| HOFFMAN  | MANAGER             | 4150 |
| GRASS    | SALESMAN            | 2575 |
| MILLER   | CLERK               | 1300 |
| AARUSH   | SALESMAN            | 1350 |
| ALEX     | MANAGER             | 1250 |
| NATASHA  | CLERK               | 1750 |
| SANGITA  | Compliance officers | 1750 |
| SUPRIYA  | ANALYST             | 1750 |
+----------+---------------------+------+
28 rows in set (0.00 sec)

mysql>  select ename,job, sal from emp where 10-0;
+----------+---------------------+------+
| ename    | job                 | sal  |
+----------+---------------------+------+
| GITA     | Compliance officers | 1750 |
| VRUSHALI | Compliance officers | 1750 |
| SHARMIN  | Public Relation     | 1750 |
| BANDISH  | Public Relation     | 1750 |
| SMITH    | CLERK               |  800 |
| AARAV    | CLERK               | 3350 |
| THOMAS   | CLERK               | 1750 |
| ALLEN    | SALESMAN            | 1600 |
| WARD     | SALESMAN            | 1250 |
| JONES    | MANAGER             | 2975 |
| MARTIN   | SALESMAN            | 1250 |
| BLAKE    | MANAGER             | 2850 |
| CLARK    | MANAGER             | 2450 |
| SCOTT    | ANALYST             | 3000 |
| KING     | PRESIDENT           | 5000 |
| FRED     | vice PRESIDENT      | 5000 |
| TURNER   | SALESMAN            | 1500 |
| ADAMS    | CLERK               | 1100 |
| JAMES    | CLERK               |  950 |
| FORD     | ANALYST             | 3000 |
| HOFFMAN  | MANAGER             | 4150 |
| GRASS    | SALESMAN            | 2575 |
| MILLER   | CLERK               | 1300 |
| AARUSH   | SALESMAN            | 1350 |
| ALEX     | MANAGER             | 1250 |
| NATASHA  | CLERK               | 1750 |
| SANGITA  | Compliance officers | 1750 |
| SUPRIYA  | ANALYST             | 1750 |
+----------+---------------------+------+
28 rows in set (0.01 sec)

mysql>  select ename,job, sal from emp where 10;
+----------+---------------------+------+
| ename    | job                 | sal  |
+----------+---------------------+------+
| GITA     | Compliance officers | 1750 |
| VRUSHALI | Compliance officers | 1750 |
| SHARMIN  | Public Relation     | 1750 |
| BANDISH  | Public Relation     | 1750 |
| SMITH    | CLERK               |  800 |
| AARAV    | CLERK               | 3350 |
| THOMAS   | CLERK               | 1750 |
| ALLEN    | SALESMAN            | 1600 |
| WARD     | SALESMAN            | 1250 |
| JONES    | MANAGER             | 2975 |
| MARTIN   | SALESMAN            | 1250 |
| BLAKE    | MANAGER             | 2850 |
| CLARK    | MANAGER             | 2450 |
| SCOTT    | ANALYST             | 3000 |
| KING     | PRESIDENT           | 5000 |
| FRED     | vice PRESIDENT      | 5000 |
| TURNER   | SALESMAN            | 1500 |
| ADAMS    | CLERK               | 1100 |
| JAMES    | CLERK               |  950 |
| FORD     | ANALYST             | 3000 |
| HOFFMAN  | MANAGER             | 4150 |
| GRASS    | SALESMAN            | 2575 |
| MILLER   | CLERK               | 1300 |
| AARUSH   | SALESMAN            | 1350 |
| ALEX     | MANAGER             | 1250 |
| NATASHA  | CLERK               | 1750 |
| SANGITA  | Compliance officers | 1750 |
| SUPRIYA  | ANALYST             | 1750 |
+----------+---------------------+------+
28 rows in set (0.00 sec)

mysql>  select ename,job, sal from emp where 10-10;
Empty set (0.00 sec)

mysql>  select * from tasks;
+----+--------+-----------+
| id | title  | completed |
+----+--------+-----------+
|  1 | Task-1 |         1 |
|  2 | Task0  |         0 |
|  3 | Task1  |         0 |
|  4 | Task2  |         1 |
|  5 | Task3  |         0 |
|  6 | Task4  |         1 |
|  7 | Task5  |      NULL |
|  8 | Task6  |      NULL |
|  9 | Task7  |         0 |
| 10 | Task8  |         1 |
| 11 | Task9  |        12 |
| 12 | Task10 |        58 |
| 13 | Task11 |         1 |
| 14 | Task12 |         0 |
| 15 | Task13 |         1 |
| 16 | Task14 |      NULL |
+----+--------+-----------+
16 rows in set (0.00 sec)

mysql>  select * from tasks where completed =true;
+----+--------+-----------+
| id | title  | completed |
+----+--------+-----------+
|  1 | Task-1 |         1 |
|  4 | Task2  |         1 |
|  6 | Task4  |         1 |
| 10 | Task8  |         1 |
| 13 | Task11 |         1 |
| 15 | Task13 |         1 |
+----+--------+-----------+
6 rows in set (0.00 sec)

mysql>  select * from tasks where completed is true;
+----+--------+-----------+
| id | title  | completed |
+----+--------+-----------+
|  1 | Task-1 |         1 |
|  4 | Task2  |         1 |
|  6 | Task4  |         1 |
| 10 | Task8  |         1 |
| 11 | Task9  |        12 |
| 12 | Task10 |        58 |
| 13 | Task11 |         1 |
| 15 | Task13 |         1 |
+----+--------+-----------+
8 rows in set (0.00 sec)

mysql>  select ename,job, sal from emp where ename='';
Empty set (0.01 sec)

mysql>  select ename,job, sal from emp where ename='sangita';
+---------+---------------------+------+
| ename   | job                 | sal  |
+---------+---------------------+------+
| SANGITA | Compliance officers | 1750 |
+---------+---------------------+------+
1 row in set (0.00 sec)

mysql>  select ename,job, sal from emp where ename is null;
Empty set (0.00 sec)

mysql>  select ename,job, sal from emp where ename is not null;
+----------+---------------------+------+
| ename    | job                 | sal  |
+----------+---------------------+------+
| GITA     | Compliance officers | 1750 |
| VRUSHALI | Compliance officers | 1750 |
| SHARMIN  | Public Relation     | 1750 |
| BANDISH  | Public Relation     | 1750 |
| SMITH    | CLERK               |  800 |
| AARAV    | CLERK               | 3350 |
| THOMAS   | CLERK               | 1750 |
| ALLEN    | SALESMAN            | 1600 |
| WARD     | SALESMAN            | 1250 |
| JONES    | MANAGER             | 2975 |
| MARTIN   | SALESMAN            | 1250 |
| BLAKE    | MANAGER             | 2850 |
| CLARK    | MANAGER             | 2450 |
| SCOTT    | ANALYST             | 3000 |
| KING     | PRESIDENT           | 5000 |
| FRED     | vice PRESIDENT      | 5000 |
| TURNER   | SALESMAN            | 1500 |
| ADAMS    | CLERK               | 1100 |
| JAMES    | CLERK               |  950 |
| FORD     | ANALYST             | 3000 |
| HOFFMAN  | MANAGER             | 4150 |
| GRASS    | SALESMAN            | 2575 |
| MILLER   | CLERK               | 1300 |
| AARUSH   | SALESMAN            | 1350 |
| ALEX     | MANAGER             | 1250 |
| NATASHA  | CLERK               | 1750 |
| SANGITA  | Compliance officers | 1750 |
| SUPRIYA  | ANALYST             | 1750 |
+----------+---------------------+------+
28 rows in set (0.00 sec)

mysql>  select ename,job, sal from emp where ename='' or true;
+----------+---------------------+------+
| ename    | job                 | sal  |
+----------+---------------------+------+
| GITA     | Compliance officers | 1750 |
| VRUSHALI | Compliance officers | 1750 |
| SHARMIN  | Public Relation     | 1750 |
| BANDISH  | Public Relation     | 1750 |
| SMITH    | CLERK               |  800 |
| AARAV    | CLERK               | 3350 |
| THOMAS   | CLERK               | 1750 |
| ALLEN    | SALESMAN            | 1600 |
| WARD     | SALESMAN            | 1250 |
| JONES    | MANAGER             | 2975 |
| MARTIN   | SALESMAN            | 1250 |
| BLAKE    | MANAGER             | 2850 |
| CLARK    | MANAGER             | 2450 |
| SCOTT    | ANALYST             | 3000 |
| KING     | PRESIDENT           | 5000 |
| FRED     | vice PRESIDENT      | 5000 |
| TURNER   | SALESMAN            | 1500 |
| ADAMS    | CLERK               | 1100 |
| JAMES    | CLERK               |  950 |
| FORD     | ANALYST             | 3000 |
| HOFFMAN  | MANAGER             | 4150 |
| GRASS    | SALESMAN            | 2575 |
| MILLER   | CLERK               | 1300 |
| AARUSH   | SALESMAN            | 1350 |
| ALEX     | MANAGER             | 1250 |
| NATASHA  | CLERK               | 1750 |
| SANGITA  | Compliance officers | 1750 |
| SUPRIYA  | ANALYST             | 1750 |
+----------+---------------------+------+
28 rows in set (0.00 sec)

mysql>  select ename,job, sal from emp where ename='' and true;
Empty set (0.00 sec)

mysql>  select ename,job, sal from emp where 10+10 and true;
+----------+---------------------+------+
| ename    | job                 | sal  |
+----------+---------------------+------+
| GITA     | Compliance officers | 1750 |
| VRUSHALI | Compliance officers | 1750 |
| SHARMIN  | Public Relation     | 1750 |
| BANDISH  | Public Relation     | 1750 |
| SMITH    | CLERK               |  800 |
| AARAV    | CLERK               | 3350 |
| THOMAS   | CLERK               | 1750 |
| ALLEN    | SALESMAN            | 1600 |
| WARD     | SALESMAN            | 1250 |
| JONES    | MANAGER             | 2975 |
| MARTIN   | SALESMAN            | 1250 |
| BLAKE    | MANAGER             | 2850 |
| CLARK    | MANAGER             | 2450 |
| SCOTT    | ANALYST             | 3000 |
| KING     | PRESIDENT           | 5000 |
| FRED     | vice PRESIDENT      | 5000 |
| TURNER   | SALESMAN            | 1500 |
| ADAMS    | CLERK               | 1100 |
| JAMES    | CLERK               |  950 |
| FORD     | ANALYST             | 3000 |
| HOFFMAN  | MANAGER             | 4150 |
| GRASS    | SALESMAN            | 2575 |
| MILLER   | CLERK               | 1300 |
| AARUSH   | SALESMAN            | 1350 |
| ALEX     | MANAGER             | 1250 |
| NATASHA  | CLERK               | 1750 |
| SANGITA  | Compliance officers | 1750 |
| SUPRIYA  | ANALYST             | 1750 |
+----------+---------------------+------+
28 rows in set (0.00 sec)

mysql>  select ename,job, sal from emp where 10-10 and true;
Empty set (0.00 sec)

mysql>  select ename,job, sal from emp where job='manager' or job='salesman';
+---------+----------+------+
| ename   | job      | sal  |
+---------+----------+------+
| ALLEN   | SALESMAN | 1600 |
| WARD    | SALESMAN | 1250 |
| JONES   | MANAGER  | 2975 |
| MARTIN  | SALESMAN | 1250 |
| BLAKE   | MANAGER  | 2850 |
| CLARK   | MANAGER  | 2450 |
| TURNER  | SALESMAN | 1500 |
| HOFFMAN | MANAGER  | 4150 |
| GRASS   | SALESMAN | 2575 |
| AARUSH  | SALESMAN | 1350 |
| ALEX    | MANAGER  | 1250 |
+---------+----------+------+
11 rows in set (0.00 sec)

mysql> select ename,job, sal from emp where job in ('manager', 'salesman');
+---------+----------+------+
| ename   | job      | sal  |
+---------+----------+------+
| ALLEN   | SALESMAN | 1600 |
| WARD    | SALESMAN | 1250 |
| JONES   | MANAGER  | 2975 |
| MARTIN  | SALESMAN | 1250 |
| BLAKE   | MANAGER  | 2850 |
| CLARK   | MANAGER  | 2450 |
| TURNER  | SALESMAN | 1500 |
| HOFFMAN | MANAGER  | 4150 |
| GRASS   | SALESMAN | 2575 |
| AARUSH  | SALESMAN | 1350 |
| ALEX    | MANAGER  | 1250 |
+---------+----------+------+
11 rows in set (0.00 sec)

mysql> select ename,job, sal from emp where job in ('manager', 'salesman') and sal>1300;
+---------+----------+------+
| ename   | job      | sal  |
+---------+----------+------+
| ALLEN   | SALESMAN | 1600 |
| JONES   | MANAGER  | 2975 |
| BLAKE   | MANAGER  | 2850 |
| CLARK   | MANAGER  | 2450 |
| TURNER  | SALESMAN | 1500 |
| HOFFMAN | MANAGER  | 4150 |
| GRASS   | SALESMAN | 2575 |
| AARUSH  | SALESMAN | 1350 |
+---------+----------+------+
8 rows in set (0.00 sec)

mysql> select ename,job, sal from emp where sal in (3000, 50000);
+-------+---------+------+
| ename | job     | sal  |
+-------+---------+------+
| SCOTT | ANALYST | 3000 |
| FORD  | ANALYST | 3000 |
+-------+---------+------+
2 rows in set (0.00 sec)

mysql> select ename,job, sal from emp where sal not in (3000, 50000);
+----------+---------------------+------+
| ename    | job                 | sal  |
+----------+---------------------+------+
| GITA     | Compliance officers | 1750 |
| VRUSHALI | Compliance officers | 1750 |
| SHARMIN  | Public Relation     | 1750 |
| BANDISH  | Public Relation     | 1750 |
| SMITH    | CLERK               |  800 |
| AARAV    | CLERK               | 3350 |
| THOMAS   | CLERK               | 1750 |
| ALLEN    | SALESMAN            | 1600 |
| WARD     | SALESMAN            | 1250 |
| JONES    | MANAGER             | 2975 |
| MARTIN   | SALESMAN            | 1250 |
| BLAKE    | MANAGER             | 2850 |
| CLARK    | MANAGER             | 2450 |
| KING     | PRESIDENT           | 5000 |
| FRED     | vice PRESIDENT      | 5000 |
| TURNER   | SALESMAN            | 1500 |
| ADAMS    | CLERK               | 1100 |
| JAMES    | CLERK               |  950 |
| HOFFMAN  | MANAGER             | 4150 |
| GRASS    | SALESMAN            | 2575 |
| MILLER   | CLERK               | 1300 |
| AARUSH   | SALESMAN            | 1350 |
| ALEX     | MANAGER             | 1250 |
| NATASHA  | CLERK               | 1750 |
| SANGITA  | Compliance officers | 1750 |
| SUPRIYA  | ANALYST             | 1750 |
+----------+---------------------+------+
26 rows in set (0.00 sec)

mysql> select ename,job, sal from emp where sal in (3000, 50000, 1750);
+----------+---------------------+------+
| ename    | job                 | sal  |
+----------+---------------------+------+
| GITA     | Compliance officers | 1750 |
| VRUSHALI | Compliance officers | 1750 |
| SHARMIN  | Public Relation     | 1750 |
| BANDISH  | Public Relation     | 1750 |
| THOMAS   | CLERK               | 1750 |
| SCOTT    | ANALYST             | 3000 |
| FORD     | ANALYST             | 3000 |
| NATASHA  | CLERK               | 1750 |
| SANGITA  | Compliance officers | 1750 |
| SUPRIYA  | ANALYST             | 1750 |
+----------+---------------------+------+
10 rows in set (0.00 sec)

mysql> select * from ord;
+-------+---------------------+----------+--------+---------------------+---------------------+------------+----------+
| ORDID | ORDERDATE           | COMMPLAN | CUSTID | SHIPDATE            | STATUSDATE          | STATUS     | TOTAL    |
+-------+---------------------+----------+--------+---------------------+---------------------+------------+----------+
|   601 | 1986-05-01 00:00:00 | A        |    106 | 1986-05-30 00:00:00 | NULL                | In Process |     2.40 |
|   602 | 1986-06-05 00:00:00 | B        |    102 | 1986-06-20 00:00:00 | 1986-07-09 00:00:00 | On Hold    |    56.00 |
|   603 | 1986-06-05 00:00:00 | NULL     |    102 | 1986-06-05 00:00:00 | 1986-06-10 00:00:00 | Cancelled  |   224.00 |
|   604 | 1986-06-15 00:00:00 | A        |    106 | 1986-05-30 00:00:00 | 1986-07-04 00:00:00 | Resolved   |   698.00 |
|   605 | 1986-07-14 00:00:00 | A        |    106 | 1986-07-30 00:00:00 | 1986-08-02 00:00:00 | Disputed   |  8324.00 |
|   606 | 1986-07-14 00:00:00 | A        |    100 | 1986-07-30 00:00:00 | NULL                | Shipped    |     3.40 |
|   607 | 1986-07-18 00:00:00 | C        |    104 | 1986-07-18 00:00:00 | NULL                | In Process |     5.60 |
|   608 | 1986-07-25 00:00:00 | C        |    104 | 1986-07-25 00:00:00 | NULL                | Shipped    |    35.20 |
|   609 | 1986-08-01 00:00:00 | B        |    100 | 1986-08-15 00:00:00 | 1986-08-19 00:00:00 | On Hold    |    97.50 |
|   610 | 1987-01-07 00:00:00 | A        |    101 | 1987-01-08 00:00:00 | NULL                | In Process |   101.40 |
|   611 | 1987-01-11 00:00:00 | B        |    102 | 1987-01-11 00:00:00 | NULL                | Shipped    |    45.00 |
|   612 | 1987-01-15 00:00:00 | C        |    104 | 1987-01-20 00:00:00 | 1987-01-21 00:00:00 | Cancelled  |  5860.00 |
|   613 | 1987-02-01 00:00:00 | NULL     |    108 | 1987-02-01 00:00:00 | NULL                | Shipped    |  6400.00 |
|   614 | 1987-02-01 00:00:00 | NULL     |    102 | 1987-02-05 00:00:00 | NULL                | In Process | 23940.00 |
|   615 | 1987-02-01 00:00:00 | NULL     |    107 | 1987-02-06 00:00:00 | NULL                | In Process |   710.00 |
|   616 | 1987-02-03 00:00:00 | NULL     |    103 | 1987-02-10 00:00:00 | 1987-02-10 00:00:00 | Resolved   |   764.00 |
|   617 | 1987-02-05 00:00:00 | NULL     |    105 | 1987-03-03 00:00:00 | NULL                | Shipped    | 46370.00 |
|   618 | 1987-02-15 00:00:00 | A        |    102 | 1987-03-06 00:00:00 | 1987-03-16 00:00:00 | On Hold    |  3510.50 |
|   619 | 1987-02-22 00:00:00 | NULL     |    104 | 1987-02-04 00:00:00 | NULL                | In Process |  1260.00 |
|   620 | 1987-03-12 00:00:00 | NULL     |    100 | 1987-03-12 00:00:00 | 1987-03-12 00:00:00 | Cancelled  |  4450.00 |
|   621 | 1987-03-15 00:00:00 | A        |    100 | 1987-03-14 00:00:00 | NULL                | Shipped    |   730.00 |
|   622 | 1986-12-31 00:00:00 | a        |    105 | 1987-01-01 00:00:00 | 1987-01-06 00:00:00 | Delivered  |  1125.00 |
|   624 | 1987-01-06 00:00:00 | c        |    105 | 1987-01-06 00:00:00 | 1987-01-09 00:00:00 | Delivered  |   189.00 |
|   625 | 1987-01-09 00:00:00 | NULL     |    105 | 1987-01-10 00:00:00 | 1987-01-16 00:00:00 | Delivered  |  1255.00 |
|   626 | 1987-01-31 00:00:00 | NULL     |    107 | 1987-02-01 00:00:00 | 1987-02-06 00:00:00 | shipped    |  1675.00 |
|   627 | 1987-02-13 00:00:00 | NULL     |    100 | 1987-02-14 00:00:00 | 1987-02-22 00:00:00 | Delivered  |   250.00 |
+-------+---------------------+----------+--------+---------------------+---------------------+------------+----------+
26 rows in set (0.00 sec)

mysql> select * from ord where status in ('In Process', 'Delivered');
+-------+---------------------+----------+--------+---------------------+---------------------+------------+----------+
| ORDID | ORDERDATE           | COMMPLAN | CUSTID | SHIPDATE            | STATUSDATE          | STATUS     | TOTAL    |
+-------+---------------------+----------+--------+---------------------+---------------------+------------+----------+
|   601 | 1986-05-01 00:00:00 | A        |    106 | 1986-05-30 00:00:00 | NULL                | In Process |     2.40 |
|   607 | 1986-07-18 00:00:00 | C        |    104 | 1986-07-18 00:00:00 | NULL                | In Process |     5.60 |
|   610 | 1987-01-07 00:00:00 | A        |    101 | 1987-01-08 00:00:00 | NULL                | In Process |   101.40 |
|   614 | 1987-02-01 00:00:00 | NULL     |    102 | 1987-02-05 00:00:00 | NULL                | In Process | 23940.00 |
|   615 | 1987-02-01 00:00:00 | NULL     |    107 | 1987-02-06 00:00:00 | NULL                | In Process |   710.00 |
|   619 | 1987-02-22 00:00:00 | NULL     |    104 | 1987-02-04 00:00:00 | NULL                | In Process |  1260.00 |
|   622 | 1986-12-31 00:00:00 | a        |    105 | 1987-01-01 00:00:00 | 1987-01-06 00:00:00 | Delivered  |  1125.00 |
|   624 | 1987-01-06 00:00:00 | c        |    105 | 1987-01-06 00:00:00 | 1987-01-09 00:00:00 | Delivered  |   189.00 |
|   625 | 1987-01-09 00:00:00 | NULL     |    105 | 1987-01-10 00:00:00 | 1987-01-16 00:00:00 | Delivered  |  1255.00 |
|   627 | 1987-02-13 00:00:00 | NULL     |    100 | 1987-02-14 00:00:00 | 1987-02-22 00:00:00 | Delivered  |   250.00 |
+-------+---------------------+----------+--------+---------------------+---------------------+------------+----------+
10 rows in set (0.00 sec)

mysql> select * from ord;
+-------+---------------------+----------+--------+---------------------+---------------------+------------+----------+
| ORDID | ORDERDATE           | COMMPLAN | CUSTID | SHIPDATE            | STATUSDATE          | STATUS     | TOTAL    |
+-------+---------------------+----------+--------+---------------------+---------------------+------------+----------+
|   601 | 1986-05-01 00:00:00 | A        |    106 | 1986-05-30 00:00:00 | NULL                | In Process |     2.40 |
|   602 | 1986-06-05 00:00:00 | B        |    102 | 1986-06-20 00:00:00 | 1986-07-09 00:00:00 | On Hold    |    56.00 |
|   603 | 1986-06-05 00:00:00 | NULL     |    102 | 1986-06-05 00:00:00 | 1986-06-10 00:00:00 | Cancelled  |   224.00 |
|   604 | 1986-06-15 00:00:00 | A        |    106 | 1986-05-30 00:00:00 | 1986-07-04 00:00:00 | Resolved   |   698.00 |
|   605 | 1986-07-14 00:00:00 | A        |    106 | 1986-07-30 00:00:00 | 1986-08-02 00:00:00 | Disputed   |  8324.00 |
|   606 | 1986-07-14 00:00:00 | A        |    100 | 1986-07-30 00:00:00 | NULL                | Shipped    |     3.40 |
|   607 | 1986-07-18 00:00:00 | C        |    104 | 1986-07-18 00:00:00 | NULL                | In Process |     5.60 |
|   608 | 1986-07-25 00:00:00 | C        |    104 | 1986-07-25 00:00:00 | NULL                | Shipped    |    35.20 |
|   609 | 1986-08-01 00:00:00 | B        |    100 | 1986-08-15 00:00:00 | 1986-08-19 00:00:00 | On Hold    |    97.50 |
|   610 | 1987-01-07 00:00:00 | A        |    101 | 1987-01-08 00:00:00 | NULL                | In Process |   101.40 |
|   611 | 1987-01-11 00:00:00 | B        |    102 | 1987-01-11 00:00:00 | NULL                | Shipped    |    45.00 |
|   612 | 1987-01-15 00:00:00 | C        |    104 | 1987-01-20 00:00:00 | 1987-01-21 00:00:00 | Cancelled  |  5860.00 |
|   613 | 1987-02-01 00:00:00 | NULL     |    108 | 1987-02-01 00:00:00 | NULL                | Shipped    |  6400.00 |
|   614 | 1987-02-01 00:00:00 | NULL     |    102 | 1987-02-05 00:00:00 | NULL                | In Process | 23940.00 |
|   615 | 1987-02-01 00:00:00 | NULL     |    107 | 1987-02-06 00:00:00 | NULL                | In Process |   710.00 |
|   616 | 1987-02-03 00:00:00 | NULL     |    103 | 1987-02-10 00:00:00 | 1987-02-10 00:00:00 | Resolved   |   764.00 |
|   617 | 1987-02-05 00:00:00 | NULL     |    105 | 1987-03-03 00:00:00 | NULL                | Shipped    | 46370.00 |
|   618 | 1987-02-15 00:00:00 | A        |    102 | 1987-03-06 00:00:00 | 1987-03-16 00:00:00 | On Hold    |  3510.50 |
|   619 | 1987-02-22 00:00:00 | NULL     |    104 | 1987-02-04 00:00:00 | NULL                | In Process |  1260.00 |
|   620 | 1987-03-12 00:00:00 | NULL     |    100 | 1987-03-12 00:00:00 | 1987-03-12 00:00:00 | Cancelled  |  4450.00 |
|   621 | 1987-03-15 00:00:00 | A        |    100 | 1987-03-14 00:00:00 | NULL                | Shipped    |   730.00 |
|   622 | 1986-12-31 00:00:00 | a        |    105 | 1987-01-01 00:00:00 | 1987-01-06 00:00:00 | Delivered  |  1125.00 |
|   624 | 1987-01-06 00:00:00 | c        |    105 | 1987-01-06 00:00:00 | 1987-01-09 00:00:00 | Delivered  |   189.00 |
|   625 | 1987-01-09 00:00:00 | NULL     |    105 | 1987-01-10 00:00:00 | 1987-01-16 00:00:00 | Delivered  |  1255.00 |
|   626 | 1987-01-31 00:00:00 | NULL     |    107 | 1987-02-01 00:00:00 | 1987-02-06 00:00:00 | shipped    |  1675.00 |
|   627 | 1987-02-13 00:00:00 | NULL     |    100 | 1987-02-14 00:00:00 | 1987-02-22 00:00:00 | Delivered  |   250.00 |
+-------+---------------------+----------+--------+---------------------+---------------------+------------+----------+
26 rows in set (0.00 sec)

mysql> select * from ord where total > 4000 and total<8000;
+-------+---------------------+----------+--------+---------------------+---------------------+-----------+---------+
| ORDID | ORDERDATE           | COMMPLAN | CUSTID | SHIPDATE            | STATUSDATE          | STATUS    | TOTAL   |
+-------+---------------------+----------+--------+---------------------+---------------------+-----------+---------+
|   612 | 1987-01-15 00:00:00 | C        |    104 | 1987-01-20 00:00:00 | 1987-01-21 00:00:00 | Cancelled | 5860.00 |
|   613 | 1987-02-01 00:00:00 | NULL     |    108 | 1987-02-01 00:00:00 | NULL                | Shipped   | 6400.00 |
|   620 | 1987-03-12 00:00:00 | NULL     |    100 | 1987-03-12 00:00:00 | 1987-03-12 00:00:00 | Cancelled | 4450.00 |
+-------+---------------------+----------+--------+---------------------+---------------------+-----------+---------+
3 rows in set (0.00 sec)

mysql> select * from ord where total > 4000 and total<10000;
+-------+---------------------+----------+--------+---------------------+---------------------+-----------+---------+
| ORDID | ORDERDATE           | COMMPLAN | CUSTID | SHIPDATE            | STATUSDATE          | STATUS    | TOTAL   |
+-------+---------------------+----------+--------+---------------------+---------------------+-----------+---------+
|   605 | 1986-07-14 00:00:00 | A        |    106 | 1986-07-30 00:00:00 | 1986-08-02 00:00:00 | Disputed  | 8324.00 |
|   612 | 1987-01-15 00:00:00 | C        |    104 | 1987-01-20 00:00:00 | 1987-01-21 00:00:00 | Cancelled | 5860.00 |
|   613 | 1987-02-01 00:00:00 | NULL     |    108 | 1987-02-01 00:00:00 | NULL                | Shipped   | 6400.00 |
|   620 | 1987-03-12 00:00:00 | NULL     |    100 | 1987-03-12 00:00:00 | 1987-03-12 00:00:00 | Cancelled | 4450.00 |
+-------+---------------------+----------+--------+---------------------+---------------------+-----------+---------+
4 rows in set (0.00 sec)

mysql> select * from ord where total between 4000 and 10000;
+-------+---------------------+----------+--------+---------------------+---------------------+-----------+---------+
| ORDID | ORDERDATE           | COMMPLAN | CUSTID | SHIPDATE            | STATUSDATE          | STATUS    | TOTAL   |
+-------+---------------------+----------+--------+---------------------+---------------------+-----------+---------+
|   605 | 1986-07-14 00:00:00 | A        |    106 | 1986-07-30 00:00:00 | 1986-08-02 00:00:00 | Disputed  | 8324.00 |
|   612 | 1987-01-15 00:00:00 | C        |    104 | 1987-01-20 00:00:00 | 1987-01-21 00:00:00 | Cancelled | 5860.00 |
|   613 | 1987-02-01 00:00:00 | NULL     |    108 | 1987-02-01 00:00:00 | NULL                | Shipped   | 6400.00 |
|   620 | 1987-03-12 00:00:00 | NULL     |    100 | 1987-03-12 00:00:00 | 1987-03-12 00:00:00 | Cancelled | 4450.00 |
+-------+---------------------+----------+--------+---------------------+---------------------+-----------+---------+
4 rows in set (0.00 sec)

mysql> select ename, sal from emp where sal between 3000 and 5000;
+---------+------+
| ename   | sal  |
+---------+------+
| AARAV   | 3350 |
| SCOTT   | 3000 |
| KING    | 5000 |
| FRED    | 5000 |
| FORD    | 3000 |
| HOFFMAN | 4150 |
+---------+------+
6 rows in set (0.00 sec)

mysql> select ename, sal from emp where sal > 3000 and sal < 5000;
+---------+------+
| ename   | sal  |
+---------+------+
| AARAV   | 3350 |
| HOFFMAN | 4150 |
+---------+------+
2 rows in set (0.00 sec)

mysql> select ename, sal from emp where sal >= 3000 and sal =< 5000;
ERROR 1064 (42000): You have an error in your SQL syntax; check the manual that corresponds to your MySQL server version for the right syntax to use near '=< 5000' at line 1
mysql> select ename, sal from emp where sal >= 3000 and sal <= 5000;
+---------+------+
| ename   | sal  |
+---------+------+
| AARAV   | 3350 |
| SCOTT   | 3000 |
| KING    | 5000 |
| FRED    | 5000 |
| FORD    | 3000 |
| HOFFMAN | 4150 |
+---------+------+
6 rows in set (0.00 sec)

mysql> select ename, hiredate, sal from emp;
+----------+------------+------+
| ename    | hiredate   | sal  |
+----------+------------+------+
| GITA     | 1981-07-19 | 1750 |
| VRUSHALI | 1981-07-19 | 1750 |
| SHARMIN  | 1981-07-19 | 1750 |
| BANDISH  | 1981-07-19 | 1750 |
| SMITH    | 1980-12-17 |  800 |
| AARAV    | 1981-12-31 | 3350 |
| THOMAS   | 1981-07-19 | 1750 |
| ALLEN    | 1981-02-20 | 1600 |
| WARD     | 1981-02-22 | 1250 |
| JONES    | 1981-04-02 | 2975 |
| MARTIN   | 1981-09-28 | 1250 |
| BLAKE    | 1981-05-01 | 2850 |
| CLARK    | 1981-06-09 | 2450 |
| SCOTT    | 1982-12-09 | 3000 |
| KING     | 1981-11-17 | 5000 |
| FRED     | 1983-08-09 | 5000 |
| TURNER   | 1981-09-08 | 1500 |
| ADAMS    | 1983-01-12 | 1100 |
| JAMES    | 1981-12-03 |  950 |
| FORD     | 1981-12-03 | 3000 |
| HOFFMAN  | 1982-03-24 | 4150 |
| GRASS    | 1980-02-14 | 2575 |
| MILLER   | 1982-01-23 | 1300 |
| AARUSH   | 1980-02-14 | 1350 |
| ALEX     | 1982-01-24 | 1250 |
| NATASHA  | 1981-07-19 | 1750 |
| SANGITA  | 1981-07-19 | 1750 |
| SUPRIYA  | 1981-07-19 | 1750 |
+----------+------------+------+
28 rows in set (0.00 sec)

mysql> select ename, hiredate, sal from emp hiredate between  '1980-12-17' and '1981-11-17';
ERROR 1064 (42000): You have an error in your SQL syntax; check the manual that corresponds to your MySQL server version for the right syntax to use near 'between  '1980-12-17' and '1981-11-17'' at line 1
mysql>
mysql>
mysql> select ename, hiredate, sal from emp where hiredate between '1980-12-17' and '1981-11-17';
+----------+------------+------+
| ename    | hiredate   | sal  |
+----------+------------+------+
| GITA     | 1981-07-19 | 1750 |
| VRUSHALI | 1981-07-19 | 1750 |
| SHARMIN  | 1981-07-19 | 1750 |
| BANDISH  | 1981-07-19 | 1750 |
| SMITH    | 1980-12-17 |  800 |
| THOMAS   | 1981-07-19 | 1750 |
| ALLEN    | 1981-02-20 | 1600 |
| WARD     | 1981-02-22 | 1250 |
| JONES    | 1981-04-02 | 2975 |
| MARTIN   | 1981-09-28 | 1250 |
| BLAKE    | 1981-05-01 | 2850 |
| CLARK    | 1981-06-09 | 2450 |
| KING     | 1981-11-17 | 5000 |
| TURNER   | 1981-09-08 | 1500 |
| NATASHA  | 1981-07-19 | 1750 |
| SANGITA  | 1981-07-19 | 1750 |
| SUPRIYA  | 1981-07-19 | 1750 |
+----------+------------+------+
17 rows in set (0.01 sec)

mysql> select ename, hiredate, sal from emp where hiredate between '1980-12-17' and '1981-11-17' and sal >2000;
+-------+------------+------+
| ename | hiredate   | sal  |
+-------+------------+------+
| JONES | 1981-04-02 | 2975 |
| BLAKE | 1981-05-01 | 2850 |
| CLARK | 1981-06-09 | 2450 |
| KING  | 1981-11-17 | 5000 |
+-------+------------+------+
4 rows in set (0.00 sec)

mysql> select ename, hiredate, sal from emp where sal between 1000 and 2000  and sal between 2500  and 5000;
Empty set (0.00 sec)

mysql> select ename, hiredate, sal from emp where sal between 1000 and 2000  or  sal between 2500  and 5000;
+----------+------------+------+
| ename    | hiredate   | sal  |
+----------+------------+------+
| GITA     | 1981-07-19 | 1750 |
| VRUSHALI | 1981-07-19 | 1750 |
| SHARMIN  | 1981-07-19 | 1750 |
| BANDISH  | 1981-07-19 | 1750 |
| AARAV    | 1981-12-31 | 3350 |
| THOMAS   | 1981-07-19 | 1750 |
| ALLEN    | 1981-02-20 | 1600 |
| WARD     | 1981-02-22 | 1250 |
| JONES    | 1981-04-02 | 2975 |
| MARTIN   | 1981-09-28 | 1250 |
| BLAKE    | 1981-05-01 | 2850 |
| SCOTT    | 1982-12-09 | 3000 |
| KING     | 1981-11-17 | 5000 |
| FRED     | 1983-08-09 | 5000 |
| TURNER   | 1981-09-08 | 1500 |
| ADAMS    | 1983-01-12 | 1100 |
| FORD     | 1981-12-03 | 3000 |
| HOFFMAN  | 1982-03-24 | 4150 |
| GRASS    | 1980-02-14 | 2575 |
| MILLER   | 1982-01-23 | 1300 |
| AARUSH   | 1980-02-14 | 1350 |
| ALEX     | 1982-01-24 | 1250 |
| NATASHA  | 1981-07-19 | 1750 |
| SANGITA  | 1981-07-19 | 1750 |
| SUPRIYA  | 1981-07-19 | 1750 |
+----------+------------+------+
25 rows in set (0.00 sec)

mysql> select ename, hiredate, sal from emp where sal between 1000 and 2000  or  sal between 3000  and 5000;
+----------+------------+------+
| ename    | hiredate   | sal  |
+----------+------------+------+
| GITA     | 1981-07-19 | 1750 |
| VRUSHALI | 1981-07-19 | 1750 |
| SHARMIN  | 1981-07-19 | 1750 |
| BANDISH  | 1981-07-19 | 1750 |
| AARAV    | 1981-12-31 | 3350 |
| THOMAS   | 1981-07-19 | 1750 |
| ALLEN    | 1981-02-20 | 1600 |
| WARD     | 1981-02-22 | 1250 |
| MARTIN   | 1981-09-28 | 1250 |
| SCOTT    | 1982-12-09 | 3000 |
| KING     | 1981-11-17 | 5000 |
| FRED     | 1983-08-09 | 5000 |
| TURNER   | 1981-09-08 | 1500 |
| ADAMS    | 1983-01-12 | 1100 |
| FORD     | 1981-12-03 | 3000 |
| HOFFMAN  | 1982-03-24 | 4150 |
| MILLER   | 1982-01-23 | 1300 |
| AARUSH   | 1980-02-14 | 1350 |
| ALEX     | 1982-01-24 | 1250 |
| NATASHA  | 1981-07-19 | 1750 |
| SANGITA  | 1981-07-19 | 1750 |
| SUPRIYA  | 1981-07-19 | 1750 |
+----------+------------+------+
22 rows in set (0.00 sec)

mysql> select ename, hiredate, sal from emp where sal between 2000 and 2500  or  sal between 3000  and 5000;
+---------+------------+------+
| ename   | hiredate   | sal  |
+---------+------------+------+
| AARAV   | 1981-12-31 | 3350 |
| CLARK   | 1981-06-09 | 2450 |
| SCOTT   | 1982-12-09 | 3000 |
| KING    | 1981-11-17 | 5000 |
| FRED    | 1983-08-09 | 5000 |
| FORD    | 1981-12-03 | 3000 |
| HOFFMAN | 1982-03-24 | 4150 |
+---------+------------+------+
7 rows in set (0.00 sec)

mysql> select ename from emp;
+----------+
| ename    |
+----------+
| GITA     |
| VRUSHALI |
| SHARMIN  |
| BANDISH  |
| SMITH    |
| AARAV    |
| THOMAS   |
| ALLEN    |
| WARD     |
| JONES    |
| MARTIN   |
| BLAKE    |
| CLARK    |
| SCOTT    |
| KING     |
| FRED     |
| TURNER   |
| ADAMS    |
| JAMES    |
| FORD     |
| HOFFMAN  |
| GRASS    |
| MILLER   |
| AARUSH   |
| ALEX     |
| NATASHA  |
| SANGITA  |
| SUPRIYA  |
+----------+
28 rows in set (0.00 sec)

mysql> select ename from emp where ename like 'a%';
+--------+
| ename  |
+--------+
| AARAV  |
| ALLEN  |
| ADAMS  |
| AARUSH |
| ALEX   |
+--------+
5 rows in set (0.01 sec)

mysql> select ename from emp where ename like '%a%a%';
+---------+
| ename   |
+---------+
| AARAV   |
| ADAMS   |
| AARUSH  |
| NATASHA |
| SANGITA |
+---------+
5 rows in set (0.00 sec)

mysql> select ename from emp where ename like '%aa%';
+--------+
| ename  |
+--------+
| AARAV  |
| AARUSH |
+--------+
2 rows in set (0.00 sec)

mysql> select ename from emp where sal like '2%';
+-------+
| ename |
+-------+
| JONES |
| BLAKE |
| CLARK |
| GRASS |
+-------+
4 rows in set (0.00 sec)

mysql> select ename, sal from emp where sal like '2%';
+-------+------+
| ename | sal  |
+-------+------+
| JONES | 2975 |
| BLAKE | 2850 |
| CLARK | 2450 |
| GRASS | 2575 |
+-------+------+
4 rows in set (0.00 sec)

mysql> select ename, job, hiredate, sal, comm, isactive from emp
    -> ;
+----------+---------------------+------------+------+------+----------+
| ename    | job                 | hiredate   | sal  | comm | isactive |
+----------+---------------------+------------+------+------+----------+
| GITA     | Compliance officers | 1981-07-19 | 1750 | NULL |        1 |
| VRUSHALI | Compliance officers | 1981-07-19 | 1750 | NULL |        1 |
| SHARMIN  | Public Relation     | 1981-07-19 | 1750 | NULL |        1 |
| BANDISH  | Public Relation     | 1981-07-19 | 1750 | NULL |        1 |
| SMITH    | CLERK               | 1980-12-17 |  800 | NULL |        0 |
| AARAV    | CLERK               | 1981-12-31 | 3350 | NULL |        0 |
| THOMAS   | CLERK               | 1981-07-19 | 1750 | NULL |        0 |
| ALLEN    | SALESMAN            | 1981-02-20 | 1600 |  300 |        1 |
| WARD     | SALESMAN            | 1981-02-22 | 1250 |  500 |        1 |
| JONES    | MANAGER             | 1981-04-02 | 2975 | NULL |        1 |
| MARTIN   | SALESMAN            | 1981-09-28 | 1250 | 1400 |        1 |
| BLAKE    | MANAGER             | 1981-05-01 | 2850 | NULL |        1 |
| CLARK    | MANAGER             | 1981-06-09 | 2450 | NULL |        1 |
| SCOTT    | ANALYST             | 1982-12-09 | 3000 | NULL |        1 |
| KING     | PRESIDENT           | 1981-11-17 | 5000 | NULL |        1 |
| FRED     | vice PRESIDENT      | 1983-08-09 | 5000 | NULL |        1 |
| TURNER   | SALESMAN            | 1981-09-08 | 1500 |    0 |        1 |
| ADAMS    | CLERK               | 1983-01-12 | 1100 | NULL |        1 |
| JAMES    | CLERK               | 1981-12-03 |  950 | NULL |        1 |
| FORD     | ANALYST             | 1981-12-03 | 3000 | NULL |        0 |
| HOFFMAN  | MANAGER             | 1982-03-24 | 4150 | NULL |        1 |
| GRASS    | SALESMAN            | 1980-02-14 | 2575 | 2700 |        1 |
| MILLER   | CLERK               | 1982-01-23 | 1300 | NULL |        0 |
| AARUSH   | SALESMAN            | 1980-02-14 | 1350 | 2700 |        0 |
| ALEX     | MANAGER             | 1982-01-24 | 1250 |  500 |        1 |
| NATASHA  | CLERK               | 1981-07-19 | 1750 | NULL |        1 |
| SANGITA  | Compliance officers | 1981-07-19 | 1750 | NULL |        1 |
| SUPRIYA  | ANALYST             | 1981-07-19 | 1750 | NULL |        1 |
+----------+---------------------+------------+------+------+----------+
28 rows in set (0.00 sec)

mysql> select ename, job, hiredate, sal, comm, isactive from emp where length(ename)=4;
+-------+---------------------+------------+------+------+----------+
| ename | job                 | hiredate   | sal  | comm | isactive |
+-------+---------------------+------------+------+------+----------+
| GITA  | Compliance officers | 1981-07-19 | 1750 | NULL |        1 |
| WARD  | SALESMAN            | 1981-02-22 | 1250 |  500 |        1 |
| KING  | PRESIDENT           | 1981-11-17 | 5000 | NULL |        1 |
| FRED  | vice PRESIDENT      | 1983-08-09 | 5000 | NULL |        1 |
| FORD  | ANALYST             | 1981-12-03 | 3000 | NULL |        0 |
| ALEX  | MANAGER             | 1982-01-24 | 1250 |  500 |        1 |
+-------+---------------------+------------+------+------+----------+
6 rows in set (0.00 sec)

mysql> select ename, job, hiredate, sal, comm, isactive from emp where ename like '__a%';
+---------+-----------------+------------+------+------+----------+
| ename   | job             | hiredate   | sal  | comm | isactive |
+---------+-----------------+------------+------+------+----------+
| SHARMIN | Public Relation | 1981-07-19 | 1750 | NULL |        1 |
| BLAKE   | MANAGER         | 1981-05-01 | 2850 | NULL |        1 |
| CLARK   | MANAGER         | 1981-06-09 | 2450 | NULL |        1 |
| ADAMS   | CLERK           | 1983-01-12 | 1100 | NULL |        1 |
| GRASS   | SALESMAN        | 1980-02-14 | 2575 | 2700 |        1 |
+---------+-----------------+------------+------+------+----------+
5 rows in set (0.00 sec)

mysql> select * from temp1;
+------+------------------------+
| col1 | col2                   |
+------+------------------------+
|    1 | 25%                    |
|    2 | 1.st%                  |
|    3 | 30.12%                 |
|    4 | 12^4                   |
|    5 | 1^2^3                  |
|    6 | 56*12*.12              |
|    7 | 1st INT                |
|    8 | Rs. 1000               |
|    9 | $5000                  |
|   10 | ABB+                   |
|   11 | _ABB                   |
|   12 | A_BB                   |
|   13 | CNN                    |
|   14 | C_N_N                  |
|   15 | CN_N                   |
|   16 | ABB_                   |
|   17 | AB_B                   |
|   18 | %ABB                   |
|   19 | A%B%B                  |
|   20 | L&T                    |
|   21 | L_&_T                  |
|   22 | ABB-200                |
|   23 | ABB:200                |
|   24 | ABB_200                |
|   25 | ABB/200/300            |
|   26 | AC/100, AC/200, AC/300 |
|   27 | A_BC                   |
|   28 | A_B_C                  |
|   29 | A\_BC                  |
+------+------------------------+
29 rows in set (0.02 sec)

mysql> select * from temp1 where col2 like '%%%';
+------+------------------------+
| col1 | col2                   |
+------+------------------------+
|    1 | 25%                    |
|    2 | 1.st%                  |
|    3 | 30.12%                 |
|    4 | 12^4                   |
|    5 | 1^2^3                  |
|    6 | 56*12*.12              |
|    7 | 1st INT                |
|    8 | Rs. 1000               |
|    9 | $5000                  |
|   10 | ABB+                   |
|   11 | _ABB                   |
|   12 | A_BB                   |
|   13 | CNN                    |
|   14 | C_N_N                  |
|   15 | CN_N                   |
|   16 | ABB_                   |
|   17 | AB_B                   |
|   18 | %ABB                   |
|   19 | A%B%B                  |
|   20 | L&T                    |
|   21 | L_&_T                  |
|   22 | ABB-200                |
|   23 | ABB:200                |
|   24 | ABB_200                |
|   25 | ABB/200/300            |
|   26 | AC/100, AC/200, AC/300 |
|   27 | A_BC                   |
|   28 | A_B_C                  |
|   29 | A\_BC                  |
+------+------------------------+
29 rows in set (0.00 sec)

mysql> select * from temp1 where col2 like '%'%'%';
ERROR 1064 (42000): You have an error in your SQL syntax; check the manual that corresponds to your MySQL server version for the right syntax to use near '%'%'' at line 1
mysql>
mysql>
mysql> select * from temp1 where col2 like '%"%"%';
Empty set (0.00 sec)

mysql> select * from temp1 where col2 like '%\%%';
+------+--------+
| col1 | col2   |
+------+--------+
|    1 | 25%    |
|    2 | 1.st%  |
|    3 | 30.12% |
|   18 | %ABB   |
|   19 | A%B%B  |
+------+--------+
5 rows in set (0.00 sec)

mysql> select * from temp1 where col2 like '%/%%';
+------+------------------------+
| col1 | col2                   |
+------+------------------------+
|   25 | ABB/200/300            |
|   26 | AC/100, AC/200, AC/300 |
+------+------------------------+
2 rows in set (0.00 sec)

mysql> select * from temp1 where col2 like '%/%%' escape '/';
+------+--------+
| col1 | col2   |
+------+--------+
|    1 | 25%    |
|    2 | 1.st%  |
|    3 | 30.12% |
|   18 | %ABB   |
|   19 | A%B%B  |
+------+--------+
5 rows in set (0.00 sec)

mysql> select * from temp1 where col2 like '%\%%';
+------+--------+
| col1 | col2   |
+------+--------+
|    1 | 25%    |
|    2 | 1.st%  |
|    3 | 30.12% |
|   18 | %ABB   |
|   19 | A%B%B  |
+------+--------+
5 rows in set (0.00 sec)

mysql> select ename, job, hiredate, sal, comm, deptno, isactive from emp  where deptno=10;
+--------+-----------+------------+------+------+--------+----------+
| ename  | job       | hiredate   | sal  | comm | deptno | isactive |
+--------+-----------+------------+------+------+--------+----------+
| AARAV  | CLERK     | 1981-12-31 | 3350 | NULL |     10 |        0 |
| THOMAS | CLERK     | 1981-07-19 | 1750 | NULL |     10 |        0 |
| CLARK  | MANAGER   | 1981-06-09 | 2450 | NULL |     10 |        1 |
| KING   | PRESIDENT | 1981-11-17 | 5000 | NULL |     10 |        1 |
| MILLER | CLERK     | 1982-01-23 | 1300 | NULL |     10 |        0 |
+--------+-----------+------------+------+------+--------+----------+
5 rows in set (0.02 sec)

mysql> select ename, job, hiredate, sal, comm, deptno, isactive from emp  where deptno in 10;
ERROR 1064 (42000): You have an error in your SQL syntax; check the manual that corresponds to your MySQL server version for the right syntax to use near '10' at line 1
mysql> select ename, job, hiredate, sal, comm, deptno, isactive from emp  where deptno in 10;
ERROR 1064 (42000): You have an error in your SQL syntax; check the manual that corresponds to your MySQL server version for the right syntax to use near '10' at line 1
mysql>
mysql> select ename, job, hiredate, sal, comm, deptno, isactive from emp  where deptno in (10);
+--------+-----------+------------+------+------+--------+----------+
| ename  | job       | hiredate   | sal  | comm | deptno | isactive |
+--------+-----------+------------+------+------+--------+----------+
| AARAV  | CLERK     | 1981-12-31 | 3350 | NULL |     10 |        0 |
| THOMAS | CLERK     | 1981-07-19 | 1750 | NULL |     10 |        0 |
| CLARK  | MANAGER   | 1981-06-09 | 2450 | NULL |     10 |        1 |
| KING   | PRESIDENT | 1981-11-17 | 5000 | NULL |     10 |        1 |
| MILLER | CLERK     | 1982-01-23 | 1300 | NULL |     10 |        0 |
+--------+-----------+------------+------+------+--------+----------+
5 rows in set (0.00 sec)

mysql> SELECT ename, job, sal, deptno FROM emp WHERE False IN (10, 20, 0);
+----------+---------------------+------+--------+
| ename    | job                 | sal  | deptno |
+----------+---------------------+------+--------+
| GITA     | Compliance officers | 1750 |     30 |
| VRUSHALI | Compliance officers | 1750 |     50 |
| SHARMIN  | Public Relation     | 1750 |     20 |
| BANDISH  | Public Relation     | 1750 |     20 |
| SMITH    | CLERK               |  800 |     20 |
| AARAV    | CLERK               | 3350 |     10 |
| THOMAS   | CLERK               | 1750 |     10 |
| ALLEN    | SALESMAN            | 1600 |     30 |
| WARD     | SALESMAN            | 1250 |     30 |
| JONES    | MANAGER             | 2975 |     20 |
| MARTIN   | SALESMAN            | 1250 |     30 |
| BLAKE    | MANAGER             | 2850 |     30 |
| CLARK    | MANAGER             | 2450 |     10 |
| SCOTT    | ANALYST             | 3000 |     20 |
| KING     | PRESIDENT           | 5000 |     10 |
| FRED     | vice PRESIDENT      | 5000 |     20 |
| TURNER   | SALESMAN            | 1500 |     30 |
| ADAMS    | CLERK               | 1100 |     20 |
| JAMES    | CLERK               |  950 |     30 |
| FORD     | ANALYST             | 3000 |     20 |
| HOFFMAN  | MANAGER             | 4150 |     30 |
| GRASS    | SALESMAN            | 2575 |     30 |
| MILLER   | CLERK               | 1300 |     10 |
| AARUSH   | SALESMAN            | 1350 |     30 |
| ALEX     | MANAGER             | 1250 |     30 |
| NATASHA  | CLERK               | 1750 |     30 |
| SANGITA  | Compliance officers | 1750 |     50 |
| SUPRIYA  | ANALYST             | 1750 |     50 |
+----------+---------------------+------+--------+
28 rows in set (0.00 sec)

mysql> SELECT ename, job, sal, deptno FROM emp WHERE False IN (10, 20, 30);
Empty set (0.00 sec)

mysql> SELECT ename, job, sal, deptno FROM emp WHERE False IN (10, 20, 0);
+----------+---------------------+------+--------+
| ename    | job                 | sal  | deptno |
+----------+---------------------+------+--------+
| GITA     | Compliance officers | 1750 |     30 |
| VRUSHALI | Compliance officers | 1750 |     50 |
| SHARMIN  | Public Relation     | 1750 |     20 |
| BANDISH  | Public Relation     | 1750 |     20 |
| SMITH    | CLERK               |  800 |     20 |
| AARAV    | CLERK               | 3350 |     10 |
| THOMAS   | CLERK               | 1750 |     10 |
| ALLEN    | SALESMAN            | 1600 |     30 |
| WARD     | SALESMAN            | 1250 |     30 |
| JONES    | MANAGER             | 2975 |     20 |
| MARTIN   | SALESMAN            | 1250 |     30 |
| BLAKE    | MANAGER             | 2850 |     30 |
| CLARK    | MANAGER             | 2450 |     10 |
| SCOTT    | ANALYST             | 3000 |     20 |
| KING     | PRESIDENT           | 5000 |     10 |
| FRED     | vice PRESIDENT      | 5000 |     20 |
| TURNER   | SALESMAN            | 1500 |     30 |
| ADAMS    | CLERK               | 1100 |     20 |
| JAMES    | CLERK               |  950 |     30 |
| FORD     | ANALYST             | 3000 |     20 |
| HOFFMAN  | MANAGER             | 4150 |     30 |
| GRASS    | SALESMAN            | 2575 |     30 |
| MILLER   | CLERK               | 1300 |     10 |
| AARUSH   | SALESMAN            | 1350 |     30 |
| ALEX     | MANAGER             | 1250 |     30 |
| NATASHA  | CLERK               | 1750 |     30 |
| SANGITA  | Compliance officers | 1750 |     50 |
| SUPRIYA  | ANALYST             | 1750 |     50 |
+----------+---------------------+------+--------+
28 rows in set (0.00 sec)

mysql> SELECT ename, job, sal, deptno FROM emp WHERE true IN (10, 20, 0)
    ->
    ->
    -> ;
Empty set (0.00 sec)

mysql> SELECT ename, job, sal, deptno FROM emp WHERE true IN (10, 20, 0,1);
+----------+---------------------+------+--------+
| ename    | job                 | sal  | deptno |
+----------+---------------------+------+--------+
| GITA     | Compliance officers | 1750 |     30 |
| VRUSHALI | Compliance officers | 1750 |     50 |
| SHARMIN  | Public Relation     | 1750 |     20 |
| BANDISH  | Public Relation     | 1750 |     20 |
| SMITH    | CLERK               |  800 |     20 |
| AARAV    | CLERK               | 3350 |     10 |
| THOMAS   | CLERK               | 1750 |     10 |
| ALLEN    | SALESMAN            | 1600 |     30 |
| WARD     | SALESMAN            | 1250 |     30 |
| JONES    | MANAGER             | 2975 |     20 |
| MARTIN   | SALESMAN            | 1250 |     30 |
| BLAKE    | MANAGER             | 2850 |     30 |
| CLARK    | MANAGER             | 2450 |     10 |
| SCOTT    | ANALYST             | 3000 |     20 |
| KING     | PRESIDENT           | 5000 |     10 |
| FRED     | vice PRESIDENT      | 5000 |     20 |
| TURNER   | SALESMAN            | 1500 |     30 |
| ADAMS    | CLERK               | 1100 |     20 |
| JAMES    | CLERK               |  950 |     30 |
| FORD     | ANALYST             | 3000 |     20 |
| HOFFMAN  | MANAGER             | 4150 |     30 |
| GRASS    | SALESMAN            | 2575 |     30 |
| MILLER   | CLERK               | 1300 |     10 |
| AARUSH   | SALESMAN            | 1350 |     30 |
| ALEX     | MANAGER             | 1250 |     30 |
| NATASHA  | CLERK               | 1750 |     30 |
| SANGITA  | Compliance officers | 1750 |     50 |
| SUPRIYA  | ANALYST             | 1750 |     50 |
+----------+---------------------+------+--------+
28 rows in set (0.00 sec)

mysql> SELECT ename, job, sal, deptno FROM emp WHERE true IN (10, 20, 0);
Empty set (0.00 sec)

mysql> SELECT ename, job, sal, deptno FROM emp WHERE true IN (10, 20, 0,1);
+----------+---------------------+------+--------+
| ename    | job                 | sal  | deptno |
+----------+---------------------+------+--------+
| GITA     | Compliance officers | 1750 |     30 |
| VRUSHALI | Compliance officers | 1750 |     50 |
| SHARMIN  | Public Relation     | 1750 |     20 |
| BANDISH  | Public Relation     | 1750 |     20 |
| SMITH    | CLERK               |  800 |     20 |
| AARAV    | CLERK               | 3350 |     10 |
| THOMAS   | CLERK               | 1750 |     10 |
| ALLEN    | SALESMAN            | 1600 |     30 |
| WARD     | SALESMAN            | 1250 |     30 |
| JONES    | MANAGER             | 2975 |     20 |
| MARTIN   | SALESMAN            | 1250 |     30 |
| BLAKE    | MANAGER             | 2850 |     30 |
| CLARK    | MANAGER             | 2450 |     10 |
| SCOTT    | ANALYST             | 3000 |     20 |
| KING     | PRESIDENT           | 5000 |     10 |
| FRED     | vice PRESIDENT      | 5000 |     20 |
| TURNER   | SALESMAN            | 1500 |     30 |
| ADAMS    | CLERK               | 1100 |     20 |
| JAMES    | CLERK               |  950 |     30 |
| FORD     | ANALYST             | 3000 |     20 |
| HOFFMAN  | MANAGER             | 4150 |     30 |
| GRASS    | SALESMAN            | 2575 |     30 |
| MILLER   | CLERK               | 1300 |     10 |
| AARUSH   | SALESMAN            | 1350 |     30 |
| ALEX     | MANAGER             | 1250 |     30 |
| NATASHA  | CLERK               | 1750 |     30 |
| SANGITA  | Compliance officers | 1750 |     50 |
| SUPRIYA  | ANALYST             | 1750 |     50 |
+----------+---------------------+------+--------+
28 rows in set (0.00 sec)

mysql> SELECT ename, job, sal, deptno FROM emp WHERE true IN (10, 20, 0, true);
+----------+---------------------+------+--------+
| ename    | job                 | sal  | deptno |
+----------+---------------------+------+--------+
| GITA     | Compliance officers | 1750 |     30 |
| VRUSHALI | Compliance officers | 1750 |     50 |
| SHARMIN  | Public Relation     | 1750 |     20 |
| BANDISH  | Public Relation     | 1750 |     20 |
| SMITH    | CLERK               |  800 |     20 |
| AARAV    | CLERK               | 3350 |     10 |
| THOMAS   | CLERK               | 1750 |     10 |
| ALLEN    | SALESMAN            | 1600 |     30 |
| WARD     | SALESMAN            | 1250 |     30 |
| JONES    | MANAGER             | 2975 |     20 |
| MARTIN   | SALESMAN            | 1250 |     30 |
| BLAKE    | MANAGER             | 2850 |     30 |
| CLARK    | MANAGER             | 2450 |     10 |
| SCOTT    | ANALYST             | 3000 |     20 |
| KING     | PRESIDENT           | 5000 |     10 |
| FRED     | vice PRESIDENT      | 5000 |     20 |
| TURNER   | SALESMAN            | 1500 |     30 |
| ADAMS    | CLERK               | 1100 |     20 |
| JAMES    | CLERK               |  950 |     30 |
| FORD     | ANALYST             | 3000 |     20 |
| HOFFMAN  | MANAGER             | 4150 |     30 |
| GRASS    | SALESMAN            | 2575 |     30 |
| MILLER   | CLERK               | 1300 |     10 |
| AARUSH   | SALESMAN            | 1350 |     30 |
| ALEX     | MANAGER             | 1250 |     30 |
| NATASHA  | CLERK               | 1750 |     30 |
| SANGITA  | Compliance officers | 1750 |     50 |
| SUPRIYA  | ANALYST             | 1750 |     50 |
+----------+---------------------+------+--------+
28 rows in set (0.00 sec)

mysql> SELECT ename, job, sal, deptno FROM emp WHERE true IN (10, 20, 0, 'true');
Empty set, 1 warning (0.00 sec)

mysql> SELECT ename, job, sal, deptno FROM emp WHERE true IN (10, 20, 'false', 'true');
Empty set, 2 warnings (0.00 sec)

mysql> SELECT ename, job, sal, deptno FROM emp WHERE true IN (10, 20);
Empty set (0.00 sec)

mysql> SELECT * FROM emp WHERE 7788 IN (empno, mgr);
+-------+-------+--------+---------+------+------------+------+------+--------+---------+--------------+-----------+------------+----------+
| EMPNO | ENAME | GENDER | JOB     | MGR  | HIREDATE   | SAL  | COMM | DEPTNO | BONUSID | USER NAME    | PWD       | PHONE      | isActive |
+-------+-------+--------+---------+------+------------+------+------+--------+---------+--------------+-----------+------------+----------+
|  7788 | SCOTT | M      | ANALYST | 7566 | 1982-12-09 | 3000 | NULL |     20 |       3 | WHITE SAND   | a12recmpm | NULL       |        1 |
|  7876 | ADAMS | M      | CLERK   | 7788 | 1983-01-12 | 1100 | NULL |     20 |       1 | CRAZY ANYONE | a12recmpm | 7132300086 |        1 |
+-------+-------+--------+---------+------+------------+------+------+--------+---------+--------------+-----------+------------+----------+
2 rows in set (0.00 sec)

mysql> SELECT empno, mgr FROM emp WHERE 7788 IN (empno, mgr);
+-------+------+
| empno | mgr  |
+-------+------+
|  7788 | 7566 |
|  7876 | 7788 |
+-------+------+
2 rows in set (0.01 sec)

mysql> SELECT ename, job, sal FROM emp WHERE False LIKE 100 OR 0;
Empty set (0.00 sec)

mysql> SELECT ename, job, sal FROM emp WHERE False LIKE 0 AND 1;
+----------+---------------------+------+
| ename    | job                 | sal  |
+----------+---------------------+------+
| GITA     | Compliance officers | 1750 |
| VRUSHALI | Compliance officers | 1750 |
| SHARMIN  | Public Relation     | 1750 |
| BANDISH  | Public Relation     | 1750 |
| SMITH    | CLERK               |  800 |
| AARAV    | CLERK               | 3350 |
| THOMAS   | CLERK               | 1750 |
| ALLEN    | SALESMAN            | 1600 |
| WARD     | SALESMAN            | 1250 |
| JONES    | MANAGER             | 2975 |
| MARTIN   | SALESMAN            | 1250 |
| BLAKE    | MANAGER             | 2850 |
| CLARK    | MANAGER             | 2450 |
| SCOTT    | ANALYST             | 3000 |
| KING     | PRESIDENT           | 5000 |
| FRED     | vice PRESIDENT      | 5000 |
| TURNER   | SALESMAN            | 1500 |
| ADAMS    | CLERK               | 1100 |
| JAMES    | CLERK               |  950 |
| FORD     | ANALYST             | 3000 |
| HOFFMAN  | MANAGER             | 4150 |
| GRASS    | SALESMAN            | 2575 |
| MILLER   | CLERK               | 1300 |
| AARUSH   | SALESMAN            | 1350 |
| ALEX     | MANAGER             | 1250 |
| NATASHA  | CLERK               | 1750 |
| SANGITA  | Compliance officers | 1750 |
| SUPRIYA  | ANALYST             | 1750 |
+----------+---------------------+------+
28 rows in set (0.00 sec)

mysql> SELECT ename, job, sal FROM emp WHERE False LIKE 0 AND 0;
Empty set (0.00 sec)

mysql> select ename, job, hiredate from emp where monthname(hiredate)='July';
+----------+---------------------+------------+
| ename    | job                 | hiredate   |
+----------+---------------------+------------+
| GITA     | Compliance officers | 1981-07-19 |
| VRUSHALI | Compliance officers | 1981-07-19 |
| SHARMIN  | Public Relation     | 1981-07-19 |
| BANDISH  | Public Relation     | 1981-07-19 |
| THOMAS   | CLERK               | 1981-07-19 |
| NATASHA  | CLERK               | 1981-07-19 |
| SANGITA  | Compliance officers | 1981-07-19 |
| SUPRIYA  | ANALYST             | 1981-07-19 |
+----------+---------------------+------------+
8 rows in set (0.01 sec)

mysql> select ename, job, hiredate from emp where not monthname(hiredate)='July';
+---------+----------------+------------+
| ename   | job            | hiredate   |
+---------+----------------+------------+
| SMITH   | CLERK          | 1980-12-17 |
| AARAV   | CLERK          | 1981-12-31 |
| ALLEN   | SALESMAN       | 1981-02-20 |
| WARD    | SALESMAN       | 1981-02-22 |
| JONES   | MANAGER        | 1981-04-02 |
| MARTIN  | SALESMAN       | 1981-09-28 |
| BLAKE   | MANAGER        | 1981-05-01 |
| CLARK   | MANAGER        | 1981-06-09 |
| SCOTT   | ANALYST        | 1982-12-09 |
| KING    | PRESIDENT      | 1981-11-17 |
| FRED    | vice PRESIDENT | 1983-08-09 |
| TURNER  | SALESMAN       | 1981-09-08 |
| ADAMS   | CLERK          | 1983-01-12 |
| JAMES   | CLERK          | 1981-12-03 |
| FORD    | ANALYST        | 1981-12-03 |
| HOFFMAN | MANAGER        | 1982-03-24 |
| GRASS   | SALESMAN       | 1980-02-14 |
| MILLER  | CLERK          | 1982-01-23 |
| AARUSH  | SALESMAN       | 1980-02-14 |
| ALEX    | MANAGER        | 1982-01-24 |
+---------+----------------+------------+
20 rows in set (0.00 sec)

mysql> select ename, job, hiredate from emp;
+----------+---------------------+------------+
| ename    | job                 | hiredate   |
+----------+---------------------+------------+
| GITA     | Compliance officers | 1981-07-19 |
| VRUSHALI | Compliance officers | 1981-07-19 |
| SHARMIN  | Public Relation     | 1981-07-19 |
| BANDISH  | Public Relation     | 1981-07-19 |
| SMITH    | CLERK               | 1980-12-17 |
| AARAV    | CLERK               | 1981-12-31 |
| THOMAS   | CLERK               | 1981-07-19 |
| ALLEN    | SALESMAN            | 1981-02-20 |
| WARD     | SALESMAN            | 1981-02-22 |
| JONES    | MANAGER             | 1981-04-02 |
| MARTIN   | SALESMAN            | 1981-09-28 |
| BLAKE    | MANAGER             | 1981-05-01 |
| CLARK    | MANAGER             | 1981-06-09 |
| SCOTT    | ANALYST             | 1982-12-09 |
| KING     | PRESIDENT           | 1981-11-17 |
| FRED     | vice PRESIDENT      | 1983-08-09 |
| TURNER   | SALESMAN            | 1981-09-08 |
| ADAMS    | CLERK               | 1983-01-12 |
| JAMES    | CLERK               | 1981-12-03 |
| FORD     | ANALYST             | 1981-12-03 |
| HOFFMAN  | MANAGER             | 1982-03-24 |
| GRASS    | SALESMAN            | 1980-02-14 |
| MILLER   | CLERK               | 1982-01-23 |
| AARUSH   | SALESMAN            | 1980-02-14 |
| ALEX     | MANAGER             | 1982-01-24 |
| NATASHA  | CLERK               | 1981-07-19 |
| SANGITA  | Compliance officers | 1981-07-19 |
| SUPRIYA  | ANALYST             | 1981-07-19 |
+----------+---------------------+------------+
28 rows in set (0.00 sec)

mysql> select ename, job, hiredate from emp order by rand() limit 1;
+---------+---------------------+------------+
| ename   | job                 | hiredate   |
+---------+---------------------+------------+
| SANGITA | Compliance officers | 1981-07-19 |
+---------+---------------------+------------+
1 row in set (0.01 sec)

mysql> select ename, job, hiredate from emp order by rand() limit 1;
+-------+-------+------------+
| ename | job   | hiredate   |
+-------+-------+------------+
| ADAMS | CLERK | 1983-01-12 |
+-------+-------+------------+
1 row in set (0.00 sec)

mysql> select ename, job, hiredate from emp order by rand() limit 1;
+----------+---------------------+------------+
| ename    | job                 | hiredate   |
+----------+---------------------+------------+
| VRUSHALI | Compliance officers | 1981-07-19 |
+----------+---------------------+------------+
1 row in set (0.00 sec)

mysql> select ename, job, hiredate from emp order by rand() limit 1;
+---------+---------+------------+
| ename   | job     | hiredate   |
+---------+---------+------------+
| HOFFMAN | MANAGER | 1982-03-24 |
+---------+---------+------------+
1 row in set (0.00 sec)

mysql> select rand() R1, ename, job, hiredate from emp;
+---------------------+----------+---------------------+------------+
| R1                  | ename    | job                 | hiredate   |
+---------------------+----------+---------------------+------------+
| 0.02377334611841789 | GITA     | Compliance officers | 1981-07-19 |
|  0.3340755201262194 | VRUSHALI | Compliance officers | 1981-07-19 |
|  0.5990575930094882 | SHARMIN  | Public Relation     | 1981-07-19 |
|  0.9930614354024282 | BANDISH  | Public Relation     | 1981-07-19 |
| 0.16813442871732118 | SMITH    | CLERK               | 1980-12-17 |
|  0.8614878681129663 | AARAV    | CLERK               | 1981-12-31 |
|  0.8030360851465129 | THOMAS   | CLERK               | 1981-07-19 |
|  0.4307168521273107 | ALLEN    | SALESMAN            | 1981-02-20 |
|  0.7444760359306597 | WARD     | SALESMAN            | 1981-02-22 |
| 0.43022965400501123 | JONES    | MANAGER             | 1981-04-02 |
|  0.9177201929667221 | MARTIN   | SALESMAN            | 1981-09-28 |
|   0.297912033552222 | BLAKE    | MANAGER             | 1981-05-01 |
|  0.7363996195945886 | CLARK    | MANAGER             | 1981-06-09 |
|  0.7882620280499216 | SCOTT    | ANALYST             | 1982-12-09 |
|  0.7321113121994877 | KING     | PRESIDENT           | 1981-11-17 |
|  0.2957705075813183 | FRED     | vice PRESIDENT      | 1983-08-09 |
|  0.2825186320417734 | TURNER   | SALESMAN            | 1981-09-08 |
|  0.5252816681985573 | ADAMS    | CLERK               | 1983-01-12 |
|   0.778852475601111 | JAMES    | CLERK               | 1981-12-03 |
|  0.3184174041435285 | FORD     | ANALYST             | 1981-12-03 |
| 0.25552962464795415 | HOFFMAN  | MANAGER             | 1982-03-24 |
| 0.32239594154283024 | GRASS    | SALESMAN            | 1980-02-14 |
|   0.845390864503934 | MILLER   | CLERK               | 1982-01-23 |
|  0.2597665286248238 | AARUSH   | SALESMAN            | 1980-02-14 |
|  0.7626600803459622 | ALEX     | MANAGER             | 1982-01-24 |
| 0.03400084658898492 | NATASHA  | CLERK               | 1981-07-19 |
|  0.8820240226406828 | SANGITA  | Compliance officers | 1981-07-19 |
| 0.30811760417010414 | SUPRIYA  | ANALYST             | 1981-07-19 |
+---------------------+----------+---------------------+------------+
28 rows in set (0.00 sec)

mysql> select rand() R1, ename, job, hiredate from emp;
+----------------------+----------+---------------------+------------+
| R1                   | ename    | job                 | hiredate   |
+----------------------+----------+---------------------+------------+
|   0.8945159836621173 | GITA     | Compliance officers | 1981-07-19 |
|    0.548227136533919 | VRUSHALI | Compliance officers | 1981-07-19 |
|  0.05758776241688781 | SHARMIN  | Public Relation     | 1981-07-19 |
|   0.6432574332163272 | BANDISH  | Public Relation     | 1981-07-19 |
| 0.043523909564617935 | SMITH    | CLERK               | 1980-12-17 |
|  0.28784727890775286 | AARAV    | CLERK               | 1981-12-31 |
|  0.30866469657855544 | THOMAS   | CLERK               | 1981-07-19 |
|   0.6797816769031637 | ALLEN    | SALESMAN            | 1981-02-20 |
|   0.4729143255137972 | WARD     | SALESMAN            | 1981-02-22 |
|  0.32522662759313975 | JONES    | MANAGER             | 1981-04-02 |
|   0.2073901921579523 | MARTIN   | SALESMAN            | 1981-09-28 |
|  0.06127110874398715 | BLAKE    | MANAGER             | 1981-05-01 |
|   0.6841849979797239 | CLARK    | MANAGER             | 1981-06-09 |
|  0.23711169440030277 | SCOTT    | ANALYST             | 1982-12-09 |
|  0.13300350879598735 | KING     | PRESIDENT           | 1981-11-17 |
|   0.9536824915126735 | FRED     | vice PRESIDENT      | 1983-08-09 |
|   0.3694019619090501 | TURNER   | SALESMAN            | 1981-09-08 |
|   0.9859623657408751 | ADAMS    | CLERK               | 1983-01-12 |
|   0.8216059737108703 | JAMES    | CLERK               | 1981-12-03 |
|  0.15014280206537134 | FORD     | ANALYST             | 1981-12-03 |
|   0.2858961199278907 | HOFFMAN  | MANAGER             | 1982-03-24 |
|   0.9790522241769845 | GRASS    | SALESMAN            | 1980-02-14 |
|  0.03757279183489531 | MILLER   | CLERK               | 1982-01-23 |
|  0.25070731737716806 | AARUSH   | SALESMAN            | 1980-02-14 |
|  0.14081824211479932 | ALEX     | MANAGER             | 1982-01-24 |
|   0.9519692891761374 | NATASHA  | CLERK               | 1981-07-19 |
|   0.3373917502699343 | SANGITA  | Compliance officers | 1981-07-19 |
|   0.8310509145549041 | SUPRIYA  | ANALYST             | 1981-07-19 |
+----------------------+----------+---------------------+------------+
28 rows in set (0.00 sec)

mysql> select rand() R1, ename, job, hiredate from emp;
+---------------------+----------+---------------------+------------+
| R1                  | ename    | job                 | hiredate   |
+---------------------+----------+---------------------+------------+
| 0.14307935269836275 | GITA     | Compliance officers | 1981-07-19 |
|  0.2222440505607464 | VRUSHALI | Compliance officers | 1981-07-19 |
|  0.6819822254422887 | SHARMIN  | Public Relation     | 1981-07-19 |
|   0.743179006262849 | BANDISH  | Public Relation     | 1981-07-19 |
|  0.6699483857210244 | SMITH    | CLERK               | 1980-12-17 |
| 0.12020494055022014 | AARAV    | CLERK               | 1981-12-31 |
|  0.5911795763216723 | THOMAS   | CLERK               | 1981-07-19 |
|  0.5952830906913458 | ALLEN    | SALESMAN            | 1981-02-20 |
| 0.20287675522535736 | WARD     | SALESMAN            | 1981-02-22 |
| 0.22853453478639438 | JONES    | MANAGER             | 1981-04-02 |
|  0.5340424389895447 | MARTIN   | SALESMAN            | 1981-09-28 |
|  0.9846086213221854 | BLAKE    | MANAGER             | 1981-05-01 |
|  0.3209158203759378 | CLARK    | MANAGER             | 1981-06-09 |
|  0.6507532686467778 | SCOTT    | ANALYST             | 1982-12-09 |
| 0.29101891283972087 | KING     | PRESIDENT           | 1981-11-17 |
|  0.5028347889919158 | FRED     | vice PRESIDENT      | 1983-08-09 |
|  0.6411172371740613 | TURNER   | SALESMAN            | 1981-09-08 |
|  0.6970818496282043 | ADAMS    | CLERK               | 1983-01-12 |
|  0.5620575673524827 | JAMES    | CLERK               | 1981-12-03 |
|  0.7190423186114452 | FORD     | ANALYST             | 1981-12-03 |
|   0.909038921733423 | HOFFMAN  | MANAGER             | 1982-03-24 |
|  0.3880676835664247 | GRASS    | SALESMAN            | 1980-02-14 |
|  0.2132216833654993 | MILLER   | CLERK               | 1982-01-23 |
|  0.9019053968618674 | AARUSH   | SALESMAN            | 1980-02-14 |
|  0.8698619649464842 | ALEX     | MANAGER             | 1982-01-24 |
|  0.6435936648804635 | NATASHA  | CLERK               | 1981-07-19 |
|  0.6083824602965102 | SANGITA  | Compliance officers | 1981-07-19 |
| 0.11113133757480545 | SUPRIYA  | ANALYST             | 1981-07-19 |
+---------------------+----------+---------------------+------------+
28 rows in set (0.00 sec)

mysql> select rand() R1, ename, job, hiredate from emp order by  R1;
+---------------------+----------+---------------------+------------+
| R1                  | ename    | job                 | hiredate   |
+---------------------+----------+---------------------+------------+
| 0.06371966382835029 | BANDISH  | Public Relation     | 1981-07-19 |
| 0.10589169813868748 | SMITH    | CLERK               | 1980-12-17 |
| 0.12846262951238327 | SANGITA  | Compliance officers | 1981-07-19 |
| 0.14960412788167982 | WARD     | SALESMAN            | 1981-02-22 |
|  0.1822481483055727 | SCOTT    | ANALYST             | 1982-12-09 |
| 0.18537755700329092 | JONES    | MANAGER             | 1981-04-02 |
|  0.1906094040634198 | ALEX     | MANAGER             | 1982-01-24 |
| 0.20839315672255415 | GRASS    | SALESMAN            | 1980-02-14 |
| 0.31915270659993655 | VRUSHALI | Compliance officers | 1981-07-19 |
|  0.3382995299420315 | AARAV    | CLERK               | 1981-12-31 |
| 0.34005816219379953 | NATASHA  | CLERK               | 1981-07-19 |
|  0.3738225860277401 | THOMAS   | CLERK               | 1981-07-19 |
|   0.404235550578903 | SHARMIN  | Public Relation     | 1981-07-19 |
| 0.46225350858853526 | JAMES    | CLERK               | 1981-12-03 |
| 0.47807543210506015 | MARTIN   | SALESMAN            | 1981-09-28 |
|  0.4955407730262175 | ADAMS    | CLERK               | 1983-01-12 |
|  0.5376629629523149 | AARUSH   | SALESMAN            | 1980-02-14 |
|  0.6221386917141627 | SUPRIYA  | ANALYST             | 1981-07-19 |
|  0.6718167957587324 | TURNER   | SALESMAN            | 1981-09-08 |
|  0.7002517652700206 | KING     | PRESIDENT           | 1981-11-17 |
|  0.7305093377181415 | GITA     | Compliance officers | 1981-07-19 |
|  0.7364657779563831 | HOFFMAN  | MANAGER             | 1982-03-24 |
|  0.7369963356638293 | CLARK    | MANAGER             | 1981-06-09 |
|  0.8246452545976688 | FORD     | ANALYST             | 1981-12-03 |
|  0.8325684804772665 | MILLER   | CLERK               | 1982-01-23 |
|  0.8342445202490729 | BLAKE    | MANAGER             | 1981-05-01 |
|  0.8542143710462511 | ALLEN    | SALESMAN            | 1981-02-20 |
|  0.9545144121670298 | FRED     | vice PRESIDENT      | 1983-08-09 |
+---------------------+----------+---------------------+------------+
28 rows in set (0.00 sec)

mysql> select rand() R1, ename, job, hiredate from emp order by  R1;
+-----------------------+----------+---------------------+------------+
| R1                    | ename    | job                 | hiredate   |
+-----------------------+----------+---------------------+------------+
| 0.0031709745555845784 | FRED     | vice PRESIDENT      | 1983-08-09 |
|  0.009685155013282928 | JONES    | MANAGER             | 1981-04-02 |
|  0.030557306511846658 | WARD     | SALESMAN            | 1981-02-22 |
|   0.06269912520674907 | GRASS    | SALESMAN            | 1980-02-14 |
|   0.09051293422515777 | SANGITA  | Compliance officers | 1981-07-19 |
|   0.17369896748447694 | AARAV    | CLERK               | 1981-12-31 |
|   0.18603094032595954 | HOFFMAN  | MANAGER             | 1982-03-24 |
|    0.2523998247947542 | SCOTT    | ANALYST             | 1982-12-09 |
|   0.34046735553114427 | SMITH    | CLERK               | 1980-12-17 |
|   0.35963265258784655 | TURNER   | SALESMAN            | 1981-09-08 |
|    0.5520740836412404 | KING     | PRESIDENT           | 1981-11-17 |
|    0.5771807111587196 | SUPRIYA  | ANALYST             | 1981-07-19 |
|    0.5889168340609565 | AARUSH   | SALESMAN            | 1980-02-14 |
|    0.6246430255702166 | SHARMIN  | Public Relation     | 1981-07-19 |
|    0.6251279969002381 | NATASHA  | CLERK               | 1981-07-19 |
|    0.6783756936698926 | ALEX     | MANAGER             | 1982-01-24 |
|    0.7143671360931985 | ALLEN    | SALESMAN            | 1981-02-20 |
|    0.7253056007673084 | GITA     | Compliance officers | 1981-07-19 |
|    0.7547139970163945 | BLAKE    | MANAGER             | 1981-05-01 |
|    0.7554028357895117 | MILLER   | CLERK               | 1982-01-23 |
|    0.7601119594276994 | VRUSHALI | Compliance officers | 1981-07-19 |
|    0.7886503700061239 | ADAMS    | CLERK               | 1983-01-12 |
|    0.8428792803016298 | BANDISH  | Public Relation     | 1981-07-19 |
|    0.8470928015625968 | THOMAS   | CLERK               | 1981-07-19 |
|    0.8643539230007249 | JAMES    | CLERK               | 1981-12-03 |
|    0.9033083570220586 | CLARK    | MANAGER             | 1981-06-09 |
|    0.9558185357188979 | FORD     | ANALYST             | 1981-12-03 |
|    0.9567538862645196 | MARTIN   | SALESMAN            | 1981-09-28 |
+-----------------------+----------+---------------------+------------+
28 rows in set (0.00 sec)

mysql> select rand() R1, ename, job, hiredate from emp order by  R1;
+----------------------+----------+---------------------+------------+
| R1                   | ename    | job                 | hiredate   |
+----------------------+----------+---------------------+------------+
| 0.009409228348554325 | KING     | PRESIDENT           | 1981-11-17 |
|  0.03661971915198464 | CLARK    | MANAGER             | 1981-06-09 |
| 0.050081935757847446 | JAMES    | CLERK               | 1981-12-03 |
|  0.07042363292577083 | THOMAS   | CLERK               | 1981-07-19 |
|  0.08130333766462593 | AARAV    | CLERK               | 1981-12-31 |
|  0.09180390936490512 | FORD     | ANALYST             | 1981-12-03 |
|   0.1082081823686214 | ALLEN    | SALESMAN            | 1981-02-20 |
|  0.12436165765334076 | ALEX     | MANAGER             | 1982-01-24 |
|  0.17548515943389867 | FRED     | vice PRESIDENT      | 1983-08-09 |
|   0.1864149851597985 | BLAKE    | MANAGER             | 1981-05-01 |
|  0.26845715406207105 | GRASS    | SALESMAN            | 1980-02-14 |
|  0.27072838998467513 | BANDISH  | Public Relation     | 1981-07-19 |
|   0.2744510194980083 | AARUSH   | SALESMAN            | 1980-02-14 |
|  0.30877377028462827 | HOFFMAN  | MANAGER             | 1982-03-24 |
|  0.32422570262497824 | JONES    | MANAGER             | 1981-04-02 |
|  0.32977004379943947 | WARD     | SALESMAN            | 1981-02-22 |
|  0.34028181651633405 | VRUSHALI | Compliance officers | 1981-07-19 |
|   0.4159644901901153 | MILLER   | CLERK               | 1982-01-23 |
|   0.6143647838517695 | GITA     | Compliance officers | 1981-07-19 |
|   0.6191913603052417 | SANGITA  | Compliance officers | 1981-07-19 |
|   0.6238536710141727 | SCOTT    | ANALYST             | 1982-12-09 |
|   0.6318184124602176 | MARTIN   | SALESMAN            | 1981-09-28 |
|   0.7005910507408819 | SUPRIYA  | ANALYST             | 1981-07-19 |
|   0.7195352667193257 | ADAMS    | CLERK               | 1983-01-12 |
|   0.7786976953770013 | SMITH    | CLERK               | 1980-12-17 |
|   0.7984552605063238 | NATASHA  | CLERK               | 1981-07-19 |
|   0.8491981428574753 | TURNER   | SALESMAN            | 1981-09-08 |
|   0.8583147617600064 | SHARMIN  | Public Relation     | 1981-07-19 |
+----------------------+----------+---------------------+------------+
28 rows in set (0.00 sec)

mysql> select rand() R1, ename, job, hiredate from emp order by  R1 limit 1;
+---------------------+-------+----------+------------+
| R1                  | ename | job      | hiredate   |
+---------------------+-------+----------+------------+
| 0.01873818041639233 | ALLEN | SALESMAN | 1981-02-20 |
+---------------------+-------+----------+------------+
1 row in set (0.00 sec)

mysql> select rand() R1, ename, job, hiredate from emp order by  R1 limit 3;
+-----------------------+--------+----------+------------+
| R1                    | ename  | job      | hiredate   |
+-----------------------+--------+----------+------------+
| 0.0021017594282531733 | WARD   | SALESMAN | 1981-02-22 |
|  0.012770597834857738 | JAMES  | CLERK    | 1981-12-03 |
|   0.06763095042447648 | TURNER | SALESMAN | 1981-09-08 |
+-----------------------+--------+----------+------------+
3 rows in set (0.00 sec)

mysql> select rand() R1, ename, job, hiredate from emp order by  R1 limit 3;
+---------------------+-------+-----------+------------+
| R1                  | ename | job       | hiredate   |
+---------------------+-------+-----------+------------+
| 0.03955125067341258 | BLAKE | MANAGER   | 1981-05-01 |
| 0.06637446961027986 | KING  | PRESIDENT | 1981-11-17 |
| 0.12049806129233731 | SMITH | CLERK     | 1980-12-17 |
+---------------------+-------+-----------+------------+
3 rows in set (0.00 sec)

mysql> select rand() R1, ename, job, hiredate from emp order by  R1 limit 3;
+---------------------+-------+----------------+------------+
| R1                  | ename | job            | hiredate   |
+---------------------+-------+----------------+------------+
| 0.04444709517475878 | JONES | MANAGER        | 1981-04-02 |
| 0.05899261409322975 | FRED  | vice PRESIDENT | 1983-08-09 |
| 0.07420570969041969 | FORD  | ANALYST        | 1981-12-03 |
+---------------------+-------+----------------+------------+
3 rows in set (0.00 sec)

mysql> select rand() R1, ename, job, hiredate from emp order by  R1 limit 3;
+----------------------+--------+----------+------------+
| R1                   | ename  | job      | hiredate   |
+----------------------+--------+----------+------------+
| 0.009134681903882587 | ADAMS  | CLERK    | 1983-01-12 |
|  0.05231195786251869 | TURNER | SALESMAN | 1981-09-08 |
|  0.11177727217951536 | AARAV  | CLERK    | 1981-12-31 |
+----------------------+--------+----------+------------+
3 rows in set (0.00 sec)

mysql> select rand() R1, ename, job, hiredate from emp order by  R1 limit 3;
+----------------------+---------+----------+------------+
| R1                   | ename   | job      | hiredate   |
+----------------------+---------+----------+------------+
| 0.005258864728043661 | AARUSH  | SALESMAN | 1980-02-14 |
| 0.020344636421971617 | TURNER  | SALESMAN | 1981-09-08 |
|  0.06587343575979902 | NATASHA | CLERK    | 1981-07-19 |
+----------------------+---------+----------+------------+
3 rows in set (0.00 sec)

mysql> select rand() R1, ename, job, hiredate from emp order by  R1 limit 3;
+----------------------+---------+-----------------+------------+
| R1                   | ename   | job             | hiredate   |
+----------------------+---------+-----------------+------------+
| 0.014177922172637584 | ALLEN   | SALESMAN        | 1981-02-20 |
|  0.02878476309476864 | FORD    | ANALYST         | 1981-12-03 |
|  0.10035348134148259 | SHARMIN | Public Relation | 1981-07-19 |
+----------------------+---------+-----------------+------------+
3 rows in set (0.00 sec)

mysql>
mysql>
mysql> select rand() R1, ename, job, hiredate from emp order by  R1 limit 1;